{
  "path": "DurableReused",
  "image": "public.ecr.aws/docker/library/busybox@sha256:9532d8c39891ca2ecde4d30d7710e01fb739c87a8b9299685c63704296b16028",
  "executable_sha256": "f19470457088612bc3285404783d9f93533d917e869050aca13a4139b937c0a5",
  "command": [
    "/bin/busybox",
    "true"
  ],
  "count": 10000,
  "concurrency": 27,
  "image_preparation_seconds_excluded": 0.189937781,
  "warmth": "warm-images-after-disclosed-warmup",
  "warmup_count": 100000,
  "warmup_seconds_excluded": 17.486023001,
  "executor_timings_before": {
    "admission": {
      "samples": 100000,
      "total_microseconds": 112221,
      "maximum_microseconds": 6217,
      "buckets": [
        99974,
        3,
        12,
        11,
        0,
        0,
        0,
        0,
        0,
        0,
        0,
        0,
        0,
        0,
        0,
        0
      ]
    },
    "startup": {
      "samples": 27,
      "total_microseconds": 115386513,
      "maximum_microseconds": 5386112,
      "buckets": [
        0,
        0,
        0,
        0,
        0,
        0,
        0,
        0,
        0,
        0,
        0,
        0,
        13,
        14,
        0,
        0
      ]
    },
    "command": {
      "samples": 100000,
      "total_microseconds": 324860031,
      "maximum_microseconds": 28552,
      "buckets": [
        4433,
        22412,
        46420,
        24368,
        2255,
        112,
        0,
        0,
        0,
        0,
        0,
        0,
        0,
        0,
        0,
        0
      ]
    },
    "cleanup": {
      "samples": 100000,
      "total_microseconds": 24990704,
      "maximum_microseconds": 10444,
      "buckets": [
        94975,
        3618,
        1263,
        140,
        4,
        0,
        0,
        0,
        0,
        0,
        0,
        0,
        0,
        0,
        0,
        0
      ]
    }
  },
  "executor_timings_after": {
    "admission": {
      "samples": 110000,
      "total_microseconds": 116157,
      "maximum_microseconds": 6217,
      "buckets": [
        109974,
        3,
        12,
        11,
        0,
        0,
        0,
        0,
        0,
        0,
        0,
        0,
        0,
        0,
        0,
        0
      ]
    },
    "startup": {
      "samples": 27,
      "total_microseconds": 115386513,
      "maximum_microseconds": 5386112,
      "buckets": [
        0,
        0,
        0,
        0,
        0,
        0,
        0,
        0,
        0,
        0,
        0,
        0,
        13,
        14,
        0,
        0
      ]
    },
    "command": {
      "samples": 110000,
      "total_microseconds": 355454721,
      "maximum_microseconds": 28552,
      "buckets": [
        4879,
        24807,
        51237,
        26585,
        2380,
        112,
        0,
        0,
        0,
        0,
        0,
        0,
        0,
        0,
        0,
        0
      ]
    },
    "cleanup": {
      "samples": 110000,
      "total_microseconds": 27161695,
      "maximum_microseconds": 10444,
      "buckets": [
        104608,
        3893,
        1354,
        141,
        4,
        0,
        0,
        0,
        0,
        0,
        0,
        0,
        0,
        0,
        0,
        0
      ]
    }
  },
  "elapsed_seconds": 1.3813621870000001,
  "verified_successes": 10000,
  "failures": 0,
  "retries": 0,
  "verified_successes_per_second": 7239.231024354078,
  "container_cpu_request_millicores": 100,
  "container_cpu_limit_millicores": 1000,
  "container_memory_bytes": 33554432,
  "resource_enforcement": "per-command CPU, memory, swap and PID limits before user code",
  "bare_process_resource_limits": "none; profile fields are comparison inputs only",
  "node_job_budget_cpu_millicores": 3000,
  "service_probe_latency_ms": [
    0.48658399999999996,
    0.8416269999999999
  ],
  "durability": "worker grant fence, per-task ledger/index, verified chunk receipts; no Raft admission",
  "optimised_build": true,
  "qualified_100m_per_day": false,
  "namespace_policy_hook": "not injected in direct runner; full Bun dispatch includes live namespace supervision"
}
