{
  "path": "DurableHost",
  "image": "public.ecr.aws/docker/library/busybox@sha256:9532d8c39891ca2ecde4d30d7710e01fb739c87a8b9299685c63704296b16028",
  "executable_sha256": "f19470457088612bc3285404783d9f93533d917e869050aca13a4139b937c0a5",
  "command": [
    "/bin/busybox",
    "true"
  ],
  "count": 10000,
  "concurrency": 27,
  "image_preparation_seconds_excluded": 0.139106144,
  "warmth": "warm-images-after-disclosed-warmup",
  "warmup_count": 100000,
  "warmup_seconds_excluded": 9.402572081,
  "executor_timings_before": {
    "admission": {
      "samples": 100000,
      "total_microseconds": 19902,
      "maximum_microseconds": 1045,
      "buckets": [
        99993,
        7,
        0,
        0,
        0,
        0,
        0,
        0,
        0,
        0,
        0,
        0,
        0,
        0,
        0,
        0
      ]
    },
    "startup": {
      "samples": 27,
      "total_microseconds": 5513152,
      "maximum_microseconds": 233095,
      "buckets": [
        0,
        0,
        0,
        0,
        0,
        0,
        0,
        0,
        27,
        0,
        0,
        0,
        0,
        0,
        0,
        0
      ]
    },
    "command": {
      "samples": 100000,
      "total_microseconds": 212374204,
      "maximum_microseconds": 16875,
      "buckets": [
        23655,
        34980,
        30279,
        10443,
        641,
        2,
        0,
        0,
        0,
        0,
        0,
        0,
        0,
        0,
        0,
        0
      ]
    },
    "cleanup": {
      "samples": 100000,
      "total_microseconds": 28309732,
      "maximum_microseconds": 12043,
      "buckets": [
        94007,
        3437,
        2173,
        365,
        18,
        0,
        0,
        0,
        0,
        0,
        0,
        0,
        0,
        0,
        0,
        0
      ]
    }
  },
  "executor_timings_after": {
    "admission": {
      "samples": 110000,
      "total_microseconds": 25282,
      "maximum_microseconds": 1045,
      "buckets": [
        109993,
        7,
        0,
        0,
        0,
        0,
        0,
        0,
        0,
        0,
        0,
        0,
        0,
        0,
        0,
        0
      ]
    },
    "startup": {
      "samples": 27,
      "total_microseconds": 5513152,
      "maximum_microseconds": 233095,
      "buckets": [
        0,
        0,
        0,
        0,
        0,
        0,
        0,
        0,
        27,
        0,
        0,
        0,
        0,
        0,
        0,
        0
      ]
    },
    "command": {
      "samples": 110000,
      "total_microseconds": 233602616,
      "maximum_microseconds": 16875,
      "buckets": [
        25972,
        38491,
        33364,
        11477,
        694,
        2,
        0,
        0,
        0,
        0,
        0,
        0,
        0,
        0,
        0,
        0
      ]
    },
    "cleanup": {
      "samples": 110000,
      "total_microseconds": 31229624,
      "maximum_microseconds": 12043,
      "buckets": [
        103367,
        3821,
        2384,
        409,
        19,
        0,
        0,
        0,
        0,
        0,
        0,
        0,
        0,
        0,
        0,
        0
      ]
    }
  },
  "elapsed_seconds": 1.074195761,
  "verified_successes": 10000,
  "failures": 0,
  "retries": 0,
  "verified_successes_per_second": 9309.290134128541,
  "container_cpu_request_millicores": 100,
  "container_cpu_limit_millicores": 1000,
  "container_memory_bytes": 33554432,
  "resource_enforcement": "per-command CPU, memory, swap and PID limits before user code",
  "bare_process_resource_limits": "none; profile fields are comparison inputs only",
  "node_job_budget_cpu_millicores": 3000,
  "service_probe_latency_ms": [
    0.709669,
    0.60946
  ],
  "durability": "worker grant fence, per-task ledger/index, verified chunk receipts; no Raft admission",
  "optimised_build": true,
  "qualified_100m_per_day": false,
  "namespace_policy_hook": "not injected in direct runner; full Bun dispatch includes live namespace supervision"
}
