{
  "path": "Host",
  "image": "public.ecr.aws/docker/library/busybox@sha256:9532d8c39891ca2ecde4d30d7710e01fb739c87a8b9299685c63704296b16028",
  "executable_sha256": "f19470457088612bc3285404783d9f93533d917e869050aca13a4139b937c0a5",
  "command": [
    "/bin/busybox",
    "true"
  ],
  "count": 10000,
  "concurrency": 27,
  "image_preparation_seconds_excluded": 0.135852826,
  "warmth": "warm-images-after-disclosed-warmup",
  "warmup_count": 100000,
  "warmup_seconds_excluded": 8.864752111,
  "executor_timings_before": {
    "admission": {
      "samples": 100000,
      "total_microseconds": 13760,
      "maximum_microseconds": 710,
      "buckets": [
        100000,
        0,
        0,
        0,
        0,
        0,
        0,
        0,
        0,
        0,
        0,
        0,
        0,
        0,
        0,
        0
      ]
    },
    "startup": {
      "samples": 27,
      "total_microseconds": 4507322,
      "maximum_microseconds": 190759,
      "buckets": [
        0,
        0,
        0,
        0,
        0,
        0,
        0,
        0,
        27,
        0,
        0,
        0,
        0,
        0,
        0,
        0
      ]
    },
    "command": {
      "samples": 100000,
      "total_microseconds": 204009829,
      "maximum_microseconds": 14026,
      "buckets": [
        23568,
        36011,
        31145,
        8956,
        320,
        0,
        0,
        0,
        0,
        0,
        0,
        0,
        0,
        0,
        0,
        0
      ]
    },
    "cleanup": {
      "samples": 100000,
      "total_microseconds": 26154577,
      "maximum_microseconds": 8884,
      "buckets": [
        94314,
        3456,
        1963,
        264,
        3,
        0,
        0,
        0,
        0,
        0,
        0,
        0,
        0,
        0,
        0,
        0
      ]
    }
  },
  "executor_timings_after": {
    "admission": {
      "samples": 110000,
      "total_microseconds": 14000,
      "maximum_microseconds": 710,
      "buckets": [
        110000,
        0,
        0,
        0,
        0,
        0,
        0,
        0,
        0,
        0,
        0,
        0,
        0,
        0,
        0,
        0
      ]
    },
    "startup": {
      "samples": 27,
      "total_microseconds": 4507322,
      "maximum_microseconds": 190759,
      "buckets": [
        0,
        0,
        0,
        0,
        0,
        0,
        0,
        0,
        27,
        0,
        0,
        0,
        0,
        0,
        0,
        0
      ]
    },
    "command": {
      "samples": 110000,
      "total_microseconds": 224406061,
      "maximum_microseconds": 14026,
      "buckets": [
        25960,
        39617,
        34217,
        9845,
        361,
        0,
        0,
        0,
        0,
        0,
        0,
        0,
        0,
        0,
        0,
        0
      ]
    },
    "cleanup": {
      "samples": 110000,
      "total_microseconds": 28652323,
      "maximum_microseconds": 8884,
      "buckets": [
        103801,
        3766,
        2143,
        287,
        3,
        0,
        0,
        0,
        0,
        0,
        0,
        0,
        0,
        0,
        0,
        0
      ]
    }
  },
  "elapsed_seconds": 0.865563989,
  "verified_successes": 10000,
  "failures": 0,
  "retries": 0,
  "verified_successes_per_second": 11553.160860531134,
  "container_cpu_request_millicores": 100,
  "container_cpu_limit_millicores": 1000,
  "container_memory_bytes": 33554432,
  "resource_enforcement": "per-command CPU, memory, swap and PID limits before user code",
  "bare_process_resource_limits": "none; profile fields are comparison inputs only",
  "node_job_budget_cpu_millicores": 3000,
  "service_probe_latency_ms": [
    0.7115440000000001
  ],
  "durability": "durable executor/runtime ownership, exit and positive cleanup; no task ledger or Raft admission",
  "optimised_build": true,
  "qualified_100m_per_day": false,
  "namespace_policy_hook": "not injected in direct runner; full Bun dispatch includes live namespace supervision"
}
