465060 raw successful exits within the window; 0 failures
934606 raw successful exits within the window; 0 failures
{
  "path": "Bare",
  "image": "public.ecr.aws/docker/library/busybox@sha256:9532d8c39891ca2ecde4d30d7710e01fb739c87a8b9299685c63704296b16028",
  "executable_sha256": "f19470457088612bc3285404783d9f93533d917e869050aca13a4139b937c0a5",
  "command": [
    "/bin/busybox",
    "true"
  ],
  "count": 10000,
  "concurrency": 27,
  "image_preparation_seconds_excluded": 1.98918118,
  "warmth": "warm-images-cold-executors",
  "warmup_count": 0,
  "warmup_seconds_excluded": 4.2e-8,
  "executor_timings_before": null,
  "executor_timings_after": null,
  "elapsed_seconds": 60.0,
  "requested_seconds": 60,
  "measurement_complete": true,
  "elapsed_including_drain_seconds": 60.001407916,
  "post_cutoff_drained_commands": 27,
  "verified_successes": 934606,
  "failures": 0,
  "retries": 0,
  "verified_successes_per_second": 15576.766666666666,
  "container_cpu_request_millicores": 100,
  "container_cpu_limit_millicores": 1000,
  "container_memory_bytes": 33554432,
  "resource_enforcement": "none; exit-status-only raw process floor",
  "bare_process_resource_limits": "none; profile fields are comparison inputs only",
  "node_job_budget_cpu_millicores": 3000,
  "service_probe_latency_ms": [
    12.606538,
    1.653468,
    2.067846,
    1.509509,
    0.41904399999999997,
    1.87697,
    3.550397,
    2.577058,
    2.0525119999999997,
    1.370258,
    0.9922559999999999,
    1.7653860000000001,
    1.528718,
    1.690261,
    1.694261,
    3.098311,
    2.930768,
    3.3307290000000003,
    2.7441,
    1.982595,
    1.868053,
    1.851636,
    1.8531360000000001,
    1.7241769999999998,
    2.328973,
    2.1302220000000003,
    1.835969,
    1.814886,
    0.45183700000000004,
    1.763552,
    1.981554,
    1.642468,
    1.858887,
    1.950095,
    3.611522,
    1.4171330000000002,
    0.43129399999999996,
    1.772511,
    3.019268,
    0.402961,
    1.753219,
    2.3008059999999997,
    1.561509,
    0.490628,
    2.104305,
    3.438396,
    1.9808450000000002,
    2.5084730000000004,
    2.01522,
    3.167519,
    3.169893,
    1.725885,
    2.457139,
    2.059804,
    1.940095,
    1.810469,
    0.730838,
    1.725802,
    1.136674,
    3.018893
  ],
  "durability": "exit statuses only; no durable ownership or ledger",
  "optimised_build": true,
  "qualified_100m_per_day": false,
  "namespace_policy_hook": "not injected in direct runner; full Bun dispatch includes live namespace supervision"
}
