0.0s: 0 unique accepted successes, 0 failures, 0 retries; 0.0/s; 1 successful service probes
30.1s: 14,000 unique accepted successes, 0 failures, 0 retries; 465.8/s; 108 successful service probes
{
  "qualification_pass": false,
  "reason": "Requires separate recovery, fault and bounded-cost evidence",
  "kernel": "6.8.0-139-generic",
  "architecture": "aarch64",
  "logical_cpus": 4,
  "workload_sha256": "80f445ffe3fb6513ec2ecd3f9d06a4f83dc0714fa82f110267378f6304ef3a0e",
  "command_prefix": [
    "/Users/miko/github/reliaburger/target/host-executor-v6-release/relish"
  ],
  "timing": "Monotonic read-only window; the existing submission remains running",
  "last_accepted_sample_seconds": 59.8608552319929,
  "elapsed_seconds": 60.00011597084813,
  "requested_seconds": 60,
  "measurement_complete": true,
  "window_pass": true,
  "unique_accepted_successes": 33000,
  "terminal_failures": 0,
  "accepted_retries": 0,
  "successes_per_second": 550.0,
  "target_with_headroom": 1388.888888888889,
  "throughput_pass": false,
  "application_probes": 215,
  "application_failures": 0,
  "completed_submissions": 0,
  "active_submissions": [
    33
  ],
  "requires_evidence": [
    "hardware/runtime/image-warmth",
    "resource and storage bounds",
    "worker loss",
    "leader failover",
    "delayed control",
    "storage failure"
  ],
  "existing_batch_id": 33,
  "initial_accepted_counts": [
    0,
    0,
    0
  ],
  "measurement_ownership": "read-only; submission remains owned by its caller",
  "service_latency_ms": {
    "samples": 215,
    "maximum": 12.410858180373907,
    "p95": 1.0251759085804224
  },
  "resource_observations": [
    {
      "elapsed_seconds": 0.026710481848567724,
      "storage": {
        "/tmp/rb-host-executor-v4/data": {
          "allocated_bytes_observed": 322052096,
          "files_observed": 2388,
          "raced_entries": 0,
          "complete": false,
          "filesystem_available_bytes": 2599940096,
          "filesystem_total_bytes": 50884108288
        }
      },
      "cpu": {
        "cpu_ticks": [
          6987887,
          5659,
          6325810,
          463093472,
          1464187,
          0,
          616197,
          0,
          0,
          0
        ]
      },
      "processes": [
        {
          "pid": 2960485,
          "start_ticks": 119317256,
          "complete": true,
          "rss_bytes": 204017664,
          "peak_rss_bytes": 232747008
        },
        {
          "pid": 2960635,
          "start_ticks": 119317979,
          "complete": true,
          "rss_bytes": 2015232,
          "peak_rss_bytes": 2015232
        }
      ]
    },
    {
      "elapsed_seconds": 30.053224559873343,
      "storage": {
        "/tmp/rb-host-executor-v4/data": {
          "allocated_bytes_observed": 326619136,
          "files_observed": 2384,
          "raced_entries": 0,
          "complete": false,
          "filesystem_available_bytes": 2595127296,
          "filesystem_total_bytes": 50884108288
        }
      },
      "cpu": {
        "cpu_ticks": [
          6988451,
          5659,
          6329035,
          463100389,
          1465049,
          0,
          616353,
          0,
          0,
          0
        ]
      },
      "processes": [
        {
          "pid": 2960485,
          "start_ticks": 119317256,
          "complete": true,
          "rss_bytes": 198774784,
          "peak_rss_bytes": 232747008
        },
        {
          "pid": 2960635,
          "start_ticks": 119317979,
          "complete": true,
          "rss_bytes": 2015232,
          "peak_rss_bytes": 2015232
        }
      ]
    }
  ],
  "elapsed_including_observation_seconds": 60.00011597084813,
  "post_cutoff_drain_proofs": [],
  "elapsed_including_cancellation_seconds": 60.00017805490643,
  "cleanup_failed_submissions": [],
  "measurement_window_seconds": 60,
  "conservative_cutoff": "Only summary responses received before the deadline are counted; subsequent cancellation/results earn no credit"
}
