0.0s: 0 unique accepted successes, 0 failures, 0 retries; 0.0/s; 1 successful service probes
30.1s: 54,000 unique accepted successes, 0 failures, 0 retries; 1796.0/s; 106 successful service probes
{
  "qualification_pass": false,
  "reason": "Requires separate recovery, fault and bounded-cost evidence",
  "kernel": "6.8.0-139-generic",
  "architecture": "aarch64",
  "logical_cpus": 4,
  "workload_sha256": "b892fb57ac67473725083a61fed81593f577cbcfa90275033d00051d0b0c2428",
  "command_prefix": [
    "/Users/miko/github/reliaburger/target/host-executor-v6-release/relish"
  ],
  "timing": "Monotonic read-only window; the existing submission remains running",
  "last_accepted_sample_seconds": 59.88772863801569,
  "elapsed_seconds": 60.00008874502964,
  "requested_seconds": 60,
  "measurement_complete": true,
  "window_pass": true,
  "unique_accepted_successes": 110000,
  "terminal_failures": 0,
  "accepted_retries": 0,
  "successes_per_second": 1833.3333333333333,
  "target_with_headroom": 1388.888888888889,
  "throughput_pass": false,
  "application_probes": 211,
  "application_failures": 0,
  "completed_submissions": 0,
  "active_submissions": [
    63
  ],
  "requires_evidence": [
    "hardware/runtime/image-warmth",
    "resource and storage bounds",
    "worker loss",
    "leader failover",
    "delayed control",
    "storage failure"
  ],
  "existing_batch_id": 63,
  "initial_accepted_counts": [
    120000,
    0,
    0
  ],
  "measurement_ownership": "read-only; submission remains owned by its caller",
  "service_latency_ms": {
    "samples": 211,
    "maximum": 12.943142093718052,
    "p95": 1.5278039500117302
  },
  "resource_observations": [
    {
      "elapsed_seconds": 0.02790188300423324,
      "storage": {
        "/tmp/rb-host-executor-v4/data": {
          "allocated_bytes_observed": 299368448,
          "files_observed": 2383,
          "raced_entries": 0,
          "complete": false,
          "filesystem_available_bytes": 2606055424,
          "filesystem_total_bytes": 50884108288
        }
      },
      "cpu": {
        "cpu_ticks": [
          7049912,
          5659,
          6739666,
          463308204,
          1522665,
          0,
          623739,
          0,
          0,
          0
        ]
      },
      "processes": [
        {
          "pid": 2960485,
          "start_ticks": 119317256,
          "complete": true,
          "rss_bytes": 245805056,
          "peak_rss_bytes": 274702336
        },
        {
          "pid": 2960635,
          "start_ticks": 119317979,
          "complete": true,
          "rss_bytes": 2015232,
          "peak_rss_bytes": 2015232
        }
      ]
    },
    {
      "elapsed_seconds": 30.06697312113829,
      "storage": {
        "/tmp/rb-host-executor-v4/data": {
          "allocated_bytes_observed": 303620096,
          "files_observed": 2383,
          "raced_entries": 0,
          "complete": false,
          "filesystem_available_bytes": 2601533440,
          "filesystem_total_bytes": 50884108288
        }
      },
      "cpu": {
        "cpu_ticks": [
          7050894,
          5659,
          6744890,
          463312973,
          1523285,
          0,
          623843,
          0,
          0,
          0
        ]
      },
      "processes": [
        {
          "pid": 2960485,
          "start_ticks": 119317256,
          "complete": true,
          "rss_bytes": 240545792,
          "peak_rss_bytes": 275447808
        },
        {
          "pid": 2960635,
          "start_ticks": 119317979,
          "complete": true,
          "rss_bytes": 2015232,
          "peak_rss_bytes": 2015232
        }
      ]
    }
  ],
  "elapsed_including_observation_seconds": 60.00008874502964,
  "post_cutoff_drain_proofs": [],
  "elapsed_including_cancellation_seconds": 60.00015337020159,
  "cleanup_failed_submissions": [],
  "measurement_window_seconds": 60,
  "conservative_cutoff": "Only summary responses received before the deadline are counted; subsequent cancellation/results earn no credit"
}
