0/1,000 unique accepted successes in 0.04s (0.0/s whole run); 0 failures, 0 retries
runtime process; commands unknown; queued 1000, held 0; recent unknown/s over unknowns
application 200 in 12.79ms
0/1,000 unique accepted successes in 1.09s (0.0/s whole run); 0 failures, 0 retries
runtime process; commands 0; queued 0, held 1000; recent 0.0/s over 1.048532223s
application 200 in 1.01ms
0/1,000 unique accepted successes in 2.13s (0.0/s whole run); 0 failures, 0 retries
runtime process; commands 0; queued 0, held 1000; recent 0.0/s over 1.042828294s
application 200 in 0.98ms
1,000/1,000 unique accepted successes in 3.17s (315.4/s whole run); 0 failures, 0 retries
runtime process; commands 0; queued 0, held 0; recent 960.9205231168304/s over 1.040668792s
application 200 in 0.99ms
{
  "kernel": "6.8.0-139-generic",
  "architecture": "aarch64",
  "logical_cpus": 4,
  "operator_declared_warmth": "warm-images-cold-executors",
  "workload_sha256": "a9baacae123c8d3d90bf075e52d97225d6b9febcdc1a2195c21d2c79b35b77a3",
  "command": [
    "/Users/miko/github/reliaburger/target/host-executor-v2-release/relish",
    "--output",
    "json",
    "batch",
    "submit",
    "/tmp/rb-host-executor-v2/public-matched-v2/process-c3-n1000.toml"
  ],
  "execution_path": "public full dispatch; runtime/isolation as admitted",
  "host_process_contract": "Owned host execution has no hard CPU/memory enforcement",
  "timing": "Monotonic clock before submit process launch through observed accepted terminal summary",
  "qualified_100m_per_day": false,
  "accepted_elapsed_seconds": 3.1701667869929224,
  "unique_accepted_successes": 1000,
  "accepted_successes_per_second": 315.4408165850968,
  "terminal_failures": 0,
  "not_run": 0,
  "accepted_retries": 0,
  "all_tasks_succeeded": true,
  "qualification_boundary": "Requires matched baselines, 24-hour headroom, concurrent apps, recovery/fault and bounded-cost evidence"
}
