0/1,000 unique accepted successes in 0.04s (0.0/s whole run); 0 failures, 0 retries
runtime process; commands 0; queued 0, held 1000; recent unknown/s over unknowns
application 200 in 12.93ms
0/1,000 unique accepted successes in 1.09s (0.0/s whole run); 0 failures, 0 retries
runtime process; commands 0; queued 0, held 1000; recent 0.0/s over 1.045998294s
application 200 in 0.62ms
0/1,000 unique accepted successes in 2.11s (0.0/s whole run); 0 failures, 0 retries
runtime process; commands 0; queued 0, held 1000; recent 0.0/s over 1.022265401s
application 200 in 0.57ms
1,000/1,000 unique accepted successes in 3.15s (317.7/s whole run); 0 failures, 0 retries
runtime process; commands 0; queued 0, held 0; recent 963.5106195442656/s over 1.03787128s
application 200 in 1.02ms
{
  "kernel": "6.8.0-139-generic",
  "architecture": "aarch64",
  "logical_cpus": 4,
  "operator_declared_warmth": "warm-images-cold-executors",
  "workload_sha256": "c39cb9696faccea2ab7c3cc30a5f79c95ed531bf08485fd4aa44657f32b22275",
  "command": [
    "/Users/miko/github/reliaburger/target/host-executor-v2-release/relish",
    "--output",
    "json",
    "batch",
    "submit",
    "/tmp/rb-host-executor-v2/public-matched-v2/process-c1-n1000.toml"
  ],
  "execution_path": "public full dispatch; runtime/isolation as admitted",
  "host_process_contract": "Owned host execution has no hard CPU/memory enforcement",
  "timing": "Monotonic clock before submit process launch through observed accepted terminal summary",
  "qualified_100m_per_day": false,
  "accepted_elapsed_seconds": 3.1479983790777624,
  "unique_accepted_successes": 1000,
  "accepted_successes_per_second": 317.6621711898594,
  "terminal_failures": 0,
  "not_run": 0,
  "accepted_retries": 0,
  "all_tasks_succeeded": true,
  "qualification_boundary": "Requires matched baselines, 24-hour headroom, concurrent apps, recovery/fault and bounded-cost evidence"
}
