0/200 unique accepted successes in 0.03s (0.0/s whole run); 0 failures, 0 retries
runtime process; commands unknown; queued 200, held 0; recent unknown/s over unknowns
application 200 in 13.09ms
0/200 unique accepted successes in 1.10s (0.0/s whole run); 0 failures, 0 retries
runtime process; commands 0; queued 0, held 200; recent 0.0/s over 1.068674735s
application 200 in 1.03ms
0/200 unique accepted successes in 2.17s (0.0/s whole run); 0 failures, 0 retries
runtime process; commands 0; queued 0, held 200; recent 0.0/s over 1.064007683s
application 200 in 0.66ms
200/200 unique accepted successes in 3.23s (61.9/s whole run); 0 failures, 0 retries
runtime process; commands 0; queued 0, held 0; recent 188.45581526862944/s over 1.061256718s
application 200 in 1.06ms
{
  "kernel": "6.8.0-139-generic",
  "architecture": "aarch64",
  "logical_cpus": 4,
  "operator_declared_warmth": "warm-images-cold-executors",
  "workload_sha256": "1ff65006de7303a3a19bd8e87c862971506befa77bbc497a8c04c9de137fc01f",
  "command": [
    "/Users/miko/github/reliaburger/target/host-executor-v2-release/relish",
    "--output",
    "json",
    "batch",
    "submit",
    "/tmp/rb-host-executor-v2/public-matched-v2/process-c3-n200.toml"
  ],
  "execution_path": "public full dispatch; runtime/isolation as admitted",
  "host_process_contract": "Owned host execution has no hard CPU/memory enforcement",
  "timing": "Monotonic clock before submit process launch through observed accepted terminal summary",
  "qualified_100m_per_day": false,
  "accepted_elapsed_seconds": 3.229071828071028,
  "unique_accepted_successes": 200,
  "accepted_successes_per_second": 61.93730293063048,
  "terminal_failures": 0,
  "not_run": 0,
  "accepted_retries": 0,
  "all_tasks_succeeded": true,
  "qualification_boundary": "Requires matched baselines, 24-hour headroom, concurrent apps, recovery/fault and bounded-cost evidence"
}
