0/200 unique accepted successes in 0.03s (0.0/s whole run); 0 failures, 0 retries
runtime runc; commands unknown; queued 200, held 0; recent unknown/s over unknowns
application 200 in 14.94ms
0/200 unique accepted successes in 1.07s (0.0/s whole run); 0 failures, 0 retries
runtime runc; commands unknown; queued 0, held 200; recent 0.0/s over 1.039432884s
application 200 in 0.66ms
0/200 unique accepted successes in 2.12s (0.0/s whole run); 0 failures, 0 retries
runtime runc; commands unknown; queued 0, held 200; recent 0.0/s over 1.039588138s
application 200 in 0.66ms
0/200 unique accepted successes in 3.16s (0.0/s whole run); 0 failures, 0 retries
runtime runc; commands unknown; queued 0, held 200; recent 0.0/s over 1.04348661s
application 200 in 0.68ms
0/200 unique accepted successes in 4.20s (0.0/s whole run); 0 failures, 0 retries
runtime runc; commands unknown; queued 0, held 200; recent 0.0/s over 1.04189636s
application 200 in 0.71ms
0/200 unique accepted successes in 5.24s (0.0/s whole run); 0 failures, 0 retries
runtime runc; commands unknown; queued 0, held 200; recent 0.0/s over 1.041596361s
application 200 in 0.55ms
0/200 unique accepted successes in 6.29s (0.0/s whole run); 0 failures, 0 retries
runtime runc; commands unknown; queued 0, held 200; recent 0.0/s over 1.045572501s
application 200 in 0.50ms
0/200 unique accepted successes in 7.34s (0.0/s whole run); 0 failures, 0 retries
runtime runc; commands unknown; queued 0, held 200; recent 0.0/s over 1.048513972s
application 200 in 0.88ms
0/200 unique accepted successes in 8.38s (0.0/s whole run); 0 failures, 0 retries
runtime runc; commands unknown; queued 0, held 200; recent 0.0/s over 1.040206117s
application 200 in 0.59ms
0/200 unique accepted successes in 9.42s (0.0/s whole run); 0 failures, 0 retries
runtime runc; commands unknown; queued 0, held 200; recent 0.0/s over 1.039537827s
application 200 in 0.52ms
0/200 unique accepted successes in 10.47s (0.0/s whole run); 0 failures, 0 retries
runtime runc; commands unknown; queued 0, held 200; recent 0.0/s over 1.04528393s
application 200 in 0.53ms
0/200 unique accepted successes in 11.50s (0.0/s whole run); 0 failures, 0 retries
runtime runc; commands unknown; queued 0, held 200; recent 0.0/s over 1.04291301s
application 200 in 0.48ms
0/200 unique accepted successes in 12.54s (0.0/s whole run); 0 failures, 0 retries
runtime runc; commands unknown; queued 0, held 200; recent 0.0/s over 1.031106355s
application 200 in 0.54ms
0/200 unique accepted successes in 13.58s (0.0/s whole run); 0 failures, 0 retries
runtime runc; commands unknown; queued 0, held 200; recent 0.0/s over 1.041623012s
application 200 in 0.66ms
0/200 unique accepted successes in 14.64s (0.0/s whole run); 0 failures, 0 retries
runtime runc; commands unknown; queued 0, held 200; recent 0.0/s over 1.059030233s
application 200 in 0.49ms
0/200 unique accepted successes in 15.68s (0.0/s whole run); 0 failures, 0 retries
runtime runc; commands unknown; queued 0, held 200; recent 0.0/s over 1.040802141s
application 200 in 0.49ms
0/200 unique accepted successes in 16.72s (0.0/s whole run); 0 failures, 0 retries
runtime runc; commands unknown; queued 0, held 200; recent 0.0/s over 1.046245536s
application 200 in 0.69ms
0/200 unique accepted successes in 17.76s (0.0/s whole run); 0 failures, 0 retries
runtime runc; commands unknown; queued 0, held 200; recent 0.0/s over 1.039991479s
application 200 in 0.69ms
0/200 unique accepted successes in 18.81s (0.0/s whole run); 0 failures, 0 retries
runtime runc; commands unknown; queued 0, held 200; recent 0.0/s over 1.045623373s
application 200 in 0.59ms
0/200 unique accepted successes in 19.86s (0.0/s whole run); 0 failures, 0 retries
runtime runc; commands unknown; queued 0, held 200; recent 0.0/s over 1.051742936s
application 200 in 0.50ms
0/200 unique accepted successes in 20.91s (0.0/s whole run); 0 failures, 0 retries
runtime runc; commands unknown; queued 0, held 200; recent 0.0/s over 1.043225707s
application 200 in 0.53ms
0/200 unique accepted successes in 21.97s (0.0/s whole run); 0 failures, 0 retries
runtime runc; commands unknown; queued 0, held 200; recent 0.0/s over 1.06715032s
application 200 in 0.50ms
0/200 unique accepted successes in 23.02s (0.0/s whole run); 0 failures, 0 retries
runtime runc; commands unknown; queued 0, held 200; recent 0.0/s over 1.049357147s
application 200 in 0.63ms
0/200 unique accepted successes in 24.08s (0.0/s whole run); 0 failures, 0 retries
runtime runc; commands unknown; queued 0, held 200; recent 0.0/s over 1.053444245s
application 200 in 0.49ms
0/200 unique accepted successes in 25.13s (0.0/s whole run); 0 failures, 0 retries
runtime runc; commands unknown; queued 0, held 200; recent 0.0/s over 1.059796558s
application 200 in 0.69ms
0/200 unique accepted successes in 26.20s (0.0/s whole run); 0 failures, 0 retries
runtime runc; commands unknown; queued 0, held 200; recent 0.0/s over 1.056809929s
application 200 in 0.69ms
0/200 unique accepted successes in 27.25s (0.0/s whole run); 0 failures, 0 retries
runtime runc; commands unknown; queued 0, held 200; recent 0.0/s over 1.056525139s
application 200 in 0.59ms
0/200 unique accepted successes in 28.30s (0.0/s whole run); 0 failures, 0 retries
runtime runc; commands unknown; queued 0, held 200; recent 0.0/s over 1.053103715s
application 200 in 0.53ms
0/200 unique accepted successes in 29.36s (0.0/s whole run); 0 failures, 0 retries
runtime runc; commands unknown; queued 0, held 200; recent 0.0/s over 1.063789833s
application 200 in 0.68ms
0/200 unique accepted successes in 30.42s (0.0/s whole run); 0 failures, 0 retries
runtime runc; commands unknown; queued 0, held 200; recent 0.0/s over 1.04892546s
application 200 in 0.54ms
0/200 unique accepted successes in 31.46s (0.0/s whole run); 0 failures, 0 retries
runtime runc; commands unknown; queued 0, held 200; recent 0.0/s over 1.04794121s
application 200 in 0.65ms
0/200 unique accepted successes in 32.52s (0.0/s whole run); 0 failures, 0 retries
runtime runc; commands unknown; queued 0, held 200; recent 0.0/s over 1.059846207s
application 200 in 0.61ms
0/200 unique accepted successes in 33.59s (0.0/s whole run); 0 failures, 0 retries
runtime runc; commands unknown; queued 0, held 200; recent 0.0/s over 1.061560214s
application 200 in 0.65ms
0/200 unique accepted successes in 34.64s (0.0/s whole run); 0 failures, 0 retries
runtime runc; commands unknown; queued 0, held 200; recent 0.0/s over 1.058313208s
application 200 in 0.49ms
0/200 unique accepted successes in 35.68s (0.0/s whole run); 0 failures, 0 retries
runtime runc; commands unknown; queued 0, held 200; recent 0.0/s over 1.042913125s
application 200 in 0.56ms
0/200 unique accepted successes in 36.74s (0.0/s whole run); 0 failures, 0 retries
runtime runc; commands unknown; queued 0, held 200; recent 0.0/s over 1.048884895s
application 200 in 0.97ms
0/200 unique accepted successes in 37.79s (0.0/s whole run); 0 failures, 0 retries
runtime runc; commands unknown; queued 0, held 200; recent 0.0/s over 1.057377465s
application 200 in 0.59ms
0/200 unique accepted successes in 38.85s (0.0/s whole run); 0 failures, 0 retries
runtime runc; commands unknown; queued 0, held 200; recent 0.0/s over 1.064389322s
application 200 in 0.62ms
0/200 unique accepted successes in 39.93s (0.0/s whole run); 0 failures, 0 retries
runtime runc; commands unknown; queued 0, held 200; recent 0.0/s over 1.067692376s
application 200 in 0.60ms
0/200 unique accepted successes in 40.97s (0.0/s whole run); 0 failures, 0 retries
runtime runc; commands unknown; queued 0, held 200; recent 0.0/s over 1.05342263s
application 200 in 0.58ms
0/200 unique accepted successes in 42.04s (0.0/s whole run); 0 failures, 0 retries
runtime runc; commands unknown; queued 0, held 200; recent 0.0/s over 1.056995684s
application 200 in 0.82ms
0/200 unique accepted successes in 43.10s (0.0/s whole run); 0 failures, 0 retries
runtime runc; commands unknown; queued 0, held 200; recent 0.0/s over 1.069040848s
application 200 in 0.60ms
0/200 unique accepted successes in 44.16s (0.0/s whole run); 0 failures, 0 retries
runtime runc; commands unknown; queued 0, held 200; recent 0.0/s over 1.06059341s
application 200 in 0.70ms
0/200 unique accepted successes in 45.22s (0.0/s whole run); 0 failures, 0 retries
runtime runc; commands unknown; queued 0, held 200; recent 0.0/s over 1.052546473s
application 200 in 0.53ms
0/200 unique accepted successes in 46.28s (0.0/s whole run); 0 failures, 0 retries
runtime runc; commands unknown; queued 0, held 200; recent 0.0/s over 1.066658851s
application 200 in 1.01ms
0/200 unique accepted successes in 47.34s (0.0/s whole run); 0 failures, 0 retries
runtime runc; commands unknown; queued 0, held 200; recent 0.0/s over 1.062336007s
application 200 in 0.50ms
0/200 unique accepted successes in 48.40s (0.0/s whole run); 0 failures, 0 retries
runtime runc; commands unknown; queued 0, held 200; recent 0.0/s over 1.055976576s
application 200 in 0.53ms
0/200 unique accepted successes in 49.46s (0.0/s whole run); 0 failures, 0 retries
runtime runc; commands unknown; queued 0, held 200; recent 0.0/s over 1.056763497s
application 200 in 0.52ms
0/200 unique accepted successes in 50.50s (0.0/s whole run); 0 failures, 0 retries
runtime runc; commands unknown; queued 0, held 200; recent 0.0/s over 1.048392851s
application 200 in 0.57ms
0/200 unique accepted successes in 51.56s (0.0/s whole run); 0 failures, 0 retries
runtime runc; commands unknown; queued 0, held 200; recent 0.0/s over 1.049896983s
application 200 in 0.55ms
0/200 unique accepted successes in 52.61s (0.0/s whole run); 0 failures, 0 retries
runtime runc; commands unknown; queued 0, held 200; recent 0.0/s over 1.055247461s
application 200 in 0.58ms
0/200 unique accepted successes in 53.67s (0.0/s whole run); 0 failures, 0 retries
runtime runc; commands unknown; queued 0, held 200; recent 0.0/s over 1.055074838s
application 200 in 0.55ms
0/200 unique accepted successes in 54.72s (0.0/s whole run); 0 failures, 0 retries
runtime runc; commands unknown; queued 0, held 200; recent 0.0/s over 1.061075692s
application 200 in 0.53ms
0/200 unique accepted successes in 55.78s (0.0/s whole run); 0 failures, 0 retries
runtime runc; commands unknown; queued 0, held 200; recent 0.0/s over 1.052661712s
application 200 in 0.60ms
0/200 unique accepted successes in 56.83s (0.0/s whole run); 0 failures, 0 retries
runtime runc; commands unknown; queued 0, held 200; recent 0.0/s over 1.052475548s
application 200 in 0.67ms
0/200 unique accepted successes in 57.88s (0.0/s whole run); 0 failures, 0 retries
runtime runc; commands unknown; queued 0, held 200; recent 0.0/s over 1.048924665s
application 200 in 0.63ms
0/200 unique accepted successes in 58.94s (0.0/s whole run); 0 failures, 0 retries
runtime runc; commands unknown; queued 0, held 200; recent 0.0/s over 1.05898524s
application 200 in 0.52ms
0/200 unique accepted successes in 60.00s (0.0/s whole run); 0 failures, 0 retries
runtime runc; commands unknown; queued 0, held 200; recent 0.0/s over 1.058766617s
application 200 in 0.78ms
0/200 unique accepted successes in 61.06s (0.0/s whole run); 0 failures, 0 retries
runtime runc; commands unknown; queued 0, held 200; recent 0.0/s over 1.060624584s
application 200 in 0.47ms
0/200 unique accepted successes in 62.12s (0.0/s whole run); 0 failures, 0 retries
runtime runc; commands unknown; queued 0, held 200; recent 0.0/s over 1.060599587s
application 200 in 0.57ms
0/200 unique accepted successes in 63.18s (0.0/s whole run); 0 failures, 0 retries
runtime runc; commands unknown; queued 0, held 200; recent 0.0/s over 1.057428789s
application 200 in 0.65ms
0/200 unique accepted successes in 64.22s (0.0/s whole run); 0 failures, 0 retries
runtime runc; commands unknown; queued 0, held 200; recent 0.0/s over 1.042508872s
application 200 in 0.56ms
0/200 unique accepted successes in 65.27s (0.0/s whole run); 0 failures, 0 retries
runtime runc; commands unknown; queued 0, held 200; recent 0.0/s over 1.052949406s
application 200 in 0.63ms
0/200 unique accepted successes in 66.32s (0.0/s whole run); 0 failures, 0 retries
runtime runc; commands unknown; queued 0, held 200; recent 0.0/s over 1.04953065s
application 200 in 0.51ms
0/200 unique accepted successes in 67.39s (0.0/s whole run); 0 failures, 0 retries
runtime runc; commands unknown; queued 0, held 200; recent 0.0/s over 1.070639215s
application 200 in 0.63ms
0/200 unique accepted successes in 68.46s (0.0/s whole run); 0 failures, 0 retries
runtime runc; commands unknown; queued 0, held 200; recent 0.0/s over 1.069103214s
application 200 in 0.62ms
0/200 unique accepted successes in 69.51s (0.0/s whole run); 0 failures, 0 retries
runtime runc; commands unknown; queued 0, held 200; recent 0.0/s over 1.054841674s
application 200 in 0.59ms
0/200 unique accepted successes in 70.58s (0.0/s whole run); 0 failures, 0 retries
runtime runc; commands unknown; queued 0, held 200; recent 0.0/s over 1.061289113s
application 200 in 0.88ms
0/200 unique accepted successes in 71.64s (0.0/s whole run); 0 failures, 0 retries
runtime runc; commands unknown; queued 0, held 200; recent 0.0/s over 1.064717543s
application 200 in 0.57ms
0/200 unique accepted successes in 72.69s (0.0/s whole run); 0 failures, 0 retries
runtime runc; commands unknown; queued 0, held 200; recent 0.0/s over 1.050089086s
application 200 in 0.57ms
0/200 unique accepted successes in 73.76s (0.0/s whole run); 0 failures, 0 retries
runtime runc; commands unknown; queued 0, held 200; recent 0.0/s over 1.062079874s
application 200 in 0.98ms
0/200 unique accepted successes in 74.80s (0.0/s whole run); 0 failures, 0 retries
runtime runc; commands unknown; queued 0, held 200; recent 0.0/s over 1.046111871s
application 200 in 0.64ms
0/200 unique accepted successes in 75.86s (0.0/s whole run); 0 failures, 0 retries
runtime runc; commands unknown; queued 0, held 200; recent 0.0/s over 1.059266746s
application 200 in 0.72ms
0/200 unique accepted successes in 76.93s (0.0/s whole run); 0 failures, 0 retries
runtime runc; commands unknown; queued 0, held 200; recent 0.0/s over 1.070608784s
application 200 in 0.50ms
0/200 unique accepted successes in 77.97s (0.0/s whole run); 0 failures, 0 retries
runtime runc; commands unknown; queued 0, held 200; recent 0.0/s over 1.044212249s
application 200 in 0.43ms
0/200 unique accepted successes in 79.03s (0.0/s whole run); 0 failures, 0 retries
runtime runc; commands unknown; queued 0, held 200; recent 0.0/s over 1.053119695s
application 200 in 0.80ms
0/200 unique accepted successes in 80.07s (0.0/s whole run); 0 failures, 0 retries
runtime runc; commands unknown; queued 0, held 200; recent 0.0/s over 1.044251504s
application 200 in 0.50ms
0/200 unique accepted successes in 81.13s (0.0/s whole run); 0 failures, 0 retries
runtime runc; commands unknown; queued 0, held 200; recent 0.0/s over 1.055857751s
application 200 in 0.64ms
0/200 unique accepted successes in 82.18s (0.0/s whole run); 0 failures, 0 retries
runtime runc; commands unknown; queued 0, held 200; recent 0.0/s over 1.05617263s
application 200 in 0.51ms
0/200 unique accepted successes in 83.24s (0.0/s whole run); 0 failures, 0 retries
runtime runc; commands unknown; queued 0, held 200; recent 0.0/s over 1.05577209s
application 200 in 0.50ms
0/200 unique accepted successes in 84.29s (0.0/s whole run); 0 failures, 0 retries
runtime runc; commands unknown; queued 0, held 200; recent 0.0/s over 1.050330951s
application 200 in 0.57ms
0/200 unique accepted successes in 85.34s (0.0/s whole run); 0 failures, 0 retries
runtime runc; commands unknown; queued 0, held 200; recent 0.0/s over 1.052561169s
application 200 in 0.51ms
0/200 unique accepted successes in 86.39s (0.0/s whole run); 0 failures, 0 retries
runtime runc; commands unknown; queued 0, held 200; recent 0.0/s over 1.051975462s
application 200 in 0.52ms
200/200 unique accepted successes in 87.45s (2.3/s whole run); 0 failures, 0 retries
runtime runc; commands 0; queued 0, held 0; recent 189.1700945643521/s over 1.057249564s
application 200 in 0.99ms
{
  "kernel": "6.8.0-139-generic",
  "architecture": "aarch64",
  "logical_cpus": 4,
  "operator_declared_warmth": "warm-images-cold-executors",
  "workload_sha256": "87f4a2c7d06ac0a22e877a6b4d7a1ab3489b47a715c871793e06ce75969d921b",
  "command": [
    "/Users/miko/github/reliaburger/target/host-executor-v2-release/relish",
    "--output",
    "json",
    "batch",
    "submit",
    "/tmp/rb-host-executor-v2/public-matched-v2/runc-c3-n200.toml"
  ],
  "execution_path": "public full dispatch; runtime/isolation as admitted",
  "host_process_contract": "Owned host execution has no hard CPU/memory enforcement",
  "timing": "Monotonic clock before submit process launch through observed accepted terminal summary",
  "qualified_100m_per_day": false,
  "accepted_elapsed_seconds": 87.45174173498526,
  "unique_accepted_successes": 200,
  "accepted_successes_per_second": 2.286975605426845,
  "terminal_failures": 0,
  "not_run": 0,
  "accepted_retries": 0,
  "all_tasks_succeeded": true,
  "qualification_boundary": "Requires matched baselines, 24-hour headroom, concurrent apps, recovery/fault and bounded-cost evidence"
}
