0/1,000 unique accepted successes in 0.04s (0.0/s whole run); 0 failures, 0 retries
runtime shared-runc; commands unknown; queued 1000, held 0; recent unknown/s over unknowns
application 200 in 12.85ms
0/1,000 unique accepted successes in 1.10s (0.0/s whole run); 0 failures, 0 retries
runtime shared-runc; commands 0; queued 0, held 1000; recent 0.0/s over 1.056989475s
application 200 in 1.12ms
0/1,000 unique accepted successes in 2.14s (0.0/s whole run); 0 failures, 0 retries
runtime shared-runc; commands 0; queued 0, held 1000; recent 0.0/s over 1.044885446s
application 200 in 0.61ms
1,000/1,000 unique accepted successes in 3.18s (314.7/s whole run); 0 failures, 0 retries
runtime shared-runc; commands 0; queued 0, held 0; recent 965.4385790418572/s over 1.035798674s
application 200 in 0.95ms
{
  "kernel": "6.8.0-139-generic",
  "architecture": "aarch64",
  "logical_cpus": 4,
  "operator_declared_warmth": "warm-images-cold-executors",
  "workload_sha256": "b9ba1b7c302eabe054147fe66931a35b75c82dba69780d10d5980737c9e6b0a9",
  "command": [
    "/Users/miko/github/reliaburger/target/host-executor-v2-release/relish",
    "--output",
    "json",
    "batch",
    "submit",
    "/tmp/rb-host-executor-v2/public-matched-v2/shared-runc-c3-n1000.toml"
  ],
  "execution_path": "public full dispatch; runtime/isolation as admitted",
  "host_process_contract": "Owned host execution has no hard CPU/memory enforcement",
  "timing": "Monotonic clock before submit process launch through observed accepted terminal summary",
  "qualified_100m_per_day": false,
  "accepted_elapsed_seconds": 3.177806871943176,
  "unique_accepted_successes": 1000,
  "accepted_successes_per_second": 314.68243360821884,
  "terminal_failures": 0,
  "not_run": 0,
  "accepted_retries": 0,
  "all_tasks_succeeded": true,
  "qualification_boundary": "Requires matched baselines, 24-hour headroom, concurrent apps, recovery/fault and bounded-cost evidence"
}
