0/200 unique accepted successes in 0.03s (0.0/s whole run); 0 failures, 0 retries
runtime shared-runc; commands unknown; queued 200, held 0; recent unknown/s over unknowns
application 200 in 13.19ms
0/200 unique accepted successes in 1.11s (0.0/s whole run); 0 failures, 0 retries
runtime shared-runc; commands 0; queued 0, held 200; recent 0.0/s over 1.075639607s
application 200 in 1.59ms
0/200 unique accepted successes in 2.17s (0.0/s whole run); 0 failures, 0 retries
runtime shared-runc; commands 0; queued 0, held 200; recent 0.0/s over 1.061654109s
application 200 in 0.60ms
0/200 unique accepted successes in 3.24s (0.0/s whole run); 0 failures, 0 retries
runtime shared-runc; commands 0; queued 0, held 200; recent 0.0/s over 1.065057998s
application 200 in 0.74ms
200/200 unique accepted successes in 4.28s (46.7/s whole run); 0 failures, 0 retries
runtime shared-runc; commands 0; queued 0, held 0; recent 191.42904770404215/s over 1.04477352s
application 200 in 0.57ms
{
  "kernel": "6.8.0-139-generic",
  "architecture": "aarch64",
  "logical_cpus": 4,
  "operator_declared_warmth": "warm-images-cold-executors",
  "workload_sha256": "2ded1dc88b75633624dbff6ed116f1fb0589d8102386266346b1903ed4e25415",
  "command": [
    "/Users/miko/github/reliaburger/target/host-executor-v2-release/relish",
    "--output",
    "json",
    "batch",
    "submit",
    "/tmp/rb-host-executor-v2/public-matched-v2/shared-runc-c3-n200.toml"
  ],
  "execution_path": "public full dispatch; runtime/isolation as admitted",
  "host_process_contract": "Owned host execution has no hard CPU/memory enforcement",
  "timing": "Monotonic clock before submit process launch through observed accepted terminal summary",
  "qualified_100m_per_day": false,
  "accepted_elapsed_seconds": 4.283144637010992,
  "unique_accepted_successes": 200,
  "accepted_successes_per_second": 46.69466407269654,
  "terminal_failures": 0,
  "not_run": 0,
  "accepted_retries": 0,
  "all_tasks_succeeded": true,
  "qualification_boundary": "Requires matched baselines, 24-hour headroom, concurrent apps, recovery/fault and bounded-cost evidence"
}
