0.0s: 0 unique accepted successes, 0 failures, 0 retries; 0.0/s; 1 successful service probes
30.1s: 18,000 unique accepted successes, 0 failures, 0 retries; 597.1/s; 106 successful service probes
{
  "qualification_pass": false,
  "reason": "Requires separate recovery, fault and bounded-cost evidence",
  "kernel": "6.8.0-139-generic",
  "architecture": "aarch64",
  "logical_cpus": 4,
  "workload_sha256": "e44c67b0376d2ece44d0999a8df7d6f13d814079c943e1ae1198a9c8c3fe6add",
  "command_prefix": [
    "/Users/miko/github/reliaburger/target/host-executor-v6-release/relish"
  ],
  "timing": "Monotonic read-only window; the existing submission remains running",
  "last_accepted_sample_seconds": 59.80658085993491,
  "elapsed_seconds": 60.000100932084024,
  "requested_seconds": 60,
  "measurement_complete": true,
  "window_pass": true,
  "unique_accepted_successes": 95000,
  "terminal_failures": 0,
  "accepted_retries": 0,
  "successes_per_second": 1583.3333333333333,
  "target_with_headroom": 1388.888888888889,
  "throughput_pass": false,
  "application_probes": 213,
  "application_failures": 0,
  "completed_submissions": 0,
  "active_submissions": [
    65
  ],
  "requires_evidence": [
    "hardware/runtime/image-warmth",
    "resource and storage bounds",
    "worker loss",
    "leader failover",
    "delayed control",
    "storage failure"
  ],
  "existing_batch_id": 65,
  "initial_accepted_counts": [
    0,
    0,
    0
  ],
  "measurement_ownership": "read-only; submission remains owned by its caller",
  "service_latency_ms": {
    "samples": 213,
    "maximum": 12.289301957935095,
    "p95": 1.3721350114792585
  },
  "resource_observations": [
    {
      "elapsed_seconds": 0.025790529092773795,
      "storage": {
        "/tmp/rb-host-executor-v4/data": {
          "allocated_bytes_observed": 302682112,
          "files_observed": 2386,
          "raced_entries": 0,
          "complete": false,
          "filesystem_available_bytes": 2602405888,
          "filesystem_total_bytes": 50884108288
        }
      },
      "cpu": {
        "cpu_ticks": [
          7051876,
          5659,
          6749978,
          463319016,
          1523922,
          0,
          623971,
          0,
          0,
          0
        ]
      },
      "processes": [
        {
          "pid": 2960485,
          "start_ticks": 119317256,
          "complete": true,
          "rss_bytes": 241983488,
          "peak_rss_bytes": 275447808
        },
        {
          "pid": 2960635,
          "start_ticks": 119317979,
          "complete": true,
          "rss_bytes": 2015232,
          "peak_rss_bytes": 2015232
        }
      ]
    },
    {
      "elapsed_seconds": 30.148071790114045,
      "storage": {
        "/tmp/rb-host-executor-v4/data": {
          "allocated_bytes_observed": 263999488,
          "files_observed": 2381,
          "raced_entries": 0,
          "complete": false,
          "filesystem_available_bytes": 2640351232,
          "filesystem_total_bytes": 50884108288
        }
      },
      "cpu": {
        "cpu_ticks": [
          7052673,
          5659,
          6754965,
          463323868,
          1524877,
          0,
          624085,
          0,
          0,
          0
        ]
      },
      "processes": [
        {
          "pid": 2960485,
          "start_ticks": 119317256,
          "complete": true,
          "rss_bytes": 241897472,
          "peak_rss_bytes": 275447808
        },
        {
          "pid": 2960635,
          "start_ticks": 119317979,
          "complete": true,
          "rss_bytes": 2015232,
          "peak_rss_bytes": 2015232
        }
      ]
    }
  ],
  "elapsed_including_observation_seconds": 60.000100932084024,
  "post_cutoff_drain_proofs": [],
  "elapsed_including_cancellation_seconds": 60.000169600127265,
  "cleanup_failed_submissions": [],
  "measurement_window_seconds": 60,
  "conservative_cutoff": "Only summary responses received before the deadline are counted; subsequent cancellation/results earn no credit"
}
