0.0s: 0 unique accepted successes, 0 failures, 0 retries; 0.0/s; 1 successful service probes
30.1s: 54,000 unique accepted successes, 0 failures, 0 retries; 1794.1/s; 106 successful service probes
{
  "qualification_pass": false,
  "reason": "Requires separate recovery, fault and bounded-cost evidence",
  "kernel": "6.8.0-139-generic",
  "architecture": "aarch64",
  "logical_cpus": 4,
  "workload_sha256": "e44c67b0376d2ece44d0999a8df7d6f13d814079c943e1ae1198a9c8c3fe6add",
  "command_prefix": [
    "/Users/miko/github/reliaburger/target/host-executor-v6-release/relish"
  ],
  "timing": "Monotonic read-only window; the existing submission remains running",
  "last_accepted_sample_seconds": 59.897052416810766,
  "elapsed_seconds": 60.00007863389328,
  "requested_seconds": 60,
  "measurement_complete": true,
  "window_pass": true,
  "unique_accepted_successes": 117000,
  "terminal_failures": 0,
  "accepted_retries": 0,
  "successes_per_second": 1950.0,
  "target_with_headroom": 1388.888888888889,
  "throughput_pass": false,
  "application_probes": 210,
  "application_failures": 0,
  "completed_submissions": 0,
  "active_submissions": [
    65
  ],
  "requires_evidence": [
    "hardware/runtime/image-warmth",
    "resource and storage bounds",
    "worker loss",
    "leader failover",
    "delayed control",
    "storage failure"
  ],
  "existing_batch_id": 65,
  "initial_accepted_counts": [
    95000,
    0,
    0
  ],
  "measurement_ownership": "read-only; submission remains owned by its caller",
  "service_latency_ms": {
    "samples": 210,
    "maximum": 16.257913084700704,
    "p95": 2.1327240392565727
  },
  "resource_observations": [
    {
      "elapsed_seconds": 0.03053426998667419,
      "storage": {
        "/tmp/rb-host-executor-v4/data": {
          "allocated_bytes_observed": 268722176,
          "files_observed": 2380,
          "raced_entries": 0,
          "complete": false,
          "filesystem_available_bytes": 2635464704,
          "filesystem_total_bytes": 50884108288
        }
      },
      "cpu": {
        "cpu_ticks": [
          7053510,
          5659,
          6758355,
          463331318,
          1524961,
          0,
          624154,
          0,
          0,
          0
        ]
      },
      "processes": [
        {
          "pid": 2960485,
          "start_ticks": 119317256,
          "complete": true,
          "rss_bytes": 230412288,
          "peak_rss_bytes": 275447808
        },
        {
          "pid": 2960635,
          "start_ticks": 119317979,
          "complete": true,
          "rss_bytes": 2015232,
          "peak_rss_bytes": 2015232
        }
      ]
    },
    {
      "elapsed_seconds": 30.099380941828713,
      "storage": {
        "/tmp/rb-host-executor-v4/data": {
          "allocated_bytes_observed": 275038208,
          "files_observed": 2382,
          "raced_entries": 0,
          "complete": false,
          "filesystem_available_bytes": 2628800512,
          "filesystem_total_bytes": 50884108288
        }
      },
      "cpu": {
        "cpu_ticks": [
          7054520,
          5659,
          6763985,
          463335867,
          1525410,
          0,
          624231,
          0,
          0,
          0
        ]
      },
      "processes": [
        {
          "pid": 2960485,
          "start_ticks": 119317256,
          "complete": true,
          "rss_bytes": 241238016,
          "peak_rss_bytes": 278650880
        },
        {
          "pid": 2960635,
          "start_ticks": 119317979,
          "complete": true,
          "rss_bytes": 2015232,
          "peak_rss_bytes": 2015232
        }
      ]
    }
  ],
  "elapsed_including_observation_seconds": 60.00007863389328,
  "post_cutoff_drain_proofs": [],
  "elapsed_including_cancellation_seconds": 60.000151050975546,
  "cleanup_failed_submissions": [],
  "measurement_window_seconds": 60,
  "conservative_cutoff": "Only summary responses received before the deadline are counted; subsequent cancellation/results earn no credit"
}
