---
source: src/mayo/store.rs
expression: local_report
---
## query cpu unbounded (84 rows)
10000 cpu {"app":"default/web","instance":"web-0"} 3
10001 cpu {"app":"default/api","instance":"api-0"} 4.25
10050 cpu {"app":"default/web","instance":"web-0"} 1
10051 cpu {"app":"default/api","instance":"api-0"} 2.25
10100 cpu {"app":"default/web","instance":"web-0"} 12
10101 cpu {"app":"default/api","instance":"api-0"} 0.25
10150 cpu {"app":"default/web","instance":"web-0"} 10
10151 cpu {"app":"default/api","instance":"api-0"} 11.25
10200 cpu {"app":"default/web","instance":"web-0"} 8
10201 cpu {"app":"default/api","instance":"api-0"} 9.25
10250 cpu {"app":"default/web","instance":"web-0"} 6
10251 cpu {"app":"default/api","instance":"api-0"} 7.25
10300 cpu {"app":"default/web","instance":"web-0"} 4
10301 cpu {"app":"default/api","instance":"api-0"} 5.25
10305 cpu {"app":"default/web","instance":"web-0"} 9
10350 cpu {"app":"default/web","instance":"web-0"} 2
10351 cpu {"app":"default/api","instance":"api-0"} 3.25
10355 cpu {"app":"default/web","instance":"web-0"} 7
10400 cpu {"app":"default/web","instance":"web-0"} 0
10401 cpu {"app":"default/api","instance":"api-0"} 1.25
10405 cpu {"app":"default/web","instance":"web-0"} 5
10450 cpu {"app":"default/web","instance":"web-0"} 11
10451 cpu {"app":"default/api","instance":"api-0"} 12.25
10455 cpu {"app":"default/web","instance":"web-0"} 3
10470 cpu {"app":"default/web","instance":"web-0"} 5
10471 cpu {"app":"default/api","instance":"api-0"} 6.25
10500 cpu {"app":"default/web","instance":"web-0"} 9
10501 cpu {"app":"default/api","instance":"api-0"} 10.25
10505 cpu {"app":"default/web","instance":"web-0"} 1
10520 cpu {"app":"default/web","instance":"web-0"} 3
10521 cpu {"app":"default/api","instance":"api-0"} 4.25
10550 cpu {"app":"default/web","instance":"web-0"} 7
10551 cpu {"app":"default/api","instance":"api-0"} 8.25
10555 cpu {"app":"default/web","instance":"web-0"} 12
10570 cpu {"app":"default/web","instance":"web-0"} 1
10571 cpu {"app":"default/api","instance":"api-0"} 2.25
10605 cpu {"app":"default/web","instance":"web-0"} 10
10615 cpu {"app":"default/api","instance":"api-0"} 7.25
10620 cpu {"app":"default/web","instance":"web-0"} 12
10621 cpu {"app":"default/api","instance":"api-0"} 0.25
10655 cpu {"app":"default/web","instance":"web-0"} 8
10665 cpu {"app":"default/api","instance":"api-0"} 5.25
10670 cpu {"app":"default/web","instance":"web-0"} 10
10671 cpu {"app":"default/api","instance":"api-0"} 11.25
10705 cpu {"app":"default/web","instance":"web-0"} 6
10715 cpu {"app":"default/api","instance":"api-0"} 3.25
10720 cpu {"app":"default/web","instance":"web-0"} 8
10721 cpu {"app":"default/api","instance":"api-0"} 9.25
10755 cpu {"app":"default/web","instance":"web-0"} 4
10765 cpu {"app":"default/api","instance":"api-0"} 1.25
10770 cpu {"app":"default/web","instance":"web-0"} 6
10771 cpu {"app":"default/api","instance":"api-0"} 7.25
10805 cpu {"app":"default/web","instance":"web-0"} 2
10815 cpu {"app":"default/api","instance":"api-0"} 12.25
10820 cpu {"app":"default/web","instance":"web-0"} 4
10821 cpu {"app":"default/api","instance":"api-0"} 5.25
10855 cpu {"app":"default/web","instance":"web-0"} 0
10865 cpu {"app":"default/api","instance":"api-0"} 10.25
10870 cpu {"app":"default/web","instance":"web-0"} 2
10871 cpu {"app":"default/api","instance":"api-0"} 3.25
10915 cpu {"app":"default/api","instance":"api-0"} 8.25
10920 cpu {"app":"default/web","instance":"web-0"} 0
10921 cpu {"app":"default/api","instance":"api-0"} 1.25
10925 cpu {"app":"default/web","instance":"web-0"} 5
10965 cpu {"app":"default/api","instance":"api-0"} 6.25
10970 cpu {"app":"default/web","instance":"web-0"} 11
10971 cpu {"app":"default/api","instance":"api-0"} 12.25
10975 cpu {"app":"default/web","instance":"web-0"} 3
11015 cpu {"app":"default/api","instance":"api-0"} 4.25
11020 cpu {"app":"default/web","instance":"web-0"} 9
11021 cpu {"app":"default/api","instance":"api-0"} 10.25
11025 cpu {"app":"default/web","instance":"web-0"} 1
11065 cpu {"app":"default/api","instance":"api-0"} 2.25
11075 cpu {"app":"default/web","instance":"web-0"} 12
11115 cpu {"app":"default/api","instance":"api-0"} 0.25
11125 cpu {"app":"default/web","instance":"web-0"} 10
11165 cpu {"app":"default/api","instance":"api-0"} 11.25
11175 cpu {"app":"default/web","instance":"web-0"} 8
11225 cpu {"app":"default/web","instance":"web-0"} 6
11275 cpu {"app":"default/web","instance":"web-0"} 4
11325 cpu {"app":"default/web","instance":"web-0"} 2
11375 cpu {"app":"default/web","instance":"web-0"} 0
11425 cpu {"app":"default/web","instance":"web-0"} 11
11475 cpu {"app":"default/web","instance":"web-0"} 9

## query cpu window (36 rows)
10200 cpu {"app":"default/web","instance":"web-0"} 8
10201 cpu {"app":"default/api","instance":"api-0"} 9.25
10250 cpu {"app":"default/web","instance":"web-0"} 6
10251 cpu {"app":"default/api","instance":"api-0"} 7.25
10300 cpu {"app":"default/web","instance":"web-0"} 4
10301 cpu {"app":"default/api","instance":"api-0"} 5.25
10305 cpu {"app":"default/web","instance":"web-0"} 9
10350 cpu {"app":"default/web","instance":"web-0"} 2
10351 cpu {"app":"default/api","instance":"api-0"} 3.25
10355 cpu {"app":"default/web","instance":"web-0"} 7
10400 cpu {"app":"default/web","instance":"web-0"} 0
10401 cpu {"app":"default/api","instance":"api-0"} 1.25
10405 cpu {"app":"default/web","instance":"web-0"} 5
10450 cpu {"app":"default/web","instance":"web-0"} 11
10451 cpu {"app":"default/api","instance":"api-0"} 12.25
10455 cpu {"app":"default/web","instance":"web-0"} 3
10470 cpu {"app":"default/web","instance":"web-0"} 5
10471 cpu {"app":"default/api","instance":"api-0"} 6.25
10500 cpu {"app":"default/web","instance":"web-0"} 9
10501 cpu {"app":"default/api","instance":"api-0"} 10.25
10505 cpu {"app":"default/web","instance":"web-0"} 1
10520 cpu {"app":"default/web","instance":"web-0"} 3
10521 cpu {"app":"default/api","instance":"api-0"} 4.25
10550 cpu {"app":"default/web","instance":"web-0"} 7
10551 cpu {"app":"default/api","instance":"api-0"} 8.25
10555 cpu {"app":"default/web","instance":"web-0"} 12
10570 cpu {"app":"default/web","instance":"web-0"} 1
10571 cpu {"app":"default/api","instance":"api-0"} 2.25
10605 cpu {"app":"default/web","instance":"web-0"} 10
10615 cpu {"app":"default/api","instance":"api-0"} 7.25
10620 cpu {"app":"default/web","instance":"web-0"} 12
10621 cpu {"app":"default/api","instance":"api-0"} 0.25
10655 cpu {"app":"default/web","instance":"web-0"} 8
10665 cpu {"app":"default/api","instance":"api-0"} 5.25
10670 cpu {"app":"default/web","instance":"web-0"} 10
10671 cpu {"app":"default/api","instance":"api-0"} 11.25

## query mem one instant (1 rows)
10002 mem {"app":"default/web","instance":"web-0"} 5.5

## query missing (0 rows)


## query_all unbounded (168 rows)
10000 cpu {"app":"default/web","instance":"web-0"} 3
10001 cpu {"app":"default/api","instance":"api-0"} 4.25
10002 mem {"app":"default/web","instance":"web-0"} 5.5
10050 cpu {"app":"default/web","instance":"web-0"} 1
10051 cpu {"app":"default/api","instance":"api-0"} 2.25
10052 mem {"app":"default/web","instance":"web-0"} 3.5
10100 cpu {"app":"default/web","instance":"web-0"} 12
10101 cpu {"app":"default/api","instance":"api-0"} 0.25
10102 mem {"app":"default/web","instance":"web-0"} 1.5
10110 requests_total {"app":"other/web","instance":"web-0"} 9.75
10150 cpu {"app":"default/web","instance":"web-0"} 10
10151 cpu {"app":"default/api","instance":"api-0"} 11.25
10152 mem {"app":"default/web","instance":"web-0"} 12.5
10160 requests_total {"app":"other/web","instance":"web-0"} 7.75
10200 cpu {"app":"default/web","instance":"web-0"} 8
10201 cpu {"app":"default/api","instance":"api-0"} 9.25
10202 mem {"app":"default/web","instance":"web-0"} 10.5
10210 requests_total {"app":"other/web","instance":"web-0"} 5.75
10250 cpu {"app":"default/web","instance":"web-0"} 6
10251 cpu {"app":"default/api","instance":"api-0"} 7.25
10252 mem {"app":"default/web","instance":"web-0"} 8.5
10260 requests_total {"app":"other/web","instance":"web-0"} 3.75
10300 cpu {"app":"default/web","instance":"web-0"} 4
10301 cpu {"app":"default/api","instance":"api-0"} 5.25
10302 mem {"app":"default/web","instance":"web-0"} 6.5
10305 cpu {"app":"default/web","instance":"web-0"} 9
10306 mem {"app":"default/web","instance":"web-0"} 10.5
10310 requests_total {"app":"other/web","instance":"web-0"} 1.75
10350 cpu {"app":"default/web","instance":"web-0"} 2
10351 cpu {"app":"default/api","instance":"api-0"} 3.25
10352 mem {"app":"default/web","instance":"web-0"} 4.5
10355 cpu {"app":"default/web","instance":"web-0"} 7
10356 mem {"app":"default/web","instance":"web-0"} 8.5
10360 requests_total {"app":"other/web","instance":"web-0"} 12.75
10400 cpu {"app":"default/web","instance":"web-0"} 0
10401 cpu {"app":"default/api","instance":"api-0"} 1.25
10402 mem {"app":"default/web","instance":"web-0"} 2.5
10405 cpu {"app":"default/web","instance":"web-0"} 5
10406 mem {"app":"default/web","instance":"web-0"} 6.5
10410 requests_total {"app":"other/web","instance":"web-0"} 10.75
10450 cpu {"app":"default/web","instance":"web-0"} 11
10451 cpu {"app":"default/api","instance":"api-0"} 12.25
10452 mem {"app":"default/web","instance":"web-0"} 0.5
10455 cpu {"app":"default/web","instance":"web-0"} 3
10456 mem {"app":"default/web","instance":"web-0"} 4.5
10460 requests_total {"app":"other/web","instance":"web-0"} 8.75
10470 cpu {"app":"default/web","instance":"web-0"} 5
10471 cpu {"app":"default/api","instance":"api-0"} 6.25
10472 mem {"app":"default/web","instance":"web-0"} 7.5
10473 requests_total {"app":"other/web","instance":"web-0"} 8.75
10500 cpu {"app":"default/web","instance":"web-0"} 9
10501 cpu {"app":"default/api","instance":"api-0"} 10.25
10502 mem {"app":"default/web","instance":"web-0"} 11.5
10505 cpu {"app":"default/web","instance":"web-0"} 1
10506 mem {"app":"default/web","instance":"web-0"} 2.5
10510 requests_total {"app":"other/web","instance":"web-0"} 6.75
10520 cpu {"app":"default/web","instance":"web-0"} 3
10521 cpu {"app":"default/api","instance":"api-0"} 4.25
10522 mem {"app":"default/web","instance":"web-0"} 5.5
10523 requests_total {"app":"other/web","instance":"web-0"} 6.75
10550 cpu {"app":"default/web","instance":"web-0"} 7
10551 cpu {"app":"default/api","instance":"api-0"} 8.25
10552 mem {"app":"default/web","instance":"web-0"} 9.5
10555 cpu {"app":"default/web","instance":"web-0"} 12
10556 mem {"app":"default/web","instance":"web-0"} 0.5
10560 requests_total {"app":"other/web","instance":"web-0"} 4.75
10570 cpu {"app":"default/web","instance":"web-0"} 1
10571 cpu {"app":"default/api","instance":"api-0"} 2.25
10572 mem {"app":"default/web","instance":"web-0"} 3.5
10573 requests_total {"app":"other/web","instance":"web-0"} 4.75
10605 cpu {"app":"default/web","instance":"web-0"} 10
10606 mem {"app":"default/web","instance":"web-0"} 11.5
10610 requests_total {"app":"other/web","instance":"web-0"} 2.75
10615 cpu {"app":"default/api","instance":"api-0"} 7.25
10616 requests_total {"app":"other/web","instance":"web-0"} 8.75
10620 cpu {"app":"default/web","instance":"web-0"} 12
10621 cpu {"app":"default/api","instance":"api-0"} 0.25
10622 mem {"app":"default/web","instance":"web-0"} 1.5
10623 requests_total {"app":"other/web","instance":"web-0"} 2.75
10655 cpu {"app":"default/web","instance":"web-0"} 8
10656 mem {"app":"default/web","instance":"web-0"} 9.5
10660 requests_total {"app":"other/web","instance":"web-0"} 0.75
10665 cpu {"app":"default/api","instance":"api-0"} 5.25
10666 requests_total {"app":"other/web","instance":"web-0"} 6.75
10670 cpu {"app":"default/web","instance":"web-0"} 10
10671 cpu {"app":"default/api","instance":"api-0"} 11.25
10672 mem {"app":"default/web","instance":"web-0"} 12.5
10673 requests_total {"app":"other/web","instance":"web-0"} 0.75
10705 cpu {"app":"default/web","instance":"web-0"} 6
10706 mem {"app":"default/web","instance":"web-0"} 7.5
10715 cpu {"app":"default/api","instance":"api-0"} 3.25
10716 requests_total {"app":"other/web","instance":"web-0"} 4.75
10720 cpu {"app":"default/web","instance":"web-0"} 8
10721 cpu {"app":"default/api","instance":"api-0"} 9.25
10722 mem {"app":"default/web","instance":"web-0"} 10.5
10723 requests_total {"app":"other/web","instance":"web-0"} 11.75
10755 cpu {"app":"default/web","instance":"web-0"} 4
10756 mem {"app":"default/web","instance":"web-0"} 5.5
10765 cpu {"app":"default/api","instance":"api-0"} 1.25
10766 requests_total {"app":"other/web","instance":"web-0"} 2.75
10770 cpu {"app":"default/web","instance":"web-0"} 6
10771 cpu {"app":"default/api","instance":"api-0"} 7.25
10772 mem {"app":"default/web","instance":"web-0"} 8.5
10773 requests_total {"app":"other/web","instance":"web-0"} 9.75
10805 cpu {"app":"default/web","instance":"web-0"} 2
10806 mem {"app":"default/web","instance":"web-0"} 3.5
10815 cpu {"app":"default/api","instance":"api-0"} 12.25
10816 requests_total {"app":"other/web","instance":"web-0"} 0.75
10820 cpu {"app":"default/web","instance":"web-0"} 4
10821 cpu {"app":"default/api","instance":"api-0"} 5.25
10822 mem {"app":"default/web","instance":"web-0"} 6.5
10823 requests_total {"app":"other/web","instance":"web-0"} 7.75
10855 cpu {"app":"default/web","instance":"web-0"} 0
10856 mem {"app":"default/web","instance":"web-0"} 1.5
10865 cpu {"app":"default/api","instance":"api-0"} 10.25
10866 requests_total {"app":"other/web","instance":"web-0"} 11.75
10870 cpu {"app":"default/web","instance":"web-0"} 2
10871 cpu {"app":"default/api","instance":"api-0"} 3.25
10872 mem {"app":"default/web","instance":"web-0"} 4.5
10873 requests_total {"app":"other/web","instance":"web-0"} 5.75
10915 cpu {"app":"default/api","instance":"api-0"} 8.25
10916 requests_total {"app":"other/web","instance":"web-0"} 9.75
10920 cpu {"app":"default/web","instance":"web-0"} 0
10921 cpu {"app":"default/api","instance":"api-0"} 1.25
10922 mem {"app":"default/web","instance":"web-0"} 2.5
10923 requests_total {"app":"other/web","instance":"web-0"} 3.75
10925 cpu {"app":"default/web","instance":"web-0"} 5
10926 requests_total {"app":"other/web","instance":"web-0"} 6.75
10965 cpu {"app":"default/api","instance":"api-0"} 6.25
10966 requests_total {"app":"other/web","instance":"web-0"} 7.75
10970 cpu {"app":"default/web","instance":"web-0"} 11
10971 cpu {"app":"default/api","instance":"api-0"} 12.25
10972 mem {"app":"default/web","instance":"web-0"} 0.5
10973 requests_total {"app":"other/web","instance":"web-0"} 1.75
10975 cpu {"app":"default/web","instance":"web-0"} 3
10976 requests_total {"app":"other/web","instance":"web-0"} 4.75
11015 cpu {"app":"default/api","instance":"api-0"} 4.25
11016 requests_total {"app":"other/web","instance":"web-0"} 5.75
11020 cpu {"app":"default/web","instance":"web-0"} 9
11021 cpu {"app":"default/api","instance":"api-0"} 10.25
11022 mem {"app":"default/web","instance":"web-0"} 11.5
11023 requests_total {"app":"other/web","instance":"web-0"} 12.75
11025 cpu {"app":"default/web","instance":"web-0"} 1
11026 requests_total {"app":"other/web","instance":"web-0"} 2.75
11065 cpu {"app":"default/api","instance":"api-0"} 2.25
11066 requests_total {"app":"other/web","instance":"web-0"} 3.75
11075 cpu {"app":"default/web","instance":"web-0"} 12
11076 requests_total {"app":"other/web","instance":"web-0"} 0.75
11115 cpu {"app":"default/api","instance":"api-0"} 0.25
11116 requests_total {"app":"other/web","instance":"web-0"} 1.75
11125 cpu {"app":"default/web","instance":"web-0"} 10
11126 requests_total {"app":"other/web","instance":"web-0"} 11.75
11165 cpu {"app":"default/api","instance":"api-0"} 11.25
11166 requests_total {"app":"other/web","instance":"web-0"} 12.75
11175 cpu {"app":"default/web","instance":"web-0"} 8
11176 requests_total {"app":"other/web","instance":"web-0"} 9.75
11225 cpu {"app":"default/web","instance":"web-0"} 6
11226 requests_total {"app":"other/web","instance":"web-0"} 7.75
11275 cpu {"app":"default/web","instance":"web-0"} 4
11276 requests_total {"app":"other/web","instance":"web-0"} 5.75
11325 cpu {"app":"default/web","instance":"web-0"} 2
11326 requests_total {"app":"other/web","instance":"web-0"} 3.75
11375 cpu {"app":"default/web","instance":"web-0"} 0
11376 requests_total {"app":"other/web","instance":"web-0"} 1.75
11425 cpu {"app":"default/web","instance":"web-0"} 11
11426 requests_total {"app":"other/web","instance":"web-0"} 12.75
11475 cpu {"app":"default/web","instance":"web-0"} 9
11476 requests_total {"app":"other/web","instance":"web-0"} 10.75

## query_all window (86 rows)
10250 cpu {"app":"default/web","instance":"web-0"} 6
10251 cpu {"app":"default/api","instance":"api-0"} 7.25
10252 mem {"app":"default/web","instance":"web-0"} 8.5
10260 requests_total {"app":"other/web","instance":"web-0"} 3.75
10300 cpu {"app":"default/web","instance":"web-0"} 4
10301 cpu {"app":"default/api","instance":"api-0"} 5.25
10302 mem {"app":"default/web","instance":"web-0"} 6.5
10305 cpu {"app":"default/web","instance":"web-0"} 9
10306 mem {"app":"default/web","instance":"web-0"} 10.5
10310 requests_total {"app":"other/web","instance":"web-0"} 1.75
10350 cpu {"app":"default/web","instance":"web-0"} 2
10351 cpu {"app":"default/api","instance":"api-0"} 3.25
10352 mem {"app":"default/web","instance":"web-0"} 4.5
10355 cpu {"app":"default/web","instance":"web-0"} 7
10356 mem {"app":"default/web","instance":"web-0"} 8.5
10360 requests_total {"app":"other/web","instance":"web-0"} 12.75
10400 cpu {"app":"default/web","instance":"web-0"} 0
10401 cpu {"app":"default/api","instance":"api-0"} 1.25
10402 mem {"app":"default/web","instance":"web-0"} 2.5
10405 cpu {"app":"default/web","instance":"web-0"} 5
10406 mem {"app":"default/web","instance":"web-0"} 6.5
10410 requests_total {"app":"other/web","instance":"web-0"} 10.75
10450 cpu {"app":"default/web","instance":"web-0"} 11
10451 cpu {"app":"default/api","instance":"api-0"} 12.25
10452 mem {"app":"default/web","instance":"web-0"} 0.5
10455 cpu {"app":"default/web","instance":"web-0"} 3
10456 mem {"app":"default/web","instance":"web-0"} 4.5
10460 requests_total {"app":"other/web","instance":"web-0"} 8.75
10470 cpu {"app":"default/web","instance":"web-0"} 5
10471 cpu {"app":"default/api","instance":"api-0"} 6.25
10472 mem {"app":"default/web","instance":"web-0"} 7.5
10473 requests_total {"app":"other/web","instance":"web-0"} 8.75
10500 cpu {"app":"default/web","instance":"web-0"} 9
10501 cpu {"app":"default/api","instance":"api-0"} 10.25
10502 mem {"app":"default/web","instance":"web-0"} 11.5
10505 cpu {"app":"default/web","instance":"web-0"} 1
10506 mem {"app":"default/web","instance":"web-0"} 2.5
10510 requests_total {"app":"other/web","instance":"web-0"} 6.75
10520 cpu {"app":"default/web","instance":"web-0"} 3
10521 cpu {"app":"default/api","instance":"api-0"} 4.25
10522 mem {"app":"default/web","instance":"web-0"} 5.5
10523 requests_total {"app":"other/web","instance":"web-0"} 6.75
10550 cpu {"app":"default/web","instance":"web-0"} 7
10551 cpu {"app":"default/api","instance":"api-0"} 8.25
10552 mem {"app":"default/web","instance":"web-0"} 9.5
10555 cpu {"app":"default/web","instance":"web-0"} 12
10556 mem {"app":"default/web","instance":"web-0"} 0.5
10560 requests_total {"app":"other/web","instance":"web-0"} 4.75
10570 cpu {"app":"default/web","instance":"web-0"} 1
10571 cpu {"app":"default/api","instance":"api-0"} 2.25
10572 mem {"app":"default/web","instance":"web-0"} 3.5
10573 requests_total {"app":"other/web","instance":"web-0"} 4.75
10605 cpu {"app":"default/web","instance":"web-0"} 10
10606 mem {"app":"default/web","instance":"web-0"} 11.5
10610 requests_total {"app":"other/web","instance":"web-0"} 2.75
10615 cpu {"app":"default/api","instance":"api-0"} 7.25
10616 requests_total {"app":"other/web","instance":"web-0"} 8.75
10620 cpu {"app":"default/web","instance":"web-0"} 12
10621 cpu {"app":"default/api","instance":"api-0"} 0.25
10622 mem {"app":"default/web","instance":"web-0"} 1.5
10623 requests_total {"app":"other/web","instance":"web-0"} 2.75
10655 cpu {"app":"default/web","instance":"web-0"} 8
10656 mem {"app":"default/web","instance":"web-0"} 9.5
10660 requests_total {"app":"other/web","instance":"web-0"} 0.75
10665 cpu {"app":"default/api","instance":"api-0"} 5.25
10666 requests_total {"app":"other/web","instance":"web-0"} 6.75
10670 cpu {"app":"default/web","instance":"web-0"} 10
10671 cpu {"app":"default/api","instance":"api-0"} 11.25
10672 mem {"app":"default/web","instance":"web-0"} 12.5
10673 requests_total {"app":"other/web","instance":"web-0"} 0.75
10705 cpu {"app":"default/web","instance":"web-0"} 6
10706 mem {"app":"default/web","instance":"web-0"} 7.5
10715 cpu {"app":"default/api","instance":"api-0"} 3.25
10716 requests_total {"app":"other/web","instance":"web-0"} 4.75
10720 cpu {"app":"default/web","instance":"web-0"} 8
10721 cpu {"app":"default/api","instance":"api-0"} 9.25
10722 mem {"app":"default/web","instance":"web-0"} 10.5
10723 requests_total {"app":"other/web","instance":"web-0"} 11.75
10755 cpu {"app":"default/web","instance":"web-0"} 4
10756 mem {"app":"default/web","instance":"web-0"} 5.5
10765 cpu {"app":"default/api","instance":"api-0"} 1.25
10766 requests_total {"app":"other/web","instance":"web-0"} 2.75
10770 cpu {"app":"default/web","instance":"web-0"} 6
10771 cpu {"app":"default/api","instance":"api-0"} 7.25
10772 mem {"app":"default/web","instance":"web-0"} 8.5
10773 requests_total {"app":"other/web","instance":"web-0"} 9.75

## query_app web (84 rows)
10000 cpu {"app":"default/web","instance":"web-0"} 3
10002 mem {"app":"default/web","instance":"web-0"} 5.5
10050 cpu {"app":"default/web","instance":"web-0"} 1
10052 mem {"app":"default/web","instance":"web-0"} 3.5
10100 cpu {"app":"default/web","instance":"web-0"} 12
10102 mem {"app":"default/web","instance":"web-0"} 1.5
10150 cpu {"app":"default/web","instance":"web-0"} 10
10152 mem {"app":"default/web","instance":"web-0"} 12.5
10200 cpu {"app":"default/web","instance":"web-0"} 8
10202 mem {"app":"default/web","instance":"web-0"} 10.5
10250 cpu {"app":"default/web","instance":"web-0"} 6
10252 mem {"app":"default/web","instance":"web-0"} 8.5
10300 cpu {"app":"default/web","instance":"web-0"} 4
10302 mem {"app":"default/web","instance":"web-0"} 6.5
10305 cpu {"app":"default/web","instance":"web-0"} 9
10306 mem {"app":"default/web","instance":"web-0"} 10.5
10350 cpu {"app":"default/web","instance":"web-0"} 2
10352 mem {"app":"default/web","instance":"web-0"} 4.5
10355 cpu {"app":"default/web","instance":"web-0"} 7
10356 mem {"app":"default/web","instance":"web-0"} 8.5
10400 cpu {"app":"default/web","instance":"web-0"} 0
10402 mem {"app":"default/web","instance":"web-0"} 2.5
10405 cpu {"app":"default/web","instance":"web-0"} 5
10406 mem {"app":"default/web","instance":"web-0"} 6.5
10450 cpu {"app":"default/web","instance":"web-0"} 11
10452 mem {"app":"default/web","instance":"web-0"} 0.5
10455 cpu {"app":"default/web","instance":"web-0"} 3
10456 mem {"app":"default/web","instance":"web-0"} 4.5
10470 cpu {"app":"default/web","instance":"web-0"} 5
10472 mem {"app":"default/web","instance":"web-0"} 7.5
10500 cpu {"app":"default/web","instance":"web-0"} 9
10502 mem {"app":"default/web","instance":"web-0"} 11.5
10505 cpu {"app":"default/web","instance":"web-0"} 1
10506 mem {"app":"default/web","instance":"web-0"} 2.5
10520 cpu {"app":"default/web","instance":"web-0"} 3
10522 mem {"app":"default/web","instance":"web-0"} 5.5
10550 cpu {"app":"default/web","instance":"web-0"} 7
10552 mem {"app":"default/web","instance":"web-0"} 9.5
10555 cpu {"app":"default/web","instance":"web-0"} 12
10556 mem {"app":"default/web","instance":"web-0"} 0.5
10570 cpu {"app":"default/web","instance":"web-0"} 1
10572 mem {"app":"default/web","instance":"web-0"} 3.5
10605 cpu {"app":"default/web","instance":"web-0"} 10
10606 mem {"app":"default/web","instance":"web-0"} 11.5
10620 cpu {"app":"default/web","instance":"web-0"} 12
10622 mem {"app":"default/web","instance":"web-0"} 1.5
10655 cpu {"app":"default/web","instance":"web-0"} 8
10656 mem {"app":"default/web","instance":"web-0"} 9.5
10670 cpu {"app":"default/web","instance":"web-0"} 10
10672 mem {"app":"default/web","instance":"web-0"} 12.5
10705 cpu {"app":"default/web","instance":"web-0"} 6
10706 mem {"app":"default/web","instance":"web-0"} 7.5
10720 cpu {"app":"default/web","instance":"web-0"} 8
10722 mem {"app":"default/web","instance":"web-0"} 10.5
10755 cpu {"app":"default/web","instance":"web-0"} 4
10756 mem {"app":"default/web","instance":"web-0"} 5.5
10770 cpu {"app":"default/web","instance":"web-0"} 6
10772 mem {"app":"default/web","instance":"web-0"} 8.5
10805 cpu {"app":"default/web","instance":"web-0"} 2
10806 mem {"app":"default/web","instance":"web-0"} 3.5
10820 cpu {"app":"default/web","instance":"web-0"} 4
10822 mem {"app":"default/web","instance":"web-0"} 6.5
10855 cpu {"app":"default/web","instance":"web-0"} 0
10856 mem {"app":"default/web","instance":"web-0"} 1.5
10870 cpu {"app":"default/web","instance":"web-0"} 2
10872 mem {"app":"default/web","instance":"web-0"} 4.5
10920 cpu {"app":"default/web","instance":"web-0"} 0
10922 mem {"app":"default/web","instance":"web-0"} 2.5
10925 cpu {"app":"default/web","instance":"web-0"} 5
10970 cpu {"app":"default/web","instance":"web-0"} 11
10972 mem {"app":"default/web","instance":"web-0"} 0.5
10975 cpu {"app":"default/web","instance":"web-0"} 3
11020 cpu {"app":"default/web","instance":"web-0"} 9
11022 mem {"app":"default/web","instance":"web-0"} 11.5
11025 cpu {"app":"default/web","instance":"web-0"} 1
11075 cpu {"app":"default/web","instance":"web-0"} 12
11125 cpu {"app":"default/web","instance":"web-0"} 10
11175 cpu {"app":"default/web","instance":"web-0"} 8
11225 cpu {"app":"default/web","instance":"web-0"} 6
11275 cpu {"app":"default/web","instance":"web-0"} 4
11325 cpu {"app":"default/web","instance":"web-0"} 2
11375 cpu {"app":"default/web","instance":"web-0"} 0
11425 cpu {"app":"default/web","instance":"web-0"} 11
11475 cpu {"app":"default/web","instance":"web-0"} 9

## query_app web cpu newest two (2 rows)
10970 cpu {"app":"default/web","instance":"web-0"} 11
10975 cpu {"app":"default/web","instance":"web-0"} 3

## query_names_since cpu mem (79 rows)
10500 cpu {"app":"default/web","instance":"web-0"} 9
10501 cpu {"app":"default/api","instance":"api-0"} 10.25
10502 mem {"app":"default/web","instance":"web-0"} 11.5
10505 cpu {"app":"default/web","instance":"web-0"} 1
10506 mem {"app":"default/web","instance":"web-0"} 2.5
10520 cpu {"app":"default/web","instance":"web-0"} 3
10521 cpu {"app":"default/api","instance":"api-0"} 4.25
10522 mem {"app":"default/web","instance":"web-0"} 5.5
10550 cpu {"app":"default/web","instance":"web-0"} 7
10551 cpu {"app":"default/api","instance":"api-0"} 8.25
10552 mem {"app":"default/web","instance":"web-0"} 9.5
10555 cpu {"app":"default/web","instance":"web-0"} 12
10556 mem {"app":"default/web","instance":"web-0"} 0.5
10570 cpu {"app":"default/web","instance":"web-0"} 1
10571 cpu {"app":"default/api","instance":"api-0"} 2.25
10572 mem {"app":"default/web","instance":"web-0"} 3.5
10605 cpu {"app":"default/web","instance":"web-0"} 10
10606 mem {"app":"default/web","instance":"web-0"} 11.5
10615 cpu {"app":"default/api","instance":"api-0"} 7.25
10620 cpu {"app":"default/web","instance":"web-0"} 12
10621 cpu {"app":"default/api","instance":"api-0"} 0.25
10622 mem {"app":"default/web","instance":"web-0"} 1.5
10655 cpu {"app":"default/web","instance":"web-0"} 8
10656 mem {"app":"default/web","instance":"web-0"} 9.5
10665 cpu {"app":"default/api","instance":"api-0"} 5.25
10670 cpu {"app":"default/web","instance":"web-0"} 10
10671 cpu {"app":"default/api","instance":"api-0"} 11.25
10672 mem {"app":"default/web","instance":"web-0"} 12.5
10705 cpu {"app":"default/web","instance":"web-0"} 6
10706 mem {"app":"default/web","instance":"web-0"} 7.5
10715 cpu {"app":"default/api","instance":"api-0"} 3.25
10720 cpu {"app":"default/web","instance":"web-0"} 8
10721 cpu {"app":"default/api","instance":"api-0"} 9.25
10722 mem {"app":"default/web","instance":"web-0"} 10.5
10755 cpu {"app":"default/web","instance":"web-0"} 4
10756 mem {"app":"default/web","instance":"web-0"} 5.5
10765 cpu {"app":"default/api","instance":"api-0"} 1.25
10770 cpu {"app":"default/web","instance":"web-0"} 6
10771 cpu {"app":"default/api","instance":"api-0"} 7.25
10772 mem {"app":"default/web","instance":"web-0"} 8.5
10805 cpu {"app":"default/web","instance":"web-0"} 2
10806 mem {"app":"default/web","instance":"web-0"} 3.5
10815 cpu {"app":"default/api","instance":"api-0"} 12.25
10820 cpu {"app":"default/web","instance":"web-0"} 4
10821 cpu {"app":"default/api","instance":"api-0"} 5.25
10822 mem {"app":"default/web","instance":"web-0"} 6.5
10855 cpu {"app":"default/web","instance":"web-0"} 0
10856 mem {"app":"default/web","instance":"web-0"} 1.5
10865 cpu {"app":"default/api","instance":"api-0"} 10.25
10870 cpu {"app":"default/web","instance":"web-0"} 2
10871 cpu {"app":"default/api","instance":"api-0"} 3.25
10872 mem {"app":"default/web","instance":"web-0"} 4.5
10915 cpu {"app":"default/api","instance":"api-0"} 8.25
10920 cpu {"app":"default/web","instance":"web-0"} 0
10921 cpu {"app":"default/api","instance":"api-0"} 1.25
10922 mem {"app":"default/web","instance":"web-0"} 2.5
10925 cpu {"app":"default/web","instance":"web-0"} 5
10965 cpu {"app":"default/api","instance":"api-0"} 6.25
10970 cpu {"app":"default/web","instance":"web-0"} 11
10971 cpu {"app":"default/api","instance":"api-0"} 12.25
10972 mem {"app":"default/web","instance":"web-0"} 0.5
10975 cpu {"app":"default/web","instance":"web-0"} 3
11015 cpu {"app":"default/api","instance":"api-0"} 4.25
11020 cpu {"app":"default/web","instance":"web-0"} 9
11021 cpu {"app":"default/api","instance":"api-0"} 10.25
11022 mem {"app":"default/web","instance":"web-0"} 11.5
11025 cpu {"app":"default/web","instance":"web-0"} 1
11065 cpu {"app":"default/api","instance":"api-0"} 2.25
11075 cpu {"app":"default/web","instance":"web-0"} 12
11115 cpu {"app":"default/api","instance":"api-0"} 0.25
11125 cpu {"app":"default/web","instance":"web-0"} 10
11165 cpu {"app":"default/api","instance":"api-0"} 11.25
11175 cpu {"app":"default/web","instance":"web-0"} 8
11225 cpu {"app":"default/web","instance":"web-0"} 6
11275 cpu {"app":"default/web","instance":"web-0"} 4
11325 cpu {"app":"default/web","instance":"web-0"} 2
11375 cpu {"app":"default/web","instance":"web-0"} 0
11425 cpu {"app":"default/web","instance":"web-0"} 11
11475 cpu {"app":"default/web","instance":"web-0"} 9

## alert read (64 rows)
10805 cpu {"app":"default/web","instance":"web-0"} 2
10806 mem {"app":"default/web","instance":"web-0"} 3.5
10815 cpu {"app":"default/api","instance":"api-0"} 12.25
10816 requests_total {"app":"other/web","instance":"web-0"} 0.75
10820 cpu {"app":"default/web","instance":"web-0"} 4
10821 cpu {"app":"default/api","instance":"api-0"} 5.25
10822 mem {"app":"default/web","instance":"web-0"} 6.5
10823 requests_total {"app":"other/web","instance":"web-0"} 7.75
10855 cpu {"app":"default/web","instance":"web-0"} 0
10856 mem {"app":"default/web","instance":"web-0"} 1.5
10865 cpu {"app":"default/api","instance":"api-0"} 10.25
10866 requests_total {"app":"other/web","instance":"web-0"} 11.75
10870 cpu {"app":"default/web","instance":"web-0"} 2
10871 cpu {"app":"default/api","instance":"api-0"} 3.25
10872 mem {"app":"default/web","instance":"web-0"} 4.5
10873 requests_total {"app":"other/web","instance":"web-0"} 5.75
10915 cpu {"app":"default/api","instance":"api-0"} 8.25
10916 requests_total {"app":"other/web","instance":"web-0"} 9.75
10920 cpu {"app":"default/web","instance":"web-0"} 0
10921 cpu {"app":"default/api","instance":"api-0"} 1.25
10922 mem {"app":"default/web","instance":"web-0"} 2.5
10923 requests_total {"app":"other/web","instance":"web-0"} 3.75
10925 cpu {"app":"default/web","instance":"web-0"} 5
10926 requests_total {"app":"other/web","instance":"web-0"} 6.75
10965 cpu {"app":"default/api","instance":"api-0"} 6.25
10966 requests_total {"app":"other/web","instance":"web-0"} 7.75
10970 cpu {"app":"default/web","instance":"web-0"} 11
10971 cpu {"app":"default/api","instance":"api-0"} 12.25
10972 mem {"app":"default/web","instance":"web-0"} 0.5
10973 requests_total {"app":"other/web","instance":"web-0"} 1.75
10975 cpu {"app":"default/web","instance":"web-0"} 3
10976 requests_total {"app":"other/web","instance":"web-0"} 4.75
11015 cpu {"app":"default/api","instance":"api-0"} 4.25
11016 requests_total {"app":"other/web","instance":"web-0"} 5.75
11020 cpu {"app":"default/web","instance":"web-0"} 9
11021 cpu {"app":"default/api","instance":"api-0"} 10.25
11022 mem {"app":"default/web","instance":"web-0"} 11.5
11023 requests_total {"app":"other/web","instance":"web-0"} 12.75
11025 cpu {"app":"default/web","instance":"web-0"} 1
11026 requests_total {"app":"other/web","instance":"web-0"} 2.75
11065 cpu {"app":"default/api","instance":"api-0"} 2.25
11066 requests_total {"app":"other/web","instance":"web-0"} 3.75
11075 cpu {"app":"default/web","instance":"web-0"} 12
11076 requests_total {"app":"other/web","instance":"web-0"} 0.75
11115 cpu {"app":"default/api","instance":"api-0"} 0.25
11116 requests_total {"app":"other/web","instance":"web-0"} 1.75
11125 cpu {"app":"default/web","instance":"web-0"} 10
11126 requests_total {"app":"other/web","instance":"web-0"} 11.75
11165 cpu {"app":"default/api","instance":"api-0"} 11.25
11166 requests_total {"app":"other/web","instance":"web-0"} 12.75
11175 cpu {"app":"default/web","instance":"web-0"} 8
11176 requests_total {"app":"other/web","instance":"web-0"} 9.75
11225 cpu {"app":"default/web","instance":"web-0"} 6
11226 requests_total {"app":"other/web","instance":"web-0"} 7.75
11275 cpu {"app":"default/web","instance":"web-0"} 4
11276 requests_total {"app":"other/web","instance":"web-0"} 5.75
11325 cpu {"app":"default/web","instance":"web-0"} 2
11326 requests_total {"app":"other/web","instance":"web-0"} 3.75
11375 cpu {"app":"default/web","instance":"web-0"} 0
11376 requests_total {"app":"other/web","instance":"web-0"} 1.75
11425 cpu {"app":"default/web","instance":"web-0"} 11
11426 requests_total {"app":"other/web","instance":"web-0"} 12.75
11475 cpu {"app":"default/web","instance":"web-0"} 9
11476 requests_total {"app":"other/web","instance":"web-0"} 10.75

## every row (168 rows)
10000 cpu {"app":"default/web","instance":"web-0"} 3
10001 cpu {"app":"default/api","instance":"api-0"} 4.25
10002 mem {"app":"default/web","instance":"web-0"} 5.5
10050 cpu {"app":"default/web","instance":"web-0"} 1
10051 cpu {"app":"default/api","instance":"api-0"} 2.25
10052 mem {"app":"default/web","instance":"web-0"} 3.5
10100 cpu {"app":"default/web","instance":"web-0"} 12
10101 cpu {"app":"default/api","instance":"api-0"} 0.25
10102 mem {"app":"default/web","instance":"web-0"} 1.5
10110 requests_total {"app":"other/web","instance":"web-0"} 9.75
10150 cpu {"app":"default/web","instance":"web-0"} 10
10151 cpu {"app":"default/api","instance":"api-0"} 11.25
10152 mem {"app":"default/web","instance":"web-0"} 12.5
10160 requests_total {"app":"other/web","instance":"web-0"} 7.75
10200 cpu {"app":"default/web","instance":"web-0"} 8
10201 cpu {"app":"default/api","instance":"api-0"} 9.25
10202 mem {"app":"default/web","instance":"web-0"} 10.5
10210 requests_total {"app":"other/web","instance":"web-0"} 5.75
10250 cpu {"app":"default/web","instance":"web-0"} 6
10251 cpu {"app":"default/api","instance":"api-0"} 7.25
10252 mem {"app":"default/web","instance":"web-0"} 8.5
10260 requests_total {"app":"other/web","instance":"web-0"} 3.75
10300 cpu {"app":"default/web","instance":"web-0"} 4
10301 cpu {"app":"default/api","instance":"api-0"} 5.25
10302 mem {"app":"default/web","instance":"web-0"} 6.5
10305 cpu {"app":"default/web","instance":"web-0"} 9
10306 mem {"app":"default/web","instance":"web-0"} 10.5
10310 requests_total {"app":"other/web","instance":"web-0"} 1.75
10350 cpu {"app":"default/web","instance":"web-0"} 2
10351 cpu {"app":"default/api","instance":"api-0"} 3.25
10352 mem {"app":"default/web","instance":"web-0"} 4.5
10355 cpu {"app":"default/web","instance":"web-0"} 7
10356 mem {"app":"default/web","instance":"web-0"} 8.5
10360 requests_total {"app":"other/web","instance":"web-0"} 12.75
10400 cpu {"app":"default/web","instance":"web-0"} 0
10401 cpu {"app":"default/api","instance":"api-0"} 1.25
10402 mem {"app":"default/web","instance":"web-0"} 2.5
10405 cpu {"app":"default/web","instance":"web-0"} 5
10406 mem {"app":"default/web","instance":"web-0"} 6.5
10410 requests_total {"app":"other/web","instance":"web-0"} 10.75
10450 cpu {"app":"default/web","instance":"web-0"} 11
10451 cpu {"app":"default/api","instance":"api-0"} 12.25
10452 mem {"app":"default/web","instance":"web-0"} 0.5
10455 cpu {"app":"default/web","instance":"web-0"} 3
10456 mem {"app":"default/web","instance":"web-0"} 4.5
10460 requests_total {"app":"other/web","instance":"web-0"} 8.75
10470 cpu {"app":"default/web","instance":"web-0"} 5
10471 cpu {"app":"default/api","instance":"api-0"} 6.25
10472 mem {"app":"default/web","instance":"web-0"} 7.5
10473 requests_total {"app":"other/web","instance":"web-0"} 8.75
10500 cpu {"app":"default/web","instance":"web-0"} 9
10501 cpu {"app":"default/api","instance":"api-0"} 10.25
10502 mem {"app":"default/web","instance":"web-0"} 11.5
10505 cpu {"app":"default/web","instance":"web-0"} 1
10506 mem {"app":"default/web","instance":"web-0"} 2.5
10510 requests_total {"app":"other/web","instance":"web-0"} 6.75
10520 cpu {"app":"default/web","instance":"web-0"} 3
10521 cpu {"app":"default/api","instance":"api-0"} 4.25
10522 mem {"app":"default/web","instance":"web-0"} 5.5
10523 requests_total {"app":"other/web","instance":"web-0"} 6.75
10550 cpu {"app":"default/web","instance":"web-0"} 7
10551 cpu {"app":"default/api","instance":"api-0"} 8.25
10552 mem {"app":"default/web","instance":"web-0"} 9.5
10555 cpu {"app":"default/web","instance":"web-0"} 12
10556 mem {"app":"default/web","instance":"web-0"} 0.5
10560 requests_total {"app":"other/web","instance":"web-0"} 4.75
10570 cpu {"app":"default/web","instance":"web-0"} 1
10571 cpu {"app":"default/api","instance":"api-0"} 2.25
10572 mem {"app":"default/web","instance":"web-0"} 3.5
10573 requests_total {"app":"other/web","instance":"web-0"} 4.75
10605 cpu {"app":"default/web","instance":"web-0"} 10
10606 mem {"app":"default/web","instance":"web-0"} 11.5
10610 requests_total {"app":"other/web","instance":"web-0"} 2.75
10615 cpu {"app":"default/api","instance":"api-0"} 7.25
10616 requests_total {"app":"other/web","instance":"web-0"} 8.75
10620 cpu {"app":"default/web","instance":"web-0"} 12
10621 cpu {"app":"default/api","instance":"api-0"} 0.25
10622 mem {"app":"default/web","instance":"web-0"} 1.5
10623 requests_total {"app":"other/web","instance":"web-0"} 2.75
10655 cpu {"app":"default/web","instance":"web-0"} 8
10656 mem {"app":"default/web","instance":"web-0"} 9.5
10660 requests_total {"app":"other/web","instance":"web-0"} 0.75
10665 cpu {"app":"default/api","instance":"api-0"} 5.25
10666 requests_total {"app":"other/web","instance":"web-0"} 6.75
10670 cpu {"app":"default/web","instance":"web-0"} 10
10671 cpu {"app":"default/api","instance":"api-0"} 11.25
10672 mem {"app":"default/web","instance":"web-0"} 12.5
10673 requests_total {"app":"other/web","instance":"web-0"} 0.75
10705 cpu {"app":"default/web","instance":"web-0"} 6
10706 mem {"app":"default/web","instance":"web-0"} 7.5
10715 cpu {"app":"default/api","instance":"api-0"} 3.25
10716 requests_total {"app":"other/web","instance":"web-0"} 4.75
10720 cpu {"app":"default/web","instance":"web-0"} 8
10721 cpu {"app":"default/api","instance":"api-0"} 9.25
10722 mem {"app":"default/web","instance":"web-0"} 10.5
10723 requests_total {"app":"other/web","instance":"web-0"} 11.75
10755 cpu {"app":"default/web","instance":"web-0"} 4
10756 mem {"app":"default/web","instance":"web-0"} 5.5
10765 cpu {"app":"default/api","instance":"api-0"} 1.25
10766 requests_total {"app":"other/web","instance":"web-0"} 2.75
10770 cpu {"app":"default/web","instance":"web-0"} 6
10771 cpu {"app":"default/api","instance":"api-0"} 7.25
10772 mem {"app":"default/web","instance":"web-0"} 8.5
10773 requests_total {"app":"other/web","instance":"web-0"} 9.75
10805 cpu {"app":"default/web","instance":"web-0"} 2
10806 mem {"app":"default/web","instance":"web-0"} 3.5
10815 cpu {"app":"default/api","instance":"api-0"} 12.25
10816 requests_total {"app":"other/web","instance":"web-0"} 0.75
10820 cpu {"app":"default/web","instance":"web-0"} 4
10821 cpu {"app":"default/api","instance":"api-0"} 5.25
10822 mem {"app":"default/web","instance":"web-0"} 6.5
10823 requests_total {"app":"other/web","instance":"web-0"} 7.75
10855 cpu {"app":"default/web","instance":"web-0"} 0
10856 mem {"app":"default/web","instance":"web-0"} 1.5
10865 cpu {"app":"default/api","instance":"api-0"} 10.25
10866 requests_total {"app":"other/web","instance":"web-0"} 11.75
10870 cpu {"app":"default/web","instance":"web-0"} 2
10871 cpu {"app":"default/api","instance":"api-0"} 3.25
10872 mem {"app":"default/web","instance":"web-0"} 4.5
10873 requests_total {"app":"other/web","instance":"web-0"} 5.75
10915 cpu {"app":"default/api","instance":"api-0"} 8.25
10916 requests_total {"app":"other/web","instance":"web-0"} 9.75
10920 cpu {"app":"default/web","instance":"web-0"} 0
10921 cpu {"app":"default/api","instance":"api-0"} 1.25
10922 mem {"app":"default/web","instance":"web-0"} 2.5
10923 requests_total {"app":"other/web","instance":"web-0"} 3.75
10925 cpu {"app":"default/web","instance":"web-0"} 5
10926 requests_total {"app":"other/web","instance":"web-0"} 6.75
10965 cpu {"app":"default/api","instance":"api-0"} 6.25
10966 requests_total {"app":"other/web","instance":"web-0"} 7.75
10970 cpu {"app":"default/web","instance":"web-0"} 11
10971 cpu {"app":"default/api","instance":"api-0"} 12.25
10972 mem {"app":"default/web","instance":"web-0"} 0.5
10973 requests_total {"app":"other/web","instance":"web-0"} 1.75
10975 cpu {"app":"default/web","instance":"web-0"} 3
10976 requests_total {"app":"other/web","instance":"web-0"} 4.75
11015 cpu {"app":"default/api","instance":"api-0"} 4.25
11016 requests_total {"app":"other/web","instance":"web-0"} 5.75
11020 cpu {"app":"default/web","instance":"web-0"} 9
11021 cpu {"app":"default/api","instance":"api-0"} 10.25
11022 mem {"app":"default/web","instance":"web-0"} 11.5
11023 requests_total {"app":"other/web","instance":"web-0"} 12.75
11025 cpu {"app":"default/web","instance":"web-0"} 1
11026 requests_total {"app":"other/web","instance":"web-0"} 2.75
11065 cpu {"app":"default/api","instance":"api-0"} 2.25
11066 requests_total {"app":"other/web","instance":"web-0"} 3.75
11075 cpu {"app":"default/web","instance":"web-0"} 12
11076 requests_total {"app":"other/web","instance":"web-0"} 0.75
11115 cpu {"app":"default/api","instance":"api-0"} 0.25
11116 requests_total {"app":"other/web","instance":"web-0"} 1.75
11125 cpu {"app":"default/web","instance":"web-0"} 10
11126 requests_total {"app":"other/web","instance":"web-0"} 11.75
11165 cpu {"app":"default/api","instance":"api-0"} 11.25
11166 requests_total {"app":"other/web","instance":"web-0"} 12.75
11175 cpu {"app":"default/web","instance":"web-0"} 8
11176 requests_total {"app":"other/web","instance":"web-0"} 9.75
11225 cpu {"app":"default/web","instance":"web-0"} 6
11226 requests_total {"app":"other/web","instance":"web-0"} 7.75
11275 cpu {"app":"default/web","instance":"web-0"} 4
11276 requests_total {"app":"other/web","instance":"web-0"} 5.75
11325 cpu {"app":"default/web","instance":"web-0"} 2
11326 requests_total {"app":"other/web","instance":"web-0"} 3.75
11375 cpu {"app":"default/web","instance":"web-0"} 0
11376 requests_total {"app":"other/web","instance":"web-0"} 1.75
11425 cpu {"app":"default/web","instance":"web-0"} 11
11426 requests_total {"app":"other/web","instance":"web-0"} 12.75
11475 cpu {"app":"default/web","instance":"web-0"} 9
11476 requests_total {"app":"other/web","instance":"web-0"} 10.75

## window aggregates
("cpu", "{\"app\":\"default/api\",\"instance\":\"api-0\"}", 0.25, 12.25, 129.25, 21)
("cpu", "{\"app\":\"default/web\",\"instance\":\"web-0\"}", 0.0, 12.0, 151.0, 27)
("mem", "{\"app\":\"default/web\",\"instance\":\"web-0\"}", 0.5, 12.5, 167.5, 27)
("requests_total", "{\"app\":\"other/web\",\"instance\":\"web-0\"}", 0.75, 12.75, 143.25, 23)

## metric names
["cpu", "mem", "requests_total"]
