---
source: src/testkit/report.rs
expression: report
---
{
  "schema_version": 1,
  "started_at": "2026-07-26T12:00:00Z",
  "duration_ms": 4321,
  "cluster_nodes": 3,
  "chaos": false,
  "total": 3,
  "passed": 1,
  "failed": 1,
  "skipped": 1,
  "results": [
    {
      "name": "passes",
      "group": "scheduling",
      "outcome": {
        "status": "passed"
      },
      "duration_ms": 10
    },
    {
      "name": "skips",
      "group": "ingress",
      "outcome": {
        "status": "skipped",
        "reason": "capability ingress unavailable"
      },
      "duration_ms": 10
    },
    {
      "name": "fails",
      "group": "jobs",
      "outcome": {
        "status": "failed",
        "message": "expected Succeeded, saw Failed"
      },
      "duration_ms": 10
    }
  ]
}
