0.0s: 0 unique accepted successes, 0 failures, 0 retries; 0.0/s; 1 successful service probes
30.1s: 56,000 unique accepted successes, 0 failures, 0 retries; 1858.7/s; 106 successful service probes
{
  "qualification_pass": false,
  "reason": "Requires separate recovery, fault and bounded-cost evidence",
  "kernel": "6.8.0-139-generic",
  "architecture": "aarch64",
  "logical_cpus": 4,
  "workload_sha256": "e44c67b0376d2ece44d0999a8df7d6f13d814079c943e1ae1198a9c8c3fe6add",
  "command_prefix": [
    "/Users/miko/github/reliaburger/target/host-executor-v6-release/relish"
  ],
  "timing": "Monotonic read-only window; the existing submission remains running",
  "last_accepted_sample_seconds": 59.9086726680398,
  "elapsed_seconds": 60.00045065698214,
  "requested_seconds": 60,
  "measurement_complete": true,
  "window_pass": true,
  "unique_accepted_successes": 99000,
  "terminal_failures": 0,
  "accepted_retries": 0,
  "successes_per_second": 1650.0,
  "target_with_headroom": 1388.888888888889,
  "throughput_pass": false,
  "application_probes": 209,
  "application_failures": 0,
  "completed_submissions": 0,
  "active_submissions": [
    75
  ],
  "requires_evidence": [
    "hardware/runtime/image-warmth",
    "resource and storage bounds",
    "worker loss",
    "leader failover",
    "delayed control",
    "storage failure"
  ],
  "existing_batch_id": 75,
  "initial_accepted_counts": [
    80000,
    0,
    0
  ],
  "measurement_ownership": "read-only; submission remains owned by its caller",
  "service_latency_ms": {
    "samples": 209,
    "maximum": 22.235940909013152,
    "p95": 2.023054985329509
  },
  "resource_observations": [
    {
      "elapsed_seconds": 0.046079935040324926,
      "storage": {
        "/tmp/rb-host-executor-v4/data": {
          "allocated_bytes_observed": 214392832,
          "files_observed": 2385,
          "raced_entries": 0,
          "complete": false,
          "filesystem_available_bytes": 2675744768,
          "filesystem_total_bytes": 50884108288
        }
      },
      "cpu": {
        "cpu_ticks": [
          7071780,
          5659,
          6863110,
          463437544,
          1539222,
          0,
          625901,
          0,
          0,
          0
        ]
      },
      "processes": [
        {
          "pid": 2960485,
          "start_ticks": 119317256,
          "complete": true,
          "rss_bytes": 292855808,
          "peak_rss_bytes": 292855808
        },
        {
          "pid": 2960635,
          "start_ticks": 119317979,
          "complete": true,
          "rss_bytes": 2015232,
          "peak_rss_bytes": 2015232
        }
      ]
    },
    {
      "elapsed_seconds": 30.128727823961526,
      "storage": {
        "/tmp/rb-host-executor-v4/data": {
          "allocated_bytes_observed": 217866240,
          "files_observed": 2384,
          "raced_entries": 0,
          "complete": false,
          "filesystem_available_bytes": 2672058368,
          "filesystem_total_bytes": 50884108288
        }
      },
      "cpu": {
        "cpu_ticks": [
          7072711,
          5659,
          6868427,
          463442436,
          1539720,
          0,
          625993,
          0,
          0,
          0
        ]
      },
      "processes": [
        {
          "pid": 2960485,
          "start_ticks": 119317256,
          "complete": true,
          "rss_bytes": 242491392,
          "peak_rss_bytes": 292585472
        },
        {
          "pid": 2960635,
          "start_ticks": 119317979,
          "complete": true,
          "rss_bytes": 2015232,
          "peak_rss_bytes": 2015232
        }
      ]
    }
  ],
  "elapsed_including_observation_seconds": 60.00045065698214,
  "post_cutoff_drain_proofs": [],
  "elapsed_including_cancellation_seconds": 60.00051161600277,
  "cleanup_failed_submissions": [],
  "measurement_window_seconds": 60,
  "conservative_cutoff": "Only summary responses received before the deadline are counted; subsequent cancellation/results earn no credit"
}
