0.0s: 0 unique accepted successes, 0 failures, 0 retries; 0.0/s; 1 successful service probes
5.3s: 0 unique accepted successes, 0 failures, 0 retries; 0.0/s; 18 successful service probes
10.4s: 17 unique accepted successes, 0 failures, 0 retries; 1.6/s; 34 successful service probes
15.5s: 39 unique accepted successes, 0 failures, 0 retries; 2.5/s; 50 successful service probes
20.5s: 59 unique accepted successes, 0 failures, 0 retries; 2.9/s; 65 successful service probes
25.6s: 79 unique accepted successes, 0 failures, 0 retries; 3.1/s; 81 successful service probes
30.8s: 100 unique accepted successes, 0 failures, 0 retries; 3.2/s; 97 successful service probes
36.0s: 123 unique accepted successes, 0 failures, 0 retries; 3.4/s; 113 successful service probes
41.1s: 145 unique accepted successes, 0 failures, 0 retries; 3.5/s; 129 successful service probes
46.2s: 164 unique accepted successes, 0 failures, 0 retries; 3.5/s; 145 successful service probes
51.3s: 186 unique accepted successes, 0 failures, 0 retries; 3.6/s; 161 successful service probes
56.6s: 207 unique accepted successes, 0 failures, 0 retries; 3.7/s; 178 successful service probes
task array 7 cancelled: running tasks are being stopped
{
  "qualification_pass": false,
  "reason": "Requires separate recovery, fault and bounded-cost evidence",
  "kernel": "6.8.0-139-generic",
  "architecture": "aarch64",
  "logical_cpus": 4,
  "workload_sha256": "2c9b26d6a705c987dba4e1eb67ccee81bc658081897d04376607ba76d53fb6fc",
  "command_prefix": [
    "/Users/miko/github/reliaburger/target/host-executor-v4-release/relish"
  ],
  "timing": "Monotonic measurement window; active work is cancelled after the cutoff",
  "last_accepted_sample_seconds": 59.79834439093247,
  "elapsed_seconds": 60.00017129001208,
  "requested_seconds": 60,
  "measurement_complete": true,
  "window_pass": true,
  "unique_accepted_successes": 217,
  "terminal_failures": 0,
  "accepted_retries": 0,
  "successes_per_second": 3.6166666666666667,
  "target_with_headroom": 1388.888888888889,
  "throughput_pass": false,
  "application_probes": 188,
  "application_failures": 0,
  "completed_submissions": 0,
  "active_submissions": [
    7
  ],
  "requires_evidence": [
    "hardware/runtime/image-warmth",
    "resource and storage bounds",
    "worker loss",
    "leader failover",
    "delayed control",
    "storage failure"
  ],
  "service_latency_ms": {
    "samples": 188,
    "maximum": 13.213919010013342,
    "p95": 5.260594887658954
  },
  "resource_observations": [
    {
      "elapsed_seconds": 0.043693769024685025,
      "storage": {
        "/tmp/rb-host-executor-v4/data": {
          "allocated_bytes_observed": 33341440,
          "files_observed": 691,
          "raced_entries": 0,
          "complete": true,
          "filesystem_available_bytes": 2423697408,
          "filesystem_total_bytes": 50884108288
        }
      },
      "cpu": {
        "cpu_ticks": [
          6632085,
          5659,
          5146749,
          462394980,
          1455395,
          0,
          610985,
          0,
          0,
          0
        ]
      },
      "processes": [
        {
          "pid": 2960485,
          "start_ticks": 119317256,
          "complete": true,
          "rss_bytes": 132587520,
          "peak_rss_bytes": 132587520
        }
      ]
    },
    {
      "elapsed_seconds": 5.2959794900380075,
      "storage": {
        "/tmp/rb-host-executor-v4/data": {
          "allocated_bytes_observed": 35135488,
          "files_observed": 918,
          "raced_entries": 0,
          "complete": true,
          "filesystem_available_bytes": 2421796864,
          "filesystem_total_bytes": 50884108288
        }
      },
      "cpu": {
        "cpu_ticks": [
          6632217,
          5659,
          5147818,
          462395699,
          1455530,
          0,
          611002,
          0,
          0,
          0
        ]
      },
      "processes": [
        {
          "pid": 2960485,
          "start_ticks": 119317256,
          "complete": true,
          "rss_bytes": 86102016,
          "peak_rss_bytes": 134078464
        }
      ]
    },
    {
      "elapsed_seconds": 10.357352178078145,
      "storage": {
        "/tmp/rb-host-executor-v4/data": {
          "allocated_bytes_observed": 36540416,
          "files_observed": 1280,
          "raced_entries": 0,
          "complete": true,
          "filesystem_available_bytes": 2420346880,
          "filesystem_total_bytes": 50884108288
        }
      },
      "cpu": {
        "cpu_ticks": [
          6632425,
          5659,
          5149314,
          462395814,
          1455678,
          0,
          611022,
          0,
          0,
          0
        ]
      },
      "processes": [
        {
          "pid": 2960485,
          "start_ticks": 119317256,
          "complete": true,
          "rss_bytes": 97730560,
          "peak_rss_bytes": 134078464
        }
      ]
    },
    {
      "elapsed_seconds": 15.508650202071294,
      "storage": {
        "/tmp/rb-host-executor-v4/data": {
          "allocated_bytes_observed": 37928960,
          "files_observed": 1619,
          "raced_entries": 0,
          "complete": true,
          "filesystem_available_bytes": 2418929664,
          "filesystem_total_bytes": 50884108288
        }
      },
      "cpu": {
        "cpu_ticks": [
          6632627,
          5659,
          5150857,
          462395886,
          1455854,
          0,
          611038,
          0,
          0,
          0
        ]
      },
      "processes": [
        {
          "pid": 2960485,
          "start_ticks": 119317256,
          "complete": true,
          "rss_bytes": 101220352,
          "peak_rss_bytes": 134078464
        }
      ]
    },
    {
      "elapsed_seconds": 20.510284062940627,
      "storage": {
        "/tmp/rb-host-executor-v4/data": {
          "allocated_bytes_observed": 39272448,
          "files_observed": 1970,
          "raced_entries": 0,
          "complete": true,
          "filesystem_available_bytes": 2417467392,
          "filesystem_total_bytes": 50884108288
        }
      },
      "cpu": {
        "cpu_ticks": [
          6632831,
          5659,
          5152365,
          462395950,
          1456021,
          0,
          611055,
          0,
          0,
          0
        ]
      },
      "processes": [
        {
          "pid": 2960485,
          "start_ticks": 119317256,
          "complete": true,
          "rss_bytes": 96890880,
          "peak_rss_bytes": 134078464
        }
      ]
    },
    {
      "elapsed_seconds": 25.62353700492531,
      "storage": {
        "/tmp/rb-host-executor-v4/data": {
          "allocated_bytes_observed": 40611840,
          "files_observed": 2289,
          "raced_entries": 1,
          "complete": false,
          "filesystem_available_bytes": 2416087040,
          "filesystem_total_bytes": 50884108288
        }
      },
      "cpu": {
        "cpu_ticks": [
          6633044,
          5659,
          5153922,
          462396015,
          1456182,
          0,
          611073,
          0,
          0,
          0
        ]
      },
      "processes": [
        {
          "pid": 2960485,
          "start_ticks": 119317256,
          "complete": true,
          "rss_bytes": 102756352,
          "peak_rss_bytes": 134078464
        }
      ]
    },
    {
      "elapsed_seconds": 30.840925205964595,
      "storage": {
        "/tmp/rb-host-executor-v4/data": {
          "allocated_bytes_observed": 41897984,
          "files_observed": 2624,
          "raced_entries": 0,
          "complete": true,
          "filesystem_available_bytes": 2414776320,
          "filesystem_total_bytes": 50884108288
        }
      },
      "cpu": {
        "cpu_ticks": [
          6633267,
          5659,
          5155500,
          462396078,
          1456351,
          0,
          611091,
          0,
          0,
          0
        ]
      },
      "processes": [
        {
          "pid": 2960485,
          "start_ticks": 119317256,
          "complete": true,
          "rss_bytes": 101949440,
          "peak_rss_bytes": 143609856
        }
      ]
    },
    {
      "elapsed_seconds": 36.016350785968825,
      "storage": {
        "/tmp/rb-host-executor-v4/data": {
          "allocated_bytes_observed": 42254336,
          "files_observed": 2426,
          "raced_entries": 0,
          "complete": false,
          "filesystem_available_bytes": 2413334528,
          "filesystem_total_bytes": 50884108288
        }
      },
      "cpu": {
        "cpu_ticks": [
          6633478,
          5659,
          5157050,
          462396143,
          1456529,
          0,
          611108,
          0,
          0,
          0
        ]
      },
      "processes": [
        {
          "pid": 2960485,
          "start_ticks": 119317256,
          "complete": true,
          "rss_bytes": 106233856,
          "peak_rss_bytes": 143609856
        }
      ]
    },
    {
      "elapsed_seconds": 41.129351950017735,
      "storage": {
        "/tmp/rb-host-executor-v4/data": {
          "allocated_bytes_observed": 42369024,
          "files_observed": 2409,
          "raced_entries": 0,
          "complete": false,
          "filesystem_available_bytes": 2411888640,
          "filesystem_total_bytes": 50884108288
        }
      },
      "cpu": {
        "cpu_ticks": [
          6633686,
          5659,
          5158594,
          462396205,
          1456694,
          0,
          611126,
          0,
          0,
          0
        ]
      },
      "processes": [
        {
          "pid": 2960485,
          "start_ticks": 119317256,
          "complete": true,
          "rss_bytes": 108875776,
          "peak_rss_bytes": 143609856
        }
      ]
    },
    {
      "elapsed_seconds": 46.23475626995787,
      "storage": {
        "/tmp/rb-host-executor-v4/data": {
          "allocated_bytes_observed": 42401792,
          "files_observed": 2398,
          "raced_entries": 0,
          "complete": false,
          "filesystem_available_bytes": 2410545152,
          "filesystem_total_bytes": 50884108288
        }
      },
      "cpu": {
        "cpu_ticks": [
          6633904,
          5659,
          5160125,
          462396261,
          1456856,
          0,
          611142,
          0,
          0,
          0
        ]
      },
      "processes": [
        {
          "pid": 2960485,
          "start_ticks": 119317256,
          "complete": true,
          "rss_bytes": 117870592,
          "peak_rss_bytes": 143609856
        }
      ]
    },
    {
      "elapsed_seconds": 51.26613109908067,
      "storage": {
        "/tmp/rb-host-executor-v4/data": {
          "allocated_bytes_observed": 42446848,
          "files_observed": 2396,
          "raced_entries": 0,
          "complete": false,
          "filesystem_available_bytes": 2409095168,
          "filesystem_total_bytes": 50884108288
        }
      },
      "cpu": {
        "cpu_ticks": [
          6634113,
          5659,
          5161667,
          462396313,
          1457012,
          0,
          611156,
          0,
          0,
          0
        ]
      },
      "processes": [
        {
          "pid": 2960485,
          "start_ticks": 119317256,
          "complete": true,
          "rss_bytes": 129089536,
          "peak_rss_bytes": 143609856
        }
      ]
    },
    {
      "elapsed_seconds": 56.568538368912414,
      "storage": {
        "/tmp/rb-host-executor-v4/data": {
          "allocated_bytes_observed": 42594304,
          "files_observed": 2370,
          "raced_entries": 0,
          "complete": false,
          "filesystem_available_bytes": 2407596032,
          "filesystem_total_bytes": 50884108288
        }
      },
      "cpu": {
        "cpu_ticks": [
          6634331,
          5659,
          5163286,
          462396364,
          1457184,
          0,
          611173,
          0,
          0,
          0
        ]
      },
      "processes": [
        {
          "pid": 2960485,
          "start_ticks": 119317256,
          "complete": true,
          "rss_bytes": 118407168,
          "peak_rss_bytes": 143609856
        }
      ]
    }
  ],
  "elapsed_including_observation_seconds": 60.00017129001208,
  "post_cutoff_drain_proofs": [
    {
      "batch_id": 7,
      "done": true,
      "held": 0,
      "active_commands": 0
    }
  ],
  "elapsed_including_cancellation_seconds": 64.9116886490956,
  "cleanup_failed_submissions": [],
  "measurement_window_seconds": 60,
  "conservative_cutoff": "Only summary responses received before the deadline are counted; subsequent cancellation/results earn no credit"
}
