0.0s: 0 unique accepted successes, 0 failures, 0 retries; 0.0/s; 1 successful service probes
30.1s: 13,000 unique accepted successes, 0 failures, 0 retries; 432.4/s; 104 successful service probes
{
  "qualification_pass": false,
  "reason": "Requires separate recovery, fault and bounded-cost evidence",
  "kernel": "6.8.0-139-generic",
  "architecture": "aarch64",
  "logical_cpus": 4,
  "workload_sha256": "1c25b26dc8bde54cad26787295cb8fb7bfb71760447a3aaf55956fd939f43ef5",
  "command_prefix": [
    "/Users/miko/github/reliaburger/target/host-executor-v6-release/relish"
  ],
  "timing": "Monotonic read-only window; the existing submission remains running",
  "last_accepted_sample_seconds": 59.81434350088239,
  "elapsed_seconds": 60.00023210095242,
  "requested_seconds": 60,
  "measurement_complete": true,
  "window_pass": true,
  "unique_accepted_successes": 46000,
  "terminal_failures": 0,
  "accepted_retries": 0,
  "successes_per_second": 766.6666666666666,
  "target_with_headroom": 1388.888888888889,
  "throughput_pass": false,
  "application_probes": 210,
  "application_failures": 0,
  "completed_submissions": 0,
  "active_submissions": [
    73
  ],
  "requires_evidence": [
    "hardware/runtime/image-warmth",
    "resource and storage bounds",
    "worker loss",
    "leader failover",
    "delayed control",
    "storage failure"
  ],
  "existing_batch_id": 73,
  "initial_accepted_counts": [
    0,
    0,
    0
  ],
  "measurement_ownership": "read-only; submission remains owned by its caller",
  "service_latency_ms": {
    "samples": 210,
    "maximum": 12.422584928572178,
    "p95": 2.034764038398862
  },
  "resource_observations": [
    {
      "elapsed_seconds": 0.026822017040103674,
      "storage": {
        "/tmp/rb-host-executor-v4/data": {
          "allocated_bytes_observed": 186044416,
          "files_observed": 2390,
          "raced_entries": 0,
          "complete": false,
          "filesystem_available_bytes": 2706169856,
          "filesystem_total_bytes": 50884108288
        }
      },
      "cpu": {
        "cpu_ticks": [
          7066347,
          5659,
          6835131,
          463401385,
          1536003,
          0,
          625393,
          0,
          0,
          0
        ]
      },
      "processes": [
        {
          "pid": 2960485,
          "start_ticks": 119317256,
          "complete": true,
          "rss_bytes": 258330624,
          "peak_rss_bytes": 281956352
        },
        {
          "pid": 2960635,
          "start_ticks": 119317979,
          "complete": true,
          "rss_bytes": 2015232,
          "peak_rss_bytes": 2015232
        }
      ]
    },
    {
      "elapsed_seconds": 30.062755414983258,
      "storage": {
        "/tmp/rb-host-executor-v4/data": {
          "allocated_bytes_observed": 201633792,
          "files_observed": 2376,
          "raced_entries": 0,
          "complete": false,
          "filesystem_available_bytes": 2689650688,
          "filesystem_total_bytes": 50884108288
        }
      },
      "cpu": {
        "cpu_ticks": [
          7067255,
          5659,
          6841200,
          463404999,
          1536967,
          0,
          625499,
          0,
          0,
          0
        ]
      },
      "processes": [
        {
          "pid": 2960485,
          "start_ticks": 119317256,
          "complete": true,
          "rss_bytes": 256245760,
          "peak_rss_bytes": 284659712
        },
        {
          "pid": 2960635,
          "start_ticks": 119317979,
          "complete": true,
          "rss_bytes": 2015232,
          "peak_rss_bytes": 2015232
        }
      ]
    }
  ],
  "elapsed_including_observation_seconds": 60.00023210095242,
  "post_cutoff_drain_proofs": [],
  "elapsed_including_cancellation_seconds": 60.000310017960146,
  "cleanup_failed_submissions": [],
  "measurement_window_seconds": 60,
  "conservative_cutoff": "Only summary responses received before the deadline are counted; subsequent cancellation/results earn no credit"
}
