0.0s: 0 unique accepted successes, 0 failures, 0 retries; 0.0/s; 1 successful service probes
31.0s: 140,000 unique accepted successes, 0 failures, 0 retries; 4512.6/s; 31 successful service probes
62.0s: 300,000 unique accepted successes, 0 failures, 0 retries; 4842.0/s; 61 successful service probes
92.9s: 476,000 unique accepted successes, 0 failures, 0 retries; 5122.4/s; 91 successful service probes
123.9s: 608,000 unique accepted successes, 0 failures, 0 retries; 4906.8/s; 121 successful service probes
154.9s: 768,000 unique accepted successes, 0 failures, 0 retries; 4959.6/s; 151 successful service probes
185.8s: 928,000 unique accepted successes, 0 failures, 0 retries; 4995.6/s; 181 successful service probes
215.8s: 1,059,000 unique accepted successes, 0 failures, 0 retries; 4907.8/s; 210 successful service probes
246.7s: 1,235,000 unique accepted successes, 0 failures, 0 retries; 5005.7/s; 240 successful service probes
277.7s: 1,395,000 unique accepted successes, 0 failures, 0 retries; 5024.3/s; 270 successful service probes
308.7s: 1,527,000 unique accepted successes, 0 failures, 0 retries; 4947.1/s; 300 successful service probes
339.6s: 1,687,000 unique accepted successes, 0 failures, 0 retries; 4967.8/s; 330 successful service probes
370.5s: 1,847,000 unique accepted successes, 0 failures, 0 retries; 4984.8/s; 360 successful service probes
401.5s: 2,000,000 unique accepted successes, 0 failures, 0 retries; 4980.9/s; 390 successful service probes
432.4s: 2,152,000 unique accepted successes, 0 failures, 0 retries; 4976.6/s; 420 successful service probes
463.4s: 2,312,000 unique accepted successes, 0 failures, 0 retries; 4989.6/s; 450 successful service probes
494.3s: 2,488,000 unique accepted successes, 0 failures, 0 retries; 5033.4/s; 480 successful service probes
525.2s: 2,621,000 unique accepted successes, 0 failures, 0 retries; 4990.1/s; 510 successful service probes
556.2s: 2,781,000 unique accepted successes, 0 failures, 0 retries; 5000.2/s; 540 successful service probes
587.2s: 2,957,000 unique accepted successes, 0 failures, 0 retries; 5036.0/s; 570 successful service probes
618.1s: 3,089,000 unique accepted successes, 0 failures, 0 retries; 4997.4/s; 600 successful service probes
649.1s: 3,249,000 unique accepted successes, 0 failures, 0 retries; 5005.5/s; 630 successful service probes
680.0s: 3,425,000 unique accepted successes, 0 failures, 0 retries; 5036.8/s; 660 successful service probes
711.0s: 3,554,000 unique accepted successes, 0 failures, 0 retries; 4998.7/s; 690 successful service probes
741.9s: 3,714,000 unique accepted successes, 0 failures, 0 retries; 5006.0/s; 720 successful service probes
772.9s: 3,890,000 unique accepted successes, 0 failures, 0 retries; 5033.2/s; 750 successful service probes
803.8s: 4,028,000 unique accepted successes, 0 failures, 0 retries; 5011.1/s; 780 successful service probes
834.7s: 4,188,000 unique accepted successes, 0 failures, 0 retries; 5017.4/s; 810 successful service probes
865.6s: 4,348,000 unique accepted successes, 0 failures, 0 retries; 5023.0/s; 840 successful service probes
896.6s: 4,500,000 unique accepted successes, 0 failures, 0 retries; 5019.1/s; 870 successful service probes
927.5s: 4,653,000 unique accepted successes, 0 failures, 0 retries; 5016.6/s; 900 successful service probes
958.5s: 4,813,000 unique accepted successes, 0 failures, 0 retries; 5021.5/s; 930 successful service probes
989.4s: 4,989,000 unique accepted successes, 0 failures, 0 retries; 5042.3/s; 960 successful service probes
1020.4s: 5,108,000 unique accepted successes, 0 failures, 0 retries; 5005.9/s; 990 successful service probes
1051.3s: 5,284,000 unique accepted successes, 0 failures, 0 retries; 5026.1/s; 1020 successful service probes
1082.2s: 5,444,000 unique accepted successes, 0 failures, 0 retries; 5030.3/s; 1050 successful service probes
1113.2s: 5,571,000 unique accepted successes, 0 failures, 0 retries; 5004.5/s; 1080 successful service probes
1144.1s: 5,747,000 unique accepted successes, 0 failures, 0 retries; 5023.0/s; 1110 successful service probes
1175.1s: 5,907,000 unique accepted successes, 0 failures, 0 retries; 5027.0/s; 1140 successful service probes
1206.0s: 6,039,000 unique accepted successes, 0 failures, 0 retries; 5007.3/s; 1170 successful service probes
1237.0s: 6,199,000 unique accepted successes, 0 failures, 0 retries; 5011.3/s; 1200 successful service probes
1267.9s: 6,359,000 unique accepted successes, 0 failures, 0 retries; 5015.2/s; 1230 successful service probes
1299.0s: 6,510,000 unique accepted successes, 0 failures, 0 retries; 5011.7/s; 1260 successful service probes
1329.9s: 6,669,000 unique accepted successes, 0 failures, 0 retries; 5014.8/s; 1290 successful service probes
1360.8s: 6,829,000 unique accepted successes, 0 failures, 0 retries; 5018.4/s; 1320 successful service probes
1391.7s: 7,000,000 unique accepted successes, 0 failures, 0 retries; 5029.7/s; 1350 successful service probes
1422.7s: 7,135,000 unique accepted successes, 0 failures, 0 retries; 5015.0/s; 1380 successful service probes
1453.6s: 7,295,000 unique accepted successes, 0 failures, 0 retries; 5018.5/s; 1410 successful service probes
1484.5s: 7,455,000 unique accepted successes, 0 failures, 0 retries; 5021.9/s; 1440 successful service probes
1515.5s: 7,591,000 unique accepted successes, 0 failures, 0 retries; 5009.0/s; 1470 successful service probes
1546.3s: 7,767,000 unique accepted successes, 0 failures, 0 retries; 5022.9/s; 1500 successful service probes
1577.2s: 7,927,000 unique accepted successes, 0 failures, 0 retries; 5025.9/s; 1530 successful service probes
1608.2s: 8,055,000 unique accepted successes, 0 failures, 0 retries; 5008.7/s; 1560 successful service probes
1639.2s: 8,231,000 unique accepted successes, 0 failures, 0 retries; 5021.5/s; 1590 successful service probes
1670.1s: 8,391,000 unique accepted successes, 0 failures, 0 retries; 5024.3/s; 1620 successful service probes
1701.1s: 8,527,000 unique accepted successes, 0 failures, 0 retries; 5012.6/s; 1650 successful service probes
1732.0s: 8,687,000 unique accepted successes, 0 failures, 0 retries; 5015.5/s; 1680 successful service probes
1762.9s: 8,863,000 unique accepted successes, 0 failures, 0 retries; 5027.4/s; 1710 successful service probes
1793.9s: 9,002,000 unique accepted successes, 0 failures, 0 retries; 5018.1/s; 1740 successful service probes
1824.9s: 9,150,000 unique accepted successes, 0 failures, 0 retries; 5014.0/s; 1770 successful service probes
1855.8s: 9,326,000 unique accepted successes, 0 failures, 0 retries; 5025.3/s; 1800 successful service probes
1886.7s: 9,486,000 unique accepted successes, 0 failures, 0 retries; 5027.7/s; 1830 successful service probes
1917.7s: 9,621,000 unique accepted successes, 0 failures, 0 retries; 5016.9/s; 1860 successful service probes
1948.6s: 9,797,000 unique accepted successes, 0 failures, 0 retries; 5027.7/s; 1890 successful service probes
1979.5s: 9,957,000 unique accepted successes, 0 failures, 0 retries; 5030.1/s; 1920 successful service probes
2010.4s: 10,087,000 unique accepted successes, 0 failures, 0 retries; 5017.3/s; 1950 successful service probes
2041.4s: 10,247,000 unique accepted successes, 0 failures, 0 retries; 5019.6/s; 1980 successful service probes
2072.3s: 10,423,000 unique accepted successes, 0 failures, 0 retries; 5029.6/s; 2010 successful service probes
2103.3s: 10,555,000 unique accepted successes, 0 failures, 0 retries; 5018.2/s; 2040 successful service probes
2134.2s: 10,715,000 unique accepted successes, 0 failures, 0 retries; 5020.5/s; 2070 successful service probes
2165.2s: 10,875,000 unique accepted successes, 0 failures, 0 retries; 5022.5/s; 2100 successful service probes
2196.2s: 11,026,000 unique accepted successes, 0 failures, 0 retries; 5020.4/s; 2130 successful service probes
2227.2s: 11,186,000 unique accepted successes, 0 failures, 0 retries; 5022.5/s; 2160 successful service probes
2258.1s: 11,346,000 unique accepted successes, 0 failures, 0 retries; 5024.5/s; 2190 successful service probes
2289.1s: 11,500,000 unique accepted successes, 0 failures, 0 retries; 5023.7/s; 2220 successful service probes
2320.1s: 11,652,000 unique accepted successes, 0 failures, 0 retries; 5022.2/s; 2250 successful service probes
2351.0s: 11,812,000 unique accepted successes, 0 failures, 0 retries; 5024.2/s; 2280 successful service probes
2382.0s: 11,988,000 unique accepted successes, 0 failures, 0 retries; 5032.8/s; 2310 successful service probes
2413.0s: 12,119,000 unique accepted successes, 0 failures, 0 retries; 5022.4/s; 2340 successful service probes
2444.0s: 12,279,000 unique accepted successes, 0 failures, 0 retries; 5024.2/s; 2370 successful service probes
2475.0s: 12,455,000 unique accepted successes, 0 failures, 0 retries; 5032.4/s; 2400 successful service probes
2505.9s: 12,589,000 unique accepted successes, 0 failures, 0 retries; 5023.7/s; 2430 successful service probes
2536.8s: 12,749,000 unique accepted successes, 0 failures, 0 retries; 5025.5/s; 2460 successful service probes
2567.8s: 12,925,000 unique accepted successes, 0 failures, 0 retries; 5033.5/s; 2490 successful service probes
2598.8s: 13,055,000 unique accepted successes, 0 failures, 0 retries; 5023.5/s; 2520 successful service probes
2629.7s: 13,215,000 unique accepted successes, 0 failures, 0 retries; 5025.3/s; 2550 successful service probes
2660.6s: 13,391,000 unique accepted successes, 0 failures, 0 retries; 5033.0/s; 2580 successful service probes
2690.6s: 13,512,000 unique accepted successes, 0 failures, 0 retries; 5021.9/s; 2609 successful service probes
2721.6s: 13,672,000 unique accepted successes, 0 failures, 0 retries; 5023.6/s; 2639 successful service probes
2752.5s: 13,848,000 unique accepted successes, 0 failures, 0 retries; 5031.0/s; 2669 successful service probes
2783.5s: 14,000,000 unique accepted successes, 0 failures, 0 retries; 5029.7/s; 2699 successful service probes
2814.4s: 14,139,000 unique accepted successes, 0 failures, 0 retries; 5023.7/s; 2729 successful service probes
2845.3s: 14,315,000 unique accepted successes, 0 failures, 0 retries; 5031.0/s; 2759 successful service probes
2876.3s: 14,475,000 unique accepted successes, 0 failures, 0 retries; 5032.5/s; 2789 successful service probes
2907.2s: 14,605,000 unique accepted successes, 0 failures, 0 retries; 5023.7/s; 2819 successful service probes
2938.2s: 14,781,000 unique accepted successes, 0 failures, 0 retries; 5030.7/s; 2849 successful service probes
2969.1s: 14,941,000 unique accepted successes, 0 failures, 0 retries; 5032.1/s; 2879 successful service probes
3000.1s: 15,073,000 unique accepted successes, 0 failures, 0 retries; 5024.2/s; 2909 successful service probes
3031.0s: 15,249,000 unique accepted successes, 0 failures, 0 retries; 5031.0/s; 2939 successful service probes
3061.9s: 15,409,000 unique accepted successes, 0 failures, 0 retries; 5032.4/s; 2969 successful service probes
3092.9s: 15,541,000 unique accepted successes, 0 failures, 0 retries; 5024.7/s; 2999 successful service probes
3123.8s: 15,717,000 unique accepted successes, 0 failures, 0 retries; 5031.3/s; 3029 successful service probes
3154.8s: 15,877,000 unique accepted successes, 0 failures, 0 retries; 5032.7/s; 3059 successful service probes
3184.9s: 16,010,000 unique accepted successes, 0 failures, 0 retries; 5026.9/s; 3088 successful service probes
3215.8s: 16,169,000 unique accepted successes, 0 failures, 0 retries; 5028.0/s; 3118 successful service probes
3246.8s: 16,345,000 unique accepted successes, 0 failures, 0 retries; 5034.3/s; 3148 successful service probes
3277.7s: 16,500,000 unique accepted successes, 0 failures, 0 retries; 5034.0/s; 3178 successful service probes
3308.6s: 16,635,000 unique accepted successes, 0 failures, 0 retries; 5027.8/s; 3208 successful service probes
3339.6s: 16,795,000 unique accepted successes, 0 failures, 0 retries; 5029.1/s; 3238 successful service probes
3370.5s: 16,971,000 unique accepted successes, 0 failures, 0 retries; 5035.1/s; 3268 successful service probes
3401.5s: 17,107,000 unique accepted successes, 0 failures, 0 retries; 5029.2/s; 3298 successful service probes
3432.5s: 17,267,000 unique accepted successes, 0 failures, 0 retries; 5030.5/s; 3328 successful service probes
3463.5s: 17,427,000 unique accepted successes, 0 failures, 0 retries; 5031.6/s; 3358 successful service probes
3493.5s: 17,557,000 unique accepted successes, 0 failures, 0 retries; 5025.6/s; 3387 successful service probes
3524.4s: 17,733,000 unique accepted successes, 0 failures, 0 retries; 5031.5/s; 3417 successful service probes
3555.4s: 17,893,000 unique accepted successes, 0 failures, 0 retries; 5032.7/s; 3447 successful service probes
3586.4s: 18,023,000 unique accepted successes, 0 failures, 0 retries; 5025.4/s; 3477 successful service probes
task array 104 cancelled: running tasks are being stopped
{
  "qualification_pass": false,
  "reason": "Requires separate recovery, fault and bounded-cost evidence",
  "kernel": "6.8.0-139-generic",
  "architecture": "aarch64",
  "logical_cpus": 4,
  "workload_sha256": "9fc74987843f66f78009ef9c3b71423f00e6180c1160a749d71460d3a650704f",
  "command_prefix": [
    "/Users/miko/github/reliaburger/target/host-executor-v2-release/relish"
  ],
  "timing": "Monotonic measurement window; active work is cancelled after the cutoff",
  "elapsed_seconds": 3600.0000913408585,
  "requested_seconds": 3600,
  "measurement_complete": true,
  "unique_accepted_successes": 18103000,
  "terminal_failures": 0,
  "accepted_retries": 0,
  "successes_per_second": 5028.610983522876,
  "target_with_headroom": 1388.888888888889,
  "throughput_pass": false,
  "application_probes": 3490,
  "application_failures": 0,
  "completed_submissions": 36,
  "active_submissions": [
    104
  ],
  "requires_evidence": [
    "hardware/runtime/image-warmth",
    "resource and storage bounds",
    "worker loss",
    "leader failover",
    "delayed control",
    "storage failure"
  ],
  "service_latency_ms": {
    "samples": 3490,
    "maximum": 12.8194410353899,
    "p95": 1.3230498880147934
  },
  "resource_observations": [
    {
      "elapsed_seconds": 0.044599581975489855,
      "storage": {
        "/tmp/rb-host-executor-v2/data": {
          "allocated_bytes_observed": 84922368,
          "files_observed": 2365,
          "raced_entries": 0,
          "complete": false,
          "filesystem_available_bytes": 2367909888,
          "filesystem_total_bytes": 50884108288
        }
      },
      "processes": [
        {
          "pid": 3595893,
          "start_ticks": 117933283,
          "complete": true,
          "rss_bytes": 203042816,
          "peak_rss_bytes": 231145472
        }
      ]
    },
    {
      "elapsed_seconds": 31.0241416268982,
      "storage": {
        "/tmp/rb-host-executor-v2/data": {
          "allocated_bytes_observed": 97120256,
          "files_observed": 2365,
          "raced_entries": 0,
          "complete": false,
          "filesystem_available_bytes": 2355613696,
          "filesystem_total_bytes": 50884108288
        }
      },
      "processes": [
        {
          "pid": 3595893,
          "start_ticks": 117933283,
          "complete": true,
          "rss_bytes": 197443584,
          "peak_rss_bytes": 232304640
        }
      ]
    },
    {
      "elapsed_seconds": 61.9582071788609,
      "storage": {
        "/tmp/rb-host-executor-v2/data": {
          "allocated_bytes_observed": 110878720,
          "files_observed": 2365,
          "raced_entries": 0,
          "complete": false,
          "filesystem_available_bytes": 2341699584,
          "filesystem_total_bytes": 50884108288
        }
      },
      "processes": [
        {
          "pid": 3595893,
          "start_ticks": 117933283,
          "complete": true,
          "rss_bytes": 203071488,
          "peak_rss_bytes": 232304640
        }
      ]
    },
    {
      "elapsed_seconds": 92.9248347710818,
      "storage": {
        "/tmp/rb-host-executor-v2/data": {
          "allocated_bytes_observed": 124207104,
          "files_observed": 2366,
          "raced_entries": 0,
          "complete": false,
          "filesystem_available_bytes": 2328379392,
          "filesystem_total_bytes": 50884108288
        }
      },
      "processes": [
        {
          "pid": 3595893,
          "start_ticks": 117933283,
          "complete": true,
          "rss_bytes": 204206080,
          "peak_rss_bytes": 233361408
        }
      ]
    },
    {
      "elapsed_seconds": 123.90868397685699,
      "storage": {
        "/tmp/rb-host-executor-v2/data": {
          "allocated_bytes_observed": 135553024,
          "files_observed": 2364,
          "raced_entries": 0,
          "complete": false,
          "filesystem_available_bytes": 2316972032,
          "filesystem_total_bytes": 50884108288
        }
      },
      "processes": [
        {
          "pid": 3595893,
          "start_ticks": 117933283,
          "complete": true,
          "rss_bytes": 198832128,
          "peak_rss_bytes": 233361408
        }
      ]
    },
    {
      "elapsed_seconds": 154.8526552959811,
      "storage": {
        "/tmp/rb-host-executor-v2/data": {
          "allocated_bytes_observed": 149360640,
          "files_observed": 2364,
          "raced_entries": 0,
          "complete": false,
          "filesystem_available_bytes": 2303012864,
          "filesystem_total_bytes": 50884108288
        }
      },
      "processes": [
        {
          "pid": 3595893,
          "start_ticks": 117933283,
          "complete": true,
          "rss_bytes": 203821056,
          "peak_rss_bytes": 234381312
        }
      ]
    },
    {
      "elapsed_seconds": 185.76345988898538,
      "storage": {
        "/tmp/rb-host-executor-v2/data": {
          "allocated_bytes_observed": 162213888,
          "files_observed": 2364,
          "raced_entries": 0,
          "complete": false,
          "filesystem_available_bytes": 2290159616,
          "filesystem_total_bytes": 50884108288
        }
      },
      "processes": [
        {
          "pid": 3595893,
          "start_ticks": 117933283,
          "complete": true,
          "rss_bytes": 205012992,
          "peak_rss_bytes": 234381312
        }
      ]
    },
    {
      "elapsed_seconds": 215.78026213985868,
      "storage": {
        "/tmp/rb-host-executor-v2/data": {
          "allocated_bytes_observed": 173428736,
          "files_observed": 2367,
          "raced_entries": 0,
          "complete": false,
          "filesystem_available_bytes": 2278846464,
          "filesystem_total_bytes": 50884108288
        }
      },
      "processes": [
        {
          "pid": 3595893,
          "start_ticks": 117933283,
          "complete": true,
          "rss_bytes": 206348288,
          "peak_rss_bytes": 235884544
        }
      ]
    },
    {
      "elapsed_seconds": 246.71823820401914,
      "storage": {
        "/tmp/rb-host-executor-v2/data": {
          "allocated_bytes_observed": 186814464,
          "files_observed": 2367,
          "raced_entries": 0,
          "complete": false,
          "filesystem_available_bytes": 2265395200,
          "filesystem_total_bytes": 50884108288
        }
      },
      "processes": [
        {
          "pid": 3595893,
          "start_ticks": 117933283,
          "complete": true,
          "rss_bytes": 207376384,
          "peak_rss_bytes": 235884544
        }
      ]
    },
    {
      "elapsed_seconds": 277.65287418989465,
      "storage": {
        "/tmp/rb-host-executor-v2/data": {
          "allocated_bytes_observed": 199766016,
          "files_observed": 2368,
          "raced_entries": 0,
          "complete": false,
          "filesystem_available_bytes": 2252783616,
          "filesystem_total_bytes": 50884108288
        }
      },
      "processes": [
        {
          "pid": 3595893,
          "start_ticks": 117933283,
          "complete": true,
          "rss_bytes": 201805824,
          "peak_rss_bytes": 236134400
        }
      ]
    },
    {
      "elapsed_seconds": 308.6663245758973,
      "storage": {
        "/tmp/rb-host-executor-v2/data": {
          "allocated_bytes_observed": 211107840,
          "files_observed": 2366,
          "raced_entries": 0,
          "complete": false,
          "filesystem_available_bytes": 2240942080,
          "filesystem_total_bytes": 50884108288
        }
      },
      "processes": [
        {
          "pid": 3595893,
          "start_ticks": 117933283,
          "complete": true,
          "rss_bytes": 194097152,
          "peak_rss_bytes": 236134400
        }
      ]
    },
    {
      "elapsed_seconds": 339.5901671340689,
      "storage": {
        "/tmp/rb-host-executor-v2/data": {
          "allocated_bytes_observed": 224743424,
          "files_observed": 2366,
          "raced_entries": 0,
          "complete": false,
          "filesystem_available_bytes": 2227236864,
          "filesystem_total_bytes": 50884108288
        }
      },
      "processes": [
        {
          "pid": 3595893,
          "start_ticks": 117933283,
          "complete": true,
          "rss_bytes": 208347136,
          "peak_rss_bytes": 237670400
        }
      ]
    },
    {
      "elapsed_seconds": 370.5229057800025,
      "storage": {
        "/tmp/rb-host-executor-v2/data": {
          "allocated_bytes_observed": 238301184,
          "files_observed": 2366,
          "raced_entries": 0,
          "complete": false,
          "filesystem_available_bytes": 2213601280,
          "filesystem_total_bytes": 50884108288
        }
      },
      "processes": [
        {
          "pid": 3595893,
          "start_ticks": 117933283,
          "complete": true,
          "rss_bytes": 208592896,
          "peak_rss_bytes": 237670400
        }
      ]
    },
    {
      "elapsed_seconds": 401.5317380439956,
      "storage": {
        "/tmp/rb-host-executor-v2/data": {
          "allocated_bytes_observed": 250073088,
          "files_observed": 2367,
          "raced_entries": 0,
          "complete": false,
          "filesystem_available_bytes": 2201751552,
          "filesystem_total_bytes": 50884108288
        }
      },
      "processes": [
        {
          "pid": 3595893,
          "start_ticks": 117933283,
          "complete": true,
          "rss_bytes": 208986112,
          "peak_rss_bytes": 238641152
        }
      ]
    },
    {
      "elapsed_seconds": 432.4242201310117,
      "storage": {
        "/tmp/rb-host-executor-v2/data": {
          "allocated_bytes_observed": 262852608,
          "files_observed": 2367,
          "raced_entries": 0,
          "complete": false,
          "filesystem_available_bytes": 2188832768,
          "filesystem_total_bytes": 50884108288
        }
      },
      "processes": [
        {
          "pid": 3595893,
          "start_ticks": 117933283,
          "complete": true,
          "rss_bytes": 204623872,
          "peak_rss_bytes": 238641152
        }
      ]
    },
    {
      "elapsed_seconds": 463.36839976301417,
      "storage": {
        "/tmp/rb-host-executor-v2/data": {
          "allocated_bytes_observed": 276578304,
          "files_observed": 2367,
          "raced_entries": 0,
          "complete": false,
          "filesystem_available_bytes": 2175107072,
          "filesystem_total_bytes": 50884108288
        }
      },
      "processes": [
        {
          "pid": 3595893,
          "start_ticks": 117933283,
          "complete": true,
          "rss_bytes": 209211392,
          "peak_rss_bytes": 239423488
        }
      ]
    },
    {
      "elapsed_seconds": 494.2935017349664,
      "storage": {
        "/tmp/rb-host-executor-v2/data": {
          "allocated_bytes_observed": 289562624,
          "files_observed": 2367,
          "raced_entries": 0,
          "complete": false,
          "filesystem_available_bytes": 2162814976,
          "filesystem_total_bytes": 50884108288
        }
      },
      "processes": [
        {
          "pid": 3595893,
          "start_ticks": 117933283,
          "complete": true,
          "rss_bytes": 211050496,
          "peak_rss_bytes": 239423488
        }
      ]
    },
    {
      "elapsed_seconds": 525.2377146328799,
      "storage": {
        "/tmp/rb-host-executor-v2/data": {
          "allocated_bytes_observed": 301408256,
          "files_observed": 2369,
          "raced_entries": 0,
          "complete": false,
          "filesystem_available_bytes": 2150113280,
          "filesystem_total_bytes": 50884108288
        }
      },
      "processes": [
        {
          "pid": 3595893,
          "start_ticks": 117933283,
          "complete": true,
          "rss_bytes": 206020608,
          "peak_rss_bytes": 241410048
        }
      ]
    },
    {
      "elapsed_seconds": 556.1804422549903,
      "storage": {
        "/tmp/rb-host-executor-v2/data": {
          "allocated_bytes_observed": 315232256,
          "files_observed": 2369,
          "raced_entries": 0,
          "complete": false,
          "filesystem_available_bytes": 2136211456,
          "filesystem_total_bytes": 50884108288
        }
      },
      "processes": [
        {
          "pid": 3595893,
          "start_ticks": 117933283,
          "complete": true,
          "rss_bytes": 211525632,
          "peak_rss_bytes": 241410048
        }
      ]
    },
    {
      "elapsed_seconds": 587.174722179072,
      "storage": {
        "/tmp/rb-host-executor-v2/data": {
          "allocated_bytes_observed": 328241152,
          "files_observed": 2370,
          "raced_entries": 0,
          "complete": false,
          "filesystem_available_bytes": 2123132928,
          "filesystem_total_bytes": 50884108288
        }
      },
      "processes": [
        {
          "pid": 3595893,
          "start_ticks": 117933283,
          "complete": true,
          "rss_bytes": 212287488,
          "peak_rss_bytes": 241410048
        }
      ]
    },
    {
      "elapsed_seconds": 618.125537785003,
      "storage": {
        "/tmp/rb-host-executor-v2/data": {
          "allocated_bytes_observed": 339243008,
          "files_observed": 2370,
          "raced_entries": 0,
          "complete": false,
          "filesystem_available_bytes": 2112049152,
          "filesystem_total_bytes": 50884108288
        }
      },
      "processes": [
        {
          "pid": 3595893,
          "start_ticks": 117933283,
          "complete": true,
          "rss_bytes": 209256448,
          "peak_rss_bytes": 243671040
        }
      ]
    },
    {
      "elapsed_seconds": 649.0813908190466,
      "storage": {
        "/tmp/rb-host-executor-v2/data": {
          "allocated_bytes_observed": 352985088,
          "files_observed": 2370,
          "raced_entries": 0,
          "complete": false,
          "filesystem_available_bytes": 2098241536,
          "filesystem_total_bytes": 50884108288
        }
      },
      "processes": [
        {
          "pid": 3595893,
          "start_ticks": 117933283,
          "complete": true,
          "rss_bytes": 213000192,
          "peak_rss_bytes": 243671040
        }
      ]
    },
    {
      "elapsed_seconds": 679.9942151349969,
      "storage": {
        "/tmp/rb-host-executor-v2/data": {
          "allocated_bytes_observed": 366108672,
          "files_observed": 2371,
          "raced_entries": 0,
          "complete": false,
          "filesystem_available_bytes": 2085040128,
          "filesystem_total_bytes": 50884108288
        }
      },
      "processes": [
        {
          "pid": 3595893,
          "start_ticks": 117933283,
          "complete": true,
          "rss_bytes": 214814720,
          "peak_rss_bytes": 243843072
        }
      ]
    },
    {
      "elapsed_seconds": 710.9850343100261,
      "storage": {
        "/tmp/rb-host-executor-v2/data": {
          "allocated_bytes_observed": 376557568,
          "files_observed": 2371,
          "raced_entries": 0,
          "complete": false,
          "filesystem_available_bytes": 2074431488,
          "filesystem_total_bytes": 50884108288
        }
      },
      "processes": [
        {
          "pid": 3595893,
          "start_ticks": 117933283,
          "complete": true,
          "rss_bytes": 209530880,
          "peak_rss_bytes": 243843072
        }
      ]
    },
    {
      "elapsed_seconds": 741.9028632289264,
      "storage": {
        "/tmp/rb-host-executor-v2/data": {
          "allocated_bytes_observed": 390463488,
          "files_observed": 2371,
          "raced_entries": 0,
          "complete": false,
          "filesystem_available_bytes": 2060541952,
          "filesystem_total_bytes": 50884108288
        }
      },
      "processes": [
        {
          "pid": 3595893,
          "start_ticks": 117933283,
          "complete": true,
          "rss_bytes": 215216128,
          "peak_rss_bytes": 245096448
        }
      ]
    },
    {
      "elapsed_seconds": 772.8629098329693,
      "storage": {
        "/tmp/rb-host-executor-v2/data": {
          "allocated_bytes_observed": 403709952,
          "files_observed": 2371,
          "raced_entries": 0,
          "complete": false,
          "filesystem_available_bytes": 2047229952,
          "filesystem_total_bytes": 50884108288
        }
      },
      "processes": [
        {
          "pid": 3595893,
          "start_ticks": 117933283,
          "complete": true,
          "rss_bytes": 216031232,
          "peak_rss_bytes": 245096448
        }
      ]
    },
    {
      "elapsed_seconds": 803.8093218698632,
      "storage": {
        "/tmp/rb-host-executor-v2/data": {
          "allocated_bytes_observed": 414916608,
          "files_observed": 2371,
          "raced_entries": 0,
          "complete": false,
          "filesystem_available_bytes": 2035949568,
          "filesystem_total_bytes": 50884108288
        }
      },
      "processes": [
        {
          "pid": 3595893,
          "start_ticks": 117933283,
          "complete": true,
          "rss_bytes": 218181632,
          "peak_rss_bytes": 247123968
        }
      ]
    },
    {
      "elapsed_seconds": 834.6931585529819,
      "storage": {
        "/tmp/rb-host-executor-v2/data": {
          "allocated_bytes_observed": 427855872,
          "files_observed": 2371,
          "raced_entries": 0,
          "complete": false,
          "filesystem_available_bytes": 2022944768,
          "filesystem_total_bytes": 50884108288
        }
      },
      "processes": [
        {
          "pid": 3595893,
          "start_ticks": 117933283,
          "complete": true,
          "rss_bytes": 210780160,
          "peak_rss_bytes": 247123968
        }
      ]
    },
    {
      "elapsed_seconds": 865.6192040638998,
      "storage": {
        "/tmp/rb-host-executor-v2/data": {
          "allocated_bytes_observed": 441458688,
          "files_observed": 2371,
          "raced_entries": 0,
          "complete": false,
          "filesystem_available_bytes": 2009169920,
          "filesystem_total_bytes": 50884108288
        }
      },
      "processes": [
        {
          "pid": 3595893,
          "start_ticks": 117933283,
          "complete": true,
          "rss_bytes": 217849856,
          "peak_rss_bytes": 247291904
        }
      ]
    },
    {
      "elapsed_seconds": 896.5779136018828,
      "storage": {
        "/tmp/rb-host-executor-v2/data": {
          "allocated_bytes_observed": 453103616,
          "files_observed": 2371,
          "raced_entries": 0,
          "complete": false,
          "filesystem_available_bytes": 1997553664,
          "filesystem_total_bytes": 50884108288
        }
      },
      "processes": [
        {
          "pid": 3595893,
          "start_ticks": 117933283,
          "complete": true,
          "rss_bytes": 218243072,
          "peak_rss_bytes": 247291904
        }
      ]
    },
    {
      "elapsed_seconds": 927.513377744006,
      "storage": {
        "/tmp/rb-host-executor-v2/data": {
          "allocated_bytes_observed": 466055168,
          "files_observed": 2371,
          "raced_entries": 0,
          "complete": false,
          "filesystem_available_bytes": 1984421888,
          "filesystem_total_bytes": 50884108288
        }
      },
      "processes": [
        {
          "pid": 3595893,
          "start_ticks": 117933283,
          "complete": true,
          "rss_bytes": 217886720,
          "peak_rss_bytes": 247902208
        }
      ]
    },
    {
      "elapsed_seconds": 958.4794709999114,
      "storage": {
        "/tmp/rb-host-executor-v2/data": {
          "allocated_bytes_observed": 479698944,
          "files_observed": 2371,
          "raced_entries": 0,
          "complete": false,
          "filesystem_available_bytes": 1970819072,
          "filesystem_total_bytes": 50884108288
        }
      },
      "processes": [
        {
          "pid": 3595893,
          "start_ticks": 117933283,
          "complete": true,
          "rss_bytes": 219136000,
          "peak_rss_bytes": 247902208
        }
      ]
    },
    {
      "elapsed_seconds": 989.4324659770355,
      "storage": {
        "/tmp/rb-host-executor-v2/data": {
          "allocated_bytes_observed": 492675072,
          "files_observed": 2371,
          "raced_entries": 0,
          "complete": false,
          "filesystem_available_bytes": 1959301120,
          "filesystem_total_bytes": 50884108288
        }
      },
      "processes": [
        {
          "pid": 3595893,
          "start_ticks": 117933283,
          "complete": true,
          "rss_bytes": 219820032,
          "peak_rss_bytes": 248446976
        }
      ]
    },
    {
      "elapsed_seconds": 1020.395910029998,
      "storage": {
        "/tmp/rb-host-executor-v2/data": {
          "allocated_bytes_observed": 503607296,
          "files_observed": 2371,
          "raced_entries": 0,
          "complete": false,
          "filesystem_available_bytes": 1946767360,
          "filesystem_total_bytes": 50884108288
        }
      },
      "processes": [
        {
          "pid": 3595893,
          "start_ticks": 117933283,
          "complete": true,
          "rss_bytes": 220065792,
          "peak_rss_bytes": 248446976
        }
      ]
    },
    {
      "elapsed_seconds": 1051.3170529589988,
      "storage": {
        "/tmp/rb-host-executor-v2/data": {
          "allocated_bytes_observed": 516575232,
          "files_observed": 2371,
          "raced_entries": 0,
          "complete": false,
          "filesystem_available_bytes": 1934491648,
          "filesystem_total_bytes": 50884108288
        }
      },
      "processes": [
        {
          "pid": 3595893,
          "start_ticks": 117933283,
          "complete": true,
          "rss_bytes": 220770304,
          "peak_rss_bytes": 249610240
        }
      ]
    },
    {
      "elapsed_seconds": 1082.2450192309916,
      "storage": {
        "/tmp/rb-host-executor-v2/data": {
          "allocated_bytes_observed": 529915904,
          "files_observed": 2371,
          "raced_entries": 0,
          "complete": false,
          "filesystem_available_bytes": 1920315392,
          "filesystem_total_bytes": 50884108288
        }
      },
      "processes": [
        {
          "pid": 3595893,
          "start_ticks": 117933283,
          "complete": true,
          "rss_bytes": 214814720,
          "peak_rss_bytes": 249610240
        }
      ]
    },
    {
      "elapsed_seconds": 1113.1906041558832,
      "storage": {
        "/tmp/rb-host-executor-v2/data": {
          "allocated_bytes_observed": 541028352,
          "files_observed": 2372,
          "raced_entries": 0,
          "complete": false,
          "filesystem_available_bytes": 1909121024,
          "filesystem_total_bytes": 50884108288
        }
      },
      "processes": [
        {
          "pid": 3595893,
          "start_ticks": 117933283,
          "complete": true,
          "rss_bytes": 221028352,
          "peak_rss_bytes": 251277312
        }
      ]
    },
    {
      "elapsed_seconds": 1144.1364093699958,
      "storage": {
        "/tmp/rb-host-executor-v2/data": {
          "allocated_bytes_observed": 554029056,
          "files_observed": 2372,
          "raced_entries": 0,
          "complete": false,
          "filesystem_available_bytes": 1896054784,
          "filesystem_total_bytes": 50884108288
        }
      },
      "processes": [
        {
          "pid": 3595893,
          "start_ticks": 117933283,
          "complete": true,
          "rss_bytes": 222982144,
          "peak_rss_bytes": 251277312
        }
      ]
    },
    {
      "elapsed_seconds": 1175.051449924009,
      "storage": {
        "/tmp/rb-host-executor-v2/data": {
          "allocated_bytes_observed": 567087104,
          "files_observed": 2373,
          "raced_entries": 0,
          "complete": false,
          "filesystem_available_bytes": 1882914816,
          "filesystem_total_bytes": 50884108288
        }
      },
      "processes": [
        {
          "pid": 3595893,
          "start_ticks": 117933283,
          "complete": true,
          "rss_bytes": 217124864,
          "peak_rss_bytes": 252010496
        }
      ]
    },
    {
      "elapsed_seconds": 1206.041546949884,
      "storage": {
        "/tmp/rb-host-executor-v2/data": {
          "allocated_bytes_observed": 577810432,
          "files_observed": 2373,
          "raced_entries": 0,
          "complete": false,
          "filesystem_available_bytes": 1872121856,
          "filesystem_total_bytes": 50884108288
        }
      },
      "processes": [
        {
          "pid": 3595893,
          "start_ticks": 117933283,
          "complete": true,
          "rss_bytes": 217260032,
          "peak_rss_bytes": 252010496
        }
      ]
    },
    {
      "elapsed_seconds": 1237.003356847912,
      "storage": {
        "/tmp/rb-host-executor-v2/data": {
          "allocated_bytes_observed": 590704640,
          "files_observed": 2374,
          "raced_entries": 0,
          "complete": false,
          "filesystem_available_bytes": 1859051520,
          "filesystem_total_bytes": 50884108288
        }
      },
      "processes": [
        {
          "pid": 3595893,
          "start_ticks": 117933283,
          "complete": true,
          "rss_bytes": 217546752,
          "peak_rss_bytes": 252391424
        }
      ]
    },
    {
      "elapsed_seconds": 1267.9357991400175,
      "storage": {
        "/tmp/rb-host-executor-v2/data": {
          "allocated_bytes_observed": 604590080,
          "files_observed": 2374,
          "raced_entries": 0,
          "complete": false,
          "filesystem_available_bytes": 1845088256,
          "filesystem_total_bytes": 50884108288
        }
      },
      "processes": [
        {
          "pid": 3595893,
          "start_ticks": 117933283,
          "complete": true,
          "rss_bytes": 227155968,
          "peak_rss_bytes": 252391424
        }
      ]
    },
    {
      "elapsed_seconds": 1298.9593337860424,
      "storage": {
        "/tmp/rb-host-executor-v2/data": {
          "allocated_bytes_observed": 615890944,
          "files_observed": 2374,
          "raced_entries": 0,
          "complete": false,
          "filesystem_available_bytes": 1833820160,
          "filesystem_total_bytes": 50884108288
        }
      },
      "processes": [
        {
          "pid": 3595893,
          "start_ticks": 117933283,
          "complete": true,
          "rss_bytes": 224538624,
          "peak_rss_bytes": 253394944
        }
      ]
    },
    {
      "elapsed_seconds": 1329.8763397419825,
      "storage": {
        "/tmp/rb-host-executor-v2/data": {
          "allocated_bytes_observed": 628867072,
          "files_observed": 2374,
          "raced_entries": 0,
          "complete": false,
          "filesystem_available_bytes": 1820745728,
          "filesystem_total_bytes": 50884108288
        }
      },
      "processes": [
        {
          "pid": 3595893,
          "start_ticks": 117933283,
          "complete": true,
          "rss_bytes": 219152384,
          "peak_rss_bytes": 253394944
        }
      ]
    },
    {
      "elapsed_seconds": 1360.7951987278648,
      "storage": {
        "/tmp/rb-host-executor-v2/data": {
          "allocated_bytes_observed": 642641920,
          "files_observed": 2374,
          "raced_entries": 0,
          "complete": false,
          "filesystem_available_bytes": 1806925824,
          "filesystem_total_bytes": 50884108288
        }
      },
      "processes": [
        {
          "pid": 3595893,
          "start_ticks": 117933283,
          "complete": true,
          "rss_bytes": 223682560,
          "peak_rss_bytes": 254640128
        }
      ]
    },
    {
      "elapsed_seconds": 1391.7447695198935,
      "storage": {
        "/tmp/rb-host-executor-v2/data": {
          "allocated_bytes_observed": 655552512,
          "files_observed": 2374,
          "raced_entries": 0,
          "complete": false,
          "filesystem_available_bytes": 1793941504,
          "filesystem_total_bytes": 50884108288
        }
      },
      "processes": [
        {
          "pid": 3595893,
          "start_ticks": 117933283,
          "complete": true,
          "rss_bytes": 225865728,
          "peak_rss_bytes": 254640128
        }
      ]
    },
    {
      "elapsed_seconds": 1422.726885356009,
      "storage": {
        "/tmp/rb-host-executor-v2/data": {
          "allocated_bytes_observed": 666599424,
          "files_observed": 2374,
          "raced_entries": 0,
          "complete": false,
          "filesystem_available_bytes": 1782829056,
          "filesystem_total_bytes": 50884108288
        }
      },
      "processes": [
        {
          "pid": 3595893,
          "start_ticks": 117933283,
          "complete": true,
          "rss_bytes": 219586560,
          "peak_rss_bytes": 255307776
        }
      ]
    },
    {
      "elapsed_seconds": 1453.6244635139592,
      "storage": {
        "/tmp/rb-host-executor-v2/data": {
          "allocated_bytes_observed": 680103936,
          "files_observed": 2374,
          "raced_entries": 0,
          "complete": false,
          "filesystem_available_bytes": 1769246720,
          "filesystem_total_bytes": 50884108288
        }
      },
      "processes": [
        {
          "pid": 3595893,
          "start_ticks": 117933283,
          "complete": true,
          "rss_bytes": 226443264,
          "peak_rss_bytes": 255307776
        }
      ]
    },
    {
      "elapsed_seconds": 1484.5120795939583,
      "storage": {
        "/tmp/rb-host-executor-v2/data": {
          "allocated_bytes_observed": 693755904,
          "files_observed": 2374,
          "raced_entries": 0,
          "complete": false,
          "filesystem_available_bytes": 1755525120,
          "filesystem_total_bytes": 50884108288
        }
      },
      "processes": [
        {
          "pid": 3595893,
          "start_ticks": 117933283,
          "complete": true,
          "rss_bytes": 226369536,
          "peak_rss_bytes": 256008192
        }
      ]
    },
    {
      "elapsed_seconds": 1515.4635056210682,
      "storage": {
        "/tmp/rb-host-executor-v2/data": {
          "allocated_bytes_observed": 704167936,
          "files_observed": 2375,
          "raced_entries": 0,
          "complete": false,
          "filesystem_available_bytes": 1745043456,
          "filesystem_total_bytes": 50884108288
        }
      },
      "processes": [
        {
          "pid": 3595893,
          "start_ticks": 117933283,
          "complete": true,
          "rss_bytes": 226189312,
          "peak_rss_bytes": 256008192
        }
      ]
    },
    {
      "elapsed_seconds": 1546.3214101139456,
      "storage": {
        "/tmp/rb-host-executor-v2/data": {
          "allocated_bytes_observed": 717127680,
          "files_observed": 2376,
          "raced_entries": 0,
          "complete": false,
          "filesystem_available_bytes": 1732784128,
          "filesystem_total_bytes": 50884108288
        }
      },
      "processes": [
        {
          "pid": 3595893,
          "start_ticks": 117933283,
          "complete": true,
          "rss_bytes": 228220928,
          "peak_rss_bytes": 256884736
        }
      ]
    },
    {
      "elapsed_seconds": 1577.241784175858,
      "storage": {
        "/tmp/rb-host-executor-v2/data": {
          "allocated_bytes_observed": 730402816,
          "files_observed": 2376,
          "raced_entries": 0,
          "complete": false,
          "filesystem_available_bytes": 1718661120,
          "filesystem_total_bytes": 50884108288
        }
      },
      "processes": [
        {
          "pid": 3595893,
          "start_ticks": 117933283,
          "complete": true,
          "rss_bytes": 221937664,
          "peak_rss_bytes": 256884736
        }
      ]
    },
    {
      "elapsed_seconds": 1608.2115431379061,
      "storage": {
        "/tmp/rb-host-executor-v2/data": {
          "allocated_bytes_observed": 733503488,
          "files_observed": 2376,
          "raced_entries": 0,
          "complete": false,
          "filesystem_available_bytes": 1715494912,
          "filesystem_total_bytes": 50884108288
        }
      },
      "processes": [
        {
          "pid": 3595893,
          "start_ticks": 117933283,
          "complete": true,
          "rss_bytes": 253276160,
          "peak_rss_bytes": 257355776
        }
      ]
    },
    {
      "elapsed_seconds": 1639.1583155898843,
      "storage": {
        "/tmp/rb-host-executor-v2/data": {
          "allocated_bytes_observed": 746471424,
          "files_observed": 2376,
          "raced_entries": 0,
          "complete": false,
          "filesystem_available_bytes": 1702449152,
          "filesystem_total_bytes": 50884108288
        }
      },
      "processes": [
        {
          "pid": 3595893,
          "start_ticks": 117933283,
          "complete": true,
          "rss_bytes": 257695744,
          "peak_rss_bytes": 257695744
        }
      ]
    },
    {
      "elapsed_seconds": 1670.0951769149397,
      "storage": {
        "/tmp/rb-host-executor-v2/data": {
          "allocated_bytes_observed": 759537664,
          "files_observed": 2376,
          "raced_entries": 0,
          "complete": false,
          "filesystem_available_bytes": 1689174016,
          "filesystem_total_bytes": 50884108288
        }
      },
      "processes": [
        {
          "pid": 3595893,
          "start_ticks": 117933283,
          "complete": true,
          "rss_bytes": 223141888,
          "peak_rss_bytes": 258195456
        }
      ]
    },
    {
      "elapsed_seconds": 1701.1222408020403,
      "storage": {
        "/tmp/rb-host-executor-v2/data": {
          "allocated_bytes_observed": 762667008,
          "files_observed": 2376,
          "raced_entries": 0,
          "complete": false,
          "filesystem_available_bytes": 1686110208,
          "filesystem_total_bytes": 50884108288
        }
      },
      "processes": [
        {
          "pid": 3595893,
          "start_ticks": 117933283,
          "complete": true,
          "rss_bytes": 223207424,
          "peak_rss_bytes": 258486272
        }
      ]
    },
    {
      "elapsed_seconds": 1732.0309586140793,
      "storage": {
        "/tmp/rb-host-executor-v2/data": {
          "allocated_bytes_observed": 776372224,
          "files_observed": 2376,
          "raced_entries": 0,
          "complete": false,
          "filesystem_available_bytes": 1672241152,
          "filesystem_total_bytes": 50884108288
        }
      },
      "processes": [
        {
          "pid": 3595893,
          "start_ticks": 117933283,
          "complete": true,
          "rss_bytes": 228855808,
          "peak_rss_bytes": 258486272
        }
      ]
    },
    {
      "elapsed_seconds": 1762.9486544718966,
      "storage": {
        "/tmp/rb-host-executor-v2/data": {
          "allocated_bytes_observed": 789544960,
          "files_observed": 2376,
          "raced_entries": 0,
          "complete": false,
          "filesystem_available_bytes": 1659092992,
          "filesystem_total_bytes": 50884108288
        }
      },
      "processes": [
        {
          "pid": 3595893,
          "start_ticks": 117933283,
          "complete": true,
          "rss_bytes": 229662720,
          "peak_rss_bytes": 258486272
        }
      ]
    },
    {
      "elapsed_seconds": 1793.9132046159357,
      "storage": {
        "/tmp/rb-host-executor-v2/data": {
          "allocated_bytes_observed": 800624640,
          "files_observed": 2376,
          "raced_entries": 0,
          "complete": false,
          "filesystem_available_bytes": 1647947776,
          "filesystem_total_bytes": 50884108288
        }
      },
      "processes": [
        {
          "pid": 3595893,
          "start_ticks": 117933283,
          "complete": true,
          "rss_bytes": 230334464,
          "peak_rss_bytes": 258486272
        }
      ]
    },
    {
      "elapsed_seconds": 1824.8863801390398,
      "storage": {
        "/tmp/rb-host-executor-v2/data": {
          "allocated_bytes_observed": 813682688,
          "files_observed": 2376,
          "raced_entries": 0,
          "complete": false,
          "filesystem_available_bytes": 1634811904,
          "filesystem_total_bytes": 50884108288
        }
      },
      "processes": [
        {
          "pid": 3595893,
          "start_ticks": 117933283,
          "complete": true,
          "rss_bytes": 228368384,
          "peak_rss_bytes": 259141632
        }
      ]
    },
    {
      "elapsed_seconds": 1855.8090568389744,
      "storage": {
        "/tmp/rb-host-executor-v2/data": {
          "allocated_bytes_observed": 827011072,
          "files_observed": 2376,
          "raced_entries": 0,
          "complete": false,
          "filesystem_available_bytes": 1621417984,
          "filesystem_total_bytes": 50884108288
        }
      },
      "processes": [
        {
          "pid": 3595893,
          "start_ticks": 117933283,
          "complete": true,
          "rss_bytes": 230510592,
          "peak_rss_bytes": 259141632
        }
      ]
    },
    {
      "elapsed_seconds": 1886.7482364529278,
      "storage": {
        "/tmp/rb-host-executor-v2/data": {
          "allocated_bytes_observed": 839962624,
          "files_observed": 2376,
          "raced_entries": 0,
          "complete": false,
          "filesystem_available_bytes": 1608372224,
          "filesystem_total_bytes": 50884108288
        }
      },
      "processes": [
        {
          "pid": 3595893,
          "start_ticks": 117933283,
          "complete": true,
          "rss_bytes": 217673728,
          "peak_rss_bytes": 259379200
        }
      ]
    },
    {
      "elapsed_seconds": 1917.7021458139643,
      "storage": {
        "/tmp/rb-host-executor-v2/data": {
          "allocated_bytes_observed": 850944000,
          "files_observed": 2376,
          "raced_entries": 0,
          "complete": false,
          "filesystem_available_bytes": 1597337600,
          "filesystem_total_bytes": 50884108288
        }
      },
      "processes": [
        {
          "pid": 3595893,
          "start_ticks": 117933283,
          "complete": true,
          "rss_bytes": 230248448,
          "peak_rss_bytes": 259379200
        }
      ]
    },
    {
      "elapsed_seconds": 1948.6043690100778,
      "storage": {
        "/tmp/rb-host-executor-v2/data": {
          "allocated_bytes_observed": 864419840,
          "files_observed": 2377,
          "raced_entries": 0,
          "complete": false,
          "filesystem_available_bytes": 1583779840,
          "filesystem_total_bytes": 50884108288
        }
      },
      "processes": [
        {
          "pid": 3595893,
          "start_ticks": 117933283,
          "complete": true,
          "rss_bytes": 230957056,
          "peak_rss_bytes": 259403776
        }
      ]
    },
    {
      "elapsed_seconds": 1979.4766965599265,
      "storage": {
        "/tmp/rb-host-executor-v2/data": {
          "allocated_bytes_observed": 877322240,
          "files_observed": 2377,
          "raced_entries": 0,
          "complete": false,
          "filesystem_available_bytes": 1571581952,
          "filesystem_total_bytes": 50884108288
        }
      },
      "processes": [
        {
          "pid": 3595893,
          "start_ticks": 117933283,
          "complete": true,
          "rss_bytes": 230936576,
          "peak_rss_bytes": 259403776
        }
      ]
    },
    {
      "elapsed_seconds": 2010.4356047080364,
      "storage": {
        "/tmp/rb-host-executor-v2/data": {
          "allocated_bytes_observed": 848068608,
          "files_observed": 2378,
          "raced_entries": 0,
          "complete": false,
          "filesystem_available_bytes": 1599991808,
          "filesystem_total_bytes": 50884108288
        }
      },
      "processes": [
        {
          "pid": 3595893,
          "start_ticks": 117933283,
          "complete": true,
          "rss_bytes": 225009664,
          "peak_rss_bytes": 259960832
        }
      ]
    },
    {
      "elapsed_seconds": 2041.3852173590567,
      "storage": {
        "/tmp/rb-host-executor-v2/data": {
          "allocated_bytes_observed": 861708288,
          "files_observed": 2378,
          "raced_entries": 0,
          "complete": false,
          "filesystem_available_bytes": 1586286592,
          "filesystem_total_bytes": 50884108288
        }
      },
      "processes": [
        {
          "pid": 3595893,
          "start_ticks": 117933283,
          "complete": true,
          "rss_bytes": 229666816,
          "peak_rss_bytes": 259960832
        }
      ]
    },
    {
      "elapsed_seconds": 2072.3165770319756,
      "storage": {
        "/tmp/rb-host-executor-v2/data": {
          "allocated_bytes_observed": 874668032,
          "files_observed": 2379,
          "raced_entries": 0,
          "complete": false,
          "filesystem_available_bytes": 1574014976,
          "filesystem_total_bytes": 50884108288
        }
      },
      "processes": [
        {
          "pid": 3595893,
          "start_ticks": 117933283,
          "complete": true,
          "rss_bytes": 231309312,
          "peak_rss_bytes": 260259840
        }
      ]
    },
    {
      "elapsed_seconds": 2103.3267165920697,
      "storage": {
        "/tmp/rb-host-executor-v2/data": {
          "allocated_bytes_observed": 845492224,
          "files_observed": 2379,
          "raced_entries": 0,
          "complete": false,
          "filesystem_available_bytes": 1602355200,
          "filesystem_total_bytes": 50884108288
        }
      },
      "processes": [
        {
          "pid": 3595893,
          "start_ticks": 117933283,
          "complete": true,
          "rss_bytes": 226058240,
          "peak_rss_bytes": 260259840
        }
      ]
    },
    {
      "elapsed_seconds": 2134.2484877798706,
      "storage": {
        "/tmp/rb-host-executor-v2/data": {
          "allocated_bytes_observed": 859176960,
          "files_observed": 2380,
          "raced_entries": 0,
          "complete": false,
          "filesystem_available_bytes": 1588592640,
          "filesystem_total_bytes": 50884108288
        }
      },
      "processes": [
        {
          "pid": 3595893,
          "start_ticks": 117933283,
          "complete": true,
          "rss_bytes": 231358464,
          "peak_rss_bytes": 261099520
        }
      ]
    },
    {
      "elapsed_seconds": 2165.2362063298933,
      "storage": {
        "/tmp/rb-host-executor-v2/data": {
          "allocated_bytes_observed": 872157184,
          "files_observed": 2380,
          "raced_entries": 0,
          "complete": false,
          "filesystem_available_bytes": 1575546880,
          "filesystem_total_bytes": 50884108288
        }
      },
      "processes": [
        {
          "pid": 3595893,
          "start_ticks": 117933283,
          "complete": true,
          "rss_bytes": 231555072,
          "peak_rss_bytes": 261099520
        }
      ]
    },
    {
      "elapsed_seconds": 2196.2307695469353,
      "storage": {
        "/tmp/rb-host-executor-v2/data": {
          "allocated_bytes_observed": 842854400,
          "files_observed": 2381,
          "raced_entries": 0,
          "complete": false,
          "filesystem_available_bytes": 1604771840,
          "filesystem_total_bytes": 50884108288
        }
      },
      "processes": [
        {
          "pid": 3595893,
          "start_ticks": 117933283,
          "complete": true,
          "rss_bytes": 232517632,
          "peak_rss_bytes": 261435392
        }
      ]
    },
    {
      "elapsed_seconds": 2227.1815206829924,
      "storage": {
        "/tmp/rb-host-executor-v2/data": {
          "allocated_bytes_observed": 856080384,
          "files_observed": 2381,
          "raced_entries": 0,
          "complete": false,
          "filesystem_available_bytes": 1591373824,
          "filesystem_total_bytes": 50884108288
        }
      },
      "processes": [
        {
          "pid": 3595893,
          "start_ticks": 117933283,
          "complete": true,
          "rss_bytes": 226193408,
          "peak_rss_bytes": 261435392
        }
      ]
    },
    {
      "elapsed_seconds": 2258.1429401768837,
      "storage": {
        "/tmp/rb-host-executor-v2/data": {
          "allocated_bytes_observed": 869920768,
          "files_observed": 2381,
          "raced_entries": 0,
          "complete": false,
          "filesystem_available_bytes": 1577558016,
          "filesystem_total_bytes": 50884108288
        }
      },
      "processes": [
        {
          "pid": 3595893,
          "start_ticks": 117933283,
          "complete": true,
          "rss_bytes": 232427520,
          "peak_rss_bytes": 261730304
        }
      ]
    },
    {
      "elapsed_seconds": 2289.134301404003,
      "storage": {
        "/tmp/rb-host-executor-v2/data": {
          "allocated_bytes_observed": 840921088,
          "files_observed": 2381,
          "raced_entries": 0,
          "complete": false,
          "filesystem_available_bytes": 1606479872,
          "filesystem_total_bytes": 50884108288
        }
      },
      "processes": [
        {
          "pid": 3595893,
          "start_ticks": 117933283,
          "complete": true,
          "rss_bytes": 227237888,
          "peak_rss_bytes": 261730304
        }
      ]
    },
    {
      "elapsed_seconds": 2320.0842386579607,
      "storage": {
        "/tmp/rb-host-executor-v2/data": {
          "allocated_bytes_observed": 853299200,
          "files_observed": 2382,
          "raced_entries": 0,
          "complete": false,
          "filesystem_available_bytes": 1593888768,
          "filesystem_total_bytes": 50884108288
        }
      },
      "processes": [
        {
          "pid": 3595893,
          "start_ticks": 117933283,
          "complete": true,
          "rss_bytes": 227278848,
          "peak_rss_bytes": 262586368
        }
      ]
    },
    {
      "elapsed_seconds": 2351.0391293750145,
      "storage": {
        "/tmp/rb-host-executor-v2/data": {
          "allocated_bytes_observed": 867176448,
          "files_observed": 2382,
          "raced_entries": 0,
          "complete": false,
          "filesystem_available_bytes": 1579966464,
          "filesystem_total_bytes": 50884108288
        }
      },
      "processes": [
        {
          "pid": 3595893,
          "start_ticks": 117933283,
          "complete": true,
          "rss_bytes": 231878656,
          "peak_rss_bytes": 262586368
        }
      ]
    },
    {
      "elapsed_seconds": 2381.9618990079034,
      "storage": {
        "/tmp/rb-host-executor-v2/data": {
          "allocated_bytes_observed": 880340992,
          "files_observed": 2382,
          "raced_entries": 0,
          "complete": false,
          "filesystem_available_bytes": 1566846976,
          "filesystem_total_bytes": 50884108288
        }
      },
      "processes": [
        {
          "pid": 3595893,
          "start_ticks": 117933283,
          "complete": true,
          "rss_bytes": 233910272,
          "peak_rss_bytes": 262664192
        }
      ]
    },
    {
      "elapsed_seconds": 2412.9896059080493,
      "storage": {
        "/tmp/rb-host-executor-v2/data": {
          "allocated_bytes_observed": 850673664,
          "files_observed": 2382,
          "raced_entries": 0,
          "complete": false,
          "filesystem_available_bytes": 1596354560,
          "filesystem_total_bytes": 50884108288
        }
      },
      "processes": [
        {
          "pid": 3595893,
          "start_ticks": 117933283,
          "complete": true,
          "rss_bytes": 228151296,
          "peak_rss_bytes": 262664192
        }
      ]
    },
    {
      "elapsed_seconds": 2443.9524855769705,
      "storage": {
        "/tmp/rb-host-executor-v2/data": {
          "allocated_bytes_observed": 864538624,
          "files_observed": 2382,
          "raced_entries": 0,
          "complete": false,
          "filesystem_available_bytes": 1582415872,
          "filesystem_total_bytes": 50884108288
        }
      },
      "processes": [
        {
          "pid": 3595893,
          "start_ticks": 117933283,
          "complete": true,
          "rss_bytes": 233488384,
          "peak_rss_bytes": 263213056
        }
      ]
    },
    {
      "elapsed_seconds": 2474.957239927957,
      "storage": {
        "/tmp/rb-host-executor-v2/data": {
          "allocated_bytes_observed": 877854720,
          "files_observed": 2382,
          "raced_entries": 0,
          "complete": false,
          "filesystem_available_bytes": 1569112064,
          "filesystem_total_bytes": 50884108288
        }
      },
      "processes": [
        {
          "pid": 3595893,
          "start_ticks": 117933283,
          "complete": true,
          "rss_bytes": 234315776,
          "peak_rss_bytes": 263213056
        }
      ]
    },
    {
      "elapsed_seconds": 2505.9045236308593,
      "storage": {
        "/tmp/rb-host-executor-v2/data": {
          "allocated_bytes_observed": 848396288,
          "files_observed": 2382,
          "raced_entries": 0,
          "complete": false,
          "filesystem_available_bytes": 1598509056,
          "filesystem_total_bytes": 50884108288
        }
      },
      "processes": [
        {
          "pid": 3595893,
          "start_ticks": 117933283,
          "complete": true,
          "rss_bytes": 228810752,
          "peak_rss_bytes": 263397376
        }
      ]
    },
    {
      "elapsed_seconds": 2536.836975845974,
      "storage": {
        "/tmp/rb-host-executor-v2/data": {
          "allocated_bytes_observed": 862175232,
          "files_observed": 2382,
          "raced_entries": 0,
          "complete": false,
          "filesystem_available_bytes": 1584562176,
          "filesystem_total_bytes": 50884108288
        }
      },
      "processes": [
        {
          "pid": 3595893,
          "start_ticks": 117933283,
          "complete": true,
          "rss_bytes": 233680896,
          "peak_rss_bytes": 263397376
        }
      ]
    },
    {
      "elapsed_seconds": 2567.788671622984,
      "storage": {
        "/tmp/rb-host-executor-v2/data": {
          "allocated_bytes_observed": 875548672,
          "files_observed": 2382,
          "raced_entries": 0,
          "complete": false,
          "filesystem_available_bytes": 1571213312,
          "filesystem_total_bytes": 50884108288
        }
      },
      "processes": [
        {
          "pid": 3595893,
          "start_ticks": 117933283,
          "complete": true,
          "rss_bytes": 259694592,
          "peak_rss_bytes": 263954432
        }
      ]
    },
    {
      "elapsed_seconds": 2598.7640076768585,
      "storage": {
        "/tmp/rb-host-executor-v2/data": {
          "allocated_bytes_observed": 845713408,
          "files_observed": 2382,
          "raced_entries": 0,
          "complete": false,
          "filesystem_available_bytes": 1600958464,
          "filesystem_total_bytes": 50884108288
        }
      },
      "processes": [
        {
          "pid": 3595893,
          "start_ticks": 117933283,
          "complete": true,
          "rss_bytes": 228724736,
          "peak_rss_bytes": 264216576
        }
      ]
    },
    {
      "elapsed_seconds": 2629.691131030908,
      "storage": {
        "/tmp/rb-host-executor-v2/data": {
          "allocated_bytes_observed": 859373568,
          "files_observed": 2382,
          "raced_entries": 0,
          "complete": false,
          "filesystem_available_bytes": 1587249152,
          "filesystem_total_bytes": 50884108288
        }
      },
      "processes": [
        {
          "pid": 3595893,
          "start_ticks": 117933283,
          "complete": true,
          "rss_bytes": 234500096,
          "peak_rss_bytes": 264216576
        }
      ]
    },
    {
      "elapsed_seconds": 2660.620516126044,
      "storage": {
        "/tmp/rb-host-executor-v2/data": {
          "allocated_bytes_observed": 872873984,
          "files_observed": 2382,
          "raced_entries": 0,
          "complete": false,
          "filesystem_available_bytes": 1573662720,
          "filesystem_total_bytes": 50884108288
        }
      },
      "processes": [
        {
          "pid": 3595893,
          "start_ticks": 117933283,
          "complete": true,
          "rss_bytes": 235257856,
          "peak_rss_bytes": 264216576
        }
      ]
    },
    {
      "elapsed_seconds": 2690.630716817919,
      "storage": {
        "/tmp/rb-host-executor-v2/data": {
          "allocated_bytes_observed": 843042816,
          "files_observed": 2382,
          "raced_entries": 0,
          "complete": false,
          "filesystem_available_bytes": 1603342336,
          "filesystem_total_bytes": 50884108288
        }
      },
      "processes": [
        {
          "pid": 3595893,
          "start_ticks": 117933283,
          "complete": true,
          "rss_bytes": 234872832,
          "peak_rss_bytes": 264216576
        }
      ]
    },
    {
      "elapsed_seconds": 2721.5782634080388,
      "storage": {
        "/tmp/rb-host-executor-v2/data": {
          "allocated_bytes_observed": 856653824,
          "files_observed": 2383,
          "raced_entries": 0,
          "complete": false,
          "filesystem_available_bytes": 1589731328,
          "filesystem_total_bytes": 50884108288
        }
      },
      "processes": [
        {
          "pid": 3595893,
          "start_ticks": 117933283,
          "complete": true,
          "rss_bytes": 236781568,
          "peak_rss_bytes": 265465856
        }
      ]
    },
    {
      "elapsed_seconds": 2752.5263068249915,
      "storage": {
        "/tmp/rb-host-executor-v2/data": {
          "allocated_bytes_observed": 869564416,
          "files_observed": 2383,
          "raced_entries": 0,
          "complete": false,
          "filesystem_available_bytes": 1579831296,
          "filesystem_total_bytes": 50884108288
        }
      },
      "processes": [
        {
          "pid": 3595893,
          "start_ticks": 117933283,
          "complete": true,
          "rss_bytes": 236969984,
          "peak_rss_bytes": 265465856
        }
      ]
    },
    {
      "elapsed_seconds": 2783.4784927200526,
      "storage": {
        "/tmp/rb-host-executor-v2/data": {
          "allocated_bytes_observed": 841400320,
          "files_observed": 2383,
          "raced_entries": 0,
          "complete": false,
          "filesystem_available_bytes": 1617104896,
          "filesystem_total_bytes": 50884108288
        }
      },
      "processes": [
        {
          "pid": 3595893,
          "start_ticks": 117933283,
          "complete": true,
          "rss_bytes": 238243840,
          "peak_rss_bytes": 266006528
        }
      ]
    },
    {
      "elapsed_seconds": 2814.433859708952,
      "storage": {
        "/tmp/rb-host-executor-v2/data": {
          "allocated_bytes_observed": 854089728,
          "files_observed": 2384,
          "raced_entries": 0,
          "complete": false,
          "filesystem_available_bytes": 1592090624,
          "filesystem_total_bytes": 50884108288
        }
      },
      "processes": [
        {
          "pid": 3595893,
          "start_ticks": 117933283,
          "complete": true,
          "rss_bytes": 237293568,
          "peak_rss_bytes": 266006528
        }
      ]
    },
    {
      "elapsed_seconds": 2845.3495143770706,
      "storage": {
        "/tmp/rb-host-executor-v2/data": {
          "allocated_bytes_observed": 867041280,
          "files_observed": 2385,
          "raced_entries": 0,
          "complete": false,
          "filesystem_available_bytes": 1579827200,
          "filesystem_total_bytes": 50884108288
        }
      },
      "processes": [
        {
          "pid": 3595893,
          "start_ticks": 117933283,
          "complete": true,
          "rss_bytes": 237690880,
          "peak_rss_bytes": 266563584
        }
      ]
    },
    {
      "elapsed_seconds": 2876.2960093130823,
      "storage": {
        "/tmp/rb-host-executor-v2/data": {
          "allocated_bytes_observed": 880300032,
          "files_observed": 2385,
          "raced_entries": 0,
          "complete": false,
          "filesystem_available_bytes": 1565638656,
          "filesystem_total_bytes": 50884108288
        }
      },
      "processes": [
        {
          "pid": 3595893,
          "start_ticks": 117933283,
          "complete": true,
          "rss_bytes": 231530496,
          "peak_rss_bytes": 266563584
        }
      ]
    },
    {
      "elapsed_seconds": 2907.246188285062,
      "storage": {
        "/tmp/rb-host-executor-v2/data": {
          "allocated_bytes_observed": 851394560,
          "files_observed": 2385,
          "raced_entries": 0,
          "complete": false,
          "filesystem_available_bytes": 1594560512,
          "filesystem_total_bytes": 50884108288
        }
      },
      "processes": [
        {
          "pid": 3595893,
          "start_ticks": 117933283,
          "complete": true,
          "rss_bytes": 236711936,
          "peak_rss_bytes": 267481088
        }
      ]
    },
    {
      "elapsed_seconds": 2938.1784829308745,
      "storage": {
        "/tmp/rb-host-executor-v2/data": {
          "allocated_bytes_observed": 864366592,
          "files_observed": 2385,
          "raced_entries": 0,
          "complete": false,
          "filesystem_available_bytes": 1581527040,
          "filesystem_total_bytes": 50884108288
        }
      },
      "processes": [
        {
          "pid": 3595893,
          "start_ticks": 117933283,
          "complete": true,
          "rss_bytes": 238989312,
          "peak_rss_bytes": 267481088
        }
      ]
    },
    {
      "elapsed_seconds": 2969.116793856956,
      "storage": {
        "/tmp/rb-host-executor-v2/data": {
          "allocated_bytes_observed": 877613056,
          "files_observed": 2385,
          "raced_entries": 0,
          "complete": false,
          "filesystem_available_bytes": 1568202752,
          "filesystem_total_bytes": 50884108288
        }
      },
      "processes": [
        {
          "pid": 3595893,
          "start_ticks": 117933283,
          "complete": true,
          "rss_bytes": 232144896,
          "peak_rss_bytes": 267567104
        }
      ]
    },
    {
      "elapsed_seconds": 3000.083337984979,
      "storage": {
        "/tmp/rb-host-executor-v2/data": {
          "allocated_bytes_observed": 848834560,
          "files_observed": 2385,
          "raced_entries": 0,
          "complete": false,
          "filesystem_available_bytes": 1596915712,
          "filesystem_total_bytes": 50884108288
        }
      },
      "processes": [
        {
          "pid": 3595893,
          "start_ticks": 117933283,
          "complete": true,
          "rss_bytes": 238239744,
          "peak_rss_bytes": 267567104
        }
      ]
    },
    {
      "elapsed_seconds": 3031.004176270915,
      "storage": {
        "/tmp/rb-host-executor-v2/data": {
          "allocated_bytes_observed": 861929472,
          "files_observed": 2385,
          "raced_entries": 0,
          "complete": false,
          "filesystem_available_bytes": 1583742976,
          "filesystem_total_bytes": 50884108288
        }
      },
      "processes": [
        {
          "pid": 3595893,
          "start_ticks": 117933283,
          "complete": true,
          "rss_bytes": 238927872,
          "peak_rss_bytes": 267980800
        }
      ]
    },
    {
      "elapsed_seconds": 3061.9387780479155,
      "storage": {
        "/tmp/rb-host-executor-v2/data": {
          "allocated_bytes_observed": 874897408,
          "files_observed": 2385,
          "raced_entries": 0,
          "complete": false,
          "filesystem_available_bytes": 1570713600,
          "filesystem_total_bytes": 50884108288
        }
      },
      "processes": [
        {
          "pid": 3595893,
          "start_ticks": 117933283,
          "complete": true,
          "rss_bytes": 232697856,
          "peak_rss_bytes": 267980800
        }
      ]
    },
    {
      "elapsed_seconds": 3092.90283223195,
      "storage": {
        "/tmp/rb-host-executor-v2/data": {
          "allocated_bytes_observed": 846188544,
          "files_observed": 2385,
          "raced_entries": 0,
          "complete": false,
          "filesystem_available_bytes": 1599344640,
          "filesystem_total_bytes": 50884108288
        }
      },
      "processes": [
        {
          "pid": 3595893,
          "start_ticks": 117933283,
          "complete": true,
          "rss_bytes": 237486080,
          "peak_rss_bytes": 268787712
        }
      ]
    },
    {
      "elapsed_seconds": 3123.8382679659408,
      "storage": {
        "/tmp/rb-host-executor-v2/data": {
          "allocated_bytes_observed": 859463680,
          "files_observed": 2385,
          "raced_entries": 0,
          "complete": false,
          "filesystem_available_bytes": 1586003968,
          "filesystem_total_bytes": 50884108288
        }
      },
      "processes": [
        {
          "pid": 3595893,
          "start_ticks": 117933283,
          "complete": true,
          "rss_bytes": 239206400,
          "peak_rss_bytes": 268787712
        }
      ]
    },
    {
      "elapsed_seconds": 3154.7681825459003,
      "storage": {
        "/tmp/rb-host-executor-v2/data": {
          "allocated_bytes_observed": 872419328,
          "files_observed": 2385,
          "raced_entries": 0,
          "complete": false,
          "filesystem_available_bytes": 1572958208,
          "filesystem_total_bytes": 50884108288
        }
      },
      "processes": [
        {
          "pid": 3595893,
          "start_ticks": 117933283,
          "complete": true,
          "rss_bytes": 232546304,
          "peak_rss_bytes": 268787712
        }
      ]
    },
    {
      "elapsed_seconds": 3184.8819539579563,
      "storage": {
        "/tmp/rb-host-executor-v2/data": {
          "allocated_bytes_observed": 842723328,
          "files_observed": 2385,
          "raced_entries": 0,
          "complete": false,
          "filesystem_available_bytes": 1602523136,
          "filesystem_total_bytes": 50884108288
        }
      },
      "processes": [
        {
          "pid": 3595893,
          "start_ticks": 117933283,
          "complete": true,
          "rss_bytes": 233213952,
          "peak_rss_bytes": 268787712
        }
      ]
    },
    {
      "elapsed_seconds": 3215.8027180980425,
      "storage": {
        "/tmp/rb-host-executor-v2/data": {
          "allocated_bytes_observed": 856502272,
          "files_observed": 2385,
          "raced_entries": 0,
          "complete": false,
          "filesystem_available_bytes": 1588748288,
          "filesystem_total_bytes": 50884108288
        }
      },
      "processes": [
        {
          "pid": 3595893,
          "start_ticks": 117933283,
          "complete": true,
          "rss_bytes": 238645248,
          "peak_rss_bytes": 268787712
        }
      ]
    },
    {
      "elapsed_seconds": 3246.7532388248947,
      "storage": {
        "/tmp/rb-host-executor-v2/data": {
          "allocated_bytes_observed": 869892096,
          "files_observed": 2385,
          "raced_entries": 0,
          "complete": false,
          "filesystem_available_bytes": 1575292928,
          "filesystem_total_bytes": 50884108288
        }
      },
      "processes": [
        {
          "pid": 3595893,
          "start_ticks": 117933283,
          "complete": true,
          "rss_bytes": 239484928,
          "peak_rss_bytes": 268787712
        }
      ]
    },
    {
      "elapsed_seconds": 3277.709924543975,
      "storage": {
        "/tmp/rb-host-executor-v2/data": {
          "allocated_bytes_observed": 882405376,
          "files_observed": 2386,
          "raced_entries": 0,
          "complete": false,
          "filesystem_available_bytes": 1568829440,
          "filesystem_total_bytes": 50884108288
        }
      },
      "processes": [
        {
          "pid": 3595893,
          "start_ticks": 117933283,
          "complete": true,
          "rss_bytes": 240353280,
          "peak_rss_bytes": 268787712
        }
      ]
    },
    {
      "elapsed_seconds": 3308.617480118992,
      "storage": {
        "/tmp/rb-host-executor-v2/data": {
          "allocated_bytes_observed": 853696512,
          "files_observed": 2386,
          "raced_entries": 0,
          "complete": false,
          "filesystem_available_bytes": 1591230464,
          "filesystem_total_bytes": 50884108288
        }
      },
      "processes": [
        {
          "pid": 3595893,
          "start_ticks": 117933283,
          "complete": true,
          "rss_bytes": 238501888,
          "peak_rss_bytes": 268787712
        }
      ]
    },
    {
      "elapsed_seconds": 3339.5622006659396,
      "storage": {
        "/tmp/rb-host-executor-v2/data": {
          "allocated_bytes_observed": 867258368,
          "files_observed": 2387,
          "raced_entries": 0,
          "complete": false,
          "filesystem_available_bytes": 1577689088,
          "filesystem_total_bytes": 50884108288
        }
      },
      "processes": [
        {
          "pid": 3595893,
          "start_ticks": 117933283,
          "complete": true,
          "rss_bytes": 240189440,
          "peak_rss_bytes": 269168640
        }
      ]
    },
    {
      "elapsed_seconds": 3370.527600381989,
      "storage": {
        "/tmp/rb-host-executor-v2/data": {
          "allocated_bytes_observed": 880201728,
          "files_observed": 2387,
          "raced_entries": 0,
          "complete": false,
          "filesystem_available_bytes": 1566978048,
          "filesystem_total_bytes": 50884108288
        }
      },
      "processes": [
        {
          "pid": 3595893,
          "start_ticks": 117933283,
          "complete": true,
          "rss_bytes": 240279552,
          "peak_rss_bytes": 269168640
        }
      ]
    },
    {
      "elapsed_seconds": 3401.533497574972,
      "storage": {
        "/tmp/rb-host-executor-v2/data": {
          "allocated_bytes_observed": 850939904,
          "files_observed": 2388,
          "raced_entries": 0,
          "complete": false,
          "filesystem_available_bytes": 1596174336,
          "filesystem_total_bytes": 50884108288
        }
      },
      "processes": [
        {
          "pid": 3595893,
          "start_ticks": 117933283,
          "complete": true,
          "rss_bytes": 240898048,
          "peak_rss_bytes": 270278656
        }
      ]
    },
    {
      "elapsed_seconds": 3432.495504085906,
      "storage": {
        "/tmp/rb-host-executor-v2/data": {
          "allocated_bytes_observed": 864432128,
          "files_observed": 2388,
          "raced_entries": 0,
          "complete": false,
          "filesystem_available_bytes": 1580302336,
          "filesystem_total_bytes": 50884108288
        }
      },
      "processes": [
        {
          "pid": 3595893,
          "start_ticks": 117933283,
          "complete": true,
          "rss_bytes": 237039616,
          "peak_rss_bytes": 270278656
        }
      ]
    },
    {
      "elapsed_seconds": 3463.5257131489925,
      "storage": {
        "/tmp/rb-host-executor-v2/data": {
          "allocated_bytes_observed": 878059520,
          "files_observed": 2389,
          "raced_entries": 0,
          "complete": false,
          "filesystem_available_bytes": 1566605312,
          "filesystem_total_bytes": 50884108288
        }
      },
      "processes": [
        {
          "pid": 3595893,
          "start_ticks": 117933283,
          "complete": true,
          "rss_bytes": 240332800,
          "peak_rss_bytes": 270278656
        }
      ]
    },
    {
      "elapsed_seconds": 3493.527662581997,
      "storage": {
        "/tmp/rb-host-executor-v2/data": {
          "allocated_bytes_observed": 848252928,
          "files_observed": 2389,
          "raced_entries": 0,
          "complete": false,
          "filesystem_available_bytes": 1596334080,
          "filesystem_total_bytes": 50884108288
        }
      },
      "processes": [
        {
          "pid": 3595893,
          "start_ticks": 117933283,
          "complete": true,
          "rss_bytes": 241094656,
          "peak_rss_bytes": 270278656
        }
      ]
    },
    {
      "elapsed_seconds": 3524.4253717190586,
      "storage": {
        "/tmp/rb-host-executor-v2/data": {
          "allocated_bytes_observed": 861224960,
          "files_observed": 2390,
          "raced_entries": 0,
          "complete": false,
          "filesystem_available_bytes": 1584824320,
          "filesystem_total_bytes": 50884108288
        }
      },
      "processes": [
        {
          "pid": 3595893,
          "start_ticks": 117933283,
          "complete": true,
          "rss_bytes": 241766400,
          "peak_rss_bytes": 270630912
        }
      ]
    },
    {
      "elapsed_seconds": 3555.3567092369776,
      "storage": {
        "/tmp/rb-host-executor-v2/data": {
          "allocated_bytes_observed": 874598400,
          "files_observed": 2390,
          "raced_entries": 0,
          "complete": false,
          "filesystem_available_bytes": 1569845248,
          "filesystem_total_bytes": 50884108288
        }
      },
      "processes": [
        {
          "pid": 3595893,
          "start_ticks": 117933283,
          "complete": true,
          "rss_bytes": 235470848,
          "peak_rss_bytes": 270630912
        }
      ]
    },
    {
      "elapsed_seconds": 3586.3636086708866,
      "storage": {
        "/tmp/rb-host-executor-v2/data": {
          "allocated_bytes_observed": 845688832,
          "files_observed": 2390,
          "raced_entries": 0,
          "complete": false,
          "filesystem_available_bytes": 1598685184,
          "filesystem_total_bytes": 50884108288
        }
      },
      "processes": [
        {
          "pid": 3595893,
          "start_ticks": 117933283,
          "complete": true,
          "rss_bytes": 240865280,
          "peak_rss_bytes": 270630912
        }
      ]
    }
  ],
  "cleanup_failed_submissions": []
}
