0/1,000 unique accepted successes in 0.03s (0.0/s whole run); 0 failures, 0 retries
runtime runc; commands unknown; queued 1000, held 0; recent unknown/s over unknowns
application 200 in 12.58ms
0/1,000 unique accepted successes in 1.10s (0.0/s whole run); 0 failures, 0 retries
runtime runc; commands unknown; queued 0, held 1000; recent 0.0/s over 1.066019274s
application 200 in 1.03ms
0/1,000 unique accepted successes in 2.18s (0.0/s whole run); 0 failures, 0 retries
runtime runc; commands unknown; queued 0, held 1000; recent 0.0/s over 1.079841622s
application 200 in 2.22ms
0/1,000 unique accepted successes in 3.30s (0.0/s whole run); 0 failures, 0 retries
runtime runc; commands unknown; queued 0, held 1000; recent 0.0/s over 1.114212115s
application 200 in 2.24ms
0/1,000 unique accepted successes in 4.40s (0.0/s whole run); 0 failures, 0 retries
runtime runc; commands unknown; queued 0, held 1000; recent 0.0/s over 1.105625382s
application 200 in 0.63ms
0/1,000 unique accepted successes in 5.49s (0.0/s whole run); 0 failures, 0 retries
runtime runc; commands unknown; queued 0, held 1000; recent 0.0/s over 1.094637499s
application 200 in 2.46ms
0/1,000 unique accepted successes in 6.58s (0.0/s whole run); 0 failures, 0 retries
runtime runc; commands unknown; queued 0, held 1000; recent 0.0/s over 1.089268429s
application 200 in 0.83ms
0/1,000 unique accepted successes in 7.66s (0.0/s whole run); 0 failures, 0 retries
runtime runc; commands unknown; queued 0, held 1000; recent 0.0/s over 1.076950823s
application 200 in 3.46ms
0/1,000 unique accepted successes in 8.78s (0.0/s whole run); 0 failures, 0 retries
runtime runc; commands unknown; queued 0, held 1000; recent 0.0/s over 1.116589287s
application 200 in 0.58ms
0/1,000 unique accepted successes in 9.89s (0.0/s whole run); 0 failures, 0 retries
runtime runc; commands unknown; queued 0, held 1000; recent 0.0/s over 1.109238362s
application 200 in 1.13ms
0/1,000 unique accepted successes in 11.00s (0.0/s whole run); 0 failures, 0 retries
runtime runc; commands unknown; queued 0, held 1000; recent 0.0/s over 1.110747157s
application 200 in 1.64ms
0/1,000 unique accepted successes in 12.11s (0.0/s whole run); 0 failures, 0 retries
runtime runc; commands unknown; queued 0, held 1000; recent 0.0/s over 1.10218101s
application 200 in 1.62ms
0/1,000 unique accepted successes in 13.26s (0.0/s whole run); 0 failures, 0 retries
runtime runc; commands unknown; queued 0, held 1000; recent 0.0/s over 1.157737686s
application 200 in 1.84ms
0/1,000 unique accepted successes in 14.40s (0.0/s whole run); 0 failures, 0 retries
runtime runc; commands unknown; queued 0, held 1000; recent 0.0/s over 1.13662511s
application 200 in 1.00ms
0/1,000 unique accepted successes in 15.49s (0.0/s whole run); 0 failures, 0 retries
runtime runc; commands unknown; queued 0, held 1000; recent 0.0/s over 1.087225975s
application 200 in 1.45ms
0/1,000 unique accepted successes in 16.64s (0.0/s whole run); 0 failures, 0 retries
runtime runc; commands unknown; queued 0, held 1000; recent 0.0/s over 1.152723844s
application 200 in 0.93ms
0/1,000 unique accepted successes in 17.74s (0.0/s whole run); 0 failures, 0 retries
runtime runc; commands unknown; queued 0, held 1000; recent 0.0/s over 1.107189502s
application 200 in 0.72ms
0/1,000 unique accepted successes in 18.84s (0.0/s whole run); 0 failures, 0 retries
runtime runc; commands unknown; queued 0, held 1000; recent 0.0/s over 1.096957462s
application 200 in 0.57ms
0/1,000 unique accepted successes in 19.93s (0.0/s whole run); 0 failures, 0 retries
runtime runc; commands unknown; queued 0, held 1000; recent 0.0/s over 1.093385037s
application 200 in 0.63ms
0/1,000 unique accepted successes in 21.04s (0.0/s whole run); 0 failures, 0 retries
runtime runc; commands unknown; queued 0, held 1000; recent 0.0/s over 1.115053635s
application 200 in 0.59ms
0/1,000 unique accepted successes in 22.17s (0.0/s whole run); 0 failures, 0 retries
runtime runc; commands unknown; queued 0, held 1000; recent 0.0/s over 1.129573446s
application 200 in 1.40ms
0/1,000 unique accepted successes in 23.26s (0.0/s whole run); 0 failures, 0 retries
runtime runc; commands unknown; queued 0, held 1000; recent 0.0/s over 1.083648937s
application 200 in 1.28ms
0/1,000 unique accepted successes in 24.40s (0.0/s whole run); 0 failures, 0 retries
runtime runc; commands unknown; queued 0, held 1000; recent 0.0/s over 1.138491268s
application 200 in 0.84ms
0/1,000 unique accepted successes in 25.51s (0.0/s whole run); 0 failures, 0 retries
runtime runc; commands unknown; queued 0, held 1000; recent 0.0/s over 1.103205208s
application 200 in 3.42ms
0/1,000 unique accepted successes in 26.60s (0.0/s whole run); 0 failures, 0 retries
runtime runc; commands unknown; queued 0, held 1000; recent 0.0/s over 1.10223581s
application 200 in 0.59ms
0/1,000 unique accepted successes in 27.69s (0.0/s whole run); 0 failures, 0 retries
runtime runc; commands unknown; queued 0, held 1000; recent 0.0/s over 1.088438692s
application 200 in 2.08ms
0/1,000 unique accepted successes in 28.80s (0.0/s whole run); 0 failures, 0 retries
runtime runc; commands unknown; queued 0, held 1000; recent 0.0/s over 1.10139082s
application 200 in 2.29ms
0/1,000 unique accepted successes in 29.92s (0.0/s whole run); 0 failures, 0 retries
runtime runc; commands unknown; queued 0, held 1000; recent 0.0/s over 1.128845271s
application 200 in 0.68ms
0/1,000 unique accepted successes in 31.05s (0.0/s whole run); 0 failures, 0 retries
runtime runc; commands unknown; queued 0, held 1000; recent 0.0/s over 1.112862878s
application 200 in 0.76ms
0/1,000 unique accepted successes in 32.15s (0.0/s whole run); 0 failures, 0 retries
runtime runc; commands unknown; queued 0, held 1000; recent 0.0/s over 1.115809939s
application 200 in 0.67ms
0/1,000 unique accepted successes in 33.27s (0.0/s whole run); 0 failures, 0 retries
runtime runc; commands unknown; queued 0, held 1000; recent 0.0/s over 1.111174627s
application 200 in 1.70ms
0/1,000 unique accepted successes in 34.39s (0.0/s whole run); 0 failures, 0 retries
runtime runc; commands unknown; queued 0, held 1000; recent 0.0/s over 1.10790508s
application 200 in 0.60ms
0/1,000 unique accepted successes in 35.49s (0.0/s whole run); 0 failures, 0 retries
runtime runc; commands unknown; queued 0, held 1000; recent 0.0/s over 1.116100407s
application 200 in 0.75ms
0/1,000 unique accepted successes in 36.57s (0.0/s whole run); 0 failures, 0 retries
runtime runc; commands unknown; queued 0, held 1000; recent 0.0/s over 1.082781371s
application 200 in 0.76ms
0/1,000 unique accepted successes in 37.68s (0.0/s whole run); 0 failures, 0 retries
runtime runc; commands unknown; queued 0, held 1000; recent 0.0/s over 1.104870847s
application 200 in 2.91ms
0/1,000 unique accepted successes in 38.78s (0.0/s whole run); 0 failures, 0 retries
runtime runc; commands unknown; queued 0, held 1000; recent 0.0/s over 1.100946252s
application 200 in 2.74ms
0/1,000 unique accepted successes in 39.91s (0.0/s whole run); 0 failures, 0 retries
runtime runc; commands unknown; queued 0, held 1000; recent 0.0/s over 1.131414273s
application 200 in 0.59ms
0/1,000 unique accepted successes in 41.02s (0.0/s whole run); 0 failures, 0 retries
runtime runc; commands unknown; queued 0, held 1000; recent 0.0/s over 1.104641226s
application 200 in 0.90ms
0/1,000 unique accepted successes in 42.12s (0.0/s whole run); 0 failures, 0 retries
runtime runc; commands unknown; queued 0, held 1000; recent 0.0/s over 1.101122136s
application 200 in 0.71ms
0/1,000 unique accepted successes in 43.27s (0.0/s whole run); 0 failures, 0 retries
runtime runc; commands unknown; queued 0, held 1000; recent 0.0/s over 1.133108463s
application 200 in 3.39ms
0/1,000 unique accepted successes in 44.37s (0.0/s whole run); 0 failures, 0 retries
runtime runc; commands unknown; queued 0, held 1000; recent 0.0/s over 1.126605632s
application 200 in 0.76ms
0/1,000 unique accepted successes in 45.51s (0.0/s whole run); 0 failures, 0 retries
runtime runc; commands unknown; queued 0, held 1000; recent 0.0/s over 1.128115554s
application 200 in 1.73ms
0/1,000 unique accepted successes in 46.59s (0.0/s whole run); 0 failures, 0 retries
runtime runc; commands unknown; queued 0, held 1000; recent 0.0/s over 1.094555019s
application 200 in 2.62ms
0/1,000 unique accepted successes in 47.71s (0.0/s whole run); 0 failures, 0 retries
runtime runc; commands unknown; queued 0, held 1000; recent 0.0/s over 1.10496441s
application 200 in 5.91ms
0/1,000 unique accepted successes in 48.82s (0.0/s whole run); 0 failures, 0 retries
runtime runc; commands unknown; queued 0, held 1000; recent 0.0/s over 1.11895988s
application 200 in 0.67ms
0/1,000 unique accepted successes in 49.91s (0.0/s whole run); 0 failures, 0 retries
runtime runc; commands unknown; queued 0, held 1000; recent 0.0/s over 1.089941437s
application 200 in 1.12ms
0/1,000 unique accepted successes in 51.03s (0.0/s whole run); 0 failures, 0 retries
runtime runc; commands unknown; queued 0, held 1000; recent 0.0/s over 1.119320612s
application 200 in 0.56ms
0/1,000 unique accepted successes in 52.15s (0.0/s whole run); 0 failures, 0 retries
runtime runc; commands unknown; queued 0, held 1000; recent 0.0/s over 1.10899774s
application 200 in 1.08ms
0/1,000 unique accepted successes in 53.24s (0.0/s whole run); 0 failures, 0 retries
runtime runc; commands unknown; queued 0, held 1000; recent 0.0/s over 1.09810928s
application 200 in 1.16ms
0/1,000 unique accepted successes in 54.35s (0.0/s whole run); 0 failures, 0 retries
runtime runc; commands unknown; queued 0, held 1000; recent 0.0/s over 1.117625225s
application 200 in 0.47ms
0/1,000 unique accepted successes in 55.50s (0.0/s whole run); 0 failures, 0 retries
runtime runc; commands unknown; queued 0, held 1000; recent 0.0/s over 1.137309921s
application 200 in 3.18ms
0/1,000 unique accepted successes in 56.59s (0.0/s whole run); 0 failures, 0 retries
runtime runc; commands unknown; queued 0, held 1000; recent 0.0/s over 1.092716524s
application 200 in 0.61ms
0/1,000 unique accepted successes in 57.69s (0.0/s whole run); 0 failures, 0 retries
runtime runc; commands unknown; queued 0, held 1000; recent 0.0/s over 1.106871578s
application 200 in 0.96ms
0/1,000 unique accepted successes in 58.80s (0.0/s whole run); 0 failures, 0 retries
runtime runc; commands unknown; queued 0, held 1000; recent 0.0/s over 1.111704409s
application 200 in 0.71ms
0/1,000 unique accepted successes in 59.93s (0.0/s whole run); 0 failures, 0 retries
runtime runc; commands unknown; queued 0, held 1000; recent 0.0/s over 1.135406855s
application 200 in 0.58ms
0/1,000 unique accepted successes in 61.00s (0.0/s whole run); 0 failures, 0 retries
runtime runc; commands unknown; queued 0, held 1000; recent 0.0/s over 1.064009388s
application 200 in 0.47ms
0/1,000 unique accepted successes in 62.11s (0.0/s whole run); 0 failures, 0 retries
runtime runc; commands unknown; queued 0, held 1000; recent 0.0/s over 1.10254128s
application 200 in 2.36ms
0/1,000 unique accepted successes in 63.20s (0.0/s whole run); 0 failures, 0 retries
runtime runc; commands unknown; queued 0, held 1000; recent 0.0/s over 1.100488206s
application 200 in 0.64ms
0/1,000 unique accepted successes in 64.33s (0.0/s whole run); 0 failures, 0 retries
runtime runc; commands unknown; queued 0, held 1000; recent 0.0/s over 1.120791906s
application 200 in 1.86ms
0/1,000 unique accepted successes in 65.46s (0.0/s whole run); 0 failures, 0 retries
runtime runc; commands unknown; queued 0, held 1000; recent 0.0/s over 1.133961783s
application 200 in 0.80ms
0/1,000 unique accepted successes in 66.57s (0.0/s whole run); 0 failures, 0 retries
runtime runc; commands unknown; queued 0, held 1000; recent 0.0/s over 1.110750529s
application 200 in 2.55ms
0/1,000 unique accepted successes in 67.69s (0.0/s whole run); 0 failures, 0 retries
runtime runc; commands unknown; queued 0, held 1000; recent 0.0/s over 1.102880103s
application 200 in 2.89ms
0/1,000 unique accepted successes in 68.82s (0.0/s whole run); 0 failures, 0 retries
runtime runc; commands unknown; queued 0, held 1000; recent 0.0/s over 1.150717757s
application 200 in 1.39ms
0/1,000 unique accepted successes in 69.91s (0.0/s whole run); 0 failures, 0 retries
runtime runc; commands unknown; queued 0, held 1000; recent 0.0/s over 1.0814144s
application 200 in 0.89ms
0/1,000 unique accepted successes in 71.01s (0.0/s whole run); 0 failures, 0 retries
runtime runc; commands unknown; queued 0, held 1000; recent 0.0/s over 1.109041801s
application 200 in 0.82ms
0/1,000 unique accepted successes in 72.14s (0.0/s whole run); 0 failures, 0 retries
runtime runc; commands unknown; queued 0, held 1000; recent 0.0/s over 1.124683285s
application 200 in 2.95ms
0/1,000 unique accepted successes in 73.25s (0.0/s whole run); 0 failures, 0 retries
runtime runc; commands unknown; queued 0, held 1000; recent 0.0/s over 1.113076446s
application 200 in 0.56ms
0/1,000 unique accepted successes in 74.36s (0.0/s whole run); 0 failures, 0 retries
runtime runc; commands unknown; queued 0, held 1000; recent 0.0/s over 1.110952579s
application 200 in 1.28ms
0/1,000 unique accepted successes in 75.48s (0.0/s whole run); 0 failures, 0 retries
runtime runc; commands unknown; queued 0, held 1000; recent 0.0/s over 1.099124113s
application 200 in 0.99ms
0/1,000 unique accepted successes in 76.57s (0.0/s whole run); 0 failures, 0 retries
runtime runc; commands unknown; queued 0, held 1000; recent 0.0/s over 1.107372395s
application 200 in 0.69ms
0/1,000 unique accepted successes in 77.69s (0.0/s whole run); 0 failures, 0 retries
runtime runc; commands unknown; queued 0, held 1000; recent 0.0/s over 1.115368884s
application 200 in 1.06ms
0/1,000 unique accepted successes in 78.80s (0.0/s whole run); 0 failures, 0 retries
runtime runc; commands unknown; queued 0, held 1000; recent 0.0/s over 1.12081243s
application 200 in 0.87ms
0/1,000 unique accepted successes in 79.91s (0.0/s whole run); 0 failures, 0 retries
runtime runc; commands unknown; queued 0, held 1000; recent 0.0/s over 1.101251175s
application 200 in 0.62ms
0/1,000 unique accepted successes in 81.00s (0.0/s whole run); 0 failures, 0 retries
runtime runc; commands unknown; queued 0, held 1000; recent 0.0/s over 1.089602587s
application 200 in 1.24ms
0/1,000 unique accepted successes in 82.12s (0.0/s whole run); 0 failures, 0 retries
runtime runc; commands unknown; queued 0, held 1000; recent 0.0/s over 1.123543925s
application 200 in 1.74ms
0/1,000 unique accepted successes in 83.26s (0.0/s whole run); 0 failures, 0 retries
runtime runc; commands unknown; queued 0, held 1000; recent 0.0/s over 1.122505611s
application 200 in 0.66ms
0/1,000 unique accepted successes in 84.36s (0.0/s whole run); 0 failures, 0 retries
runtime runc; commands unknown; queued 0, held 1000; recent 0.0/s over 1.113185422s
application 200 in 0.88ms
0/1,000 unique accepted successes in 85.51s (0.0/s whole run); 0 failures, 0 retries
runtime runc; commands unknown; queued 0, held 1000; recent 0.0/s over 1.152985402s
application 200 in 1.22ms
0/1,000 unique accepted successes in 86.63s (0.0/s whole run); 0 failures, 0 retries
runtime runc; commands unknown; queued 0, held 1000; recent 0.0/s over 1.111757385s
application 200 in 1.46ms
0/1,000 unique accepted successes in 87.70s (0.0/s whole run); 0 failures, 0 retries
runtime runc; commands unknown; queued 0, held 1000; recent 0.0/s over 1.08344146s
application 200 in 1.16ms
0/1,000 unique accepted successes in 88.80s (0.0/s whole run); 0 failures, 0 retries
runtime runc; commands unknown; queued 0, held 1000; recent 0.0/s over 1.093341176s
application 200 in 0.77ms
0/1,000 unique accepted successes in 89.88s (0.0/s whole run); 0 failures, 0 retries
runtime runc; commands unknown; queued 0, held 1000; recent 0.0/s over 1.0828441s
application 200 in 0.90ms
0/1,000 unique accepted successes in 90.97s (0.0/s whole run); 0 failures, 0 retries
runtime runc; commands unknown; queued 0, held 1000; recent 0.0/s over 1.093225822s
application 200 in 0.61ms
0/1,000 unique accepted successes in 92.06s (0.0/s whole run); 0 failures, 0 retries
runtime runc; commands unknown; queued 0, held 1000; recent 0.0/s over 1.090064029s
application 200 in 0.50ms
0/1,000 unique accepted successes in 93.16s (0.0/s whole run); 0 failures, 0 retries
runtime runc; commands unknown; queued 0, held 1000; recent 0.0/s over 1.086874819s
application 200 in 0.79ms
0/1,000 unique accepted successes in 94.27s (0.0/s whole run); 0 failures, 0 retries
runtime runc; commands unknown; queued 0, held 1000; recent 0.0/s over 1.118618798s
application 200 in 1.56ms
0/1,000 unique accepted successes in 95.40s (0.0/s whole run); 0 failures, 0 retries
runtime runc; commands unknown; queued 0, held 1000; recent 0.0/s over 1.130926497s
application 200 in 0.58ms
0/1,000 unique accepted successes in 96.49s (0.0/s whole run); 0 failures, 0 retries
runtime runc; commands unknown; queued 0, held 1000; recent 0.0/s over 1.093991402s
application 200 in 0.58ms
0/1,000 unique accepted successes in 97.57s (0.0/s whole run); 0 failures, 0 retries
runtime runc; commands unknown; queued 0, held 1000; recent 0.0/s over 1.073819313s
application 200 in 1.47ms
0/1,000 unique accepted successes in 98.72s (0.0/s whole run); 0 failures, 0 retries
runtime runc; commands unknown; queued 0, held 1000; recent 0.0/s over 1.149631196s
application 200 in 2.20ms
0/1,000 unique accepted successes in 99.80s (0.0/s whole run); 0 failures, 0 retries
runtime runc; commands unknown; queued 0, held 1000; recent 0.0/s over 1.075742604s
application 200 in 1.76ms
0/1,000 unique accepted successes in 100.88s (0.0/s whole run); 0 failures, 0 retries
runtime runc; commands unknown; queued 0, held 1000; recent 0.0/s over 1.083360755s
application 200 in 0.62ms
0/1,000 unique accepted successes in 102.00s (0.0/s whole run); 0 failures, 0 retries
runtime runc; commands unknown; queued 0, held 1000; recent 0.0/s over 1.109075213s
application 200 in 1.86ms
0/1,000 unique accepted successes in 103.09s (0.0/s whole run); 0 failures, 0 retries
runtime runc; commands unknown; queued 0, held 1000; recent 0.0/s over 1.102448385s
application 200 in 1.59ms
0/1,000 unique accepted successes in 104.20s (0.0/s whole run); 0 failures, 0 retries
runtime runc; commands unknown; queued 0, held 1000; recent 0.0/s over 1.114289453s
application 200 in 1.33ms
0/1,000 unique accepted successes in 105.34s (0.0/s whole run); 0 failures, 0 retries
runtime runc; commands unknown; queued 0, held 1000; recent 0.0/s over 1.13061144s
application 200 in 0.83ms
0/1,000 unique accepted successes in 106.46s (0.0/s whole run); 0 failures, 0 retries
runtime runc; commands unknown; queued 0, held 1000; recent 0.0/s over 1.127609983s
application 200 in 0.87ms
0/1,000 unique accepted successes in 107.58s (0.0/s whole run); 0 failures, 0 retries
runtime runc; commands unknown; queued 0, held 1000; recent 0.0/s over 1.118115544s
application 200 in 0.97ms
0/1,000 unique accepted successes in 108.72s (0.0/s whole run); 0 failures, 0 retries
runtime runc; commands unknown; queued 0, held 1000; recent 0.0/s over 1.123323377s
application 200 in 3.20ms
0/1,000 unique accepted successes in 109.80s (0.0/s whole run); 0 failures, 0 retries
runtime runc; commands unknown; queued 0, held 1000; recent 0.0/s over 1.103616253s
application 200 in 0.54ms
0/1,000 unique accepted successes in 110.95s (0.0/s whole run); 0 failures, 0 retries
runtime runc; commands unknown; queued 0, held 1000; recent 0.0/s over 1.138587802s
application 200 in 2.80ms
0/1,000 unique accepted successes in 112.08s (0.0/s whole run); 0 failures, 0 retries
runtime runc; commands unknown; queued 0, held 1000; recent 0.0/s over 1.129469158s
application 200 in 0.67ms
0/1,000 unique accepted successes in 113.22s (0.0/s whole run); 0 failures, 0 retries
runtime runc; commands unknown; queued 0, held 1000; recent 0.0/s over 1.147724663s
application 200 in 0.51ms
0/1,000 unique accepted successes in 114.32s (0.0/s whole run); 0 failures, 0 retries
runtime runc; commands unknown; queued 0, held 1000; recent 0.0/s over 1.09786282s
application 200 in 0.57ms
0/1,000 unique accepted successes in 115.42s (0.0/s whole run); 0 failures, 0 retries
runtime runc; commands unknown; queued 0, held 1000; recent 0.0/s over 1.087871211s
application 200 in 0.84ms
0/1,000 unique accepted successes in 116.51s (0.0/s whole run); 0 failures, 0 retries
runtime runc; commands unknown; queued 0, held 1000; recent 0.0/s over 1.101754006s
application 200 in 0.60ms
0/1,000 unique accepted successes in 117.62s (0.0/s whole run); 0 failures, 0 retries
runtime runc; commands unknown; queued 0, held 1000; recent 0.0/s over 1.116868314s
application 200 in 0.67ms
0/1,000 unique accepted successes in 118.73s (0.0/s whole run); 0 failures, 0 retries
runtime runc; commands unknown; queued 0, held 1000; recent 0.0/s over 1.109110185s
application 200 in 0.68ms
0/1,000 unique accepted successes in 119.86s (0.0/s whole run); 0 failures, 0 retries
runtime runc; commands unknown; queued 0, held 1000; recent 0.0/s over 1.118726354s
application 200 in 2.72ms
0/1,000 unique accepted successes in 120.97s (0.0/s whole run); 0 failures, 0 retries
runtime runc; commands unknown; queued 0, held 1000; recent 0.0/s over 1.114325384s
application 200 in 1.39ms
0/1,000 unique accepted successes in 122.05s (0.0/s whole run); 0 failures, 0 retries
runtime runc; commands unknown; queued 0, held 1000; recent 0.0/s over 1.084643495s
application 200 in 1.15ms
0/1,000 unique accepted successes in 123.17s (0.0/s whole run); 0 failures, 0 retries
runtime runc; commands unknown; queued 0, held 1000; recent 0.0/s over 1.116753429s
application 200 in 0.60ms
0/1,000 unique accepted successes in 124.24s (0.0/s whole run); 0 failures, 0 retries
runtime runc; commands unknown; queued 0, held 1000; recent 0.0/s over 1.073995912s
application 200 in 0.68ms
0/1,000 unique accepted successes in 125.36s (0.0/s whole run); 0 failures, 0 retries
runtime runc; commands unknown; queued 0, held 1000; recent 0.0/s over 1.116865577s
application 200 in 0.98ms
0/1,000 unique accepted successes in 126.44s (0.0/s whole run); 0 failures, 0 retries
runtime runc; commands unknown; queued 0, held 1000; recent 0.0/s over 1.086211014s
application 200 in 2.47ms
0/1,000 unique accepted successes in 127.57s (0.0/s whole run); 0 failures, 0 retries
runtime runc; commands unknown; queued 0, held 1000; recent 0.0/s over 1.126472986s
application 200 in 2.62ms
0/1,000 unique accepted successes in 128.66s (0.0/s whole run); 0 failures, 0 retries
runtime runc; commands unknown; queued 0, held 1000; recent 0.0/s over 1.087499425s
application 200 in 0.68ms
0/1,000 unique accepted successes in 129.77s (0.0/s whole run); 0 failures, 0 retries
runtime runc; commands unknown; queued 0, held 1000; recent 0.0/s over 1.108796208s
application 200 in 1.58ms
0/1,000 unique accepted successes in 130.85s (0.0/s whole run); 0 failures, 0 retries
runtime runc; commands unknown; queued 0, held 1000; recent 0.0/s over 1.082371689s
application 200 in 0.80ms
0/1,000 unique accepted successes in 131.96s (0.0/s whole run); 0 failures, 0 retries
runtime runc; commands unknown; queued 0, held 1000; recent 0.0/s over 1.110029576s
application 200 in 1.21ms
0/1,000 unique accepted successes in 133.08s (0.0/s whole run); 0 failures, 0 retries
runtime runc; commands unknown; queued 0, held 1000; recent 0.0/s over 1.116641799s
application 200 in 1.28ms
0/1,000 unique accepted successes in 134.20s (0.0/s whole run); 0 failures, 0 retries
runtime runc; commands unknown; queued 0, held 1000; recent 0.0/s over 1.113617467s
application 200 in 0.79ms
0/1,000 unique accepted successes in 135.34s (0.0/s whole run); 0 failures, 0 retries
runtime runc; commands unknown; queued 0, held 1000; recent 0.0/s over 1.149497893s
application 200 in 0.75ms
0/1,000 unique accepted successes in 136.45s (0.0/s whole run); 0 failures, 0 retries
runtime runc; commands unknown; queued 0, held 1000; recent 0.0/s over 1.105702495s
application 200 in 3.56ms
0/1,000 unique accepted successes in 137.55s (0.0/s whole run); 0 failures, 0 retries
runtime runc; commands unknown; queued 0, held 1000; recent 0.0/s over 1.105727402s
application 200 in 0.74ms
0/1,000 unique accepted successes in 138.66s (0.0/s whole run); 0 failures, 0 retries
runtime runc; commands unknown; queued 0, held 1000; recent 0.0/s over 1.105839769s
application 200 in 2.50ms
0/1,000 unique accepted successes in 139.74s (0.0/s whole run); 0 failures, 0 retries
runtime runc; commands unknown; queued 0, held 1000; recent 0.0/s over 1.082108776s
application 200 in 0.65ms
0/1,000 unique accepted successes in 140.86s (0.0/s whole run); 0 failures, 0 retries
runtime runc; commands unknown; queued 0, held 1000; recent 0.0/s over 1.118139162s
application 200 in 0.63ms
0/1,000 unique accepted successes in 141.98s (0.0/s whole run); 0 failures, 0 retries
runtime runc; commands unknown; queued 0, held 1000; recent 0.0/s over 1.116787181s
application 200 in 0.83ms
0/1,000 unique accepted successes in 143.08s (0.0/s whole run); 0 failures, 0 retries
runtime runc; commands unknown; queued 0, held 1000; recent 0.0/s over 1.10450651s
application 200 in 0.77ms
0/1,000 unique accepted successes in 144.20s (0.0/s whole run); 0 failures, 0 retries
runtime runc; commands unknown; queued 0, held 1000; recent 0.0/s over 1.122156047s
application 200 in 0.56ms
0/1,000 unique accepted successes in 145.30s (0.0/s whole run); 0 failures, 0 retries
runtime runc; commands unknown; queued 0, held 1000; recent 0.0/s over 1.101361834s
application 200 in 4.13ms
0/1,000 unique accepted successes in 146.41s (0.0/s whole run); 0 failures, 0 retries
runtime runc; commands unknown; queued 0, held 1000; recent 0.0/s over 1.098841884s
application 200 in 1.52ms
0/1,000 unique accepted successes in 147.52s (0.0/s whole run); 0 failures, 0 retries
runtime runc; commands unknown; queued 0, held 1000; recent 0.0/s over 1.11418469s
application 200 in 0.62ms
0/1,000 unique accepted successes in 148.63s (0.0/s whole run); 0 failures, 0 retries
runtime runc; commands unknown; queued 0, held 1000; recent 0.0/s over 1.107991246s
application 200 in 1.27ms
0/1,000 unique accepted successes in 149.76s (0.0/s whole run); 0 failures, 0 retries
runtime runc; commands unknown; queued 0, held 1000; recent 0.0/s over 1.131274047s
application 200 in 2.19ms
0/1,000 unique accepted successes in 150.87s (0.0/s whole run); 0 failures, 0 retries
runtime runc; commands unknown; queued 0, held 1000; recent 0.0/s over 1.114771085s
application 200 in 2.67ms
0/1,000 unique accepted successes in 152.04s (0.0/s whole run); 0 failures, 0 retries
runtime runc; commands unknown; queued 0, held 1000; recent 0.0/s over 1.156039476s
application 200 in 1.03ms
0/1,000 unique accepted successes in 153.12s (0.0/s whole run); 0 failures, 0 retries
runtime runc; commands unknown; queued 0, held 1000; recent 0.0/s over 1.095808215s
application 200 in 2.67ms
0/1,000 unique accepted successes in 154.24s (0.0/s whole run); 0 failures, 0 retries
runtime runc; commands unknown; queued 0, held 1000; recent 0.0/s over 1.118515592s
application 200 in 1.93ms
0/1,000 unique accepted successes in 155.33s (0.0/s whole run); 0 failures, 0 retries
runtime runc; commands unknown; queued 0, held 1000; recent 0.0/s over 1.082221815s
application 200 in 0.68ms
0/1,000 unique accepted successes in 156.43s (0.0/s whole run); 0 failures, 0 retries
runtime runc; commands unknown; queued 0, held 1000; recent 0.0/s over 1.108136806s
application 200 in 0.63ms
0/1,000 unique accepted successes in 157.57s (0.0/s whole run); 0 failures, 0 retries
runtime runc; commands unknown; queued 0, held 1000; recent 0.0/s over 1.125540674s
application 200 in 1.72ms
0/1,000 unique accepted successes in 158.69s (0.0/s whole run); 0 failures, 0 retries
runtime runc; commands unknown; queued 0, held 1000; recent 0.0/s over 1.122167299s
application 200 in 2.30ms
0/1,000 unique accepted successes in 159.80s (0.0/s whole run); 0 failures, 0 retries
runtime runc; commands unknown; queued 0, held 1000; recent 0.0/s over 1.112947659s
application 200 in 1.03ms
0/1,000 unique accepted successes in 160.89s (0.0/s whole run); 0 failures, 0 retries
runtime runc; commands unknown; queued 0, held 1000; recent 0.0/s over 1.093844215s
application 200 in 1.76ms
0/1,000 unique accepted successes in 161.99s (0.0/s whole run); 0 failures, 0 retries
runtime runc; commands unknown; queued 0, held 1000; recent 0.0/s over 1.107656423s
application 200 in 1.09ms
0/1,000 unique accepted successes in 163.09s (0.0/s whole run); 0 failures, 0 retries
runtime runc; commands unknown; queued 0, held 1000; recent 0.0/s over 1.096865601s
application 200 in 2.18ms
0/1,000 unique accepted successes in 164.19s (0.0/s whole run); 0 failures, 0 retries
runtime runc; commands unknown; queued 0, held 1000; recent 0.0/s over 1.093429476s
application 200 in 0.61ms
0/1,000 unique accepted successes in 165.29s (0.0/s whole run); 0 failures, 0 retries
runtime runc; commands unknown; queued 0, held 1000; recent 0.0/s over 1.0977088s
application 200 in 1.08ms
0/1,000 unique accepted successes in 166.42s (0.0/s whole run); 0 failures, 0 retries
runtime runc; commands unknown; queued 0, held 1000; recent 0.0/s over 1.141236583s
application 200 in 0.64ms
0/1,000 unique accepted successes in 167.54s (0.0/s whole run); 0 failures, 0 retries
runtime runc; commands unknown; queued 0, held 1000; recent 0.0/s over 1.117844683s
application 200 in 1.00ms
0/1,000 unique accepted successes in 168.64s (0.0/s whole run); 0 failures, 0 retries
runtime runc; commands unknown; queued 0, held 1000; recent 0.0/s over 1.096179925s
application 200 in 0.71ms
0/1,000 unique accepted successes in 169.73s (0.0/s whole run); 0 failures, 0 retries
runtime runc; commands unknown; queued 0, held 1000; recent 0.0/s over 1.0979896s
application 200 in 0.85ms
0/1,000 unique accepted successes in 170.84s (0.0/s whole run); 0 failures, 0 retries
runtime runc; commands unknown; queued 0, held 1000; recent 0.0/s over 1.109198282s
application 200 in 0.60ms
0/1,000 unique accepted successes in 171.94s (0.0/s whole run); 0 failures, 0 retries
runtime runc; commands unknown; queued 0, held 1000; recent 0.0/s over 1.09970689s
application 200 in 0.95ms
0/1,000 unique accepted successes in 173.01s (0.0/s whole run); 0 failures, 0 retries
runtime runc; commands unknown; queued 0, held 1000; recent 0.0/s over 1.070524811s
application 200 in 1.04ms
0/1,000 unique accepted successes in 174.14s (0.0/s whole run); 0 failures, 0 retries
runtime runc; commands unknown; queued 0, held 1000; recent 0.0/s over 1.115336647s
application 200 in 2.88ms
0/1,000 unique accepted successes in 175.26s (0.0/s whole run); 0 failures, 0 retries
runtime runc; commands unknown; queued 0, held 1000; recent 0.0/s over 1.130972662s
application 200 in 2.95ms
0/1,000 unique accepted successes in 176.37s (0.0/s whole run); 0 failures, 0 retries
runtime runc; commands unknown; queued 0, held 1000; recent 0.0/s over 1.109385238s
application 200 in 1.74ms
0/1,000 unique accepted successes in 177.50s (0.0/s whole run); 0 failures, 0 retries
runtime runc; commands unknown; queued 0, held 1000; recent 0.0/s over 1.133741754s
application 200 in 1.62ms
0/1,000 unique accepted successes in 178.62s (0.0/s whole run); 0 failures, 0 retries
runtime runc; commands unknown; queued 0, held 1000; recent 0.0/s over 1.112867087s
application 200 in 1.05ms
0/1,000 unique accepted successes in 179.71s (0.0/s whole run); 0 failures, 0 retries
runtime runc; commands unknown; queued 0, held 1000; recent 0.0/s over 1.093654562s
application 200 in 1.95ms
0/1,000 unique accepted successes in 180.81s (0.0/s whole run); 0 failures, 0 retries
runtime runc; commands unknown; queued 0, held 1000; recent 0.0/s over 1.100161366s
application 200 in 1.39ms
0/1,000 unique accepted successes in 181.93s (0.0/s whole run); 0 failures, 0 retries
runtime runc; commands unknown; queued 0, held 1000; recent 0.0/s over 1.119016286s
application 200 in 0.76ms
0/1,000 unique accepted successes in 183.05s (0.0/s whole run); 0 failures, 0 retries
runtime runc; commands unknown; queued 0, held 1000; recent 0.0/s over 1.121784428s
application 200 in 0.84ms
0/1,000 unique accepted successes in 184.15s (0.0/s whole run); 0 failures, 0 retries
runtime runc; commands unknown; queued 0, held 1000; recent 0.0/s over 1.093829487s
application 200 in 1.49ms
0/1,000 unique accepted successes in 185.23s (0.0/s whole run); 0 failures, 0 retries
runtime runc; commands unknown; queued 0, held 1000; recent 0.0/s over 1.091232663s
application 200 in 0.62ms
0/1,000 unique accepted successes in 186.33s (0.0/s whole run); 0 failures, 0 retries
runtime runc; commands unknown; queued 0, held 1000; recent 0.0/s over 1.092804835s
application 200 in 0.51ms
0/1,000 unique accepted successes in 187.44s (0.0/s whole run); 0 failures, 0 retries
runtime runc; commands unknown; queued 0, held 1000; recent 0.0/s over 1.10962457s
application 200 in 0.60ms
0/1,000 unique accepted successes in 188.54s (0.0/s whole run); 0 failures, 0 retries
runtime runc; commands unknown; queued 0, held 1000; recent 0.0/s over 1.092945195s
application 200 in 0.69ms
0/1,000 unique accepted successes in 189.66s (0.0/s whole run); 0 failures, 0 retries
runtime runc; commands unknown; queued 0, held 1000; recent 0.0/s over 1.118990682s
application 200 in 0.69ms
0/1,000 unique accepted successes in 190.76s (0.0/s whole run); 0 failures, 0 retries
runtime runc; commands unknown; queued 0, held 1000; recent 0.0/s over 1.115799269s
application 200 in 0.55ms
0/1,000 unique accepted successes in 191.84s (0.0/s whole run); 0 failures, 0 retries
runtime runc; commands unknown; queued 0, held 1000; recent 0.0/s over 1.075597464s
application 200 in 1.88ms
0/1,000 unique accepted successes in 192.94s (0.0/s whole run); 0 failures, 0 retries
runtime runc; commands unknown; queued 0, held 1000; recent 0.0/s over 1.097184243s
application 200 in 0.98ms
0/1,000 unique accepted successes in 194.04s (0.0/s whole run); 0 failures, 0 retries
runtime runc; commands unknown; queued 0, held 1000; recent 0.0/s over 1.098175827s
application 200 in 0.78ms
0/1,000 unique accepted successes in 195.17s (0.0/s whole run); 0 failures, 0 retries
runtime runc; commands unknown; queued 0, held 1000; recent 0.0/s over 1.13045083s
application 200 in 0.97ms
0/1,000 unique accepted successes in 196.29s (0.0/s whole run); 0 failures, 0 retries
runtime runc; commands unknown; queued 0, held 1000; recent 0.0/s over 1.124151303s
application 200 in 1.07ms
0/1,000 unique accepted successes in 197.41s (0.0/s whole run); 0 failures, 0 retries
runtime runc; commands unknown; queued 0, held 1000; recent 0.0/s over 1.108207395s
application 200 in 0.62ms
0/1,000 unique accepted successes in 198.52s (0.0/s whole run); 0 failures, 0 retries
runtime runc; commands unknown; queued 0, held 1000; recent 0.0/s over 1.110500158s
application 200 in 2.85ms
0/1,000 unique accepted successes in 199.63s (0.0/s whole run); 0 failures, 0 retries
runtime runc; commands unknown; queued 0, held 1000; recent 0.0/s over 1.101927737s
application 200 in 7.54ms
0/1,000 unique accepted successes in 200.76s (0.0/s whole run); 0 failures, 0 retries
runtime runc; commands unknown; queued 0, held 1000; recent 0.0/s over 1.139035699s
application 200 in 2.59ms
0/1,000 unique accepted successes in 201.89s (0.0/s whole run); 0 failures, 0 retries
runtime runc; commands unknown; queued 0, held 1000; recent 0.0/s over 1.119194256s
application 200 in 0.67ms
0/1,000 unique accepted successes in 203.05s (0.0/s whole run); 0 failures, 0 retries
runtime runc; commands unknown; queued 0, held 1000; recent 0.0/s over 1.165951142s
application 200 in 0.69ms
0/1,000 unique accepted successes in 204.15s (0.0/s whole run); 0 failures, 0 retries
runtime runc; commands unknown; queued 0, held 1000; recent 0.0/s over 1.107748548s
application 200 in 3.27ms
0/1,000 unique accepted successes in 205.28s (0.0/s whole run); 0 failures, 0 retries
runtime runc; commands unknown; queued 0, held 1000; recent 0.0/s over 1.130557293s
application 200 in 1.72ms
0/1,000 unique accepted successes in 206.40s (0.0/s whole run); 0 failures, 0 retries
runtime runc; commands unknown; queued 0, held 1000; recent 0.0/s over 1.119534015s
application 200 in 2.18ms
0/1,000 unique accepted successes in 207.50s (0.0/s whole run); 0 failures, 0 retries
runtime runc; commands unknown; queued 0, held 1000; recent 0.0/s over 1.107841481s
application 200 in 0.67ms
0/1,000 unique accepted successes in 208.62s (0.0/s whole run); 0 failures, 0 retries
runtime runc; commands unknown; queued 0, held 1000; recent 0.0/s over 1.124218168s
application 200 in 2.33ms
0/1,000 unique accepted successes in 209.74s (0.0/s whole run); 0 failures, 0 retries
runtime runc; commands unknown; queued 0, held 1000; recent 0.0/s over 1.11438715s
application 200 in 0.58ms
0/1,000 unique accepted successes in 210.85s (0.0/s whole run); 0 failures, 0 retries
runtime runc; commands unknown; queued 0, held 1000; recent 0.0/s over 1.107278701s
application 200 in 1.02ms
0/1,000 unique accepted successes in 211.97s (0.0/s whole run); 0 failures, 0 retries
runtime runc; commands unknown; queued 0, held 1000; recent 0.0/s over 1.120264647s
application 200 in 1.34ms
0/1,000 unique accepted successes in 213.08s (0.0/s whole run); 0 failures, 0 retries
runtime runc; commands unknown; queued 0, held 1000; recent 0.0/s over 1.105087914s
application 200 in 1.36ms
0/1,000 unique accepted successes in 214.19s (0.0/s whole run); 0 failures, 0 retries
runtime runc; commands unknown; queued 0, held 1000; recent 0.0/s over 1.116272093s
application 200 in 1.01ms
0/1,000 unique accepted successes in 215.35s (0.0/s whole run); 0 failures, 0 retries
runtime runc; commands unknown; queued 0, held 1000; recent 0.0/s over 1.158819352s
application 200 in 0.60ms
0/1,000 unique accepted successes in 216.44s (0.0/s whole run); 0 failures, 0 retries
runtime runc; commands unknown; queued 0, held 1000; recent 0.0/s over 1.088525778s
application 200 in 2.72ms
0/1,000 unique accepted successes in 217.52s (0.0/s whole run); 0 failures, 0 retries
runtime runc; commands unknown; queued 0, held 1000; recent 0.0/s over 1.088283392s
application 200 in 1.03ms
0/1,000 unique accepted successes in 218.63s (0.0/s whole run); 0 failures, 0 retries
runtime runc; commands unknown; queued 0, held 1000; recent 0.0/s over 1.105063622s
application 200 in 0.80ms
0/1,000 unique accepted successes in 219.78s (0.0/s whole run); 0 failures, 0 retries
runtime runc; commands unknown; queued 0, held 1000; recent 0.0/s over 1.149898362s
application 200 in 1.41ms
0/1,000 unique accepted successes in 220.89s (0.0/s whole run); 0 failures, 0 retries
runtime runc; commands unknown; queued 0, held 1000; recent 0.0/s over 1.111967045s
application 200 in 0.57ms
0/1,000 unique accepted successes in 222.03s (0.0/s whole run); 0 failures, 0 retries
runtime runc; commands unknown; queued 0, held 1000; recent 0.0/s over 1.128361271s
application 200 in 2.23ms
0/1,000 unique accepted successes in 223.16s (0.0/s whole run); 0 failures, 0 retries
runtime runc; commands unknown; queued 0, held 1000; recent 0.0/s over 1.116240359s
application 200 in 1.17ms
0/1,000 unique accepted successes in 224.28s (0.0/s whole run); 0 failures, 0 retries
runtime runc; commands unknown; queued 0, held 1000; recent 0.0/s over 1.136036449s
application 200 in 1.33ms
0/1,000 unique accepted successes in 225.39s (0.0/s whole run); 0 failures, 0 retries
runtime runc; commands unknown; queued 0, held 1000; recent 0.0/s over 1.115690504s
application 200 in 0.72ms
0/1,000 unique accepted successes in 226.47s (0.0/s whole run); 0 failures, 0 retries
runtime runc; commands unknown; queued 0, held 1000; recent 0.0/s over 1.078945617s
application 200 in 0.73ms
0/1,000 unique accepted successes in 227.56s (0.0/s whole run); 0 failures, 0 retries
runtime runc; commands unknown; queued 0, held 1000; recent 0.0/s over 1.08870624s
application 200 in 2.08ms
0/1,000 unique accepted successes in 228.69s (0.0/s whole run); 0 failures, 0 retries
runtime runc; commands unknown; queued 0, held 1000; recent 0.0/s over 1.130402115s
application 200 in 1.33ms
0/1,000 unique accepted successes in 229.79s (0.0/s whole run); 0 failures, 0 retries
runtime runc; commands unknown; queued 0, held 1000; recent 0.0/s over 1.099022903s
application 200 in 0.63ms
0/1,000 unique accepted successes in 230.89s (0.0/s whole run); 0 failures, 0 retries
runtime runc; commands unknown; queued 0, held 1000; recent 0.0/s over 1.094330477s
application 200 in 0.78ms
0/1,000 unique accepted successes in 231.96s (0.0/s whole run); 0 failures, 0 retries
runtime runc; commands unknown; queued 0, held 1000; recent 0.0/s over 1.084245085s
application 200 in 1.30ms
0/1,000 unique accepted successes in 233.07s (0.0/s whole run); 0 failures, 0 retries
runtime runc; commands unknown; queued 0, held 1000; recent 0.0/s over 1.11057936s
application 200 in 1.10ms
0/1,000 unique accepted successes in 234.16s (0.0/s whole run); 0 failures, 0 retries
runtime runc; commands unknown; queued 0, held 1000; recent 0.0/s over 1.085678249s
application 200 in 3.30ms
0/1,000 unique accepted successes in 235.28s (0.0/s whole run); 0 failures, 0 retries
runtime runc; commands unknown; queued 0, held 1000; recent 0.0/s over 1.112741363s
application 200 in 1.03ms
0/1,000 unique accepted successes in 236.41s (0.0/s whole run); 0 failures, 0 retries
runtime runc; commands unknown; queued 0, held 1000; recent 0.0/s over 1.125504805s
application 200 in 0.86ms
0/1,000 unique accepted successes in 237.51s (0.0/s whole run); 0 failures, 0 retries
runtime runc; commands unknown; queued 0, held 1000; recent 0.0/s over 1.11701447s
application 200 in 0.72ms
0/1,000 unique accepted successes in 238.60s (0.0/s whole run); 0 failures, 0 retries
runtime runc; commands unknown; queued 0, held 1000; recent 0.0/s over 1.087146356s
application 200 in 1.37ms
0/1,000 unique accepted successes in 239.72s (0.0/s whole run); 0 failures, 0 retries
runtime runc; commands unknown; queued 0, held 1000; recent 0.0/s over 1.115789943s
application 200 in 2.09ms
0/1,000 unique accepted successes in 240.82s (0.0/s whole run); 0 failures, 0 retries
runtime runc; commands unknown; queued 0, held 1000; recent 0.0/s over 1.097123016s
application 200 in 0.69ms
0/1,000 unique accepted successes in 241.92s (0.0/s whole run); 0 failures, 0 retries
runtime runc; commands unknown; queued 0, held 1000; recent 0.0/s over 1.102117303s
application 200 in 1.01ms
0/1,000 unique accepted successes in 243.01s (0.0/s whole run); 0 failures, 0 retries
runtime runc; commands unknown; queued 0, held 1000; recent 0.0/s over 1.086397736s
application 200 in 2.36ms
0/1,000 unique accepted successes in 244.18s (0.0/s whole run); 0 failures, 0 retries
runtime runc; commands unknown; queued 0, held 1000; recent 0.0/s over 1.173877271s
application 200 in 0.53ms
0/1,000 unique accepted successes in 245.29s (0.0/s whole run); 0 failures, 0 retries
runtime runc; commands unknown; queued 0, held 1000; recent 0.0/s over 1.117650337s
application 200 in 1.25ms
0/1,000 unique accepted successes in 246.39s (0.0/s whole run); 0 failures, 0 retries
runtime runc; commands unknown; queued 0, held 1000; recent 0.0/s over 1.095483544s
application 200 in 0.63ms
0/1,000 unique accepted successes in 247.48s (0.0/s whole run); 0 failures, 0 retries
runtime runc; commands unknown; queued 0, held 1000; recent 0.0/s over 1.094230526s
application 200 in 0.48ms
0/1,000 unique accepted successes in 248.55s (0.0/s whole run); 0 failures, 0 retries
runtime runc; commands unknown; queued 0, held 1000; recent 0.0/s over 1.072452822s
application 200 in 0.67ms
1,000/1,000 unique accepted successes in 249.62s (4.0/s whole run); 0 failures, 0 retries
runtime runc; commands 0; queued 0, held 0; recent 940.3955519606366/s over 1.063382316s
application 200 in 1.04ms
0/10,000 unique accepted successes in 0.03s (0.0/s whole run); 0 failures, 0 retries
runtime shared-runc; commands unknown; queued 10000, held 0; recent unknown/s over unknowns
application 200 in 12.71ms
0/10,000 unique accepted successes in 1.08s (0.0/s whole run); 0 failures, 0 retries
runtime shared-runc; commands 0; queued 8000, held 2000; recent 0.0/s over 1.050820277s
application 200 in 0.67ms
0/10,000 unique accepted successes in 2.12s (0.0/s whole run); 0 failures, 0 retries
runtime shared-runc; commands 0; queued 8000, held 2000; recent 0.0/s over 1.042760365s
application 200 in 0.59ms
0/10,000 unique accepted successes in 3.27s (0.0/s whole run); 0 failures, 0 retries
runtime shared-runc; commands 0; queued 8000, held 2000; recent 0.0/s over 1.134770896s
application 200 in 1.63ms
0/10,000 unique accepted successes in 4.43s (0.0/s whole run); 0 failures, 0 retries
runtime shared-runc; commands 0; queued 8000, held 2000; recent 0.0/s over 1.164332987s
application 200 in 0.64ms
0/10,000 unique accepted successes in 5.60s (0.0/s whole run); 0 failures, 0 retries
runtime shared-runc; commands 0; queued 8000, held 2000; recent 0.0/s over 1.171757711s
application 200 in 1.68ms
0/10,000 unique accepted successes in 6.74s (0.0/s whole run); 0 failures, 0 retries
runtime shared-runc; commands 1; queued 8000, held 2000; recent 0.0/s over 1.13633051s
application 200 in 0.95ms
0/10,000 unique accepted successes in 7.83s (0.0/s whole run); 0 failures, 0 retries
runtime shared-runc; commands 1; queued 8000, held 2000; recent 0.0/s over 1.093852454s
application 200 in 0.99ms
0/10,000 unique accepted successes in 8.91s (0.0/s whole run); 0 failures, 0 retries
runtime shared-runc; commands 12; queued 8000, held 2000; recent 0.0/s over 1.083402602s
application 200 in 0.56ms
1,000/10,000 unique accepted successes in 9.95s (100.5/s whole run); 0 failures, 0 retries
runtime shared-runc; commands 0; queued 7000, held 2000; recent 961.4790633958228/s over 1.040064249s
application 200 in 0.64ms
2,000/10,000 unique accepted successes in 11.07s (180.7/s whole run); 0 failures, 0 retries
runtime shared-runc; commands 0; queued 6000, held 2000; recent 897.5149473306097/s over 1.114187572s
application 200 in 1.75ms
4,000/10,000 unique accepted successes in 12.14s (329.5/s whole run); 0 failures, 0 retries
runtime shared-runc; commands 0; queued 4000, held 2000; recent 1856.288922074426/s over 1.077418486s
application 200 in 0.63ms
4,000/10,000 unique accepted successes in 13.20s (302.9/s whole run); 0 failures, 0 retries
runtime shared-runc; commands 0; queued 4000, held 2000; recent 0.0/s over 1.062625638s
application 200 in 1.62ms
4,000/10,000 unique accepted successes in 14.28s (280.2/s whole run); 0 failures, 0 retries
runtime shared-runc; commands 0; queued 4000, held 2000; recent 0.0/s over 1.074583072s
application 200 in 0.51ms
6,000/10,000 unique accepted successes in 15.32s (391.6/s whole run); 0 failures, 0 retries
runtime shared-runc; commands 0; queued 2000, held 2000; recent 1917.2939478873716/s over 1.043136866s
application 200 in 0.49ms
6,000/10,000 unique accepted successes in 16.42s (365.4/s whole run); 0 failures, 0 retries
runtime shared-runc; commands 0; queued 2000, held 2000; recent 0.0/s over 1.096284626s
application 200 in 0.80ms
7,000/10,000 unique accepted successes in 17.50s (400.1/s whole run); 0 failures, 0 retries
runtime shared-runc; commands 0; queued 1000, held 2000; recent 927.5746985412376/s over 1.07808029s
application 200 in 1.01ms
7,000/10,000 unique accepted successes in 18.55s (377.4/s whole run); 0 failures, 0 retries
runtime shared-runc; commands 0; queued 1000, held 2000; recent 0.0/s over 1.053371604s
application 200 in 0.68ms
9,000/10,000 unique accepted successes in 19.59s (459.4/s whole run); 0 failures, 0 retries
runtime shared-runc; commands 0; queued 0, held 1000; recent 1916.0049543174748/s over 1.043838637s
application 200 in 0.47ms
9,000/10,000 unique accepted successes in 20.64s (436.1/s whole run); 0 failures, 0 retries
runtime shared-runc; commands 0; queued 0, held 1000; recent 0.0/s over 1.048155378s
application 200 in 0.61ms
9,000/10,000 unique accepted successes in 21.69s (415.0/s whole run); 0 failures, 0 retries
runtime shared-runc; commands 0; queued 0, held 1000; recent 0.0/s over 1.04882546s
application 200 in 0.58ms
10,000/10,000 unique accepted successes in 22.73s (439.9/s whole run); 0 failures, 0 retries
runtime shared-runc; commands 0; queued 0, held 0; recent 955.4553036222264/s over 1.046621434s
application 200 in 0.51ms
0/500,000 unique accepted successes in 0.04s (0.0/s whole run); 0 failures, 0 retries
runtime process; commands unknown; queued 500000, held 0; recent unknown/s over unknowns
application 200 in 13.46ms
0/500,000 unique accepted successes in 1.10s (0.0/s whole run); 0 failures, 0 retries
runtime process; commands 0; queued 498000, held 2000; recent 0.0/s over 1.053324319s
application 200 in 0.59ms
0/500,000 unique accepted successes in 2.14s (0.0/s whole run); 0 failures, 0 retries
runtime process; commands 0; queued 498000, held 2000; recent 0.0/s over 1.044064647s
application 200 in 0.58ms
2,000/500,000 unique accepted successes in 3.23s (619.6/s whole run); 0 failures, 0 retries
runtime process; commands 0; queued 492000, held 6000; recent 1855.3737256938412/s over 1.077949942s
application 200 in 1.68ms
6,000/500,000 unique accepted successes in 4.30s (1393.8/s whole run); 0 failures, 0 retries
runtime process; commands 0; queued 487000, held 7000; recent 3697.3878668316697/s over 1.081844844s
application 200 in 0.98ms
8,000/500,000 unique accepted successes in 5.39s (1483.0/s whole run); 0 failures, 0 retries
runtime process; commands 0; queued 482000, held 10000; recent 1837.979755805403/s over 1.088151267s
application 200 in 0.69ms
13,000/500,000 unique accepted successes in 6.46s (2013.1/s whole run); 0 failures, 0 retries
runtime process; commands 0; queued 476000, held 11000; recent 4672.365834732151/s over 1.070121685s
application 200 in 1.00ms
18,000/500,000 unique accepted successes in 7.53s (2392.0/s whole run); 0 failures, 0 retries
runtime process; commands 0; queued 469000, held 13000; recent 4684.975667763683/s over 1.067241402s
application 200 in 0.63ms
24,000/500,000 unique accepted successes in 8.59s (2793.3/s whole run); 0 failures, 0 retries
runtime process; commands 0; queued 462000, held 14000; recent 5636.41375723357/s over 1.064506663s
application 200 in 0.70ms
31,000/500,000 unique accepted successes in 9.66s (3209.6/s whole run); 0 failures, 0 retries
runtime process; commands 0; queued 453000, held 16000; recent 6551.3239572457005/s over 1.068486316s
application 200 in 0.85ms
38,000/500,000 unique accepted successes in 10.73s (3542.5/s whole run); 0 failures, 0 retries
runtime process; commands 0; queued 446000, held 16000; recent 6548.487380943669/s over 1.068949147s
application 200 in 1.21ms
47,000/500,000 unique accepted successes in 11.78s (3988.5/s whole run); 0 failures, 0 retries
runtime process; commands 0; queued 437000, held 16000; recent 8513.755024582904/s over 1.057112869s
application 200 in 0.52ms
54,000/500,000 unique accepted successes in 12.82s (4210.9/s whole run); 0 failures, 0 retries
runtime process; commands 0; queued 430000, held 16000; recent 6736.900756214607/s over 1.039053454s
application 200 in 0.83ms
63,000/500,000 unique accepted successes in 13.89s (4536.9/s whole run); 0 failures, 0 retries
runtime process; commands 0; queued 421000, held 16000; recent 8464.748936788032/s over 1.063232952s
application 200 in 0.50ms
70,000/500,000 unique accepted successes in 14.93s (4687.8/s whole run); 0 failures, 0 retries
runtime process; commands 0; queued 414000, held 16000; recent 6695.958852904307/s over 1.045406663s
application 200 in 0.91ms
79,000/500,000 unique accepted successes in 16.00s (4938.5/s whole run); 0 failures, 0 retries
runtime process; commands 0; queued 405000, held 16000; recent 8453.462570345007/s over 1.064652493s
application 200 in 0.72ms
86,000/500,000 unique accepted successes in 17.04s (5047.4/s whole run); 0 failures, 0 retries
runtime process; commands 0; queued 398000, held 16000; recent 6714.916275483703/s over 1.042455291s
application 200 in 0.55ms
95,000/500,000 unique accepted successes in 18.09s (5252.7/s whole run); 0 failures, 0 retries
runtime process; commands 0; queued 389000, held 16000; recent 8596.88121025266/s over 1.046891283s
application 200 in 0.70ms
102,000/500,000 unique accepted successes in 19.13s (5331.4/s whole run); 0 failures, 0 retries
runtime process; commands 0; queued 382000, held 16000; recent 6691.941108509146/s over 1.04603431s
application 200 in 0.56ms
118,000/500,000 unique accepted successes in 20.18s (5848.0/s whole run); 0 failures, 0 retries
runtime process; commands 0; queued 366000, held 16000; recent 15299.720794056504/s over 1.045770718s
application 200 in 0.86ms
127,000/500,000 unique accepted successes in 21.24s (5978.7/s whole run); 0 failures, 0 retries
runtime process; commands 0; queued 357000, held 16000; recent 8470.879370448914/s over 1.062463483s
application 200 in 0.74ms
134,000/500,000 unique accepted successes in 22.30s (6009.9/s whole run); 0 failures, 0 retries
runtime process; commands 0; queued 350000, held 16000; recent 6630.075739607893/s over 1.055794877s
application 200 in 1.16ms
134,000/500,000 unique accepted successes in 23.36s (5737.4/s whole run); 0 failures, 0 retries
runtime process; commands 0; queued 350000, held 16000; recent 0.0/s over 1.059439944s
application 200 in 0.91ms
150,000/500,000 unique accepted successes in 24.44s (6137.6/s whole run); 0 failures, 0 retries
runtime process; commands 0; queued 334000, held 16000; recent 14775.002448910484/s over 1.082910142s
application 200 in 1.29ms
150,000/500,000 unique accepted successes in 25.50s (5883.2/s whole run); 0 failures, 0 retries
runtime process; commands 0; queued 334000, held 16000; recent 0.0/s over 1.057491789s
application 200 in 0.57ms
150,000/500,000 unique accepted successes in 26.56s (5647.0/s whole run); 0 failures, 0 retries
runtime process; commands 20; queued 334000, held 16000; recent 0.0/s over 1.066459569s
application 200 in 0.92ms
166,000/500,000 unique accepted successes in 27.64s (6006.4/s whole run); 0 failures, 0 retries
runtime process; commands 0; queued 318000, held 16000; recent 14898.122411607195/s over 1.073960836s
application 200 in 1.04ms
166,000/500,000 unique accepted successes in 28.69s (5785.8/s whole run); 0 failures, 0 retries
runtime process; commands 0; queued 318000, held 16000; recent 0.0/s over 1.053730445s
application 200 in 0.61ms
166,000/500,000 unique accepted successes in 29.75s (5579.7/s whole run); 0 failures, 0 retries
runtime process; commands 22; queued 318000, held 16000; recent 0.0/s over 1.061088294s
application 200 in 0.55ms
182,000/500,000 unique accepted successes in 30.81s (5907.2/s whole run); 0 failures, 0 retries
runtime process; commands 0; queued 302000, held 16000; recent 15133.771835885656/s over 1.057238088s
application 200 in 1.03ms
182,000/500,000 unique accepted successes in 31.87s (5711.2/s whole run); 0 failures, 0 retries
runtime process; commands 0; queued 302000, held 16000; recent 0.0/s over 1.057835045s
application 200 in 0.92ms
182,000/500,000 unique accepted successes in 32.93s (5526.1/s whole run); 0 failures, 0 retries
runtime process; commands 20; queued 302000, held 16000; recent 0.0/s over 1.067947835s
application 200 in 0.90ms
198,000/500,000 unique accepted successes in 33.99s (5824.7/s whole run); 0 failures, 0 retries
runtime process; commands 0; queued 286000, held 16000; recent 15122.727535970136/s over 1.058010201s
application 200 in 1.01ms
198,000/500,000 unique accepted successes in 35.05s (5649.1/s whole run); 0 failures, 0 retries
runtime process; commands 0; queued 286000, held 16000; recent 0.0/s over 1.056846559s
application 200 in 0.71ms
198,000/500,000 unique accepted successes in 36.12s (5481.7/s whole run); 0 failures, 0 retries
runtime process; commands 21; queued 286000, held 16000; recent 0.0/s over 1.071319887s
application 200 in 0.59ms
214,000/500,000 unique accepted successes in 37.20s (5752.8/s whole run); 0 failures, 0 retries
runtime process; commands 0; queued 270000, held 16000; recent 14872.22662206719/s over 1.075830836s
application 200 in 0.55ms
214,000/500,000 unique accepted successes in 38.27s (5592.3/s whole run); 0 failures, 0 retries
runtime process; commands 23; queued 270000, held 16000; recent 0.0/s over 1.070004822s
application 200 in 0.76ms
230,000/500,000 unique accepted successes in 39.35s (5845.1/s whole run); 0 failures, 0 retries
runtime process; commands 0; queued 254000, held 16000; recent 14784.975025280251/s over 1.082179711s
application 200 in 1.00ms
230,000/500,000 unique accepted successes in 40.41s (5691.8/s whole run); 0 failures, 0 retries
runtime process; commands 0; queued 254000, held 16000; recent 0.0/s over 1.058047164s
application 200 in 1.09ms
230,000/500,000 unique accepted successes in 41.48s (5545.3/s whole run); 0 failures, 0 retries
runtime process; commands 23; queued 254000, held 16000; recent 0.0/s over 1.069884926s
application 200 in 0.78ms
246,000/500,000 unique accepted successes in 42.55s (5781.5/s whole run); 0 failures, 0 retries
runtime process; commands 0; queued 238000, held 16000; recent 14924.505605673688/s over 1.072062313s
application 200 in 1.00ms
246,000/500,000 unique accepted successes in 43.61s (5641.0/s whole run); 0 failures, 0 retries
runtime process; commands 0; queued 238000, held 16000; recent 0.0/s over 1.059864952s
application 200 in 0.94ms
246,000/500,000 unique accepted successes in 44.68s (5506.1/s whole run); 0 failures, 0 retries
runtime process; commands 21; queued 238000, held 16000; recent 0.0/s over 1.067222175s
application 200 in 1.06ms
262,000/500,000 unique accepted successes in 45.75s (5727.0/s whole run); 0 failures, 0 retries
runtime process; commands 0; queued 222000, held 16000; recent 14931.205650463931/s over 1.071581249s
application 200 in 1.03ms
262,000/500,000 unique accepted successes in 46.80s (5598.1/s whole run); 0 failures, 0 retries
runtime process; commands 0; queued 222000, held 16000; recent 0.0/s over 1.053311835s
application 200 in 0.89ms
262,000/500,000 unique accepted successes in 47.86s (5474.5/s whole run); 0 failures, 0 retries
runtime process; commands 15; queued 222000, held 16000; recent 0.0/s over 1.058702625s
application 200 in 0.54ms
278,000/500,000 unique accepted successes in 48.92s (5683.2/s whole run); 0 failures, 0 retries
runtime process; commands 0; queued 206000, held 16000; recent 15141.043284805735/s over 1.056730352s
application 200 in 1.05ms
278,000/500,000 unique accepted successes in 49.98s (5562.6/s whole run); 0 failures, 0 retries
runtime process; commands 0; queued 206000, held 16000; recent 0.0/s over 1.059115825s
application 200 in 1.12ms
278,000/500,000 unique accepted successes in 51.05s (5445.6/s whole run); 0 failures, 0 retries
runtime process; commands 23; queued 206000, held 16000; recent 0.0/s over 1.074068489s
application 200 in 1.01ms
294,000/500,000 unique accepted successes in 52.11s (5642.4/s whole run); 0 failures, 0 retries
runtime process; commands 0; queued 190000, held 16000; recent 15142.528462379163/s over 1.056626708s
application 200 in 0.60ms
294,000/500,000 unique accepted successes in 53.15s (5531.1/s whole run); 0 failures, 0 retries
runtime process; commands 20; queued 190000, held 16000; recent 0.0/s over 1.048747217s
application 200 in 0.77ms
310,000/500,000 unique accepted successes in 54.22s (5717.7/s whole run); 0 failures, 0 retries
runtime process; commands 0; queued 174000, held 16000; recent 15047.18875982147/s over 1.063321545s
application 200 in 0.65ms
310,000/500,000 unique accepted successes in 55.28s (5607.6/s whole run); 0 failures, 0 retries
runtime process; commands 0; queued 174000, held 16000; recent 0.0/s over 1.061839485s
application 200 in 0.57ms
310,000/500,000 unique accepted successes in 56.34s (5502.0/s whole run); 0 failures, 0 retries
runtime process; commands 23; queued 174000, held 16000; recent 0.0/s over 1.062045022s
application 200 in 1.25ms
326,000/500,000 unique accepted successes in 57.42s (5677.6/s whole run); 0 failures, 0 retries
runtime process; commands 0; queued 158000, held 16000; recent 14868.279661650144/s over 1.076116428s
application 200 in 1.01ms
326,000/500,000 unique accepted successes in 58.47s (5575.2/s whole run); 0 failures, 0 retries
runtime process; commands 0; queued 158000, held 16000; recent 0.0/s over 1.055204493s
application 200 in 1.09ms
326,000/500,000 unique accepted successes in 59.53s (5475.8/s whole run); 0 failures, 0 retries
runtime process; commands 23; queued 158000, held 16000; recent 0.0/s over 1.062091712s
application 200 in 0.51ms
342,000/500,000 unique accepted successes in 60.61s (5642.8/s whole run); 0 failures, 0 retries
runtime process; commands 0; queued 142000, held 16000; recent 14926.316485884548/s over 1.071932249s
application 200 in 1.01ms
342,000/500,000 unique accepted successes in 61.66s (5546.2/s whole run); 0 failures, 0 retries
runtime process; commands 0; queued 142000, held 16000; recent 0.0/s over 1.055480061s
application 200 in 0.67ms
342,000/500,000 unique accepted successes in 62.73s (5452.2/s whole run); 0 failures, 0 retries
runtime process; commands 20; queued 142000, held 16000; recent 0.0/s over 1.065031094s
application 200 in 0.75ms
358,000/500,000 unique accepted successes in 63.80s (5611.3/s whole run); 0 failures, 0 retries
runtime process; commands 0; queued 126000, held 16000; recent 14930.46052161908/s over 1.071634728s
application 200 in 1.03ms
358,000/500,000 unique accepted successes in 64.86s (5519.8/s whole run); 0 failures, 0 retries
runtime process; commands 0; queued 126000, held 16000; recent 0.0/s over 1.0573711s
application 200 in 0.89ms
358,000/500,000 unique accepted successes in 65.91s (5431.6/s whole run); 0 failures, 0 retries
runtime process; commands 20; queued 126000, held 16000; recent 0.0/s over 1.054400611s
application 200 in 0.57ms
374,000/500,000 unique accepted successes in 66.97s (5584.6/s whole run); 0 failures, 0 retries
runtime process; commands 0; queued 110000, held 16000; recent 15119.06481349656/s over 1.058266513s
application 200 in 0.97ms
374,000/500,000 unique accepted successes in 68.03s (5497.8/s whole run); 0 failures, 0 retries
runtime process; commands 0; queued 110000, held 16000; recent 0.0/s over 1.0564882s
application 200 in 0.88ms
374,000/500,000 unique accepted successes in 69.10s (5412.3/s whole run); 0 failures, 0 retries
runtime process; commands 25; queued 110000, held 16000; recent 0.0/s over 1.076606116s
application 200 in 0.61ms
390,000/500,000 unique accepted successes in 70.20s (5555.2/s whole run); 0 failures, 0 retries
runtime process; commands 0; queued 94000, held 16000; recent 14548.96814771489/s over 1.099734348s
application 200 in 3.67ms
390,000/500,000 unique accepted successes in 71.27s (5472.0/s whole run); 0 failures, 0 retries
runtime process; commands 20; queued 94000, held 16000; recent 0.0/s over 1.069560501s
application 200 in 0.94ms
406,000/500,000 unique accepted successes in 72.35s (5611.6/s whole run); 0 failures, 0 retries
runtime process; commands 0; queued 78000, held 16000; recent 14839.58945444757/s over 1.078196944s
application 200 in 0.71ms
406,000/500,000 unique accepted successes in 73.41s (5530.7/s whole run); 0 failures, 0 retries
runtime process; commands 0; queued 78000, held 16000; recent 0.0/s over 1.055339911s
application 200 in 0.78ms
406,000/500,000 unique accepted successes in 74.47s (5451.7/s whole run); 0 failures, 0 retries
runtime process; commands 22; queued 78000, held 16000; recent 0.0/s over 1.067475092s
application 200 in 1.29ms
422,000/500,000 unique accepted successes in 75.55s (5585.3/s whole run); 0 failures, 0 retries
runtime process; commands 0; queued 62000, held 16000; recent 14795.759643665066/s over 1.081390911s
application 200 in 0.97ms
422,000/500,000 unique accepted successes in 76.61s (5508.3/s whole run); 0 failures, 0 retries
runtime process; commands 0; queued 62000, held 16000; recent 0.0/s over 1.057204367s
application 200 in 0.86ms
422,000/500,000 unique accepted successes in 77.67s (5433.3/s whole run); 0 failures, 0 retries
runtime process; commands 24; queued 62000, held 16000; recent 0.0/s over 1.059496131s
application 200 in 0.55ms
438,000/500,000 unique accepted successes in 78.73s (5563.3/s whole run); 0 failures, 0 retries
runtime process; commands 0; queued 46000, held 16000; recent 15122.941427759944/s over 1.057995237s
application 200 in 1.00ms
438,000/500,000 unique accepted successes in 79.79s (5489.7/s whole run); 0 failures, 0 retries
runtime process; commands 0; queued 46000, held 16000; recent 0.0/s over 1.056597887s
application 200 in 0.78ms
438,000/500,000 unique accepted successes in 80.85s (5417.5/s whole run); 0 failures, 0 retries
runtime process; commands 25; queued 46000, held 16000; recent 0.0/s over 1.063915401s
application 200 in 0.59ms
454,000/500,000 unique accepted successes in 81.90s (5543.1/s whole run); 0 failures, 0 retries
runtime process; commands 0; queued 30000, held 16000; recent 15179.733687074764/s over 1.054036937s
application 200 in 1.00ms
454,000/500,000 unique accepted successes in 82.96s (5472.3/s whole run); 0 failures, 0 retries
runtime process; commands 0; queued 30000, held 16000; recent 0.0/s over 1.060128774s
application 200 in 0.67ms
454,000/500,000 unique accepted successes in 84.04s (5402.0/s whole run); 0 failures, 0 retries
runtime process; commands 24; queued 30000, held 16000; recent 0.0/s over 1.079830726s
application 200 in 0.98ms
470,000/500,000 unique accepted successes in 85.10s (5523.0/s whole run); 0 failures, 0 retries
runtime process; commands 0; queued 14000, held 16000; recent 15162.173470275053/s over 1.05525768s
application 200 in 0.83ms
470,000/500,000 unique accepted successes in 86.15s (5455.7/s whole run); 0 failures, 0 retries
runtime process; commands 20; queued 14000, held 16000; recent 0.0/s over 1.04984567s
application 200 in 0.75ms
486,000/500,000 unique accepted successes in 87.23s (5571.8/s whole run); 0 failures, 0 retries
runtime process; commands 0; queued 0, held 14000; recent 14862.42310557329/s over 1.076540473s
application 200 in 0.96ms
486,000/500,000 unique accepted successes in 88.30s (5504.2/s whole run); 0 failures, 0 retries
runtime process; commands 0; queued 0, held 14000; recent 0.0/s over 1.069463991s
application 200 in 0.75ms
486,000/500,000 unique accepted successes in 89.36s (5438.7/s whole run); 0 failures, 0 retries
runtime process; commands 17; queued 0, held 14000; recent 0.0/s over 1.064089482s
application 200 in 0.84ms
500,000/500,000 unique accepted successes in 90.44s (5528.7/s whole run); 0 failures, 0 retries
runtime process; commands 0; queued 0, held 0; recent 12979.82956643799/s over 1.078596597s
application 200 in 0.96ms
