0.0s: 0 unique accepted successes, 0 failures, 0 retries; 0.0/s; 1 successful service probes
30.3s: 96,000 unique accepted successes, 0 failures, 0 retries; 3171.1/s; 109 successful service probes
{
  "qualification_pass": false,
  "reason": "Requires separate recovery, fault and bounded-cost evidence",
  "kernel": "6.8.0-139-generic",
  "architecture": "aarch64",
  "logical_cpus": 4,
  "workload_sha256": "c22f6510ee7a0acc5778406a7176c8c4ba4724096c3f8fdfd692f97679f59553",
  "command_prefix": [
    "/Users/miko/github/reliaburger/target/host-executor-v6-release/relish"
  ],
  "timing": "Monotonic read-only window; the existing submission remains running",
  "last_accepted_sample_seconds": 59.76675989897922,
  "elapsed_seconds": 60.00051014497876,
  "requested_seconds": 60,
  "measurement_complete": true,
  "window_pass": true,
  "unique_accepted_successes": 176000,
  "terminal_failures": 0,
  "accepted_retries": 0,
  "successes_per_second": 2933.3333333333335,
  "target_with_headroom": 1388.888888888889,
  "throughput_pass": false,
  "application_probes": 214,
  "application_failures": 0,
  "completed_submissions": 0,
  "active_submissions": [
    29
  ],
  "requires_evidence": [
    "hardware/runtime/image-warmth",
    "resource and storage bounds",
    "worker loss",
    "leader failover",
    "delayed control",
    "storage failure"
  ],
  "existing_batch_id": 29,
  "initial_accepted_counts": [
    207000,
    0,
    0
  ],
  "measurement_ownership": "read-only; submission remains owned by its caller",
  "service_latency_ms": {
    "samples": 214,
    "maximum": 23.028650088235736,
    "p95": 1.2519708834588528
  },
  "resource_observations": [
    {
      "elapsed_seconds": 0.04055953701026738,
      "storage": {
        "/tmp/rb-host-executor-v4/data": {
          "allocated_bytes_observed": 302940160,
          "files_observed": 2387,
          "raced_entries": 0,
          "complete": false,
          "filesystem_available_bytes": 2596102144,
          "filesystem_total_bytes": 50884108288
        }
      },
      "cpu": {
        "cpu_ticks": [
          6984839,
          5659,
          6314304,
          463036604,
          1462723,
          0,
          615489,
          0,
          0,
          0
        ]
      },
      "processes": [
        {
          "pid": 2960485,
          "start_ticks": 119317256,
          "complete": true,
          "rss_bytes": 196743168,
          "peak_rss_bytes": 231993344
        },
        {
          "pid": 2960635,
          "start_ticks": 119317979,
          "complete": true,
          "rss_bytes": 2015232,
          "peak_rss_bytes": 2015232
        }
      ]
    },
    {
      "elapsed_seconds": 30.273779740091413,
      "storage": {
        "/tmp/rb-host-executor-v4/data": {
          "allocated_bytes_observed": 310988800,
          "files_observed": 2387,
          "raced_entries": 0,
          "complete": false,
          "filesystem_available_bytes": 2587807744,
          "filesystem_total_bytes": 50884108288
        }
      },
      "cpu": {
        "cpu_ticks": [
          6985821,
          5659,
          6317820,
          463043830,
          1462824,
          0,
          615510,
          0,
          0,
          0
        ]
      },
      "processes": [
        {
          "pid": 2960485,
          "start_ticks": 119317256,
          "complete": true,
          "rss_bytes": 202371072,
          "peak_rss_bytes": 231993344
        },
        {
          "pid": 2960635,
          "start_ticks": 119317979,
          "complete": true,
          "rss_bytes": 2015232,
          "peak_rss_bytes": 2015232
        }
      ]
    }
  ],
  "elapsed_including_observation_seconds": 60.00051014497876,
  "post_cutoff_drain_proofs": [],
  "elapsed_including_cancellation_seconds": 60.00065027200617,
  "cleanup_failed_submissions": [],
  "measurement_window_seconds": 60,
  "conservative_cutoff": "Only summary responses received before the deadline are counted; subsequent cancellation/results earn no credit"
}
