process concurrency 1 cold started
process concurrency 1 cold: 466.7/s, healthy=True
process concurrency 1 warm started
process concurrency 1 warm: 500.0/s, healthy=True
process concurrency 4 cold started
process concurrency 4 cold: 1900.0/s, healthy=True
process concurrency 4 warm started
process concurrency 4 warm: 2000.0/s, healthy=True
process concurrency 8 cold started
process concurrency 8 cold: 4833.3/s, healthy=True
process concurrency 8 warm started
process concurrency 8 warm: 5333.3/s, healthy=True
process concurrency 16 cold started
process concurrency 16 cold: 4733.3/s, healthy=True
process concurrency 16 warm started
process concurrency 16 warm: 5333.3/s, healthy=True
process concurrency 27 cold started
process concurrency 27 cold: 4916.7/s, healthy=True
process concurrency 27 warm started
process concurrency 27 warm: 5333.3/s, healthy=True
process concurrency 32 cold started
process concurrency 32 cold: 4866.7/s, healthy=True
process concurrency 32 warm started
process concurrency 32 warm: 5333.3/s, healthy=True
process concurrency 48 cold started
process concurrency 48 cold: 3016.7/s, healthy=True
process concurrency 48 warm started
process concurrency 48 warm: 3666.7/s, healthy=True
process concurrency 64 cold started
process concurrency 64 cold: 3450.0/s, healthy=True
process concurrency 64 warm started
process concurrency 64 warm: 2933.3/s, healthy=True
shared-runc concurrency 1 cold started
shared-runc concurrency 1 cold: 366.7/s, healthy=True
shared-runc concurrency 1 warm started
shared-runc concurrency 1 warm: 400.0/s, healthy=True
shared-runc concurrency 4 cold started
shared-runc concurrency 4 cold: 550.0/s, healthy=True
shared-runc concurrency 4 warm started
shared-runc concurrency 4 warm: 500.0/s, healthy=True
shared-runc concurrency 8 cold started
shared-runc concurrency 8 cold: 1433.3/s, healthy=True
shared-runc concurrency 8 warm started
shared-runc concurrency 8 warm: 1550.0/s, healthy=True
shared-runc concurrency 16 cold started
shared-runc concurrency 16 cold: 1716.7/s, healthy=True
shared-runc concurrency 16 warm started
shared-runc concurrency 16 warm: 1883.3/s, healthy=True
shared-runc concurrency 27 cold started
shared-runc concurrency 27 cold: 1000.0/s, healthy=True
shared-runc concurrency 27 warm started
shared-runc concurrency 27 warm: 3883.3/s, healthy=True
shared-runc concurrency 32 cold started
shared-runc concurrency 32 cold: 350.0/s, healthy=True
shared-runc concurrency 32 warm started
shared-runc concurrency 32 warm: 500.0/s, healthy=True
shared-runc concurrency 48 cold started
shared-runc concurrency 48 cold: 366.7/s, healthy=True
shared-runc concurrency 48 warm started
shared-runc concurrency 48 warm: 466.7/s, healthy=True
shared-runc concurrency 64 cold started
shared-runc concurrency 64 cold: 400.0/s, healthy=True
shared-runc concurrency 64 warm started
shared-runc concurrency 64 warm: 416.7/s, healthy=True
runc concurrency 1 cold started
runc concurrency 1 cold: 0.6/s, healthy=True
runc concurrency 1 warm started
runc concurrency 1 warm: 0.7/s, healthy=True
runc concurrency 4 cold started
runc concurrency 4 cold: 2.2/s, healthy=True
runc concurrency 4 warm started
runc concurrency 4 warm: 2.3/s, healthy=True
runc concurrency 8 cold started
runc concurrency 8 cold: 3.2/s, healthy=True
runc concurrency 8 warm started
runc concurrency 8 warm: 3.4/s, healthy=True
runc concurrency 16 cold started
runc concurrency 16 cold: 3.5/s, healthy=True
runc concurrency 16 warm started
runc concurrency 16 warm: 3.9/s, healthy=True
runc concurrency 27 cold started
runc concurrency 27 cold: 3.6/s, healthy=True
runc concurrency 27 warm started
runc concurrency 27 warm: 4.0/s, healthy=True
runc concurrency 32 cold started
runc concurrency 32 cold: 3.7/s, healthy=True
runc concurrency 32 warm started
runc concurrency 32 warm: 4.0/s, healthy=True
runc concurrency 48 cold started
runc concurrency 48 cold: 3.6/s, healthy=True
runc concurrency 48 warm started
runc concurrency 48 warm: 4.2/s, healthy=True
runc concurrency 64 cold started
runc concurrency 64 cold: 3.5/s, healthy=True
runc concurrency 64 warm started
runc concurrency 64 warm: 4.0/s, healthy=True
