0.0s: 0 unique accepted successes, 0 failures, 0 retries; 0.0/s; 1 successful service probes
30.1s: 90 unique accepted successes, 0 failures, 0 retries; 3.0/s; 29 successful service probes
60.9s: 207 unique accepted successes, 0 failures, 0 retries; 3.4/s; 58 successful service probes
91.8s: 320 unique accepted successes, 0 failures, 0 retries; 3.5/s; 87 successful service probes
121.8s: 433 unique accepted successes, 0 failures, 0 retries; 3.6/s; 115 successful service probes
152.1s: 543 unique accepted successes, 0 failures, 0 retries; 3.6/s; 143 successful service probes
182.5s: 655 unique accepted successes, 0 failures, 0 retries; 3.6/s; 171 successful service probes
212.5s: 767 unique accepted successes, 0 failures, 0 retries; 3.6/s; 199 successful service probes
243.6s: 887 unique accepted successes, 0 failures, 0 retries; 3.6/s; 228 successful service probes
274.6s: 1,001 unique accepted successes, 0 failures, 0 retries; 3.6/s; 257 successful service probes
304.7s: 1,115 unique accepted successes, 0 failures, 0 retries; 3.7/s; 285 successful service probes
334.9s: 1,222 unique accepted successes, 0 failures, 0 retries; 3.6/s; 313 successful service probes
365.3s: 1,332 unique accepted successes, 0 failures, 1 retries; 3.6/s; 341 successful service probes
395.5s: 1,448 unique accepted successes, 0 failures, 1 retries; 3.7/s; 369 successful service probes
425.6s: 1,563 unique accepted successes, 0 failures, 1 retries; 3.7/s; 397 successful service probes
455.7s: 1,676 unique accepted successes, 0 failures, 1 retries; 3.7/s; 425 successful service probes
486.0s: 1,785 unique accepted successes, 0 failures, 1 retries; 3.7/s; 453 successful service probes
516.2s: 1,901 unique accepted successes, 0 failures, 1 retries; 3.7/s; 481 successful service probes
546.5s: 2,018 unique accepted successes, 0 failures, 1 retries; 3.7/s; 509 successful service probes
577.4s: 2,136 unique accepted successes, 0 failures, 2 retries; 3.7/s; 538 successful service probes
608.4s: 2,258 unique accepted successes, 0 failures, 2 retries; 3.7/s; 567 successful service probes
639.4s: 2,368 unique accepted successes, 0 failures, 2 retries; 3.7/s; 595 successful service probes
670.3s: 2,484 unique accepted successes, 0 failures, 3 retries; 3.7/s; 624 successful service probes
700.4s: 2,605 unique accepted successes, 0 failures, 3 retries; 3.7/s; 652 successful service probes
731.3s: 2,729 unique accepted successes, 0 failures, 3 retries; 3.7/s; 681 successful service probes
761.8s: 2,844 unique accepted successes, 0 failures, 3 retries; 3.7/s; 709 successful service probes
791.9s: 2,952 unique accepted successes, 0 failures, 3 retries; 3.7/s; 737 successful service probes
822.2s: 3,060 unique accepted successes, 0 failures, 3 retries; 3.7/s; 765 successful service probes
852.6s: 3,176 unique accepted successes, 0 failures, 3 retries; 3.7/s; 793 successful service probes
883.5s: 3,294 unique accepted successes, 0 failures, 3 retries; 3.7/s; 822 successful service probes
914.5s: 3,412 unique accepted successes, 0 failures, 3 retries; 3.7/s; 851 successful service probes
944.6s: 3,533 unique accepted successes, 0 failures, 3 retries; 3.7/s; 879 successful service probes
974.7s: 3,652 unique accepted successes, 0 failures, 3 retries; 3.7/s; 907 successful service probes
1004.8s: 3,769 unique accepted successes, 0 failures, 3 retries; 3.8/s; 935 successful service probes
1034.9s: 3,884 unique accepted successes, 0 failures, 3 retries; 3.8/s; 963 successful service probes
1065.2s: 3,997 unique accepted successes, 0 failures, 3 retries; 3.8/s; 991 successful service probes
1095.7s: 4,114 unique accepted successes, 0 failures, 3 retries; 3.8/s; 1019 successful service probes
1125.7s: 4,229 unique accepted successes, 0 failures, 3 retries; 3.8/s; 1047 successful service probes
1155.8s: 4,342 unique accepted successes, 0 failures, 3 retries; 3.8/s; 1075 successful service probes
1185.8s: 4,455 unique accepted successes, 0 failures, 3 retries; 3.8/s; 1103 successful service probes
1216.2s: 4,569 unique accepted successes, 0 failures, 3 retries; 3.8/s; 1131 successful service probes
1246.3s: 4,681 unique accepted successes, 0 failures, 3 retries; 3.8/s; 1159 successful service probes
1276.5s: 4,799 unique accepted successes, 0 failures, 3 retries; 3.8/s; 1187 successful service probes
1306.8s: 4,920 unique accepted successes, 0 failures, 3 retries; 3.8/s; 1215 successful service probes
1336.8s: 5,039 unique accepted successes, 0 failures, 3 retries; 3.8/s; 1243 successful service probes
1367.1s: 5,153 unique accepted successes, 0 failures, 3 retries; 3.8/s; 1271 successful service probes
1397.2s: 5,271 unique accepted successes, 0 failures, 4 retries; 3.8/s; 1299 successful service probes
1428.3s: 5,393 unique accepted successes, 0 failures, 4 retries; 3.8/s; 1328 successful service probes
1458.8s: 5,509 unique accepted successes, 0 failures, 4 retries; 3.8/s; 1356 successful service probes
1489.8s: 5,623 unique accepted successes, 0 failures, 4 retries; 3.8/s; 1385 successful service probes
1520.1s: 5,729 unique accepted successes, 0 failures, 4 retries; 3.8/s; 1413 successful service probes
1550.1s: 5,845 unique accepted successes, 0 failures, 4 retries; 3.8/s; 1441 successful service probes
1580.1s: 5,952 unique accepted successes, 0 failures, 5 retries; 3.8/s; 1469 successful service probes
1610.2s: 6,064 unique accepted successes, 0 failures, 5 retries; 3.8/s; 1497 successful service probes
1640.3s: 6,175 unique accepted successes, 0 failures, 5 retries; 3.8/s; 1525 successful service probes
1671.3s: 6,295 unique accepted successes, 0 failures, 5 retries; 3.8/s; 1554 successful service probes
1702.4s: 6,419 unique accepted successes, 0 failures, 5 retries; 3.8/s; 1583 successful service probes
task array 85 cancelled: running tasks are being stopped
Traceback (most recent call last):
  File "/Users/miko/github/reliaburger/target/host-executor-v6-release/tooling/qualify-jobs.py", line 255, in <module>
    raise SystemExit(main())
                     ^^^^^^
  File "/Users/miko/github/reliaburger/target/host-executor-v6-release/tooling/qualify-jobs.py", line 202, in main
    time.sleep(min(options.poll_seconds, max(0, deadline - time.monotonic())))
KeyboardInterrupt
