{
  "path": "Bare",
  "image": "public.ecr.aws/docker/library/busybox@sha256:9532d8c39891ca2ecde4d30d7710e01fb739c87a8b9299685c63704296b16028",
  "executable_sha256": "f19470457088612bc3285404783d9f93533d917e869050aca13a4139b937c0a5",
  "command": [
    "/bin/busybox",
    "true"
  ],
  "count": null,
  "concurrency": 27,
  "image_preparation_seconds_excluded": 1.916001216,
  "warmth": "warm-images-cold-executors",
  "warmup_count": 0,
  "warmup_seconds_excluded": 4.2e-8,
  "executor_timings_before": null,
  "executor_timings_after": null,
  "elapsed_seconds": 15.0,
  "requested_seconds": 15,
  "measurement_complete": true,
  "elapsed_including_drain_seconds": 15.000926525,
  "post_cutoff_drained_commands": 27,
  "verified_successes": 238942,
  "failures": 0,
  "retries": 0,
  "verified_successes_per_second": 15929.466666666667,
  "container_cpu_request_millicores": 100,
  "container_cpu_limit_millicores": 1000,
  "container_memory_bytes": 33554432,
  "resource_enforcement": "none; exit-status-only raw process floor",
  "bare_process_resource_limits": "none; profile fields are comparison inputs only",
  "node_job_budget_cpu_millicores": 3000,
  "service_probe_latency_ms": [
    9.138781,
    2.6893860000000003,
    1.863941,
    1.666517,
    3.9739720000000003,
    1.871482,
    0.747859,
    0.45901600000000004,
    1.729102,
    2.0170280000000003,
    1.8310629999999999,
    1.497136,
    2.464294,
    1.782395,
    1.639515
  ],
  "durability": "exit statuses only; no durable ownership or ledger",
  "optimised_build": true,
  "qualified_100m_per_day": false,
  "namespace_policy_hook": "not injected in direct runner; full Bun dispatch includes live namespace supervision"
}
