{
  "path": "Bare",
  "image": "public.ecr.aws/docker/library/busybox@sha256:9532d8c39891ca2ecde4d30d7710e01fb739c87a8b9299685c63704296b16028",
  "executable_sha256": "f19470457088612bc3285404783d9f93533d917e869050aca13a4139b937c0a5",
  "command": [
    "/bin/busybox",
    "true"
  ],
  "count": 1000000,
  "concurrency": 27,
  "image_preparation_seconds_excluded": 2.159354611,
  "warmth": "warm-images-cold-executors",
  "elapsed_seconds": 64.170437801,
  "verified_successes": 1000000,
  "failures": 0,
  "retries": 0,
  "verified_successes_per_second": 15583.499727726907,
  "container_cpu_request_millicores": 100,
  "container_cpu_limit_millicores": 1000,
  "container_memory_bytes": 33554432,
  "bare_process_resource_limits": "none; container profile fields are comparison inputs only",
  "node_job_budget_cpu_millicores": 3000,
  "service_probe_latency_ms": [
    12.115601999999999,
    1.833662,
    1.010585,
    1.5101470000000001,
    3.6316539999999997,
    0.8391190000000001,
    2.752908,
    1.7274479999999999,
    1.66432,
    1.807493,
    2.810994,
    2.254012,
    3.079087,
    2.3636820000000003,
    0.6919040000000001,
    2.106754,
    1.129047,
    0.755948,
    1.7910739999999998,
    1.568732,
    1.8947040000000002,
    1.53048,
    3.213508,
    2.650109,
    2.00025,
    2.336763,
    3.439058,
    0.561731,
    1.708945,
    1.556522,
    2.027833,
    1.0334590000000001,
    1.184715,
    3.5892720000000002,
    2.8601579999999998,
    2.487268,
    1.8748669999999998,
    2.4468490000000003,
    1.264343,
    2.397763,
    1.8938270000000001,
    2.960327,
    1.752778,
    1.493685,
    2.500767,
    1.5457699999999999,
    1.973079,
    1.647774,
    2.098542,
    3.163959,
    1.389097,
    2.564185,
    1.513643,
    0.942746,
    3.004078,
    3.012785,
    2.04333,
    3.2375860000000003,
    3.242003,
    1.564187,
    3.0015340000000004,
    2.2395039999999997,
    1.929325,
    1.053458
  ],
  "durability": "exit statuses only; no isolation, limits, ownership journal or task ledger",
  "optimised_build": true,
  "namespace_policy_hook": "not injected in direct runner; full Bun dispatch includes live namespace supervision",
  "qualified_100m_per_day": false
}
