0/1,000 unique accepted successes in 0.05s (0.0/s whole run); 0 failures, 0 retries
runtime runc; commands unknown; queued 1000, held 0; recent unknown/s over unknowns
application 200 in 13.67ms
0/1,000 unique accepted successes in 1.12s (0.0/s whole run); 0 failures, 0 retries
runtime runc; commands unknown; queued 0, held 1000; recent 0.0/s over 1.069542056s
application 200 in 1.47ms
0/1,000 unique accepted successes in 2.29s (0.0/s whole run); 0 failures, 0 retries
runtime runc; commands unknown; queued 0, held 1000; recent 0.0/s over 1.158573116s
application 200 in 6.37ms
0/1,000 unique accepted successes in 3.46s (0.0/s whole run); 0 failures, 0 retries
runtime runc; commands unknown; queued 0, held 1000; recent 0.0/s over 1.164435135s
application 200 in 4.26ms
0/1,000 unique accepted successes in 4.59s (0.0/s whole run); 0 failures, 0 retries
runtime runc; commands unknown; queued 0, held 1000; recent 0.0/s over 1.131604417s
application 200 in 2.00ms
0/1,000 unique accepted successes in 5.69s (0.0/s whole run); 0 failures, 0 retries
runtime runc; commands unknown; queued 0, held 1000; recent 0.0/s over 1.119563924s
application 200 in 0.95ms
0/1,000 unique accepted successes in 6.78s (0.0/s whole run); 0 failures, 0 retries
runtime runc; commands unknown; queued 0, held 1000; recent 0.0/s over 1.083258414s
application 200 in 1.01ms
0/1,000 unique accepted successes in 7.85s (0.0/s whole run); 0 failures, 0 retries
runtime runc; commands unknown; queued 0, held 1000; recent 0.0/s over 1.074414467s
application 200 in 0.53ms
0/1,000 unique accepted successes in 8.95s (0.0/s whole run); 0 failures, 0 retries
runtime runc; commands unknown; queued 0, held 1000; recent 0.0/s over 1.091048419s
application 200 in 1.43ms
0/1,000 unique accepted successes in 10.05s (0.0/s whole run); 0 failures, 0 retries
runtime runc; commands unknown; queued 0, held 1000; recent 0.0/s over 1.113449546s
application 200 in 0.56ms
0/1,000 unique accepted successes in 11.19s (0.0/s whole run); 0 failures, 0 retries
runtime runc; commands unknown; queued 0, held 1000; recent 0.0/s over 1.126381349s
application 200 in 0.62ms
0/1,000 unique accepted successes in 12.30s (0.0/s whole run); 0 failures, 0 retries
runtime runc; commands unknown; queued 0, held 1000; recent 0.0/s over 1.11252225s
application 200 in 1.62ms
0/1,000 unique accepted successes in 13.42s (0.0/s whole run); 0 failures, 0 retries
runtime runc; commands unknown; queued 0, held 1000; recent 0.0/s over 1.11694697s
application 200 in 7.18ms
0/1,000 unique accepted successes in 14.54s (0.0/s whole run); 0 failures, 0 retries
runtime runc; commands unknown; queued 0, held 1000; recent 0.0/s over 1.120015063s
application 200 in 0.67ms
0/1,000 unique accepted successes in 15.67s (0.0/s whole run); 0 failures, 0 retries
runtime runc; commands unknown; queued 0, held 1000; recent 0.0/s over 1.141287595s
application 200 in 2.21ms
0/1,000 unique accepted successes in 16.84s (0.0/s whole run); 0 failures, 0 retries
runtime runc; commands unknown; queued 0, held 1000; recent 0.0/s over 1.165789624s
application 200 in 0.66ms
0/1,000 unique accepted successes in 17.91s (0.0/s whole run); 0 failures, 0 retries
runtime runc; commands unknown; queued 0, held 1000; recent 0.0/s over 1.072597848s
application 200 in 0.87ms
0/1,000 unique accepted successes in 19.04s (0.0/s whole run); 0 failures, 0 retries
runtime runc; commands unknown; queued 0, held 1000; recent 0.0/s over 1.125557085s
application 200 in 0.57ms
0/1,000 unique accepted successes in 20.14s (0.0/s whole run); 0 failures, 0 retries
runtime runc; commands unknown; queued 0, held 1000; recent 0.0/s over 1.096049651s
application 200 in 1.94ms
0/1,000 unique accepted successes in 21.27s (0.0/s whole run); 0 failures, 0 retries
runtime runc; commands unknown; queued 0, held 1000; recent 0.0/s over 1.127708783s
application 200 in 1.64ms
0/1,000 unique accepted successes in 22.36s (0.0/s whole run); 0 failures, 0 retries
runtime runc; commands unknown; queued 0, held 1000; recent 0.0/s over 1.099866493s
application 200 in 0.97ms
0/1,000 unique accepted successes in 23.44s (0.0/s whole run); 0 failures, 0 retries
runtime runc; commands unknown; queued 0, held 1000; recent 0.0/s over 1.075699603s
application 200 in 1.86ms
0/1,000 unique accepted successes in 24.61s (0.0/s whole run); 0 failures, 0 retries
runtime runc; commands unknown; queued 0, held 1000; recent 0.0/s over 1.168032676s
application 200 in 1.78ms
0/1,000 unique accepted successes in 25.74s (0.0/s whole run); 0 failures, 0 retries
runtime runc; commands unknown; queued 0, held 1000; recent 0.0/s over 1.129564453s
application 200 in 0.51ms
0/1,000 unique accepted successes in 26.93s (0.0/s whole run); 0 failures, 0 retries
runtime runc; commands unknown; queued 0, held 1000; recent 0.0/s over 1.184743662s
application 200 in 2.86ms
0/1,000 unique accepted successes in 28.04s (0.0/s whole run); 0 failures, 0 retries
runtime runc; commands unknown; queued 0, held 1000; recent 0.0/s over 1.119668196s
application 200 in 1.02ms
0/1,000 unique accepted successes in 29.18s (0.0/s whole run); 0 failures, 0 retries
runtime runc; commands unknown; queued 0, held 1000; recent 0.0/s over 1.140590745s
application 200 in 0.83ms
0/1,000 unique accepted successes in 30.33s (0.0/s whole run); 0 failures, 0 retries
runtime runc; commands unknown; queued 0, held 1000; recent 0.0/s over 1.129512012s
application 200 in 0.64ms
0/1,000 unique accepted successes in 31.40s (0.0/s whole run); 0 failures, 0 retries
runtime runc; commands unknown; queued 0, held 1000; recent 0.0/s over 1.089107354s
application 200 in 0.53ms
0/1,000 unique accepted successes in 32.56s (0.0/s whole run); 0 failures, 0 retries
runtime runc; commands unknown; queued 0, held 1000; recent 0.0/s over 1.154089123s
application 200 in 0.50ms
0/1,000 unique accepted successes in 33.70s (0.0/s whole run); 0 failures, 0 retries
runtime runc; commands unknown; queued 0, held 1000; recent 0.0/s over 1.142143277s
application 200 in 1.24ms
0/1,000 unique accepted successes in 34.82s (0.0/s whole run); 0 failures, 0 retries
runtime runc; commands unknown; queued 0, held 1000; recent 0.0/s over 1.12164295s
application 200 in 0.70ms
0/1,000 unique accepted successes in 35.92s (0.0/s whole run); 0 failures, 0 retries
runtime runc; commands unknown; queued 0, held 1000; recent 0.0/s over 1.101104626s
application 200 in 1.02ms
0/1,000 unique accepted successes in 37.01s (0.0/s whole run); 0 failures, 0 retries
runtime runc; commands unknown; queued 0, held 1000; recent 0.0/s over 1.096559062s
application 200 in 0.57ms
0/1,000 unique accepted successes in 38.15s (0.0/s whole run); 0 failures, 0 retries
runtime runc; commands unknown; queued 0, held 1000; recent 0.0/s over 1.135279261s
application 200 in 0.70ms
0/1,000 unique accepted successes in 39.26s (0.0/s whole run); 0 failures, 0 retries
runtime runc; commands unknown; queued 0, held 1000; recent 0.0/s over 1.101836463s
application 200 in 0.67ms
0/1,000 unique accepted successes in 40.33s (0.0/s whole run); 0 failures, 0 retries
runtime runc; commands unknown; queued 0, held 1000; recent 0.0/s over 1.079405739s
application 200 in 0.56ms
0/1,000 unique accepted successes in 41.43s (0.0/s whole run); 0 failures, 0 retries
runtime runc; commands unknown; queued 0, held 1000; recent 0.0/s over 1.101815667s
application 200 in 0.74ms
0/1,000 unique accepted successes in 42.54s (0.0/s whole run); 0 failures, 0 retries
runtime runc; commands unknown; queued 0, held 1000; recent 0.0/s over 1.105634744s
application 200 in 1.03ms
0/1,000 unique accepted successes in 43.69s (0.0/s whole run); 0 failures, 0 retries
runtime runc; commands unknown; queued 0, held 1000; recent 0.0/s over 1.153555559s
application 200 in 1.58ms
0/1,000 unique accepted successes in 44.86s (0.0/s whole run); 0 failures, 0 retries
runtime runc; commands unknown; queued 0, held 1000; recent 0.0/s over 1.168790298s
application 200 in 2.24ms
0/1,000 unique accepted successes in 46.00s (0.0/s whole run); 0 failures, 0 retries
runtime runc; commands unknown; queued 0, held 1000; recent 0.0/s over 1.134386059s
application 200 in 3.26ms
0/1,000 unique accepted successes in 47.13s (0.0/s whole run); 0 failures, 0 retries
runtime runc; commands unknown; queued 0, held 1000; recent 0.0/s over 1.128217685s
application 200 in 5.04ms
0/1,000 unique accepted successes in 48.27s (0.0/s whole run); 0 failures, 0 retries
runtime runc; commands unknown; queued 0, held 1000; recent 0.0/s over 1.147095932s
application 200 in 0.60ms
0/1,000 unique accepted successes in 49.39s (0.0/s whole run); 0 failures, 0 retries
runtime runc; commands unknown; queued 0, held 1000; recent 0.0/s over 1.109164609s
application 200 in 4.97ms
0/1,000 unique accepted successes in 50.54s (0.0/s whole run); 0 failures, 0 retries
runtime runc; commands unknown; queued 0, held 1000; recent 0.0/s over 1.161302435s
application 200 in 3.30ms
0/1,000 unique accepted successes in 51.63s (0.0/s whole run); 0 failures, 0 retries
runtime runc; commands unknown; queued 0, held 1000; recent 0.0/s over 1.086421951s
application 200 in 0.78ms
0/1,000 unique accepted successes in 52.76s (0.0/s whole run); 0 failures, 0 retries
runtime runc; commands unknown; queued 0, held 1000; recent 0.0/s over 1.134024693s
application 200 in 1.08ms
0/1,000 unique accepted successes in 53.85s (0.0/s whole run); 0 failures, 0 retries
runtime runc; commands unknown; queued 0, held 1000; recent 0.0/s over 1.08610236s
application 200 in 0.77ms
0/1,000 unique accepted successes in 54.99s (0.0/s whole run); 0 failures, 0 retries
runtime runc; commands unknown; queued 0, held 1000; recent 0.0/s over 1.136862629s
application 200 in 0.95ms
0/1,000 unique accepted successes in 56.07s (0.0/s whole run); 0 failures, 0 retries
runtime runc; commands unknown; queued 0, held 1000; recent 0.0/s over 1.088182189s
application 200 in 0.62ms
0/1,000 unique accepted successes in 57.17s (0.0/s whole run); 0 failures, 0 retries
runtime runc; commands unknown; queued 0, held 1000; recent 0.0/s over 1.092393823s
application 200 in 1.36ms
0/1,000 unique accepted successes in 58.25s (0.0/s whole run); 0 failures, 0 retries
runtime runc; commands unknown; queued 0, held 1000; recent 0.0/s over 1.086532803s
application 200 in 0.85ms
0/1,000 unique accepted successes in 59.39s (0.0/s whole run); 0 failures, 0 retries
runtime runc; commands unknown; queued 0, held 1000; recent 0.0/s over 1.142646081s
application 200 in 0.50ms
0/1,000 unique accepted successes in 60.48s (0.0/s whole run); 0 failures, 0 retries
runtime runc; commands unknown; queued 0, held 1000; recent 0.0/s over 1.090265521s
application 200 in 0.58ms
0/1,000 unique accepted successes in 61.58s (0.0/s whole run); 0 failures, 0 retries
runtime runc; commands unknown; queued 0, held 1000; recent 0.0/s over 1.085331535s
application 200 in 1.86ms
0/1,000 unique accepted successes in 62.66s (0.0/s whole run); 0 failures, 0 retries
runtime runc; commands unknown; queued 0, held 1000; recent 0.0/s over 1.087912736s
application 200 in 1.01ms
0/1,000 unique accepted successes in 63.76s (0.0/s whole run); 0 failures, 0 retries
runtime runc; commands unknown; queued 0, held 1000; recent 0.0/s over 1.103000506s
application 200 in 1.04ms
0/1,000 unique accepted successes in 64.86s (0.0/s whole run); 0 failures, 0 retries
runtime runc; commands unknown; queued 0, held 1000; recent 0.0/s over 1.107358268s
application 200 in 0.77ms
0/1,000 unique accepted successes in 65.96s (0.0/s whole run); 0 failures, 0 retries
runtime runc; commands unknown; queued 0, held 1000; recent 0.0/s over 1.088975305s
application 200 in 0.63ms
0/1,000 unique accepted successes in 67.09s (0.0/s whole run); 0 failures, 0 retries
runtime runc; commands unknown; queued 0, held 1000; recent 0.0/s over 1.125577252s
application 200 in 2.98ms
0/1,000 unique accepted successes in 68.19s (0.0/s whole run); 0 failures, 0 retries
runtime runc; commands unknown; queued 0, held 1000; recent 0.0/s over 1.105293473s
application 200 in 0.95ms
0/1,000 unique accepted successes in 69.27s (0.0/s whole run); 0 failures, 0 retries
runtime runc; commands unknown; queued 0, held 1000; recent 0.0/s over 1.08412325s
application 200 in 0.90ms
0/1,000 unique accepted successes in 70.36s (0.0/s whole run); 0 failures, 0 retries
runtime runc; commands unknown; queued 0, held 1000; recent 0.0/s over 1.086475313s
application 200 in 1.15ms
0/1,000 unique accepted successes in 71.48s (0.0/s whole run); 0 failures, 0 retries
runtime runc; commands unknown; queued 0, held 1000; recent 0.0/s over 1.111036328s
application 200 in 0.99ms
0/1,000 unique accepted successes in 72.55s (0.0/s whole run); 0 failures, 0 retries
runtime runc; commands unknown; queued 0, held 1000; recent 0.0/s over 1.084076529s
application 200 in 0.75ms
0/1,000 unique accepted successes in 73.66s (0.0/s whole run); 0 failures, 0 retries
runtime runc; commands unknown; queued 0, held 1000; recent 0.0/s over 1.10561977s
application 200 in 0.57ms
0/1,000 unique accepted successes in 74.78s (0.0/s whole run); 0 failures, 0 retries
runtime runc; commands unknown; queued 0, held 1000; recent 0.0/s over 1.124433203s
application 200 in 0.78ms
0/1,000 unique accepted successes in 75.86s (0.0/s whole run); 0 failures, 0 retries
runtime runc; commands unknown; queued 0, held 1000; recent 0.0/s over 1.076367962s
application 200 in 1.64ms
0/1,000 unique accepted successes in 76.96s (0.0/s whole run); 0 failures, 0 retries
runtime runc; commands unknown; queued 0, held 1000; recent 0.0/s over 1.095071267s
application 200 in 2.58ms
0/1,000 unique accepted successes in 78.07s (0.0/s whole run); 0 failures, 0 retries
runtime runc; commands unknown; queued 0, held 1000; recent 0.0/s over 1.115737389s
application 200 in 0.78ms
0/1,000 unique accepted successes in 79.16s (0.0/s whole run); 0 failures, 0 retries
runtime runc; commands unknown; queued 0, held 1000; recent 0.0/s over 1.084030351s
application 200 in 0.57ms
0/1,000 unique accepted successes in 80.30s (0.0/s whole run); 0 failures, 0 retries
runtime runc; commands unknown; queued 0, held 1000; recent 0.0/s over 1.142807379s
application 200 in 0.62ms
0/1,000 unique accepted successes in 81.43s (0.0/s whole run); 0 failures, 0 retries
runtime runc; commands unknown; queued 0, held 1000; recent 0.0/s over 1.129271843s
application 200 in 1.09ms
0/1,000 unique accepted successes in 82.52s (0.0/s whole run); 0 failures, 0 retries
runtime runc; commands unknown; queued 0, held 1000; recent 0.0/s over 1.092863021s
application 200 in 1.19ms
0/1,000 unique accepted successes in 83.62s (0.0/s whole run); 0 failures, 0 retries
runtime runc; commands unknown; queued 0, held 1000; recent 0.0/s over 1.094023629s
application 200 in 0.55ms
0/1,000 unique accepted successes in 84.72s (0.0/s whole run); 0 failures, 0 retries
runtime runc; commands unknown; queued 0, held 1000; recent 0.0/s over 1.103719992s
application 200 in 0.49ms
0/1,000 unique accepted successes in 85.84s (0.0/s whole run); 0 failures, 0 retries
runtime runc; commands unknown; queued 0, held 1000; recent 0.0/s over 1.119392016s
application 200 in 0.58ms
0/1,000 unique accepted successes in 86.98s (0.0/s whole run); 0 failures, 0 retries
runtime runc; commands unknown; queued 0, held 1000; recent 0.0/s over 1.144129185s
application 200 in 0.58ms
0/1,000 unique accepted successes in 88.17s (0.0/s whole run); 0 failures, 0 retries
runtime runc; commands unknown; queued 0, held 1000; recent 0.0/s over 1.185866351s
application 200 in 0.54ms
0/1,000 unique accepted successes in 89.27s (0.0/s whole run); 0 failures, 0 retries
runtime runc; commands unknown; queued 0, held 1000; recent 0.0/s over 1.101857859s
application 200 in 0.71ms
0/1,000 unique accepted successes in 90.41s (0.0/s whole run); 0 failures, 0 retries
runtime runc; commands unknown; queued 0, held 1000; recent 0.0/s over 1.139196035s
application 200 in 0.91ms
0/1,000 unique accepted successes in 91.58s (0.0/s whole run); 0 failures, 0 retries
runtime runc; commands unknown; queued 0, held 1000; recent 0.0/s over 1.164354085s
application 200 in 0.73ms
0/1,000 unique accepted successes in 92.69s (0.0/s whole run); 0 failures, 0 retries
runtime runc; commands unknown; queued 0, held 1000; recent 0.0/s over 1.119105602s
application 200 in 0.74ms
0/1,000 unique accepted successes in 93.80s (0.0/s whole run); 0 failures, 0 retries
runtime runc; commands unknown; queued 0, held 1000; recent 0.0/s over 1.099743551s
application 200 in 1.63ms
0/1,000 unique accepted successes in 94.87s (0.0/s whole run); 0 failures, 0 retries
runtime runc; commands unknown; queued 0, held 1000; recent 0.0/s over 1.08110165s
application 200 in 3.74ms
0/1,000 unique accepted successes in 96.03s (0.0/s whole run); 0 failures, 0 retries
runtime runc; commands unknown; queued 0, held 1000; recent 0.0/s over 1.160674638s
application 200 in 0.78ms
0/1,000 unique accepted successes in 97.13s (0.0/s whole run); 0 failures, 0 retries
runtime runc; commands unknown; queued 0, held 1000; recent 0.0/s over 1.096934369s
application 200 in 0.53ms
0/1,000 unique accepted successes in 98.30s (0.0/s whole run); 0 failures, 0 retries
runtime runc; commands unknown; queued 0, held 1000; recent 0.0/s over 1.16883171s
application 200 in 0.95ms
0/1,000 unique accepted successes in 99.44s (0.0/s whole run); 0 failures, 0 retries
runtime runc; commands unknown; queued 0, held 1000; recent 0.0/s over 1.127622955s
application 200 in 0.54ms
0/1,000 unique accepted successes in 100.51s (0.0/s whole run); 0 failures, 0 retries
runtime runc; commands unknown; queued 0, held 1000; recent 0.0/s over 1.082348659s
application 200 in 1.23ms
0/1,000 unique accepted successes in 101.63s (0.0/s whole run); 0 failures, 0 retries
runtime runc; commands unknown; queued 0, held 1000; recent 0.0/s over 1.10191685s
application 200 in 2.94ms
0/1,000 unique accepted successes in 102.80s (0.0/s whole run); 0 failures, 0 retries
runtime runc; commands unknown; queued 0, held 1000; recent 0.0/s over 1.185611447s
application 200 in 1.93ms
0/1,000 unique accepted successes in 103.95s (0.0/s whole run); 0 failures, 0 retries
runtime runc; commands unknown; queued 0, held 1000; recent 0.0/s over 1.153110667s
application 200 in 0.56ms
0/1,000 unique accepted successes in 105.09s (0.0/s whole run); 0 failures, 0 retries
runtime runc; commands unknown; queued 0, held 1000; recent 0.0/s over 1.13500108s
application 200 in 1.04ms
0/1,000 unique accepted successes in 106.18s (0.0/s whole run); 0 failures, 0 retries
runtime runc; commands unknown; queued 0, held 1000; recent 0.0/s over 1.100659746s
application 200 in 0.66ms
0/1,000 unique accepted successes in 107.64s (0.0/s whole run); 0 failures, 0 retries
runtime runc; commands unknown; queued 0, held 1000; recent 0.0/s over 1.450979042s
application 200 in 1.39ms
0/1,000 unique accepted successes in 110.00s (0.0/s whole run); 0 failures, 0 retries
runtime runc; commands unknown; queued 0, held 1000; recent 0.0/s over 2.354346785s
application 200 in 0.82ms
0/1,000 unique accepted successes in 111.13s (0.0/s whole run); 0 failures, 0 retries
runtime runc; commands unknown; queued 0, held 1000; recent 0.0/s over 1.139644882s
application 200 in 1.20ms
0/1,000 unique accepted successes in 112.32s (0.0/s whole run); 0 failures, 0 retries
runtime runc; commands unknown; queued 0, held 1000; recent 0.0/s over 1.17314619s
application 200 in 0.62ms
0/1,000 unique accepted successes in 113.48s (0.0/s whole run); 0 failures, 0 retries
runtime runc; commands unknown; queued 0, held 1000; recent 0.0/s over 1.169987975s
application 200 in 0.86ms
0/1,000 unique accepted successes in 114.60s (0.0/s whole run); 0 failures, 0 retries
runtime runc; commands unknown; queued 0, held 1000; recent 0.0/s over 1.11615413s
application 200 in 0.65ms
0/1,000 unique accepted successes in 115.71s (0.0/s whole run); 0 failures, 0 retries
runtime runc; commands unknown; queued 0, held 1000; recent 0.0/s over 1.117395408s
application 200 in 0.58ms
0/1,000 unique accepted successes in 116.83s (0.0/s whole run); 0 failures, 0 retries
runtime runc; commands unknown; queued 0, held 1000; recent 0.0/s over 1.110043317s
application 200 in 2.56ms
0/1,000 unique accepted successes in 117.92s (0.0/s whole run); 0 failures, 0 retries
runtime runc; commands unknown; queued 0, held 1000; recent 0.0/s over 1.102712313s
application 200 in 0.49ms
0/1,000 unique accepted successes in 119.06s (0.0/s whole run); 0 failures, 0 retries
runtime runc; commands unknown; queued 0, held 1000; recent 0.0/s over 1.139293757s
application 200 in 0.72ms
0/1,000 unique accepted successes in 120.16s (0.0/s whole run); 0 failures, 0 retries
runtime runc; commands unknown; queued 0, held 1000; recent 0.0/s over 1.102238272s
application 200 in 0.70ms
0/1,000 unique accepted successes in 121.31s (0.0/s whole run); 0 failures, 0 retries
runtime runc; commands unknown; queued 0, held 1000; recent 0.0/s over 1.139960166s
application 200 in 0.60ms
0/1,000 unique accepted successes in 122.40s (0.0/s whole run); 0 failures, 0 retries
runtime runc; commands unknown; queued 0, held 1000; recent 0.0/s over 1.097597965s
application 200 in 2.58ms
0/1,000 unique accepted successes in 123.54s (0.0/s whole run); 0 failures, 0 retries
runtime runc; commands unknown; queued 0, held 1000; recent 0.0/s over 1.139743209s
application 200 in 0.67ms
0/1,000 unique accepted successes in 124.69s (0.0/s whole run); 0 failures, 0 retries
runtime runc; commands unknown; queued 0, held 1000; recent 0.0/s over 1.151215361s
application 200 in 0.85ms
0/1,000 unique accepted successes in 125.81s (0.0/s whole run); 0 failures, 0 retries
runtime runc; commands unknown; queued 0, held 1000; recent 0.0/s over 1.117148692s
application 200 in 2.37ms
0/1,000 unique accepted successes in 126.92s (0.0/s whole run); 0 failures, 0 retries
runtime runc; commands unknown; queued 0, held 1000; recent 0.0/s over 1.10820397s
application 200 in 3.28ms
0/1,000 unique accepted successes in 128.03s (0.0/s whole run); 0 failures, 0 retries
runtime runc; commands unknown; queued 0, held 1000; recent 0.0/s over 1.118391333s
application 200 in 0.83ms
0/1,000 unique accepted successes in 129.14s (0.0/s whole run); 0 failures, 0 retries
runtime runc; commands unknown; queued 0, held 1000; recent 0.0/s over 1.106270675s
application 200 in 3.79ms
0/1,000 unique accepted successes in 130.28s (0.0/s whole run); 0 failures, 0 retries
runtime runc; commands unknown; queued 0, held 1000; recent 0.0/s over 1.140408774s
application 200 in 0.63ms
0/1,000 unique accepted successes in 131.36s (0.0/s whole run); 0 failures, 0 retries
runtime runc; commands unknown; queued 0, held 1000; recent 0.0/s over 1.08598799s
application 200 in 0.57ms
0/1,000 unique accepted successes in 132.47s (0.0/s whole run); 0 failures, 0 retries
runtime runc; commands unknown; queued 0, held 1000; recent 0.0/s over 1.098539971s
application 200 in 1.54ms
0/1,000 unique accepted successes in 133.62s (0.0/s whole run); 0 failures, 0 retries
runtime runc; commands unknown; queued 0, held 1000; recent 0.0/s over 1.151998272s
application 200 in 3.27ms
0/1,000 unique accepted successes in 134.76s (0.0/s whole run); 0 failures, 0 retries
runtime runc; commands unknown; queued 0, held 1000; recent 0.0/s over 1.14437126s
application 200 in 1.60ms
0/1,000 unique accepted successes in 135.87s (0.0/s whole run); 0 failures, 0 retries
runtime runc; commands unknown; queued 0, held 1000; recent 0.0/s over 1.099759476s
application 200 in 0.73ms
0/1,000 unique accepted successes in 136.99s (0.0/s whole run); 0 failures, 0 retries
runtime runc; commands unknown; queued 0, held 1000; recent 0.0/s over 1.127938331s
application 200 in 1.31ms
0/1,000 unique accepted successes in 138.13s (0.0/s whole run); 0 failures, 0 retries
runtime runc; commands unknown; queued 0, held 1000; recent 0.0/s over 1.135048589s
application 200 in 0.76ms
0/1,000 unique accepted successes in 139.22s (0.0/s whole run); 0 failures, 0 retries
runtime runc; commands unknown; queued 0, held 1000; recent 0.0/s over 1.09603674s
application 200 in 1.59ms
0/1,000 unique accepted successes in 140.38s (0.0/s whole run); 0 failures, 0 retries
runtime runc; commands unknown; queued 0, held 1000; recent 0.0/s over 1.152615458s
application 200 in 0.95ms
0/1,000 unique accepted successes in 141.55s (0.0/s whole run); 0 failures, 0 retries
runtime runc; commands unknown; queued 0, held 1000; recent 0.0/s over 1.1711172s
application 200 in 0.50ms
0/1,000 unique accepted successes in 142.64s (0.0/s whole run); 0 failures, 0 retries
runtime runc; commands unknown; queued 0, held 1000; recent 0.0/s over 1.091415931s
application 200 in 0.88ms
0/1,000 unique accepted successes in 143.71s (0.0/s whole run); 0 failures, 0 retries
runtime runc; commands unknown; queued 0, held 1000; recent 0.0/s over 1.077360932s
application 200 in 1.97ms
0/1,000 unique accepted successes in 144.81s (0.0/s whole run); 0 failures, 0 retries
runtime runc; commands unknown; queued 0, held 1000; recent 0.0/s over 1.102105338s
application 200 in 0.69ms
0/1,000 unique accepted successes in 145.90s (0.0/s whole run); 0 failures, 0 retries
runtime runc; commands unknown; queued 0, held 1000; recent 0.0/s over 1.090940224s
application 200 in 0.66ms
0/1,000 unique accepted successes in 147.00s (0.0/s whole run); 0 failures, 0 retries
runtime runc; commands unknown; queued 0, held 1000; recent 0.0/s over 1.085072404s
application 200 in 0.93ms
0/1,000 unique accepted successes in 148.11s (0.0/s whole run); 0 failures, 0 retries
runtime runc; commands unknown; queued 0, held 1000; recent 0.0/s over 1.115626824s
application 200 in 0.91ms
0/1,000 unique accepted successes in 149.19s (0.0/s whole run); 0 failures, 0 retries
runtime runc; commands unknown; queued 0, held 1000; recent 0.0/s over 1.084829047s
application 200 in 1.13ms
0/1,000 unique accepted successes in 150.33s (0.0/s whole run); 0 failures, 0 retries
runtime runc; commands unknown; queued 0, held 1000; recent 0.0/s over 1.131832358s
application 200 in 0.58ms
0/1,000 unique accepted successes in 151.42s (0.0/s whole run); 0 failures, 0 retries
runtime runc; commands unknown; queued 0, held 1000; recent 0.0/s over 1.098041819s
application 200 in 0.59ms
0/1,000 unique accepted successes in 152.53s (0.0/s whole run); 0 failures, 0 retries
runtime runc; commands unknown; queued 0, held 1000; recent 0.0/s over 1.109633009s
application 200 in 1.60ms
0/1,000 unique accepted successes in 153.64s (0.0/s whole run); 0 failures, 0 retries
runtime runc; commands unknown; queued 0, held 1000; recent 0.0/s over 1.106996209s
application 200 in 1.53ms
0/1,000 unique accepted successes in 154.78s (0.0/s whole run); 0 failures, 0 retries
runtime runc; commands unknown; queued 0, held 1000; recent 0.0/s over 1.143595142s
application 200 in 1.21ms
0/1,000 unique accepted successes in 155.87s (0.0/s whole run); 0 failures, 0 retries
runtime runc; commands unknown; queued 0, held 1000; recent 0.0/s over 1.072499274s
application 200 in 1.26ms
0/1,000 unique accepted successes in 156.93s (0.0/s whole run); 0 failures, 0 retries
runtime runc; commands unknown; queued 0, held 1000; recent 0.0/s over 1.076212759s
application 200 in 1.44ms
0/1,000 unique accepted successes in 158.09s (0.0/s whole run); 0 failures, 0 retries
runtime runc; commands unknown; queued 0, held 1000; recent 0.0/s over 1.162253947s
application 200 in 1.19ms
0/1,000 unique accepted successes in 159.21s (0.0/s whole run); 0 failures, 0 retries
runtime runc; commands unknown; queued 0, held 1000; recent 0.0/s over 1.120738553s
application 200 in 0.69ms
0/1,000 unique accepted successes in 160.38s (0.0/s whole run); 0 failures, 0 retries
runtime runc; commands unknown; queued 0, held 1000; recent 0.0/s over 1.154674684s
application 200 in 2.67ms
0/1,000 unique accepted successes in 161.50s (0.0/s whole run); 0 failures, 0 retries
runtime runc; commands unknown; queued 0, held 1000; recent 0.0/s over 1.129456174s
application 200 in 0.80ms
0/1,000 unique accepted successes in 162.63s (0.0/s whole run); 0 failures, 0 retries
runtime runc; commands unknown; queued 0, held 1000; recent 0.0/s over 1.123821198s
application 200 in 0.55ms
0/1,000 unique accepted successes in 163.74s (0.0/s whole run); 0 failures, 0 retries
runtime runc; commands unknown; queued 0, held 1000; recent 0.0/s over 1.122390436s
application 200 in 0.71ms
0/1,000 unique accepted successes in 164.83s (0.0/s whole run); 0 failures, 0 retries
runtime runc; commands unknown; queued 0, held 1000; recent 0.0/s over 1.076254079s
application 200 in 1.01ms
0/1,000 unique accepted successes in 165.97s (0.0/s whole run); 0 failures, 0 retries
runtime runc; commands unknown; queued 0, held 1000; recent 0.0/s over 1.144711403s
application 200 in 2.00ms
0/1,000 unique accepted successes in 167.08s (0.0/s whole run); 0 failures, 0 retries
runtime runc; commands unknown; queued 0, held 1000; recent 0.0/s over 1.113107457s
application 200 in 6.79ms
0/1,000 unique accepted successes in 168.20s (0.0/s whole run); 0 failures, 0 retries
runtime runc; commands unknown; queued 0, held 1000; recent 0.0/s over 1.127654522s
application 200 in 0.46ms
0/1,000 unique accepted successes in 169.32s (0.0/s whole run); 0 failures, 0 retries
runtime runc; commands unknown; queued 0, held 1000; recent 0.0/s over 1.111576683s
application 200 in 1.37ms
0/1,000 unique accepted successes in 170.47s (0.0/s whole run); 0 failures, 0 retries
runtime runc; commands unknown; queued 0, held 1000; recent 0.0/s over 1.142933429s
application 200 in 0.58ms
0/1,000 unique accepted successes in 171.57s (0.0/s whole run); 0 failures, 0 retries
runtime runc; commands unknown; queued 0, held 1000; recent 0.0/s over 1.105995367s
application 200 in 0.61ms
0/1,000 unique accepted successes in 172.64s (0.0/s whole run); 0 failures, 0 retries
runtime runc; commands unknown; queued 0, held 1000; recent 0.0/s over 1.071581137s
application 200 in 2.23ms
0/1,000 unique accepted successes in 173.77s (0.0/s whole run); 0 failures, 0 retries
runtime runc; commands unknown; queued 0, held 1000; recent 0.0/s over 1.133130645s
application 200 in 0.78ms
0/1,000 unique accepted successes in 174.86s (0.0/s whole run); 0 failures, 0 retries
runtime runc; commands unknown; queued 0, held 1000; recent 0.0/s over 1.089211624s
application 200 in 0.68ms
0/1,000 unique accepted successes in 176.00s (0.0/s whole run); 0 failures, 0 retries
runtime runc; commands unknown; queued 0, held 1000; recent 0.0/s over 1.135251777s
application 200 in 8.45ms
0/1,000 unique accepted successes in 177.17s (0.0/s whole run); 0 failures, 0 retries
runtime runc; commands unknown; queued 0, held 1000; recent 0.0/s over 1.16799156s
application 200 in 1.13ms
0/1,000 unique accepted successes in 178.28s (0.0/s whole run); 0 failures, 0 retries
runtime runc; commands unknown; queued 0, held 1000; recent 0.0/s over 1.112825282s
application 200 in 0.61ms
0/1,000 unique accepted successes in 179.44s (0.0/s whole run); 0 failures, 0 retries
runtime runc; commands unknown; queued 0, held 1000; recent 0.0/s over 1.158709793s
application 200 in 0.98ms
0/1,000 unique accepted successes in 180.53s (0.0/s whole run); 0 failures, 0 retries
runtime runc; commands unknown; queued 0, held 1000; recent 0.0/s over 1.07693588s
application 200 in 1.43ms
0/1,000 unique accepted successes in 181.68s (0.0/s whole run); 0 failures, 0 retries
runtime runc; commands unknown; queued 0, held 1000; recent 0.0/s over 1.160121526s
application 200 in 4.47ms
0/1,000 unique accepted successes in 182.77s (0.0/s whole run); 0 failures, 0 retries
runtime runc; commands unknown; queued 0, held 1000; recent 0.0/s over 1.103357337s
application 200 in 1.25ms
0/1,000 unique accepted successes in 183.87s (0.0/s whole run); 0 failures, 0 retries
runtime runc; commands unknown; queued 0, held 1000; recent 0.0/s over 1.089150901s
application 200 in 0.53ms
0/1,000 unique accepted successes in 184.98s (0.0/s whole run); 0 failures, 0 retries
runtime runc; commands unknown; queued 0, held 1000; recent 0.0/s over 1.11521031s
application 200 in 2.29ms
0/1,000 unique accepted successes in 186.11s (0.0/s whole run); 0 failures, 0 retries
runtime runc; commands unknown; queued 0, held 1000; recent 0.0/s over 1.131662258s
application 200 in 0.62ms
0/1,000 unique accepted successes in 187.19s (0.0/s whole run); 0 failures, 0 retries
runtime runc; commands unknown; queued 0, held 1000; recent 0.0/s over 1.084811963s
application 200 in 0.78ms
0/1,000 unique accepted successes in 188.31s (0.0/s whole run); 0 failures, 0 retries
runtime runc; commands unknown; queued 0, held 1000; recent 0.0/s over 1.1177392s
application 200 in 6.07ms
0/1,000 unique accepted successes in 189.43s (0.0/s whole run); 0 failures, 0 retries
runtime runc; commands unknown; queued 0, held 1000; recent 0.0/s over 1.11562646s
application 200 in 0.87ms
0/1,000 unique accepted successes in 190.54s (0.0/s whole run); 0 failures, 0 retries
runtime runc; commands unknown; queued 0, held 1000; recent 0.0/s over 1.113157088s
application 200 in 0.53ms
0/1,000 unique accepted successes in 191.65s (0.0/s whole run); 0 failures, 0 retries
runtime runc; commands unknown; queued 0, held 1000; recent 0.0/s over 1.115346523s
application 200 in 0.59ms
0/1,000 unique accepted successes in 192.77s (0.0/s whole run); 0 failures, 0 retries
runtime runc; commands unknown; queued 0, held 1000; recent 0.0/s over 1.114010019s
application 200 in 0.46ms
0/1,000 unique accepted successes in 193.87s (0.0/s whole run); 0 failures, 0 retries
runtime runc; commands unknown; queued 0, held 1000; recent 0.0/s over 1.099797338s
application 200 in 1.04ms
0/1,000 unique accepted successes in 195.02s (0.0/s whole run); 0 failures, 0 retries
runtime runc; commands unknown; queued 0, held 1000; recent 0.0/s over 1.147639137s
application 200 in 0.59ms
0/1,000 unique accepted successes in 196.13s (0.0/s whole run); 0 failures, 0 retries
runtime runc; commands unknown; queued 0, held 1000; recent 0.0/s over 1.104119207s
application 200 in 1.35ms
0/1,000 unique accepted successes in 197.27s (0.0/s whole run); 0 failures, 0 retries
runtime runc; commands unknown; queued 0, held 1000; recent 0.0/s over 1.135705018s
application 200 in 2.85ms
0/1,000 unique accepted successes in 198.44s (0.0/s whole run); 0 failures, 0 retries
runtime runc; commands unknown; queued 0, held 1000; recent 0.0/s over 1.179983737s
application 200 in 2.17ms
0/1,000 unique accepted successes in 199.57s (0.0/s whole run); 0 failures, 0 retries
runtime runc; commands unknown; queued 0, held 1000; recent 0.0/s over 1.133749898s
application 200 in 0.50ms
0/1,000 unique accepted successes in 200.74s (0.0/s whole run); 0 failures, 0 retries
runtime runc; commands unknown; queued 0, held 1000; recent 0.0/s over 1.160696564s
application 200 in 0.88ms
0/1,000 unique accepted successes in 201.89s (0.0/s whole run); 0 failures, 0 retries
runtime runc; commands unknown; queued 0, held 1000; recent 0.0/s over 1.161331158s
application 200 in 0.82ms
0/1,000 unique accepted successes in 203.00s (0.0/s whole run); 0 failures, 0 retries
runtime runc; commands unknown; queued 0, held 1000; recent 0.0/s over 1.100470435s
application 200 in 0.70ms
0/1,000 unique accepted successes in 204.15s (0.0/s whole run); 0 failures, 0 retries
runtime runc; commands unknown; queued 0, held 1000; recent 0.0/s over 1.152268834s
application 200 in 0.56ms
0/1,000 unique accepted successes in 205.31s (0.0/s whole run); 0 failures, 0 retries
runtime runc; commands unknown; queued 0, held 1000; recent 0.0/s over 1.167132306s
application 200 in 1.03ms
0/1,000 unique accepted successes in 206.41s (0.0/s whole run); 0 failures, 0 retries
runtime runc; commands unknown; queued 0, held 1000; recent 0.0/s over 1.09061971s
application 200 in 0.54ms
0/1,000 unique accepted successes in 207.61s (0.0/s whole run); 0 failures, 0 retries
runtime runc; commands unknown; queued 0, held 1000; recent 0.0/s over 1.182354108s
application 200 in 1.41ms
0/1,000 unique accepted successes in 208.76s (0.0/s whole run); 0 failures, 0 retries
runtime runc; commands unknown; queued 0, held 1000; recent 0.0/s over 1.173067993s
application 200 in 1.29ms
0/1,000 unique accepted successes in 209.90s (0.0/s whole run); 0 failures, 0 retries
runtime runc; commands unknown; queued 0, held 1000; recent 0.0/s over 1.13617753s
application 200 in 0.61ms
0/1,000 unique accepted successes in 211.07s (0.0/s whole run); 0 failures, 0 retries
runtime runc; commands unknown; queued 0, held 1000; recent 0.0/s over 1.164797903s
application 200 in 0.52ms
0/1,000 unique accepted successes in 212.19s (0.0/s whole run); 0 failures, 0 retries
runtime runc; commands unknown; queued 0, held 1000; recent 0.0/s over 1.132776251s
application 200 in 0.82ms
0/1,000 unique accepted successes in 213.35s (0.0/s whole run); 0 failures, 0 retries
runtime runc; commands unknown; queued 0, held 1000; recent 0.0/s over 1.135596036s
application 200 in 0.54ms
0/1,000 unique accepted successes in 214.43s (0.0/s whole run); 0 failures, 0 retries
runtime runc; commands unknown; queued 0, held 1000; recent 0.0/s over 1.103154999s
application 200 in 0.65ms
0/1,000 unique accepted successes in 215.60s (0.0/s whole run); 0 failures, 0 retries
runtime runc; commands unknown; queued 0, held 1000; recent 0.0/s over 1.167113438s
application 200 in 1.00ms
0/1,000 unique accepted successes in 216.70s (0.0/s whole run); 0 failures, 0 retries
runtime runc; commands unknown; queued 0, held 1000; recent 0.0/s over 1.101606322s
application 200 in 0.82ms
0/1,000 unique accepted successes in 217.82s (0.0/s whole run); 0 failures, 0 retries
runtime runc; commands unknown; queued 0, held 1000; recent 0.0/s over 1.124624028s
application 200 in 0.48ms
0/1,000 unique accepted successes in 218.96s (0.0/s whole run); 0 failures, 0 retries
runtime runc; commands unknown; queued 0, held 1000; recent 0.0/s over 1.110795416s
application 200 in 0.95ms
0/1,000 unique accepted successes in 220.08s (0.0/s whole run); 0 failures, 0 retries
runtime runc; commands unknown; queued 0, held 1000; recent 0.0/s over 1.142682125s
application 200 in 3.55ms
0/1,000 unique accepted successes in 221.25s (0.0/s whole run); 0 failures, 0 retries
runtime runc; commands unknown; queued 0, held 1000; recent 0.0/s over 1.168860793s
application 200 in 0.53ms
0/1,000 unique accepted successes in 222.33s (0.0/s whole run); 0 failures, 0 retries
runtime runc; commands unknown; queued 0, held 1000; recent 0.0/s over 1.082203661s
application 200 in 1.73ms
0/1,000 unique accepted successes in 223.50s (0.0/s whole run); 0 failures, 0 retries
runtime runc; commands unknown; queued 0, held 1000; recent 0.0/s over 1.152803605s
application 200 in 0.68ms
0/1,000 unique accepted successes in 224.67s (0.0/s whole run); 0 failures, 0 retries
runtime runc; commands unknown; queued 0, held 1000; recent 0.0/s over 1.147606743s
application 200 in 0.97ms
0/1,000 unique accepted successes in 225.80s (0.0/s whole run); 0 failures, 0 retries
runtime runc; commands unknown; queued 0, held 1000; recent 0.0/s over 1.158342296s
application 200 in 2.11ms
0/1,000 unique accepted successes in 226.96s (0.0/s whole run); 0 failures, 0 retries
runtime runc; commands unknown; queued 0, held 1000; recent 0.0/s over 1.169102264s
application 200 in 1.00ms
0/1,000 unique accepted successes in 228.09s (0.0/s whole run); 0 failures, 0 retries
runtime runc; commands unknown; queued 0, held 1000; recent 0.0/s over 1.129430956s
application 200 in 1.48ms
0/1,000 unique accepted successes in 229.22s (0.0/s whole run); 0 failures, 0 retries
runtime runc; commands unknown; queued 0, held 1000; recent 0.0/s over 1.133508778s
application 200 in 0.52ms
0/1,000 unique accepted successes in 230.33s (0.0/s whole run); 0 failures, 0 retries
runtime runc; commands unknown; queued 0, held 1000; recent 0.0/s over 1.116355115s
application 200 in 0.54ms
0/1,000 unique accepted successes in 231.56s (0.0/s whole run); 0 failures, 0 retries
runtime runc; commands unknown; queued 0, held 1000; recent 0.0/s over 1.214113978s
application 200 in 1.72ms
0/1,000 unique accepted successes in 232.67s (0.0/s whole run); 0 failures, 0 retries
runtime runc; commands unknown; queued 0, held 1000; recent 0.0/s over 1.112410493s
application 200 in 0.64ms
0/1,000 unique accepted successes in 233.78s (0.0/s whole run); 0 failures, 0 retries
runtime runc; commands unknown; queued 0, held 1000; recent 0.0/s over 1.117504803s
application 200 in 0.53ms
0/1,000 unique accepted successes in 234.88s (0.0/s whole run); 0 failures, 0 retries
runtime runc; commands unknown; queued 0, held 1000; recent 0.0/s over 1.092087037s
application 200 in 0.70ms
0/1,000 unique accepted successes in 235.98s (0.0/s whole run); 0 failures, 0 retries
runtime runc; commands unknown; queued 0, held 1000; recent 0.0/s over 1.107183549s
application 200 in 0.56ms
0/1,000 unique accepted successes in 237.15s (0.0/s whole run); 0 failures, 0 retries
runtime runc; commands unknown; queued 0, held 1000; recent 0.0/s over 1.165605408s
application 200 in 1.54ms
0/1,000 unique accepted successes in 238.26s (0.0/s whole run); 0 failures, 0 retries
runtime runc; commands unknown; queued 0, held 1000; recent 0.0/s over 1.115359942s
application 200 in 0.53ms
0/1,000 unique accepted successes in 239.43s (0.0/s whole run); 0 failures, 0 retries
runtime runc; commands unknown; queued 0, held 1000; recent 0.0/s over 1.141329835s
application 200 in 1.42ms
0/1,000 unique accepted successes in 240.55s (0.0/s whole run); 0 failures, 0 retries
runtime runc; commands unknown; queued 0, held 1000; recent 0.0/s over 1.140348012s
application 200 in 2.51ms
0/1,000 unique accepted successes in 241.69s (0.0/s whole run); 0 failures, 0 retries
runtime runc; commands unknown; queued 0, held 1000; recent 0.0/s over 1.149670145s
application 200 in 0.64ms
0/1,000 unique accepted successes in 242.83s (0.0/s whole run); 0 failures, 0 retries
runtime runc; commands unknown; queued 0, held 1000; recent 0.0/s over 1.138846255s
application 200 in 0.67ms
0/1,000 unique accepted successes in 243.90s (0.0/s whole run); 0 failures, 0 retries
runtime runc; commands unknown; queued 0, held 1000; recent 0.0/s over 1.073100324s
application 200 in 0.75ms
0/1,000 unique accepted successes in 245.03s (0.0/s whole run); 0 failures, 0 retries
runtime runc; commands unknown; queued 0, held 1000; recent 0.0/s over 1.120945875s
application 200 in 0.98ms
0/1,000 unique accepted successes in 246.14s (0.0/s whole run); 0 failures, 0 retries
runtime runc; commands unknown; queued 0, held 1000; recent 0.0/s over 1.112836147s
application 200 in 1.77ms
0/1,000 unique accepted successes in 247.22s (0.0/s whole run); 0 failures, 0 retries
runtime runc; commands unknown; queued 0, held 1000; recent 0.0/s over 1.075214885s
application 200 in 0.63ms
0/1,000 unique accepted successes in 248.34s (0.0/s whole run); 0 failures, 0 retries
runtime runc; commands unknown; queued 0, held 1000; recent 0.0/s over 1.108092096s
application 200 in 0.68ms
0/1,000 unique accepted successes in 249.56s (0.0/s whole run); 0 failures, 0 retries
runtime runc; commands unknown; queued 0, held 1000; recent 0.0/s over 1.238728314s
application 200 in 2.80ms
0/1,000 unique accepted successes in 250.66s (0.0/s whole run); 0 failures, 0 retries
runtime runc; commands unknown; queued 0, held 1000; recent 0.0/s over 1.096813441s
application 200 in 0.87ms
0/1,000 unique accepted successes in 251.78s (0.0/s whole run); 0 failures, 0 retries
runtime runc; commands unknown; queued 0, held 1000; recent 0.0/s over 1.122373985s
application 200 in 1.57ms
0/1,000 unique accepted successes in 252.88s (0.0/s whole run); 0 failures, 0 retries
runtime runc; commands unknown; queued 0, held 1000; recent 0.0/s over 1.101570157s
application 200 in 0.77ms
0/1,000 unique accepted successes in 254.01s (0.0/s whole run); 0 failures, 0 retries
runtime runc; commands unknown; queued 0, held 1000; recent 0.0/s over 1.125452861s
application 200 in 0.61ms
0/1,000 unique accepted successes in 255.09s (0.0/s whole run); 0 failures, 0 retries
runtime runc; commands unknown; queued 0, held 1000; recent 0.0/s over 1.088905349s
application 200 in 0.62ms
0/1,000 unique accepted successes in 256.21s (0.0/s whole run); 0 failures, 0 retries
runtime runc; commands unknown; queued 0, held 1000; recent 0.0/s over 1.104745371s
application 200 in 1.66ms
0/1,000 unique accepted successes in 257.29s (0.0/s whole run); 0 failures, 0 retries
runtime runc; commands unknown; queued 0, held 1000; recent 0.0/s over 1.091918976s
application 200 in 4.02ms
0/1,000 unique accepted successes in 258.38s (0.0/s whole run); 0 failures, 0 retries
runtime runc; commands unknown; queued 0, held 1000; recent 0.0/s over 1.088837307s
application 200 in 0.50ms
0/1,000 unique accepted successes in 259.45s (0.0/s whole run); 0 failures, 0 retries
runtime runc; commands unknown; queued 0, held 1000; recent 0.0/s over 1.07074056s
application 200 in 1.56ms
1,000/1,000 unique accepted successes in 260.52s (3.8/s whole run); 0 failures, 1 retries
runtime runc; commands 0; queued 0, held 0; recent 938.3327254297856/s over 1.065720051s
application 200 in 0.95ms
{
  "kernel": "6.8.0-139-generic",
  "architecture": "aarch64",
  "logical_cpus": 4,
  "operator_declared_warmth": "warm-images-cold-executors",
  "workload_sha256": "1269952912f442f54699ee1159277ceec7db691bf45bc9848d7915dd508b2b38",
  "command": [
    "/Users/miko/github/reliaburger/target/654-runtime-v3-release/relish",
    "--output",
    "json",
    "batch",
    "submit",
    "/tmp/rb654-runtime-v3/three-tiers-default-retries/runc.toml"
  ],
  "execution_path": "public full dispatch; runtime/isolation as admitted",
  "host_process_contract": "Owned host execution has no hard CPU/memory enforcement",
  "timing": "Monotonic clock before submit process launch through observed accepted terminal summary",
  "qualified_100m_per_day": false,
  "accepted_elapsed_seconds": 260.5157277160324,
  "unique_accepted_successes": 1000,
  "accepted_successes_per_second": 3.838539840826888,
  "terminal_failures": 0,
  "not_run": 0,
  "accepted_retries": 1,
  "all_tasks_succeeded": true,
  "qualification_boundary": "Requires matched baselines, 24-hour headroom, concurrent apps, recovery/fault and bounded-cost evidence"
}
