0/10,000 unique accepted successes in 0.03s (0.0/s whole run); 0 failures, 0 retries
runtime shared-runc; commands unknown; queued 10000, held 0; recent unknown/s over unknowns
application 200 in 12.67ms
0/10,000 unique accepted successes in 1.09s (0.0/s whole run); 0 failures, 0 retries
runtime shared-runc; commands 0; queued 8000, held 2000; recent 0.0/s over 1.056808471s
application 200 in 0.70ms
0/10,000 unique accepted successes in 2.19s (0.0/s whole run); 0 failures, 0 retries
runtime shared-runc; commands 0; queued 8000, held 2000; recent 0.0/s over 1.095166652s
application 200 in 1.94ms
0/10,000 unique accepted successes in 3.32s (0.0/s whole run); 0 failures, 0 retries
runtime shared-runc; commands 0; queued 8000, held 2000; recent 0.0/s over 1.119588406s
application 200 in 2.01ms
0/10,000 unique accepted successes in 4.53s (0.0/s whole run); 0 failures, 0 retries
runtime shared-runc; commands 0; queued 8000, held 2000; recent 0.0/s over 1.213172338s
application 200 in 1.58ms
0/10,000 unique accepted successes in 5.63s (0.0/s whole run); 0 failures, 0 retries
runtime shared-runc; commands 0; queued 8000, held 2000; recent 0.0/s over 1.10835693s
application 200 in 0.93ms
0/10,000 unique accepted successes in 6.80s (0.0/s whole run); 0 failures, 0 retries
runtime shared-runc; commands 2; queued 8000, held 2000; recent 0.0/s over 1.160741187s
application 200 in 0.74ms
0/10,000 unique accepted successes in 7.87s (0.0/s whole run); 0 failures, 0 retries
runtime shared-runc; commands 9; queued 8000, held 2000; recent 0.0/s over 1.083922054s
application 200 in 0.50ms
0/10,000 unique accepted successes in 8.93s (0.0/s whole run); 0 failures, 0 retries
runtime shared-runc; commands 0; queued 8000, held 2000; recent 0.0/s over 1.061601783s
application 200 in 0.52ms
2,000/10,000 unique accepted successes in 9.98s (200.5/s whole run); 0 failures, 0 retries
runtime shared-runc; commands 0; queued 6000, held 2000; recent 1916.493034234404/s over 1.043572799s
application 200 in 0.53ms
2,000/10,000 unique accepted successes in 11.04s (181.2/s whole run); 0 failures, 0 retries
runtime shared-runc; commands 0; queued 6000, held 2000; recent 0.0/s over 1.059513528s
application 200 in 1.16ms
2,000/10,000 unique accepted successes in 12.12s (165.0/s whole run); 0 failures, 0 retries
runtime shared-runc; commands 0; queued 6000, held 2000; recent 0.0/s over 1.085950415s
application 200 in 0.50ms
4,000/10,000 unique accepted successes in 13.17s (303.8/s whole run); 0 failures, 0 retries
runtime shared-runc; commands 0; queued 4000, held 2000; recent 1917.5008692678596/s over 1.043024299s
application 200 in 0.51ms
4,000/10,000 unique accepted successes in 14.23s (281.1/s whole run); 0 failures, 0 retries
runtime shared-runc; commands 0; queued 4000, held 2000; recent 0.0/s over 1.061970275s
application 200 in 0.51ms
5,000/10,000 unique accepted successes in 15.34s (325.9/s whole run); 0 failures, 0 retries
runtime shared-runc; commands 0; queued 3000, held 2000; recent 905.7534144351764/s over 1.104053249s
application 200 in 1.60ms
5,000/10,000 unique accepted successes in 16.49s (303.2/s whole run); 0 failures, 0 retries
runtime shared-runc; commands 0; queued 3000, held 2000; recent 0.0/s over 1.146594105s
application 200 in 0.69ms
6,000/10,000 unique accepted successes in 17.56s (341.7/s whole run); 0 failures, 0 retries
runtime shared-runc; commands 0; queued 2000, held 2000; recent 926.1240367202142/s over 1.079768973s
application 200 in 0.53ms
7,000/10,000 unique accepted successes in 18.62s (375.9/s whole run); 0 failures, 0 retries
runtime shared-runc; commands 0; queued 1000, held 2000; recent 942.1757097795208/s over 1.061373149s
application 200 in 0.57ms
7,000/10,000 unique accepted successes in 19.66s (356.0/s whole run); 0 failures, 0 retries
runtime shared-runc; commands 0; queued 1000, held 2000; recent 0.0/s over 1.0432105s
application 200 in 0.52ms
9,000/10,000 unique accepted successes in 20.70s (434.7/s whole run); 0 failures, 0 retries
runtime shared-runc; commands 0; queued 0, held 1000; recent 1922.458264916168/s over 1.040334678s
application 200 in 0.48ms
9,000/10,000 unique accepted successes in 21.76s (413.6/s whole run); 0 failures, 0 retries
runtime shared-runc; commands 0; queued 0, held 1000; recent 0.0/s over 1.054202681s
application 200 in 0.62ms
9,000/10,000 unique accepted successes in 22.80s (394.7/s whole run); 0 failures, 0 retries
runtime shared-runc; commands 0; queued 0, held 1000; recent 0.0/s over 1.042894885s
application 200 in 0.55ms
10,000/10,000 unique accepted successes in 23.84s (419.4/s whole run); 0 failures, 0 retries
runtime shared-runc; commands 0; queued 0, held 0; recent 960.766035208186/s over 1.040836128s
application 200 in 0.47ms
{
  "kernel": "6.8.0-139-generic",
  "architecture": "aarch64",
  "logical_cpus": 4,
  "operator_declared_warmth": "warm-images-cold-executors",
  "workload_sha256": "6eb2bb335d9e2a6441e22488571b80a0cd2888e3ea12ccdae92af53797f65c85",
  "command": [
    "/Users/miko/github/reliaburger/target/654-runtime-v3-release/relish",
    "--output",
    "json",
    "batch",
    "submit",
    "/tmp/rb654-runtime-v3/three-tiers-default-retries/shared-runc.toml"
  ],
  "execution_path": "public full dispatch; runtime/isolation as admitted",
  "host_process_contract": "Owned host execution has no hard CPU/memory enforcement",
  "timing": "Monotonic clock before submit process launch through observed accepted terminal summary",
  "qualified_100m_per_day": false,
  "accepted_elapsed_seconds": 23.840859632007778,
  "unique_accepted_successes": 10000,
  "accepted_successes_per_second": 419.44796263027376,
  "terminal_failures": 0,
  "not_run": 0,
  "accepted_retries": 0,
  "all_tasks_succeeded": true,
  "qualification_boundary": "Requires matched baselines, 24-hour headroom, concurrent apps, recovery/fault and bounded-cost evidence"
}
