{
  "path": "DurableHost",
  "image": "public.ecr.aws/docker/library/busybox@sha256:9532d8c39891ca2ecde4d30d7710e01fb739c87a8b9299685c63704296b16028",
  "executable_sha256": "f19470457088612bc3285404783d9f93533d917e869050aca13a4139b937c0a5",
  "command": [
    "/bin/busybox",
    "sh",
    "-c",
    "printf 'out:%s\\n' \"$RELIABURGER_TASK_INDEX\"; printf 'err:%s\\n' \"$RELIABURGER_TASK_INDEX\" >&2"
  ],
  "count": 200,
  "concurrency": 3,
  "image_preparation_seconds_excluded": 0.140796234,
  "warmth": "warm-images-after-disclosed-warmup",
  "warmup_count": 12,
  "warmup_seconds_excluded": 0.270062774,
  "executor_timings_before": {
    "admission": {
      "samples": 12,
      "total_microseconds": 106,
      "maximum_microseconds": 72,
      "buckets": [
        12,
        0,
        0,
        0,
        0,
        0,
        0,
        0,
        0,
        0,
        0,
        0,
        0,
        0,
        0,
        0
      ]
    },
    "startup": {
      "samples": 3,
      "total_microseconds": 141077,
      "maximum_microseconds": 47059,
      "buckets": [
        0,
        0,
        0,
        0,
        0,
        0,
        3,
        0,
        0,
        0,
        0,
        0,
        0,
        0,
        0,
        0
      ]
    },
    "command": {
      "samples": 12,
      "total_microseconds": 5124,
      "maximum_microseconds": 599,
      "buckets": [
        12,
        0,
        0,
        0,
        0,
        0,
        0,
        0,
        0,
        0,
        0,
        0,
        0,
        0,
        0,
        0
      ]
    },
    "cleanup": {
      "samples": 12,
      "total_microseconds": 599,
      "maximum_microseconds": 107,
      "buckets": [
        12,
        0,
        0,
        0,
        0,
        0,
        0,
        0,
        0,
        0,
        0,
        0,
        0,
        0,
        0,
        0
      ]
    }
  },
  "executor_timings_after": {
    "admission": {
      "samples": 212,
      "total_microseconds": 107,
      "maximum_microseconds": 72,
      "buckets": [
        212,
        0,
        0,
        0,
        0,
        0,
        0,
        0,
        0,
        0,
        0,
        0,
        0,
        0,
        0,
        0
      ]
    },
    "startup": {
      "samples": 3,
      "total_microseconds": 141077,
      "maximum_microseconds": 47059,
      "buckets": [
        0,
        0,
        0,
        0,
        0,
        0,
        3,
        0,
        0,
        0,
        0,
        0,
        0,
        0,
        0,
        0
      ]
    },
    "command": {
      "samples": 212,
      "total_microseconds": 86852,
      "maximum_microseconds": 826,
      "buckets": [
        212,
        0,
        0,
        0,
        0,
        0,
        0,
        0,
        0,
        0,
        0,
        0,
        0,
        0,
        0,
        0
      ]
    },
    "cleanup": {
      "samples": 212,
      "total_microseconds": 11074,
      "maximum_microseconds": 324,
      "buckets": [
        212,
        0,
        0,
        0,
        0,
        0,
        0,
        0,
        0,
        0,
        0,
        0,
        0,
        0,
        0,
        0
      ]
    }
  },
  "elapsed_seconds": 0.232724816,
  "verified_successes": 200,
  "failures": 0,
  "retries": 0,
  "verified_successes_per_second": 859.3840718731087,
  "container_cpu_request_millicores": 100,
  "container_cpu_limit_millicores": 1000,
  "container_memory_bytes": 33554432,
  "resource_enforcement": "per-command CPU, memory, swap and PID limits before user code",
  "bare_process_resource_limits": "none; profile fields are comparison inputs only",
  "node_job_budget_cpu_millicores": 3000,
  "service_probe_latency_ms": [
    2.420839
  ],
  "durability": "worker grant fence, per-task ledger/index, verified chunk receipts; no Raft admission",
  "optimised_build": true,
  "qualified_100m_per_day": false,
  "namespace_policy_hook": "not injected in direct runner; full Bun dispatch includes live namespace supervision"
}
