{
  "path": "DurableHost",
  "image": "public.ecr.aws/docker/library/busybox@sha256:9532d8c39891ca2ecde4d30d7710e01fb739c87a8b9299685c63704296b16028",
  "executable_sha256": "f19470457088612bc3285404783d9f93533d917e869050aca13a4139b937c0a5",
  "command": [
    "/bin/busybox",
    "sleep",
    "0.01"
  ],
  "count": 200,
  "concurrency": 3,
  "image_preparation_seconds_excluded": 0.135773125,
  "warmth": "warm-images-after-disclosed-warmup",
  "warmup_count": 12,
  "warmup_seconds_excluded": 0.266945658,
  "executor_timings_before": {
    "admission": {
      "samples": 12,
      "total_microseconds": 86,
      "maximum_microseconds": 56,
      "buckets": [
        12,
        0,
        0,
        0,
        0,
        0,
        0,
        0,
        0,
        0,
        0,
        0,
        0,
        0,
        0,
        0
      ]
    },
    "startup": {
      "samples": 3,
      "total_microseconds": 119678,
      "maximum_microseconds": 40209,
      "buckets": [
        0,
        0,
        0,
        0,
        0,
        0,
        3,
        0,
        0,
        0,
        0,
        0,
        0,
        0,
        0,
        0
      ]
    },
    "command": {
      "samples": 12,
      "total_microseconds": 127460,
      "maximum_microseconds": 10794,
      "buckets": [
        0,
        0,
        0,
        0,
        12,
        0,
        0,
        0,
        0,
        0,
        0,
        0,
        0,
        0,
        0,
        0
      ]
    },
    "cleanup": {
      "samples": 12,
      "total_microseconds": 868,
      "maximum_microseconds": 102,
      "buckets": [
        12,
        0,
        0,
        0,
        0,
        0,
        0,
        0,
        0,
        0,
        0,
        0,
        0,
        0,
        0,
        0
      ]
    }
  },
  "executor_timings_after": {
    "admission": {
      "samples": 212,
      "total_microseconds": 421,
      "maximum_microseconds": 60,
      "buckets": [
        212,
        0,
        0,
        0,
        0,
        0,
        0,
        0,
        0,
        0,
        0,
        0,
        0,
        0,
        0,
        0
      ]
    },
    "startup": {
      "samples": 3,
      "total_microseconds": 119678,
      "maximum_microseconds": 40209,
      "buckets": [
        0,
        0,
        0,
        0,
        0,
        0,
        3,
        0,
        0,
        0,
        0,
        0,
        0,
        0,
        0,
        0
      ]
    },
    "command": {
      "samples": 212,
      "total_microseconds": 2437202,
      "maximum_microseconds": 19785,
      "buckets": [
        0,
        0,
        0,
        0,
        210,
        2,
        0,
        0,
        0,
        0,
        0,
        0,
        0,
        0,
        0,
        0
      ]
    },
    "cleanup": {
      "samples": 212,
      "total_microseconds": 41395,
      "maximum_microseconds": 627,
      "buckets": [
        212,
        0,
        0,
        0,
        0,
        0,
        0,
        0,
        0,
        0,
        0,
        0,
        0,
        0,
        0,
        0
      ]
    }
  },
  "elapsed_seconds": 0.967468376,
  "verified_successes": 200,
  "failures": 0,
  "retries": 0,
  "verified_successes_per_second": 206.72510333298996,
  "container_cpu_request_millicores": 100,
  "container_cpu_limit_millicores": 1000,
  "container_memory_bytes": 33554432,
  "resource_enforcement": "per-command CPU, memory, swap and PID limits before user code",
  "bare_process_resource_limits": "none; profile fields are comparison inputs only",
  "node_job_budget_cpu_millicores": 3000,
  "service_probe_latency_ms": [
    1.0941690000000002
  ],
  "durability": "worker grant fence, per-task ledger/index, verified chunk receipts; no Raft admission",
  "optimised_build": true,
  "qualified_100m_per_day": false,
  "namespace_policy_hook": "not injected in direct runner; full Bun dispatch includes live namespace supervision"
}
