{
  "path": "Reused",
  "image": "public.ecr.aws/docker/library/busybox@sha256:9532d8c39891ca2ecde4d30d7710e01fb739c87a8b9299685c63704296b16028",
  "executable_sha256": "f19470457088612bc3285404783d9f93533d917e869050aca13a4139b937c0a5",
  "command": [
    "/bin/busybox",
    "true"
  ],
  "count": 200,
  "concurrency": 3,
  "image_preparation_seconds_excluded": 0.15302975,
  "warmth": "warm-images-cold-executors",
  "warmup_count": 0,
  "warmup_seconds_excluded": 4.2e-8,
  "executor_timings_before": null,
  "executor_timings_after": {
    "admission": {
      "samples": 200,
      "total_microseconds": 3251,
      "maximum_microseconds": 1656,
      "buckets": [
        198,
        2,
        0,
        0,
        0,
        0,
        0,
        0,
        0,
        0,
        0,
        0,
        0,
        0,
        0,
        0
      ]
    },
    "startup": {
      "samples": 3,
      "total_microseconds": 2855652,
      "maximum_microseconds": 1002998,
      "buckets": [
        0,
        0,
        0,
        0,
        0,
        0,
        0,
        0,
        0,
        0,
        3,
        0,
        0,
        0,
        0,
        0
      ]
    },
    "command": {
      "samples": 200,
      "total_microseconds": 166991,
      "maximum_microseconds": 33207,
      "buckets": [
        193,
        4,
        0,
        0,
        1,
        0,
        2,
        0,
        0,
        0,
        0,
        0,
        0,
        0,
        0,
        0
      ]
    },
    "cleanup": {
      "samples": 200,
      "total_microseconds": 9448,
      "maximum_microseconds": 188,
      "buckets": [
        200,
        0,
        0,
        0,
        0,
        0,
        0,
        0,
        0,
        0,
        0,
        0,
        0,
        0,
        0,
        0
      ]
    }
  },
  "elapsed_seconds": 1.017412512,
  "verified_successes": 200,
  "failures": 0,
  "retries": 0,
  "verified_successes_per_second": 196.5770989063677,
  "container_cpu_request_millicores": 100,
  "container_cpu_limit_millicores": 1000,
  "container_memory_bytes": 33554432,
  "resource_enforcement": "per-command CPU, memory, swap and PID limits before user code",
  "bare_process_resource_limits": "none; profile fields are comparison inputs only",
  "node_job_budget_cpu_millicores": 3000,
  "service_probe_latency_ms": [
    0.419709,
    0.418292
  ],
  "durability": "durable executor/runtime ownership, exit and positive cleanup; no task ledger or Raft admission",
  "optimised_build": true,
  "qualified_100m_per_day": false,
  "namespace_policy_hook": "not injected in direct runner; full Bun dispatch includes live namespace supervision"
}
