{
  "path": "DurableFresh",
  "image": "public.ecr.aws/docker/library/busybox@sha256:9532d8c39891ca2ecde4d30d7710e01fb739c87a8b9299685c63704296b16028",
  "executable_sha256": "f19470457088612bc3285404783d9f93533d917e869050aca13a4139b937c0a5",
  "command": [
    "/bin/busybox",
    "true"
  ],
  "count": 200,
  "concurrency": 3,
  "image_preparation_seconds_excluded": 0.170973221,
  "warmth": "warm-images-cold-executors",
  "warmup_count": 0,
  "warmup_seconds_excluded": 4.2e-8,
  "executor_timings_before": null,
  "executor_timings_after": null,
  "elapsed_seconds": 70.912179826,
  "verified_successes": 200,
  "failures": 0,
  "retries": 0,
  "verified_successes_per_second": 2.8203899596761497,
  "container_cpu_request_millicores": 100,
  "container_cpu_limit_millicores": 1000,
  "container_memory_bytes": 33554432,
  "resource_enforcement": "per-command CPU, memory, swap and PID limits before user code",
  "bare_process_resource_limits": "none; profile fields are comparison inputs only",
  "node_job_budget_cpu_millicores": 3000,
  "service_probe_latency_ms": [
    0.409626,
    0.439376,
    0.5073340000000001,
    0.503668,
    0.412501,
    0.600876,
    0.501876,
    0.477418,
    0.46666799999999997,
    0.498251,
    0.459542,
    0.45875,
    0.5133759999999999,
    0.5272509999999999,
    1.004711,
    0.5518759999999999,
    0.5466270000000001,
    0.434043,
    0.46737599999999996,
    0.48966799999999994,
    0.42804200000000003,
    0.467751,
    0.44046,
    0.5575009999999999,
    0.47133400000000003,
    0.368251,
    0.40883400000000003,
    0.444584,
    0.485418,
    0.724335,
    0.523709,
    0.408459,
    0.476709,
    0.48525100000000004,
    0.4896670000000001,
    0.606126,
    1.0226689999999998,
    0.473543,
    0.568585,
    0.435709,
    0.466501,
    0.425126,
    0.522376,
    1.1792099999999999,
    0.418001,
    0.407001,
    0.363417,
    0.455751,
    0.502876,
    0.491667,
    0.624668,
    0.465042,
    0.565626,
    0.894376,
    0.5107510000000001,
    0.5744180000000001,
    0.473543,
    1.330961,
    0.489251,
    0.5658759999999999,
    0.568002,
    0.444709,
    0.353667,
    0.47771,
    0.64996,
    0.489876,
    0.49021000000000003,
    0.505876,
    0.52496,
    0.466292,
    0.526084
  ],
  "durability": "worker grant fence, per-task ledger/index, verified chunk receipts; no Raft admission",
  "optimised_build": true,
  "qualified_100m_per_day": false,
  "namespace_policy_hook": "not injected in direct runner; full Bun dispatch includes live namespace supervision"
}
