{
  "path": "DurableReused",
  "image": "public.ecr.aws/docker/library/busybox@sha256:9532d8c39891ca2ecde4d30d7710e01fb739c87a8b9299685c63704296b16028",
  "executable_sha256": "f19470457088612bc3285404783d9f93533d917e869050aca13a4139b937c0a5",
  "command": [
    "/bin/busybox",
    "true"
  ],
  "count": 1000,
  "concurrency": 27,
  "image_preparation_seconds_excluded": 0.148913024,
  "warmth": "warm-images-after-disclosed-warmup",
  "warmup_count": 108,
  "warmup_seconds_excluded": 4.844210121,
  "executor_timings_before": {
    "admission": {
      "samples": 108,
      "total_microseconds": 77030,
      "maximum_microseconds": 4173,
      "buckets": [
        82,
        8,
        13,
        5,
        0,
        0,
        0,
        0,
        0,
        0,
        0,
        0,
        0,
        0,
        0,
        0
      ]
    },
    "startup": {
      "samples": 27,
      "total_microseconds": 95734851,
      "maximum_microseconds": 4724145,
      "buckets": [
        0,
        0,
        0,
        0,
        0,
        0,
        0,
        0,
        0,
        0,
        0,
        8,
        3,
        16,
        0,
        0
      ]
    },
    "command": {
      "samples": 108,
      "total_microseconds": 182868,
      "maximum_microseconds": 23626,
      "buckets": [
        51,
        38,
        13,
        4,
        1,
        1,
        0,
        0,
        0,
        0,
        0,
        0,
        0,
        0,
        0,
        0
      ]
    },
    "cleanup": {
      "samples": 108,
      "total_microseconds": 60248,
      "maximum_microseconds": 17736,
      "buckets": [
        100,
        3,
        1,
        1,
        2,
        1,
        0,
        0,
        0,
        0,
        0,
        0,
        0,
        0,
        0,
        0
      ]
    }
  },
  "executor_timings_after": {
    "admission": {
      "samples": 1108,
      "total_microseconds": 148521,
      "maximum_microseconds": 14785,
      "buckets": [
        1066,
        15,
        16,
        9,
        2,
        0,
        0,
        0,
        0,
        0,
        0,
        0,
        0,
        0,
        0,
        0
      ]
    },
    "startup": {
      "samples": 31,
      "total_microseconds": 100810610,
      "maximum_microseconds": 4724145,
      "buckets": [
        0,
        0,
        0,
        0,
        0,
        0,
        0,
        0,
        0,
        0,
        0,
        12,
        3,
        16,
        0,
        0
      ]
    },
    "command": {
      "samples": 1108,
      "total_microseconds": 6964149,
      "maximum_microseconds": 31571,
      "buckets": [
        71,
        115,
        230,
        370,
        275,
        47,
        0,
        0,
        0,
        0,
        0,
        0,
        0,
        0,
        0,
        0
      ]
    },
    "cleanup": {
      "samples": 1108,
      "total_microseconds": 975457,
      "maximum_microseconds": 17736,
      "buckets": [
        820,
        154,
        94,
        24,
        15,
        1,
        0,
        0,
        0,
        0,
        0,
        0,
        0,
        0,
        0,
        0
      ]
    }
  },
  "elapsed_seconds": 1.493356385,
  "verified_successes": 1000,
  "failures": 0,
  "retries": 0,
  "verified_successes_per_second": 669.6325204381806,
  "container_cpu_request_millicores": 100,
  "container_cpu_limit_millicores": 1000,
  "container_memory_bytes": 33554432,
  "resource_enforcement": "per-command CPU, memory, swap and PID limits before user code",
  "bare_process_resource_limits": "none; profile fields are comparison inputs only",
  "node_job_budget_cpu_millicores": 3000,
  "service_probe_latency_ms": [
    0.49633399999999994,
    1.320627
  ],
  "durability": "worker grant fence, per-task ledger/index, verified chunk receipts; no Raft admission",
  "optimised_build": true,
  "qualified_100m_per_day": false,
  "namespace_policy_hook": "not injected in direct runner; full Bun dispatch includes live namespace supervision"
}
