{
  "path": "Reused",
  "image": "public.ecr.aws/docker/library/busybox@sha256:9532d8c39891ca2ecde4d30d7710e01fb739c87a8b9299685c63704296b16028",
  "executable_sha256": "f19470457088612bc3285404783d9f93533d917e869050aca13a4139b937c0a5",
  "command": [
    "/bin/busybox",
    "true"
  ],
  "count": 1000,
  "concurrency": 27,
  "image_preparation_seconds_excluded": 0.155194229,
  "warmth": "warm-images-after-disclosed-warmup",
  "warmup_count": 108,
  "warmup_seconds_excluded": 4.501803112,
  "executor_timings_before": {
    "admission": {
      "samples": 108,
      "total_microseconds": 97634,
      "maximum_microseconds": 5383,
      "buckets": [
        82,
        4,
        8,
        14,
        0,
        0,
        0,
        0,
        0,
        0,
        0,
        0,
        0,
        0,
        0,
        0
      ]
    },
    "startup": {
      "samples": 27,
      "total_microseconds": 89551006,
      "maximum_microseconds": 4497114,
      "buckets": [
        0,
        0,
        0,
        0,
        0,
        0,
        0,
        0,
        0,
        0,
        0,
        9,
        7,
        11,
        0,
        0
      ]
    },
    "command": {
      "samples": 108,
      "total_microseconds": 129020,
      "maximum_microseconds": 3527,
      "buckets": [
        56,
        39,
        13,
        0,
        0,
        0,
        0,
        0,
        0,
        0,
        0,
        0,
        0,
        0,
        0,
        0
      ]
    },
    "cleanup": {
      "samples": 108,
      "total_microseconds": 16349,
      "maximum_microseconds": 1922,
      "buckets": [
        105,
        3,
        0,
        0,
        0,
        0,
        0,
        0,
        0,
        0,
        0,
        0,
        0,
        0,
        0,
        0
      ]
    }
  },
  "executor_timings_after": {
    "admission": {
      "samples": 1108,
      "total_microseconds": 106057,
      "maximum_microseconds": 5383,
      "buckets": [
        1080,
        5,
        9,
        14,
        0,
        0,
        0,
        0,
        0,
        0,
        0,
        0,
        0,
        0,
        0,
        0
      ]
    },
    "startup": {
      "samples": 30,
      "total_microseconds": 93055424,
      "maximum_microseconds": 4497114,
      "buckets": [
        0,
        0,
        0,
        0,
        0,
        0,
        0,
        0,
        0,
        0,
        0,
        12,
        7,
        11,
        0,
        0
      ]
    },
    "command": {
      "samples": 1108,
      "total_microseconds": 4562479,
      "maximum_microseconds": 21965,
      "buckets": [
        92,
        180,
        381,
        339,
        111,
        5,
        0,
        0,
        0,
        0,
        0,
        0,
        0,
        0,
        0,
        0
      ]
    },
    "cleanup": {
      "samples": 1108,
      "total_microseconds": 393907,
      "maximum_microseconds": 10828,
      "buckets": [
        1019,
        51,
        24,
        13,
        1,
        0,
        0,
        0,
        0,
        0,
        0,
        0,
        0,
        0,
        0,
        0
      ]
    }
  },
  "elapsed_seconds": 1.199252232,
  "verified_successes": 1000,
  "failures": 0,
  "retries": 0,
  "verified_successes_per_second": 833.8529404546482,
  "container_cpu_request_millicores": 100,
  "container_cpu_limit_millicores": 1000,
  "container_memory_bytes": 33554432,
  "resource_enforcement": "per-command CPU, memory, swap and PID limits before user code",
  "bare_process_resource_limits": "none; profile fields are comparison inputs only",
  "node_job_budget_cpu_millicores": 3000,
  "service_probe_latency_ms": [
    0.753668,
    0.368917
  ],
  "durability": "durable executor/runtime ownership, exit and positive cleanup; no task ledger or Raft admission",
  "optimised_build": true,
  "qualified_100m_per_day": false,
  "namespace_policy_hook": "not injected in direct runner; full Bun dispatch includes live namespace supervision"
}
