{
  "path": "Fresh",
  "image": "public.ecr.aws/docker/library/busybox@sha256:9532d8c39891ca2ecde4d30d7710e01fb739c87a8b9299685c63704296b16028",
  "executable_sha256": "f19470457088612bc3285404783d9f93533d917e869050aca13a4139b937c0a5",
  "command": [
    "/bin/busybox",
    "true"
  ],
  "count": 200,
  "concurrency": 3,
  "image_preparation_seconds_excluded": 0.164025142,
  "warmth": "warm-images-cold-executors",
  "warmup_count": 0,
  "warmup_seconds_excluded": 4.1e-8,
  "executor_timings_before": null,
  "executor_timings_after": null,
  "elapsed_seconds": 70.841213885,
  "verified_successes": 200,
  "failures": 0,
  "retries": 0,
  "verified_successes_per_second": 2.8232153153765793,
  "container_cpu_request_millicores": 100,
  "container_cpu_limit_millicores": 1000,
  "container_memory_bytes": 33554432,
  "resource_enforcement": "per-command CPU, memory, swap and PID limits before user code",
  "bare_process_resource_limits": "none; profile fields are comparison inputs only",
  "node_job_budget_cpu_millicores": 3000,
  "service_probe_latency_ms": [
    0.952751,
    0.430918,
    0.40966800000000003,
    0.430875,
    0.427167,
    0.404084,
    0.450334,
    0.455917,
    0.511709,
    0.449334,
    0.444834,
    0.450376,
    0.473126,
    0.483209,
    0.440667,
    0.501501,
    0.484209,
    0.421709,
    0.5590010000000001,
    0.430376,
    0.5215839999999999,
    0.402375,
    1.021835,
    0.43316699999999997,
    0.422959,
    0.383334,
    0.423792,
    0.41604199999999997,
    0.457084,
    0.485292,
    0.517126,
    0.45300100000000004,
    0.483751,
    0.605543,
    0.76046,
    0.648709,
    0.525,
    0.408584,
    0.39841699999999997,
    0.476501,
    0.48033400000000004,
    0.42008399999999996,
    0.396792,
    0.47575,
    0.526501,
    0.625042,
    0.697376,
    0.434293,
    0.48345899999999997,
    0.43679199999999996,
    0.459376,
    0.529126,
    0.45112599999999997,
    0.470918,
    0.432793,
    0.467501,
    0.5504169999999999,
    0.458,
    0.751418,
    0.3705,
    0.4545,
    0.477376,
    0.464126,
    0.489501,
    0.445209,
    0.525085,
    0.440209,
    0.591876,
    0.404584,
    0.5974170000000001,
    0.394501
  ],
  "durability": "durable executor/runtime ownership, exit and positive cleanup; no task ledger or Raft admission",
  "optimised_build": true,
  "qualified_100m_per_day": false,
  "namespace_policy_hook": "not injected in direct runner; full Bun dispatch includes live namespace supervision"
}
