{
  "path": "DurableHost",
  "image": "public.ecr.aws/docker/library/busybox@sha256:9532d8c39891ca2ecde4d30d7710e01fb739c87a8b9299685c63704296b16028",
  "executable_sha256": "f19470457088612bc3285404783d9f93533d917e869050aca13a4139b937c0a5",
  "command": [
    "/bin/busybox",
    "true"
  ],
  "count": 10000,
  "concurrency": 27,
  "image_preparation_seconds_excluded": 0.146795995,
  "warmth": "warm-images-after-disclosed-warmup",
  "warmup_count": 100000,
  "warmup_seconds_excluded": 9.263109782,
  "executor_timings_before": {
    "admission": {
      "samples": 100000,
      "total_microseconds": 3852,
      "maximum_microseconds": 623,
      "buckets": [
        100000,
        0,
        0,
        0,
        0,
        0,
        0,
        0,
        0,
        0,
        0,
        0,
        0,
        0,
        0,
        0
      ]
    },
    "startup": {
      "samples": 27,
      "total_microseconds": 4950418,
      "maximum_microseconds": 256581,
      "buckets": [
        0,
        0,
        0,
        0,
        0,
        0,
        0,
        4,
        22,
        1,
        0,
        0,
        0,
        0,
        0,
        0
      ]
    },
    "command": {
      "samples": 100000,
      "total_microseconds": 212201704,
      "maximum_microseconds": 20591,
      "buckets": [
        24322,
        34526,
        29991,
        10466,
        689,
        6,
        0,
        0,
        0,
        0,
        0,
        0,
        0,
        0,
        0,
        0
      ]
    },
    "cleanup": {
      "samples": 100000,
      "total_microseconds": 26317684,
      "maximum_microseconds": 14127,
      "buckets": [
        94746,
        3194,
        1748,
        298,
        14,
        0,
        0,
        0,
        0,
        0,
        0,
        0,
        0,
        0,
        0,
        0
      ]
    }
  },
  "executor_timings_after": {
    "admission": {
      "samples": 110000,
      "total_microseconds": 9326,
      "maximum_microseconds": 623,
      "buckets": [
        110000,
        0,
        0,
        0,
        0,
        0,
        0,
        0,
        0,
        0,
        0,
        0,
        0,
        0,
        0,
        0
      ]
    },
    "startup": {
      "samples": 27,
      "total_microseconds": 4950418,
      "maximum_microseconds": 256581,
      "buckets": [
        0,
        0,
        0,
        0,
        0,
        0,
        0,
        4,
        22,
        1,
        0,
        0,
        0,
        0,
        0,
        0
      ]
    },
    "command": {
      "samples": 110000,
      "total_microseconds": 233194818,
      "maximum_microseconds": 20591,
      "buckets": [
        26736,
        37995,
        33091,
        11428,
        744,
        6,
        0,
        0,
        0,
        0,
        0,
        0,
        0,
        0,
        0,
        0
      ]
    },
    "cleanup": {
      "samples": 110000,
      "total_microseconds": 28920761,
      "maximum_microseconds": 14127,
      "buckets": [
        104258,
        3453,
        1938,
        335,
        16,
        0,
        0,
        0,
        0,
        0,
        0,
        0,
        0,
        0,
        0,
        0
      ]
    }
  },
  "elapsed_seconds": 1.075877077,
  "verified_successes": 10000,
  "failures": 0,
  "retries": 0,
  "verified_successes_per_second": 9294.742135304366,
  "container_cpu_request_millicores": 100,
  "container_cpu_limit_millicores": 1000,
  "container_memory_bytes": 33554432,
  "resource_enforcement": "per-command CPU, memory, swap and PID limits before user code",
  "bare_process_resource_limits": "none; profile fields are comparison inputs only",
  "node_job_budget_cpu_millicores": 3000,
  "service_probe_latency_ms": [
    0.6028220000000001,
    0.487907
  ],
  "durability": "worker grant fence, per-task ledger/index, verified chunk receipts; no Raft admission",
  "optimised_build": true,
  "qualified_100m_per_day": false,
  "namespace_policy_hook": "not injected in direct runner; full Bun dispatch includes live namespace supervision"
}
