{
  "path": "Reused",
  "image": "public.ecr.aws/docker/library/busybox@sha256:9532d8c39891ca2ecde4d30d7710e01fb739c87a8b9299685c63704296b16028",
  "executable_sha256": "f19470457088612bc3285404783d9f93533d917e869050aca13a4139b937c0a5",
  "command": [
    "/bin/busybox",
    "true"
  ],
  "count": 10000,
  "concurrency": 27,
  "image_preparation_seconds_excluded": 0.152123159,
  "warmth": "warm-images-after-disclosed-warmup",
  "warmup_count": 100000,
  "warmup_seconds_excluded": 16.594620942,
  "executor_timings_before": {
    "admission": {
      "samples": 100000,
      "total_microseconds": 91073,
      "maximum_microseconds": 5027,
      "buckets": [
        99973,
        5,
        20,
        2,
        0,
        0,
        0,
        0,
        0,
        0,
        0,
        0,
        0,
        0,
        0,
        0
      ]
    },
    "startup": {
      "samples": 27,
      "total_microseconds": 104570428,
      "maximum_microseconds": 5334210,
      "buckets": [
        0,
        0,
        0,
        0,
        0,
        0,
        0,
        0,
        0,
        0,
        0,
        0,
        12,
        15,
        0,
        0
      ]
    },
    "command": {
      "samples": 100000,
      "total_microseconds": 312746928,
      "maximum_microseconds": 44617,
      "buckets": [
        4999,
        23442,
        47583,
        22030,
        1853,
        86,
        7,
        0,
        0,
        0,
        0,
        0,
        0,
        0,
        0,
        0
      ]
    },
    "cleanup": {
      "samples": 100000,
      "total_microseconds": 21521089,
      "maximum_microseconds": 17842,
      "buckets": [
        95865,
        2987,
        1019,
        109,
        19,
        1,
        0,
        0,
        0,
        0,
        0,
        0,
        0,
        0,
        0,
        0
      ]
    }
  },
  "executor_timings_after": {
    "admission": {
      "samples": 110000,
      "total_microseconds": 91297,
      "maximum_microseconds": 5027,
      "buckets": [
        109973,
        5,
        20,
        2,
        0,
        0,
        0,
        0,
        0,
        0,
        0,
        0,
        0,
        0,
        0,
        0
      ]
    },
    "startup": {
      "samples": 27,
      "total_microseconds": 104570428,
      "maximum_microseconds": 5334210,
      "buckets": [
        0,
        0,
        0,
        0,
        0,
        0,
        0,
        0,
        0,
        0,
        0,
        0,
        12,
        15,
        0,
        0
      ]
    },
    "command": {
      "samples": 110000,
      "total_microseconds": 342888606,
      "maximum_microseconds": 44617,
      "buckets": [
        5488,
        25824,
        52471,
        24180,
        1944,
        86,
        7,
        0,
        0,
        0,
        0,
        0,
        0,
        0,
        0,
        0
      ]
    },
    "cleanup": {
      "samples": 110000,
      "total_microseconds": 23337702,
      "maximum_microseconds": 17842,
      "buckets": [
        105562,
        3231,
        1077,
        110,
        19,
        1,
        0,
        0,
        0,
        0,
        0,
        0,
        0,
        0,
        0,
        0
      ]
    }
  },
  "elapsed_seconds": 1.209058735,
  "verified_successes": 10000,
  "failures": 0,
  "retries": 0,
  "verified_successes_per_second": 8270.896781536425,
  "container_cpu_request_millicores": 100,
  "container_cpu_limit_millicores": 1000,
  "container_memory_bytes": 33554432,
  "resource_enforcement": "per-command CPU, memory, swap and PID limits before user code",
  "bare_process_resource_limits": "none; profile fields are comparison inputs only",
  "node_job_budget_cpu_millicores": 3000,
  "service_probe_latency_ms": [
    1.206227,
    0.458908
  ],
  "durability": "durable executor/runtime ownership, exit and positive cleanup; no task ledger or Raft admission",
  "optimised_build": true,
  "qualified_100m_per_day": false,
  "namespace_policy_hook": "not injected in direct runner; full Bun dispatch includes live namespace supervision"
}
