0.0s: 0 unique accepted successes, 0 failures, 0 retries; 0.0/s; 1 successful service probes
30.2s: 81,000 unique accepted successes, 0 failures, 0 retries; 2677.9/s; 108 successful service probes
{
  "qualification_pass": false,
  "reason": "Requires separate recovery, fault and bounded-cost evidence",
  "kernel": "6.8.0-139-generic",
  "architecture": "aarch64",
  "logical_cpus": 4,
  "workload_sha256": "f07587033809bb65c48b2519f4c67a026b7827d7b6a4d6da9512f8204b6231c8",
  "command_prefix": [
    "/Users/miko/github/reliaburger/target/host-executor-v6-release/relish"
  ],
  "timing": "Monotonic read-only window; the existing submission remains running",
  "last_accepted_sample_seconds": 59.91250895988196,
  "elapsed_seconds": 60.0004508018028,
  "requested_seconds": 60,
  "measurement_complete": true,
  "window_pass": true,
  "unique_accepted_successes": 181000,
  "terminal_failures": 0,
  "accepted_retries": 0,
  "successes_per_second": 3016.6666666666665,
  "target_with_headroom": 1388.888888888889,
  "throughput_pass": false,
  "application_probes": 214,
  "application_failures": 0,
  "completed_submissions": 0,
  "active_submissions": [
    27
  ],
  "requires_evidence": [
    "hardware/runtime/image-warmth",
    "resource and storage bounds",
    "worker loss",
    "leader failover",
    "delayed control",
    "storage failure"
  ],
  "existing_batch_id": 27,
  "initial_accepted_counts": [
    0,
    0,
    0
  ],
  "measurement_ownership": "read-only; submission remains owned by its caller",
  "service_latency_ms": {
    "samples": 214,
    "maximum": 12.454902054741979,
    "p95": 1.4529761392623186
  },
  "resource_observations": [
    {
      "elapsed_seconds": 0.02546047791838646,
      "storage": {
        "/tmp/rb-host-executor-v4/data": {
          "allocated_bytes_observed": 251301888,
          "files_observed": 2385,
          "raced_entries": 0,
          "complete": false,
          "filesystem_available_bytes": 2673782784,
          "filesystem_total_bytes": 50884108288
        }
      },
      "cpu": {
        "cpu_ticks": [
          6978791,
          5659,
          6291967,
          462993112,
          1462102,
          0,
          615311,
          0,
          0,
          0
        ]
      },
      "processes": [
        {
          "pid": 2960485,
          "start_ticks": 119317256,
          "complete": true,
          "rss_bytes": 200564736,
          "peak_rss_bytes": 229470208
        },
        {
          "pid": 2960635,
          "start_ticks": 119317979,
          "complete": true,
          "rss_bytes": 2015232,
          "peak_rss_bytes": 2015232
        }
      ]
    },
    {
      "elapsed_seconds": 30.24809925700538,
      "storage": {
        "/tmp/rb-host-executor-v4/data": {
          "allocated_bytes_observed": 259313664,
          "files_observed": 2385,
          "raced_entries": 0,
          "complete": false,
          "filesystem_available_bytes": 2641010688,
          "filesystem_total_bytes": 50884108288
        }
      },
      "cpu": {
        "cpu_ticks": [
          6979690,
          5659,
          6295356,
          463000525,
          1462221,
          0,
          615343,
          0,
          0,
          0
        ]
      },
      "processes": [
        {
          "pid": 2960485,
          "start_ticks": 119317256,
          "complete": true,
          "rss_bytes": 199315456,
          "peak_rss_bytes": 229470208
        },
        {
          "pid": 2960635,
          "start_ticks": 119317979,
          "complete": true,
          "rss_bytes": 2015232,
          "peak_rss_bytes": 2015232
        }
      ]
    }
  ],
  "elapsed_including_observation_seconds": 60.0004508018028,
  "post_cutoff_drain_proofs": [],
  "elapsed_including_cancellation_seconds": 60.00051880301908,
  "cleanup_failed_submissions": [],
  "measurement_window_seconds": 60,
  "conservative_cutoff": "Only summary responses received before the deadline are counted; subsequent cancellation/results earn no credit"
}
