0.0s: 0 unique accepted successes, 0 failures, 0 retries; 0.0/s; 1 successful service probes
30.0s: 110,000 unique accepted successes, 0 failures, 0 retries; 3662.3/s; 108 successful service probes
{
  "qualification_pass": false,
  "reason": "Requires separate recovery, fault and bounded-cost evidence",
  "kernel": "6.8.0-139-generic",
  "architecture": "aarch64",
  "logical_cpus": 4,
  "workload_sha256": "f07587033809bb65c48b2519f4c67a026b7827d7b6a4d6da9512f8204b6231c8",
  "command_prefix": [
    "/Users/miko/github/reliaburger/target/host-executor-v6-release/relish"
  ],
  "timing": "Monotonic read-only window; the existing submission remains running",
  "last_accepted_sample_seconds": 59.73504741000943,
  "elapsed_seconds": 60.0050274070818,
  "requested_seconds": 60,
  "measurement_complete": true,
  "window_pass": true,
  "unique_accepted_successes": 220000,
  "terminal_failures": 0,
  "accepted_retries": 0,
  "successes_per_second": 3666.6666666666665,
  "target_with_headroom": 1388.888888888889,
  "throughput_pass": false,
  "application_probes": 215,
  "application_failures": 0,
  "completed_submissions": 0,
  "active_submissions": [
    27
  ],
  "requires_evidence": [
    "hardware/runtime/image-warmth",
    "resource and storage bounds",
    "worker loss",
    "leader failover",
    "delayed control",
    "storage failure"
  ],
  "existing_batch_id": 27,
  "initial_accepted_counts": [
    181000,
    0,
    0
  ],
  "measurement_ownership": "read-only; submission remains owned by its caller",
  "service_latency_ms": {
    "samples": 215,
    "maximum": 12.780938064679503,
    "p95": 1.3997240457683802
  },
  "resource_observations": [
    {
      "elapsed_seconds": 0.025677711004391313,
      "storage": {
        "/tmp/rb-host-executor-v4/data": {
          "allocated_bytes_observed": 267526144,
          "files_observed": 2386,
          "raced_entries": 0,
          "complete": false,
          "filesystem_available_bytes": 2632540160,
          "filesystem_total_bytes": 50884108288
        }
      },
      "cpu": {
        "cpu_ticks": [
          6980662,
          5659,
          6299032,
          463007432,
          1462329,
          0,
          615368,
          0,
          0,
          0
        ]
      },
      "processes": [
        {
          "pid": 2960485,
          "start_ticks": 119317256,
          "complete": true,
          "rss_bytes": 199708672,
          "peak_rss_bytes": 229994496
        },
        {
          "pid": 2960635,
          "start_ticks": 119317979,
          "complete": true,
          "rss_bytes": 2015232,
          "peak_rss_bytes": 2015232
        }
      ]
    },
    {
      "elapsed_seconds": 30.036078423960134,
      "storage": {
        "/tmp/rb-host-executor-v4/data": {
          "allocated_bytes_observed": 276398080,
          "files_observed": 2386,
          "raced_entries": 0,
          "complete": false,
          "filesystem_available_bytes": 2623430656,
          "filesystem_total_bytes": 50884108288
        }
      },
      "cpu": {
        "cpu_ticks": [
          6981697,
          5659,
          6302934,
          463014156,
          1462424,
          0,
          615394,
          0,
          0,
          0
        ]
      },
      "processes": [
        {
          "pid": 2960485,
          "start_ticks": 119317256,
          "complete": true,
          "rss_bytes": 199798784,
          "peak_rss_bytes": 229994496
        },
        {
          "pid": 2960635,
          "start_ticks": 119317979,
          "complete": true,
          "rss_bytes": 2015232,
          "peak_rss_bytes": 2015232
        }
      ]
    }
  ],
  "elapsed_including_observation_seconds": 60.0050274070818,
  "post_cutoff_drain_proofs": [],
  "elapsed_including_cancellation_seconds": 60.00507249101065,
  "cleanup_failed_submissions": [],
  "measurement_window_seconds": 60,
  "conservative_cutoff": "Only summary responses received before the deadline are counted; subsequent cancellation/results earn no credit"
}
