0.0s: 0 unique accepted successes, 0 failures, 0 retries; 0.0/s; 1 successful service probes
30.3s: 19 unique accepted successes, 0 failures, 0 retries; 0.6/s; 111 successful service probes
{
  "qualification_pass": false,
  "reason": "Requires separate recovery, fault and bounded-cost evidence",
  "kernel": "6.8.0-139-generic",
  "architecture": "aarch64",
  "logical_cpus": 4,
  "workload_sha256": "d5a4e8fd6d8786dfc8b95cf675d66580d6aeb718a85ba276fbe245b207062d78",
  "command_prefix": [
    "/Users/miko/github/reliaburger/target/host-executor-v6-release/relish"
  ],
  "timing": "Monotonic read-only window; the existing submission remains running",
  "last_accepted_sample_seconds": 59.81132902693935,
  "elapsed_seconds": 60.000328968977556,
  "requested_seconds": 60,
  "measurement_complete": true,
  "window_pass": true,
  "unique_accepted_successes": 38,
  "terminal_failures": 0,
  "accepted_retries": 0,
  "successes_per_second": 0.6333333333333333,
  "target_with_headroom": 1388.888888888889,
  "throughput_pass": false,
  "application_probes": 218,
  "application_failures": 0,
  "completed_submissions": 0,
  "active_submissions": [
    47
  ],
  "requires_evidence": [
    "hardware/runtime/image-warmth",
    "resource and storage bounds",
    "worker loss",
    "leader failover",
    "delayed control",
    "storage failure"
  ],
  "existing_batch_id": 47,
  "initial_accepted_counts": [
    0,
    0,
    0
  ],
  "measurement_ownership": "read-only; submission remains owned by its caller",
  "service_latency_ms": {
    "samples": 218,
    "maximum": 12.546241050586104,
    "p95": 0.9660469368100166
  },
  "resource_observations": [
    {
      "elapsed_seconds": 0.026247489033266902,
      "storage": {
        "/tmp/rb-host-executor-v4/data": {
          "allocated_bytes_observed": 405532672,
          "files_observed": 2391,
          "raced_entries": 0,
          "complete": false,
          "filesystem_available_bytes": 2508144640,
          "filesystem_total_bytes": 50884108288
        }
      },
      "cpu": {
        "cpu_ticks": [
          7012756,
          5659,
          6476952,
          463232710,
          1486717,
          0,
          619254,
          0,
          0,
          0
        ]
      },
      "processes": [
        {
          "pid": 2960485,
          "start_ticks": 119317256,
          "complete": true,
          "rss_bytes": 214646784,
          "peak_rss_bytes": 245469184
        },
        {
          "pid": 2960635,
          "start_ticks": 119317979,
          "complete": true,
          "rss_bytes": 2015232,
          "peak_rss_bytes": 2015232
        }
      ]
    },
    {
      "elapsed_seconds": 30.26698137097992,
      "storage": {
        "/tmp/rb-host-executor-v4/data": {
          "allocated_bytes_observed": 406183936,
          "files_observed": 2386,
          "raced_entries": 0,
          "complete": false,
          "filesystem_available_bytes": 2507014144,
          "filesystem_total_bytes": 50884108288
        }
      },
      "cpu": {
        "cpu_ticks": [
          7013052,
          5659,
          6478738,
          463241617,
          1487466,
          0,
          619518,
          0,
          0,
          0
        ]
      },
      "processes": [
        {
          "pid": 2960485,
          "start_ticks": 119317256,
          "complete": true,
          "rss_bytes": 219410432,
          "peak_rss_bytes": 245469184
        },
        {
          "pid": 2960635,
          "start_ticks": 119317979,
          "complete": true,
          "rss_bytes": 2015232,
          "peak_rss_bytes": 2015232
        }
      ]
    }
  ],
  "elapsed_including_observation_seconds": 60.000328968977556,
  "post_cutoff_drain_proofs": [],
  "elapsed_including_cancellation_seconds": 60.000388011103496,
  "cleanup_failed_submissions": [],
  "measurement_window_seconds": 60,
  "conservative_cutoff": "Only summary responses received before the deadline are counted; subsequent cancellation/results earn no credit"
}
