0.1s: 0 unique accepted successes, 0 failures, 0 retries; 0.0/s; 1 successful service probes
30.2s: 123 unique accepted successes, 0 failures, 0 retries; 4.1/s; 98 successful service probes
{
  "qualification_pass": false,
  "reason": "Requires separate recovery, fault and bounded-cost evidence",
  "kernel": "6.8.0-139-generic",
  "architecture": "aarch64",
  "logical_cpus": 4,
  "workload_sha256": "bf94a82c2be22866623030b3dd08888d6a6ef7cc495565f7c97b8dcfdcddaa7f",
  "command_prefix": [
    "/Users/miko/github/reliaburger/target/host-executor-v6-release/relish"
  ],
  "timing": "Monotonic read-only window; the existing submission remains running",
  "last_accepted_sample_seconds": 59.9024549908936,
  "elapsed_seconds": 60.00007818592712,
  "requested_seconds": 60,
  "measurement_complete": true,
  "window_pass": true,
  "unique_accepted_successes": 238,
  "terminal_failures": 0,
  "accepted_retries": 0,
  "successes_per_second": 3.966666666666667,
  "target_with_headroom": 1388.888888888889,
  "throughput_pass": false,
  "application_probes": 190,
  "application_failures": 0,
  "completed_submissions": 0,
  "active_submissions": [
    61
  ],
  "requires_evidence": [
    "hardware/runtime/image-warmth",
    "resource and storage bounds",
    "worker loss",
    "leader failover",
    "delayed control",
    "storage failure"
  ],
  "existing_batch_id": 61,
  "initial_accepted_counts": [
    213,
    0,
    0
  ],
  "measurement_ownership": "read-only; submission remains owned by its caller",
  "service_latency_ms": {
    "samples": 190,
    "maximum": 25.27603995986283,
    "p95": 3.6491130013018847
  },
  "resource_observations": [
    {
      "elapsed_seconds": 0.06836201692931354,
      "storage": {
        "/tmp/rb-host-executor-v4/data": {
          "allocated_bytes_observed": 334856192,
          "files_observed": 2372,
          "raced_entries": 0,
          "complete": false,
          "filesystem_available_bytes": 2572013568,
          "filesystem_total_bytes": 50884108288
        }
      },
      "cpu": {
        "cpu_ticks": [
          7045028,
          5659,
          6710734,
          463295378,
          1518735,
          0,
          623273,
          0,
          0,
          0
        ]
      },
      "processes": [
        {
          "pid": 2960485,
          "start_ticks": 119317256,
          "complete": true,
          "rss_bytes": 227647488,
          "peak_rss_bytes": 262696960
        },
        {
          "pid": 2960635,
          "start_ticks": 119317979,
          "complete": true,
          "rss_bytes": 2015232,
          "peak_rss_bytes": 2015232
        }
      ]
    },
    {
      "elapsed_seconds": 30.2385182029102,
      "storage": {
        "/tmp/rb-host-executor-v4/data": {
          "allocated_bytes_observed": 334860288,
          "files_observed": 2372,
          "raced_entries": 0,
          "complete": false,
          "filesystem_available_bytes": 2571759616,
          "filesystem_total_bytes": 50884108288
        }
      },
      "cpu": {
        "cpu_ticks": [
          7046400,
          5659,
          6719946,
          463295427,
          1519883,
          0,
          623374,
          0,
          0,
          0
        ]
      },
      "processes": [
        {
          "pid": 2960485,
          "start_ticks": 119317256,
          "complete": true,
          "rss_bytes": 226496512,
          "peak_rss_bytes": 262696960
        },
        {
          "pid": 2960635,
          "start_ticks": 119317979,
          "complete": true,
          "rss_bytes": 2015232,
          "peak_rss_bytes": 2015232
        }
      ]
    }
  ],
  "elapsed_including_observation_seconds": 60.00007818592712,
  "post_cutoff_drain_proofs": [],
  "elapsed_including_cancellation_seconds": 60.00012610293925,
  "cleanup_failed_submissions": [],
  "measurement_window_seconds": 60,
  "conservative_cutoff": "Only summary responses received before the deadline are counted; subsequent cancellation/results earn no credit"
}
