0.0s: 0 unique accepted successes, 0 failures, 0 retries; 0.0/s; 1 successful service probes
30.2s: 12,000 unique accepted successes, 0 failures, 0 retries; 396.8/s; 111 successful service probes
{
  "qualification_pass": false,
  "reason": "Requires separate recovery, fault and bounded-cost evidence",
  "kernel": "6.8.0-139-generic",
  "architecture": "aarch64",
  "logical_cpus": 4,
  "workload_sha256": "1e6e99cb406bebf3e14ed557fe321f0a4f5f2bdbea4c99710d29130b51e023ea",
  "command_prefix": [
    "/Users/miko/github/reliaburger/target/host-executor-v6-release/relish"
  ],
  "timing": "Monotonic read-only window; the existing submission remains running",
  "last_accepted_sample_seconds": 59.970778146060184,
  "elapsed_seconds": 60.00008544209413,
  "requested_seconds": 60,
  "measurement_complete": true,
  "window_pass": true,
  "unique_accepted_successes": 24000,
  "terminal_failures": 0,
  "accepted_retries": 0,
  "successes_per_second": 400.0,
  "target_with_headroom": 1388.888888888889,
  "throughput_pass": false,
  "application_probes": 219,
  "application_failures": 0,
  "completed_submissions": 0,
  "active_submissions": [
    31
  ],
  "requires_evidence": [
    "hardware/runtime/image-warmth",
    "resource and storage bounds",
    "worker loss",
    "leader failover",
    "delayed control",
    "storage failure"
  ],
  "existing_batch_id": 31,
  "initial_accepted_counts": [
    22000,
    0,
    0
  ],
  "measurement_ownership": "read-only; submission remains owned by its caller",
  "service_latency_ms": {
    "samples": 219,
    "maximum": 12.767199194058776,
    "p95": 1.0478838812559843
  },
  "resource_observations": [
    {
      "elapsed_seconds": 0.02926451712846756,
      "storage": {
        "/tmp/rb-host-executor-v4/data": {
          "allocated_bytes_observed": 320663552,
          "files_observed": 2386,
          "raced_entries": 0,
          "complete": false,
          "filesystem_available_bytes": 2601832448,
          "filesystem_total_bytes": 50884108288
        }
      },
      "cpu": {
        "cpu_ticks": [
          6987281,
          5659,
          6323334,
          463073066,
          1463564,
          0,
          615875,
          0,
          0,
          0
        ]
      },
      "processes": [
        {
          "pid": 2960485,
          "start_ticks": 119317256,
          "complete": true,
          "rss_bytes": 202244096,
          "peak_rss_bytes": 232747008
        },
        {
          "pid": 2960635,
          "start_ticks": 119317979,
          "complete": true,
          "rss_bytes": 2015232,
          "peak_rss_bytes": 2015232
        }
      ]
    },
    {
      "elapsed_seconds": 30.243409550050274,
      "storage": {
        "/tmp/rb-host-executor-v4/data": {
          "allocated_bytes_observed": 321658880,
          "files_observed": 2386,
          "raced_entries": 0,
          "complete": false,
          "filesystem_available_bytes": 2600579072,
          "filesystem_total_bytes": 50884108288
        }
      },
      "cpu": {
        "cpu_ticks": [
          6987580,
          5659,
          6324544,
          463083041,
          1463870,
          0,
          616031,
          0,
          0,
          0
        ]
      },
      "processes": [
        {
          "pid": 2960485,
          "start_ticks": 119317256,
          "complete": true,
          "rss_bytes": 202551296,
          "peak_rss_bytes": 232747008
        },
        {
          "pid": 2960635,
          "start_ticks": 119317979,
          "complete": true,
          "rss_bytes": 2015232,
          "peak_rss_bytes": 2015232
        }
      ]
    }
  ],
  "elapsed_including_observation_seconds": 60.00008544209413,
  "post_cutoff_drain_proofs": [],
  "elapsed_including_cancellation_seconds": 60.00014206697233,
  "cleanup_failed_submissions": [],
  "measurement_window_seconds": 60,
  "conservative_cutoff": "Only summary responses received before the deadline are counted; subsequent cancellation/results earn no credit"
}
