0/1,100 unique accepted successes in 0.04s (0.0/s whole run); 0 failures, 0 retries
runtime process; commands unknown; queued 1100, held 0; recent unknown/s over unknowns
application 200 in 13.45ms
0/1,100 unique accepted successes in 1.21s (0.0/s whole run); 0 failures, 0 retries
runtime process; commands 0; queued 0, held 1100; recent 0.0/s over 1.163483023s
application 200 in 2.97ms
0/1,100 unique accepted successes in 2.27s (0.0/s whole run); 0 failures, 0 retries
runtime process; commands 5; queued 0, held 1100; recent 0.0/s over 1.066532572s
application 200 in 0.53ms
0/1,100 unique accepted successes in 3.32s (0.0/s whole run); 0 failures, 0 retries
runtime process; commands 3; queued 0, held 1100; recent 0.0/s over 1.0508333s
application 200 in 0.54ms
0/1,100 unique accepted successes in 4.36s (0.0/s whole run); 0 failures, 0 retries
runtime process; commands 2; queued 0, held 1100; recent 0.0/s over 1.039689054s
application 200 in 0.49ms
0/1,100 unique accepted successes in 5.41s (0.0/s whole run); 0 failures, 0 retries
runtime process; commands 2; queued 0, held 1100; recent 0.0/s over 1.046016045s
application 200 in 0.59ms
0/1,100 unique accepted successes in 6.47s (0.0/s whole run); 0 failures, 0 retries
runtime process; commands 2; queued 0, held 1100; recent 0.0/s over 1.057139855s
application 200 in 0.67ms
0/1,100 unique accepted successes in 7.51s (0.0/s whole run); 0 failures, 0 retries
runtime process; commands 1; queued 0, held 1100; recent 0.0/s over 1.04143008s
application 200 in 0.51ms
1,100/1,100 unique accepted successes in 8.55s (128.7/s whole run); 0 failures, 0 retries
runtime process; commands 0; queued 0, held 0; recent 1054.056615074952/s over 1.043587208s
application 200 in 0.77ms
{
  "kernel": "6.8.0-139-generic",
  "architecture": "aarch64",
  "logical_cpus": 4,
  "operator_declared_warmth": "warm-images-cold-executors",
  "workload_sha256": "bb186614a8e48f0113f6c2bbeb842a66b1ad89aab21720683e151c3b55c41620",
  "command": [
    "/Users/miko/github/reliaburger/target/host-executor-v1-release/relish",
    "--output",
    "json",
    "batch",
    "submit",
    "/tmp/rb-host-executor-v1/public-matched-v2/native-mixed-profiles.toml"
  ],
  "execution_path": "public full dispatch; runtime/isolation as admitted",
  "host_process_contract": "Owned host execution has no hard CPU/memory enforcement",
  "timing": "Monotonic clock before submit process launch through observed accepted terminal summary",
  "qualified_100m_per_day": false,
  "accepted_elapsed_seconds": 8.550303405150771,
  "unique_accepted_successes": 1100,
  "accepted_successes_per_second": 128.65040547419068,
  "terminal_failures": 0,
  "not_run": 0,
  "accepted_retries": 0,
  "all_tasks_succeeded": true,
  "qualification_boundary": "Requires matched baselines, 24-hour headroom, concurrent apps, recovery/fault and bounded-cost evidence"
}
