0/1,000 unique accepted successes in 0.04s (0.0/s whole run); 0 failures, 0 retries
runtime process; commands unknown; queued 1000, held 0; recent unknown/s over unknowns
application 200 in 13.62ms
0/1,000 unique accepted successes in 1.10s (0.0/s whole run); 0 failures, 0 retries
runtime process; commands 0; queued 0, held 1000; recent 0.0/s over 1.055770508s
application 200 in 1.01ms
0/1,000 unique accepted successes in 2.12s (0.0/s whole run); 0 failures, 0 retries
runtime process; commands 0; queued 0, held 1000; recent 0.0/s over 1.02237459s
application 200 in 0.51ms
0/1,000 unique accepted successes in 3.15s (0.0/s whole run); 0 failures, 0 retries
runtime process; commands 1; queued 0, held 1000; recent 0.0/s over 1.028887433s
application 200 in 0.91ms
1,000/1,000 unique accepted successes in 4.17s (239.5/s whole run); 0 failures, 0 retries
runtime process; commands 0; queued 0, held 0; recent 974.0815845966468/s over 1.026608054s
application 200 in 0.60ms
{
  "kernel": "6.8.0-139-generic",
  "architecture": "aarch64",
  "logical_cpus": 4,
  "operator_declared_warmth": "warm-images-cold-executors",
  "workload_sha256": "4c2a0d2f953dfffce68e788b5c3227bc0101d8e86bc742364836be8eae2e3a79",
  "command": [
    "/Users/miko/github/reliaburger/target/host-executor-v1-release/relish",
    "--output",
    "json",
    "batch",
    "submit",
    "/tmp/rb-host-executor-v1/public-matched-v2/process-c1-n1000.toml"
  ],
  "execution_path": "public full dispatch; runtime/isolation as admitted",
  "host_process_contract": "Owned host execution has no hard CPU/memory enforcement",
  "timing": "Monotonic clock before submit process launch through observed accepted terminal summary",
  "qualified_100m_per_day": false,
  "accepted_elapsed_seconds": 4.174614242045209,
  "unique_accepted_successes": 1000,
  "accepted_successes_per_second": 239.54309117435588,
  "terminal_failures": 0,
  "not_run": 0,
  "accepted_retries": 0,
  "all_tasks_succeeded": true,
  "qualification_boundary": "Requires matched baselines, 24-hour headroom, concurrent apps, recovery/fault and bounded-cost evidence"
}
