0/1,000 unique accepted successes in 0.03s (0.0/s whole run); 0 failures, 0 retries
runtime process; commands unknown; queued 1000, held 0; recent unknown/s over unknowns
application 200 in 13.14ms
0/1,000 unique accepted successes in 1.09s (0.0/s whole run); 0 failures, 0 retries
runtime process; commands 0; queued 0, held 1000; recent 0.0/s over 1.049159786s
application 200 in 1.04ms
0/1,000 unique accepted successes in 2.11s (0.0/s whole run); 0 failures, 0 retries
runtime process; commands 0; queued 0, held 1000; recent 0.0/s over 1.026411032s
application 200 in 0.52ms
1,000/1,000 unique accepted successes in 3.15s (317.5/s whole run); 0 failures, 0 retries
runtime process; commands 0; queued 0, held 0; recent 963.179300453893/s over 1.038228292s
application 200 in 1.08ms
{
  "kernel": "6.8.0-139-generic",
  "architecture": "aarch64",
  "logical_cpus": 4,
  "operator_declared_warmth": "warm-images-cold-executors",
  "workload_sha256": "bc7787b5be846f629066616debfb62013bc2b7500cc5e2496892540607b26cd2",
  "command": [
    "/Users/miko/github/reliaburger/target/host-executor-v1-release/relish",
    "--output",
    "json",
    "batch",
    "submit",
    "/tmp/rb-host-executor-v1/public-matched-v2/process-c27-n1000.toml"
  ],
  "execution_path": "public full dispatch; runtime/isolation as admitted",
  "host_process_contract": "Owned host execution has no hard CPU/memory enforcement",
  "timing": "Monotonic clock before submit process launch through observed accepted terminal summary",
  "qualified_100m_per_day": false,
  "accepted_elapsed_seconds": 3.1495868109632283,
  "unique_accepted_successes": 1000,
  "accepted_successes_per_second": 317.5019645494938,
  "terminal_failures": 0,
  "not_run": 0,
  "accepted_retries": 0,
  "all_tasks_succeeded": true,
  "qualification_boundary": "Requires matched baselines, 24-hour headroom, concurrent apps, recovery/fault and bounded-cost evidence"
}
