0/200 unique accepted successes in 0.03s (0.0/s whole run); 0 failures, 0 retries
runtime process; commands unknown; queued 200, held 0; recent unknown/s over unknowns
application 200 in 12.93ms
0/200 unique accepted successes in 1.09s (0.0/s whole run); 0 failures, 0 retries
runtime process; commands 0; queued 0, held 200; recent 0.0/s over 1.057828984s
application 200 in 1.07ms
0/200 unique accepted successes in 2.15s (0.0/s whole run); 0 failures, 0 retries
runtime process; commands 0; queued 0, held 200; recent 0.0/s over 1.061313096s
application 200 in 0.55ms
200/200 unique accepted successes in 3.20s (62.5/s whole run); 0 failures, 0 retries
runtime process; commands 0; queued 0, held 0; recent 190.84399520209035/s over 1.047976384s
application 200 in 0.77ms
{
  "kernel": "6.8.0-139-generic",
  "architecture": "aarch64",
  "logical_cpus": 4,
  "operator_declared_warmth": "warm-images-cold-executors",
  "workload_sha256": "1650741e10d65feeae402ecdb84a423ae8a00a6ac068bd444822abe7e808b966",
  "command": [
    "/Users/miko/github/reliaburger/target/host-executor-v1-release/relish",
    "--output",
    "json",
    "batch",
    "submit",
    "/tmp/rb-host-executor-v1/public-matched-v2/process-c3-n200.toml"
  ],
  "execution_path": "public full dispatch; runtime/isolation as admitted",
  "host_process_contract": "Owned host execution has no hard CPU/memory enforcement",
  "timing": "Monotonic clock before submit process launch through observed accepted terminal summary",
  "qualified_100m_per_day": false,
  "accepted_elapsed_seconds": 3.201975217089057,
  "unique_accepted_successes": 200,
  "accepted_successes_per_second": 62.461445339299566,
  "terminal_failures": 0,
  "not_run": 0,
  "accepted_retries": 0,
  "all_tasks_succeeded": true,
  "qualification_boundary": "Requires matched baselines, 24-hour headroom, concurrent apps, recovery/fault and bounded-cost evidence"
}
