0/200 unique accepted successes in 0.05s (0.0/s whole run); 0 failures, 0 retries
runtime runc; commands unknown; queued 200, held 0; recent unknown/s over unknowns
application 200 in 15.62ms
0/200 unique accepted successes in 1.09s (0.0/s whole run); 0 failures, 0 retries
runtime runc; commands unknown; queued 0, held 200; recent 0.0/s over 1.04473447s
application 200 in 0.62ms
0/200 unique accepted successes in 2.15s (0.0/s whole run); 0 failures, 0 retries
runtime runc; commands unknown; queued 0, held 200; recent 0.0/s over 1.050137756s
application 200 in 0.83ms
0/200 unique accepted successes in 3.19s (0.0/s whole run); 0 failures, 0 retries
runtime runc; commands unknown; queued 0, held 200; recent 0.0/s over 1.048640775s
application 200 in 0.97ms
0/200 unique accepted successes in 4.24s (0.0/s whole run); 0 failures, 0 retries
runtime runc; commands unknown; queued 0, held 200; recent 0.0/s over 1.044996827s
application 200 in 0.72ms
0/200 unique accepted successes in 5.28s (0.0/s whole run); 0 failures, 0 retries
runtime runc; commands unknown; queued 0, held 200; recent 0.0/s over 1.046493717s
application 200 in 0.51ms
0/200 unique accepted successes in 6.32s (0.0/s whole run); 0 failures, 0 retries
runtime runc; commands unknown; queued 0, held 200; recent 0.0/s over 1.03514789s
application 200 in 0.58ms
0/200 unique accepted successes in 7.36s (0.0/s whole run); 0 failures, 0 retries
runtime runc; commands unknown; queued 0, held 200; recent 0.0/s over 1.039958017s
application 200 in 0.65ms
0/200 unique accepted successes in 8.41s (0.0/s whole run); 0 failures, 0 retries
runtime runc; commands unknown; queued 0, held 200; recent 0.0/s over 1.045471593s
application 200 in 0.59ms
0/200 unique accepted successes in 9.46s (0.0/s whole run); 0 failures, 0 retries
runtime runc; commands unknown; queued 0, held 200; recent 0.0/s over 1.055037481s
application 200 in 0.53ms
0/200 unique accepted successes in 10.49s (0.0/s whole run); 0 failures, 0 retries
runtime runc; commands unknown; queued 0, held 200; recent 0.0/s over 1.030320862s
application 200 in 0.53ms
0/200 unique accepted successes in 11.53s (0.0/s whole run); 0 failures, 0 retries
runtime runc; commands unknown; queued 0, held 200; recent 0.0/s over 1.040716319s
application 200 in 0.53ms
0/200 unique accepted successes in 12.58s (0.0/s whole run); 0 failures, 0 retries
runtime runc; commands unknown; queued 0, held 200; recent 0.0/s over 1.048055367s
application 200 in 0.60ms
0/200 unique accepted successes in 13.62s (0.0/s whole run); 0 failures, 0 retries
runtime runc; commands unknown; queued 0, held 200; recent 0.0/s over 1.038286847s
application 200 in 0.58ms
0/200 unique accepted successes in 14.66s (0.0/s whole run); 0 failures, 0 retries
runtime runc; commands unknown; queued 0, held 200; recent 0.0/s over 1.045301399s
application 200 in 0.70ms
0/200 unique accepted successes in 15.70s (0.0/s whole run); 0 failures, 0 retries
runtime runc; commands unknown; queued 0, held 200; recent 0.0/s over 1.035108841s
application 200 in 0.61ms
0/200 unique accepted successes in 16.74s (0.0/s whole run); 0 failures, 0 retries
runtime runc; commands unknown; queued 0, held 200; recent 0.0/s over 1.043312752s
application 200 in 1.38ms
0/200 unique accepted successes in 17.80s (0.0/s whole run); 0 failures, 0 retries
runtime runc; commands unknown; queued 0, held 200; recent 0.0/s over 1.060617524s
application 200 in 1.18ms
0/200 unique accepted successes in 18.84s (0.0/s whole run); 0 failures, 0 retries
runtime runc; commands unknown; queued 0, held 200; recent 0.0/s over 1.045631372s
application 200 in 0.55ms
0/200 unique accepted successes in 19.90s (0.0/s whole run); 0 failures, 0 retries
runtime runc; commands unknown; queued 0, held 200; recent 0.0/s over 1.0489334s
application 200 in 0.57ms
0/200 unique accepted successes in 20.95s (0.0/s whole run); 0 failures, 0 retries
runtime runc; commands unknown; queued 0, held 200; recent 0.0/s over 1.049217223s
application 200 in 0.58ms
0/200 unique accepted successes in 22.00s (0.0/s whole run); 0 failures, 0 retries
runtime runc; commands unknown; queued 0, held 200; recent 0.0/s over 1.054211017s
application 200 in 0.56ms
0/200 unique accepted successes in 23.05s (0.0/s whole run); 0 failures, 0 retries
runtime runc; commands unknown; queued 0, held 200; recent 0.0/s over 1.051382096s
application 200 in 0.63ms
0/200 unique accepted successes in 24.10s (0.0/s whole run); 0 failures, 0 retries
runtime runc; commands unknown; queued 0, held 200; recent 0.0/s over 1.051121886s
application 200 in 1.65ms
0/200 unique accepted successes in 25.16s (0.0/s whole run); 0 failures, 0 retries
runtime runc; commands unknown; queued 0, held 200; recent 0.0/s over 1.055634896s
application 200 in 0.52ms
0/200 unique accepted successes in 26.21s (0.0/s whole run); 0 failures, 0 retries
runtime runc; commands unknown; queued 0, held 200; recent 0.0/s over 1.058283143s
application 200 in 0.70ms
0/200 unique accepted successes in 27.27s (0.0/s whole run); 0 failures, 0 retries
runtime runc; commands unknown; queued 0, held 200; recent 0.0/s over 1.055911714s
application 200 in 0.58ms
0/200 unique accepted successes in 28.33s (0.0/s whole run); 0 failures, 0 retries
runtime runc; commands unknown; queued 0, held 200; recent 0.0/s over 1.060138854s
application 200 in 0.72ms
0/200 unique accepted successes in 29.39s (0.0/s whole run); 0 failures, 0 retries
runtime runc; commands unknown; queued 0, held 200; recent 0.0/s over 1.053793943s
application 200 in 0.76ms
0/200 unique accepted successes in 30.45s (0.0/s whole run); 0 failures, 0 retries
runtime runc; commands unknown; queued 0, held 200; recent 0.0/s over 1.062898345s
application 200 in 0.61ms
0/200 unique accepted successes in 31.50s (0.0/s whole run); 0 failures, 0 retries
runtime runc; commands unknown; queued 0, held 200; recent 0.0/s over 1.051971294s
application 200 in 1.29ms
0/200 unique accepted successes in 32.55s (0.0/s whole run); 0 failures, 0 retries
runtime runc; commands unknown; queued 0, held 200; recent 0.0/s over 1.055170948s
application 200 in 1.50ms
0/200 unique accepted successes in 33.60s (0.0/s whole run); 0 failures, 0 retries
runtime runc; commands unknown; queued 0, held 200; recent 0.0/s over 1.048836078s
application 200 in 0.54ms
0/200 unique accepted successes in 34.65s (0.0/s whole run); 0 failures, 0 retries
runtime runc; commands unknown; queued 0, held 200; recent 0.0/s over 1.044571343s
application 200 in 0.57ms
0/200 unique accepted successes in 35.70s (0.0/s whole run); 0 failures, 0 retries
runtime runc; commands unknown; queued 0, held 200; recent 0.0/s over 1.053415039s
application 200 in 0.60ms
0/200 unique accepted successes in 36.75s (0.0/s whole run); 0 failures, 0 retries
runtime runc; commands unknown; queued 0, held 200; recent 0.0/s over 1.051981804s
application 200 in 0.62ms
0/200 unique accepted successes in 37.81s (0.0/s whole run); 0 failures, 0 retries
runtime runc; commands unknown; queued 0, held 200; recent 0.0/s over 1.055843116s
application 200 in 1.44ms
0/200 unique accepted successes in 38.87s (0.0/s whole run); 0 failures, 0 retries
runtime runc; commands unknown; queued 0, held 200; recent 0.0/s over 1.058810608s
application 200 in 0.64ms
0/200 unique accepted successes in 39.93s (0.0/s whole run); 0 failures, 0 retries
runtime runc; commands unknown; queued 0, held 200; recent 0.0/s over 1.064444894s
application 200 in 0.50ms
0/200 unique accepted successes in 40.98s (0.0/s whole run); 0 failures, 0 retries
runtime runc; commands unknown; queued 0, held 200; recent 0.0/s over 1.051045292s
application 200 in 0.52ms
0/200 unique accepted successes in 42.04s (0.0/s whole run); 0 failures, 0 retries
runtime runc; commands unknown; queued 0, held 200; recent 0.0/s over 1.056960449s
application 200 in 1.14ms
0/200 unique accepted successes in 43.11s (0.0/s whole run); 0 failures, 0 retries
runtime runc; commands unknown; queued 0, held 200; recent 0.0/s over 1.066415015s
application 200 in 0.90ms
0/200 unique accepted successes in 44.17s (0.0/s whole run); 0 failures, 0 retries
runtime runc; commands unknown; queued 0, held 200; recent 0.0/s over 1.063588382s
application 200 in 1.06ms
0/200 unique accepted successes in 45.21s (0.0/s whole run); 0 failures, 0 retries
runtime runc; commands unknown; queued 0, held 200; recent 0.0/s over 1.046137753s
application 200 in 0.61ms
0/200 unique accepted successes in 46.28s (0.0/s whole run); 0 failures, 0 retries
runtime runc; commands unknown; queued 0, held 200; recent 0.0/s over 1.067224442s
application 200 in 0.59ms
0/200 unique accepted successes in 47.37s (0.0/s whole run); 0 failures, 0 retries
runtime runc; commands unknown; queued 0, held 200; recent 0.0/s over 1.079996836s
application 200 in 0.58ms
0/200 unique accepted successes in 48.42s (0.0/s whole run); 0 failures, 0 retries
runtime runc; commands unknown; queued 0, held 200; recent 0.0/s over 1.054490029s
application 200 in 0.92ms
0/200 unique accepted successes in 49.50s (0.0/s whole run); 0 failures, 0 retries
runtime runc; commands unknown; queued 0, held 200; recent 0.0/s over 1.076815455s
application 200 in 0.60ms
0/200 unique accepted successes in 50.54s (0.0/s whole run); 0 failures, 0 retries
runtime runc; commands unknown; queued 0, held 200; recent 0.0/s over 1.049235925s
application 200 in 0.61ms
0/200 unique accepted successes in 51.61s (0.0/s whole run); 0 failures, 0 retries
runtime runc; commands unknown; queued 0, held 200; recent 0.0/s over 1.065869557s
application 200 in 1.06ms
0/200 unique accepted successes in 52.68s (0.0/s whole run); 0 failures, 0 retries
runtime runc; commands unknown; queued 0, held 200; recent 0.0/s over 1.061873731s
application 200 in 1.46ms
0/200 unique accepted successes in 53.74s (0.0/s whole run); 0 failures, 0 retries
runtime runc; commands unknown; queued 0, held 200; recent 0.0/s over 1.071672003s
application 200 in 0.64ms
0/200 unique accepted successes in 54.79s (0.0/s whole run); 0 failures, 0 retries
runtime runc; commands unknown; queued 0, held 200; recent 0.0/s over 1.051888192s
application 200 in 0.50ms
0/200 unique accepted successes in 55.87s (0.0/s whole run); 0 failures, 0 retries
runtime runc; commands unknown; queued 0, held 200; recent 0.0/s over 1.073549129s
application 200 in 0.59ms
0/200 unique accepted successes in 56.93s (0.0/s whole run); 0 failures, 0 retries
runtime runc; commands unknown; queued 0, held 200; recent 0.0/s over 1.059555361s
application 200 in 0.57ms
0/200 unique accepted successes in 57.99s (0.0/s whole run); 0 failures, 0 retries
runtime runc; commands unknown; queued 0, held 200; recent 0.0/s over 1.05707793s
application 200 in 0.68ms
0/200 unique accepted successes in 59.06s (0.0/s whole run); 0 failures, 0 retries
runtime runc; commands unknown; queued 0, held 200; recent 0.0/s over 1.071611678s
application 200 in 0.58ms
0/200 unique accepted successes in 60.12s (0.0/s whole run); 0 failures, 0 retries
runtime runc; commands unknown; queued 0, held 200; recent 0.0/s over 1.063281329s
application 200 in 0.53ms
0/200 unique accepted successes in 61.18s (0.0/s whole run); 0 failures, 0 retries
runtime runc; commands unknown; queued 0, held 200; recent 0.0/s over 1.060420695s
application 200 in 0.56ms
0/200 unique accepted successes in 62.23s (0.0/s whole run); 0 failures, 0 retries
runtime runc; commands unknown; queued 0, held 200; recent 0.0/s over 1.044687238s
application 200 in 0.53ms
0/200 unique accepted successes in 63.29s (0.0/s whole run); 0 failures, 0 retries
runtime runc; commands unknown; queued 0, held 200; recent 0.0/s over 1.059862187s
application 200 in 0.58ms
0/200 unique accepted successes in 64.34s (0.0/s whole run); 0 failures, 0 retries
runtime runc; commands unknown; queued 0, held 200; recent 0.0/s over 1.05761396s
application 200 in 0.58ms
0/200 unique accepted successes in 65.40s (0.0/s whole run); 0 failures, 0 retries
runtime runc; commands unknown; queued 0, held 200; recent 0.0/s over 1.0571165s
application 200 in 0.59ms
0/200 unique accepted successes in 66.46s (0.0/s whole run); 0 failures, 0 retries
runtime runc; commands unknown; queued 0, held 200; recent 0.0/s over 1.058562183s
application 200 in 0.57ms
0/200 unique accepted successes in 67.53s (0.0/s whole run); 0 failures, 0 retries
runtime runc; commands unknown; queued 0, held 200; recent 0.0/s over 1.063710812s
application 200 in 0.95ms
0/200 unique accepted successes in 68.60s (0.0/s whole run); 0 failures, 0 retries
runtime runc; commands unknown; queued 0, held 200; recent 0.0/s over 1.080751238s
application 200 in 0.51ms
0/200 unique accepted successes in 69.67s (0.0/s whole run); 0 failures, 0 retries
runtime runc; commands unknown; queued 0, held 200; recent 0.0/s over 1.064541869s
application 200 in 0.63ms
0/200 unique accepted successes in 70.73s (0.0/s whole run); 0 failures, 0 retries
runtime runc; commands unknown; queued 0, held 200; recent 0.0/s over 1.06095291s
application 200 in 2.21ms
0/200 unique accepted successes in 71.81s (0.0/s whole run); 0 failures, 0 retries
runtime runc; commands unknown; queued 0, held 200; recent 0.0/s over 1.079626065s
application 200 in 0.59ms
0/200 unique accepted successes in 72.87s (0.0/s whole run); 0 failures, 0 retries
runtime runc; commands unknown; queued 0, held 200; recent 0.0/s over 1.056362914s
application 200 in 0.54ms
0/200 unique accepted successes in 73.92s (0.0/s whole run); 0 failures, 0 retries
runtime runc; commands unknown; queued 0, held 200; recent 0.0/s over 1.061643002s
application 200 in 0.64ms
0/200 unique accepted successes in 75.00s (0.0/s whole run); 0 failures, 0 retries
runtime runc; commands unknown; queued 0, held 200; recent 0.0/s over 1.060291886s
application 200 in 0.59ms
0/200 unique accepted successes in 76.05s (0.0/s whole run); 0 failures, 0 retries
runtime runc; commands unknown; queued 0, held 200; recent 0.0/s over 1.065546932s
application 200 in 1.21ms
0/200 unique accepted successes in 77.12s (0.0/s whole run); 0 failures, 0 retries
runtime runc; commands unknown; queued 0, held 200; recent 0.0/s over 1.06688053s
application 200 in 0.59ms
0/200 unique accepted successes in 78.19s (0.0/s whole run); 0 failures, 0 retries
runtime runc; commands unknown; queued 0, held 200; recent 0.0/s over 1.068623125s
application 200 in 0.53ms
0/200 unique accepted successes in 79.25s (0.0/s whole run); 0 failures, 0 retries
runtime runc; commands unknown; queued 0, held 200; recent 0.0/s over 1.058806288s
application 200 in 0.58ms
0/200 unique accepted successes in 80.31s (0.0/s whole run); 0 failures, 0 retries
runtime runc; commands unknown; queued 0, held 200; recent 0.0/s over 1.061485994s
application 200 in 0.52ms
0/200 unique accepted successes in 81.37s (0.0/s whole run); 0 failures, 0 retries
runtime runc; commands unknown; queued 0, held 200; recent 0.0/s over 1.060885536s
application 200 in 0.56ms
0/200 unique accepted successes in 82.43s (0.0/s whole run); 0 failures, 0 retries
runtime runc; commands unknown; queued 0, held 200; recent 0.0/s over 1.059881248s
application 200 in 0.75ms
0/200 unique accepted successes in 83.50s (0.0/s whole run); 0 failures, 0 retries
runtime runc; commands unknown; queued 0, held 200; recent 0.0/s over 1.068598417s
application 200 in 0.59ms
0/200 unique accepted successes in 84.55s (0.0/s whole run); 0 failures, 0 retries
runtime runc; commands unknown; queued 0, held 200; recent 0.0/s over 1.054820048s
application 200 in 0.55ms
0/200 unique accepted successes in 85.59s (0.0/s whole run); 0 failures, 0 retries
runtime runc; commands unknown; queued 0, held 200; recent 0.0/s over 1.044019932s
application 200 in 0.52ms
0/200 unique accepted successes in 86.65s (0.0/s whole run); 0 failures, 0 retries
runtime runc; commands unknown; queued 0, held 200; recent 0.0/s over 1.05852198s
application 200 in 1.00ms
200/200 unique accepted successes in 87.71s (2.3/s whole run); 0 failures, 0 retries
runtime runc; commands 0; queued 0, held 0; recent 190.1872605258298/s over 1.051595146s
application 200 in 0.74ms
{
  "kernel": "6.8.0-139-generic",
  "architecture": "aarch64",
  "logical_cpus": 4,
  "operator_declared_warmth": "warm-images-cold-executors",
  "workload_sha256": "87f4a2c7d06ac0a22e877a6b4d7a1ab3489b47a715c871793e06ce75969d921b",
  "command": [
    "/Users/miko/github/reliaburger/target/host-executor-v1-release/relish",
    "--output",
    "json",
    "batch",
    "submit",
    "/tmp/rb-host-executor-v1/public-matched-v2/runc-c3-n200.toml"
  ],
  "execution_path": "public full dispatch; runtime/isolation as admitted",
  "host_process_contract": "Owned host execution has no hard CPU/memory enforcement",
  "timing": "Monotonic clock before submit process launch through observed accepted terminal summary",
  "qualified_100m_per_day": false,
  "accepted_elapsed_seconds": 87.70531725604087,
  "unique_accepted_successes": 200,
  "accepted_successes_per_second": 2.2803634518091274,
  "terminal_failures": 0,
  "not_run": 0,
  "accepted_retries": 0,
  "all_tasks_succeeded": true,
  "qualification_boundary": "Requires matched baselines, 24-hour headroom, concurrent apps, recovery/fault and bounded-cost evidence"
}
