0/1,000 unique accepted successes in 0.03s (0.0/s whole run); 0 failures, 0 retries
runtime shared-runc; commands unknown; queued 1000, held 0; recent unknown/s over unknowns
application 200 in 12.79ms
0/1,000 unique accepted successes in 1.08s (0.0/s whole run); 0 failures, 0 retries
runtime shared-runc; commands 0; queued 0, held 1000; recent 0.0/s over 1.050208806s
application 200 in 1.06ms
0/1,000 unique accepted successes in 2.11s (0.0/s whole run); 0 failures, 0 retries
runtime shared-runc; commands 0; queued 0, held 1000; recent 0.0/s over 1.023978672s
application 200 in 0.48ms
0/1,000 unique accepted successes in 3.13s (0.0/s whole run); 0 failures, 0 retries
runtime shared-runc; commands 1; queued 0, held 1000; recent 0.0/s over 1.020832764s
application 200 in 0.53ms
1,000/1,000 unique accepted successes in 4.17s (240.0/s whole run); 0 failures, 0 retries
runtime shared-runc; commands 0; queued 0, held 0; recent 962.6751244556268/s over 1.038772037s
application 200 in 1.02ms
{
  "kernel": "6.8.0-139-generic",
  "architecture": "aarch64",
  "logical_cpus": 4,
  "operator_declared_warmth": "warm-images-cold-executors",
  "workload_sha256": "bbfa4de5bc6bb0d95432bd4ae6a3d2e372adb3fd9711a5dd76f87072f6b90464",
  "command": [
    "/Users/miko/github/reliaburger/target/host-executor-v1-release/relish",
    "--output",
    "json",
    "batch",
    "submit",
    "/tmp/rb-host-executor-v1/public-matched-v2/shared-runc-c1-n1000.toml"
  ],
  "execution_path": "public full dispatch; runtime/isolation as admitted",
  "host_process_contract": "Owned host execution has no hard CPU/memory enforcement",
  "timing": "Monotonic clock before submit process launch through observed accepted terminal summary",
  "qualified_100m_per_day": false,
  "accepted_elapsed_seconds": 4.166500255931169,
  "unique_accepted_successes": 1000,
  "accepted_successes_per_second": 240.00958564120154,
  "terminal_failures": 0,
  "not_run": 0,
  "accepted_retries": 0,
  "all_tasks_succeeded": true,
  "qualification_boundary": "Requires matched baselines, 24-hour headroom, concurrent apps, recovery/fault and bounded-cost evidence"
}
