0/200 unique accepted successes in 0.04s (0.0/s whole run); 0 failures, 0 retries
runtime shared-runc; commands unknown; queued 200, held 0; recent unknown/s over unknowns
application 200 in 12.99ms
0/200 unique accepted successes in 1.09s (0.0/s whole run); 0 failures, 0 retries
runtime shared-runc; commands 0; queued 0, held 200; recent 0.0/s over 1.052134624s
application 200 in 0.68ms
0/200 unique accepted successes in 2.15s (0.0/s whole run); 0 failures, 0 retries
runtime shared-runc; commands 0; queued 0, held 200; recent 0.0/s over 1.056086104s
application 200 in 0.51ms
0/200 unique accepted successes in 3.19s (0.0/s whole run); 0 failures, 0 retries
runtime shared-runc; commands 0; queued 0, held 200; recent 0.0/s over 1.048046239s
application 200 in 0.69ms
200/200 unique accepted successes in 4.24s (47.1/s whole run); 0 failures, 0 retries
runtime shared-runc; commands 0; queued 0, held 0; recent 190.47330398932087/s over 1.050015912s
application 200 in 0.64ms
{
  "kernel": "6.8.0-139-generic",
  "architecture": "aarch64",
  "logical_cpus": 4,
  "operator_declared_warmth": "warm-images-cold-executors",
  "workload_sha256": "2ded1dc88b75633624dbff6ed116f1fb0589d8102386266346b1903ed4e25415",
  "command": [
    "/Users/miko/github/reliaburger/target/host-executor-v1-release/relish",
    "--output",
    "json",
    "batch",
    "submit",
    "/tmp/rb-host-executor-v1/public-matched-v2/shared-runc-c3-n200.toml"
  ],
  "execution_path": "public full dispatch; runtime/isolation as admitted",
  "host_process_contract": "Owned host execution has no hard CPU/memory enforcement",
  "timing": "Monotonic clock before submit process launch through observed accepted terminal summary",
  "qualified_100m_per_day": false,
  "accepted_elapsed_seconds": 4.242474955972284,
  "unique_accepted_successes": 200,
  "accepted_successes_per_second": 47.1422936082281,
  "terminal_failures": 0,
  "not_run": 0,
  "accepted_retries": 0,
  "all_tasks_succeeded": true,
  "qualification_boundary": "Requires matched baselines, 24-hour headroom, concurrent apps, recovery/fault and bounded-cost evidence"
}
