0/1,000 unique accepted successes in 0.03s (0.0/s whole run); 0 failures, 0 retries
runtime shared-runc; commands unknown; queued 1000, held 0; recent unknown/s over unknowns
application 200 in 12.93ms
0/1,000 unique accepted successes in 1.09s (0.0/s whole run); 0 failures, 0 retries
runtime shared-runc; commands 0; queued 0, held 1000; recent 0.0/s over 1.050659287s
application 200 in 1.26ms
0/1,000 unique accepted successes in 2.15s (0.0/s whole run); 0 failures, 0 retries
runtime shared-runc; commands 0; queued 0, held 1000; recent 0.0/s over 1.058674696s
application 200 in 1.53ms
0/1,000 unique accepted successes in 3.19s (0.0/s whole run); 0 failures, 0 retries
runtime shared-runc; commands 0; queued 0, held 1000; recent 0.0/s over 1.048697647s
application 200 in 0.92ms
0/1,000 unique accepted successes in 4.26s (0.0/s whole run); 0 failures, 0 retries
runtime shared-runc; commands 0; queued 0, held 1000; recent 0.0/s over 1.055738612s
application 200 in 1.21ms
0/1,000 unique accepted successes in 5.37s (0.0/s whole run); 0 failures, 0 retries
runtime shared-runc; commands 0; queued 0, held 1000; recent 0.0/s over 1.114499539s
application 200 in 1.24ms
0/1,000 unique accepted successes in 6.45s (0.0/s whole run); 0 failures, 0 retries
runtime shared-runc; commands 2; queued 0, held 1000; recent 0.0/s over 1.083255917s
application 200 in 2.38ms
0/1,000 unique accepted successes in 7.49s (0.0/s whole run); 0 failures, 0 retries
runtime shared-runc; commands 0; queued 0, held 1000; recent 0.0/s over 1.045606644s
application 200 in 0.61ms
1,000/1,000 unique accepted successes in 8.52s (117.4/s whole run); 0 failures, 0 retries
runtime shared-runc; commands 0; queued 0, held 0; recent 972.8242707359047/s over 1.02793488s
application 200 in 0.53ms
{
  "kernel": "6.8.0-139-generic",
  "architecture": "aarch64",
  "logical_cpus": 4,
  "operator_declared_warmth": "warm-images-cold-executors",
  "workload_sha256": "ba4caa87478e62b8bc1c86e44a6c9159fcfd966ed9d388c68edfaf2abdf1f436",
  "command": [
    "/Users/miko/github/reliaburger/target/host-executor-v1-release/relish",
    "--output",
    "json",
    "batch",
    "submit",
    "/tmp/rb-host-executor-v1/public-matched-v2/shared-runc-c27-n1000.toml"
  ],
  "execution_path": "public full dispatch; runtime/isolation as admitted",
  "host_process_contract": "Owned host execution has no hard CPU/memory enforcement",
  "timing": "Monotonic clock before submit process launch through observed accepted terminal summary",
  "qualified_100m_per_day": false,
  "accepted_elapsed_seconds": 8.520234025083482,
  "unique_accepted_successes": 1000,
  "accepted_successes_per_second": 117.36766819502964,
  "terminal_failures": 0,
  "not_run": 0,
  "accepted_retries": 0,
  "all_tasks_succeeded": true,
  "qualification_boundary": "Requires matched baselines, 24-hour headroom, concurrent apps, recovery/fault and bounded-cost evidence"
}
