0/1,000 unique accepted successes in 0.03s (0.0/s whole run); 0 failures, 0 retries
runtime shared-runc; commands unknown; queued 1000, held 0; recent unknown/s over unknowns
application 200 in 13.02ms
0/1,000 unique accepted successes in 1.08s (0.0/s whole run); 0 failures, 0 retries
runtime shared-runc; commands 0; queued 0, held 1000; recent 0.0/s over 1.044974081s
application 200 in 1.00ms
0/1,000 unique accepted successes in 2.12s (0.0/s whole run); 0 failures, 0 retries
runtime shared-runc; commands 0; queued 0, held 1000; recent 0.0/s over 1.03813236s
application 200 in 1.03ms
0/1,000 unique accepted successes in 3.14s (0.0/s whole run); 0 failures, 0 retries
runtime shared-runc; commands 0; queued 0, held 1000; recent 0.0/s over 1.025692606s
application 200 in 0.49ms
1,000/1,000 unique accepted successes in 4.19s (238.9/s whole run); 0 failures, 0 retries
runtime shared-runc; commands 0; queued 0, held 0; recent 959.722680990991/s over 1.041967664s
application 200 in 0.98ms
{
  "kernel": "6.8.0-139-generic",
  "architecture": "aarch64",
  "logical_cpus": 4,
  "operator_declared_warmth": "warm-images-cold-executors",
  "workload_sha256": "b9ba1b7c302eabe054147fe66931a35b75c82dba69780d10d5980737c9e6b0a9",
  "command": [
    "/Users/miko/github/reliaburger/target/host-executor-v1-release/relish",
    "--output",
    "json",
    "batch",
    "submit",
    "/tmp/rb-host-executor-v1/public-matched-v2/shared-runc-c3-n1000.toml"
  ],
  "execution_path": "public full dispatch; runtime/isolation as admitted",
  "host_process_contract": "Owned host execution has no hard CPU/memory enforcement",
  "timing": "Monotonic clock before submit process launch through observed accepted terminal summary",
  "qualified_100m_per_day": false,
  "accepted_elapsed_seconds": 4.185809750109911,
  "unique_accepted_successes": 1000,
  "accepted_successes_per_second": 238.90240113606262,
  "terminal_failures": 0,
  "not_run": 0,
  "accepted_retries": 0,
  "all_tasks_succeeded": true,
  "qualification_boundary": "Requires matched baselines, 24-hour headroom, concurrent apps, recovery/fault and bounded-cost evidence"
}
