{
  "path": "DurableHost",
  "image": "public.ecr.aws/docker/library/busybox@sha256:9532d8c39891ca2ecde4d30d7710e01fb739c87a8b9299685c63704296b16028",
  "executable_sha256": "f19470457088612bc3285404783d9f93533d917e869050aca13a4139b937c0a5",
  "command": [
    "/bin/busybox",
    "sh",
    "-c",
    "i=0; while [ $i -lt 10000 ]; do i=$((i+1)); done"
  ],
  "count": 200,
  "concurrency": 3,
  "image_preparation_seconds_excluded": 0.18051369,
  "warmth": "warm-images-after-disclosed-warmup",
  "warmup_count": 12,
  "warmup_seconds_excluded": 0.272703778,
  "executor_timings_before": {
    "admission": {
      "samples": 12,
      "total_microseconds": 82,
      "maximum_microseconds": 64,
      "buckets": [
        12,
        0,
        0,
        0,
        0,
        0,
        0,
        0,
        0,
        0,
        0,
        0,
        0,
        0,
        0,
        0
      ]
    },
    "startup": {
      "samples": 3,
      "total_microseconds": 138806,
      "maximum_microseconds": 46298,
      "buckets": [
        0,
        0,
        0,
        0,
        0,
        0,
        3,
        0,
        0,
        0,
        0,
        0,
        0,
        0,
        0,
        0
      ]
    },
    "command": {
      "samples": 12,
      "total_microseconds": 118190,
      "maximum_microseconds": 11170,
      "buckets": [
        0,
        0,
        0,
        0,
        12,
        0,
        0,
        0,
        0,
        0,
        0,
        0,
        0,
        0,
        0,
        0
      ]
    },
    "cleanup": {
      "samples": 12,
      "total_microseconds": 781,
      "maximum_microseconds": 106,
      "buckets": [
        12,
        0,
        0,
        0,
        0,
        0,
        0,
        0,
        0,
        0,
        0,
        0,
        0,
        0,
        0,
        0
      ]
    }
  },
  "executor_timings_after": {
    "admission": {
      "samples": 212,
      "total_microseconds": 84,
      "maximum_microseconds": 64,
      "buckets": [
        212,
        0,
        0,
        0,
        0,
        0,
        0,
        0,
        0,
        0,
        0,
        0,
        0,
        0,
        0,
        0
      ]
    },
    "startup": {
      "samples": 3,
      "total_microseconds": 138806,
      "maximum_microseconds": 46298,
      "buckets": [
        0,
        0,
        0,
        0,
        0,
        0,
        3,
        0,
        0,
        0,
        0,
        0,
        0,
        0,
        0,
        0
      ]
    },
    "command": {
      "samples": 212,
      "total_microseconds": 2109006,
      "maximum_microseconds": 14439,
      "buckets": [
        0,
        0,
        0,
        0,
        212,
        0,
        0,
        0,
        0,
        0,
        0,
        0,
        0,
        0,
        0,
        0
      ]
    },
    "cleanup": {
      "samples": 212,
      "total_microseconds": 11274,
      "maximum_microseconds": 179,
      "buckets": [
        212,
        0,
        0,
        0,
        0,
        0,
        0,
        0,
        0,
        0,
        0,
        0,
        0,
        0,
        0,
        0
      ]
    }
  },
  "elapsed_seconds": 0.856124923,
  "verified_successes": 200,
  "failures": 0,
  "retries": 0,
  "verified_successes_per_second": 233.6107671053048,
  "container_cpu_request_millicores": 100,
  "container_cpu_limit_millicores": 1000,
  "container_memory_bytes": 33554432,
  "resource_enforcement": "per-command CPU, memory, swap and PID limits before user code",
  "bare_process_resource_limits": "none; profile fields are comparison inputs only",
  "node_job_budget_cpu_millicores": 3000,
  "service_probe_latency_ms": [
    0.893715
  ],
  "durability": "worker grant fence, per-task ledger/index, verified chunk receipts; no Raft admission",
  "optimised_build": true,
  "qualified_100m_per_day": false,
  "namespace_policy_hook": "not injected in direct runner; full Bun dispatch includes live namespace supervision"
}
