{
  "path": "DurableHost",
  "image": "public.ecr.aws/docker/library/busybox@sha256:9532d8c39891ca2ecde4d30d7710e01fb739c87a8b9299685c63704296b16028",
  "executable_sha256": "f19470457088612bc3285404783d9f93533d917e869050aca13a4139b937c0a5",
  "command": [
    "/bin/busybox",
    "true"
  ],
  "count": 1000,
  "concurrency": 27,
  "image_preparation_seconds_excluded": 0.198746398,
  "warmth": "warm-images-after-disclosed-warmup",
  "warmup_count": 108,
  "warmup_seconds_excluded": 0.31106327,
  "executor_timings_before": {
    "admission": {
      "samples": 108,
      "total_microseconds": 8646,
      "maximum_microseconds": 454,
      "buckets": [
        108,
        0,
        0,
        0,
        0,
        0,
        0,
        0,
        0,
        0,
        0,
        0,
        0,
        0,
        0,
        0
      ]
    },
    "startup": {
      "samples": 27,
      "total_microseconds": 4171988,
      "maximum_microseconds": 183391,
      "buckets": [
        0,
        0,
        0,
        0,
        0,
        0,
        0,
        1,
        26,
        0,
        0,
        0,
        0,
        0,
        0,
        0
      ]
    },
    "command": {
      "samples": 108,
      "total_microseconds": 199186,
      "maximum_microseconds": 8213,
      "buckets": [
        47,
        28,
        22,
        10,
        1,
        0,
        0,
        0,
        0,
        0,
        0,
        0,
        0,
        0,
        0,
        0
      ]
    },
    "cleanup": {
      "samples": 108,
      "total_microseconds": 60196,
      "maximum_microseconds": 6248,
      "buckets": [
        90,
        6,
        11,
        1,
        0,
        0,
        0,
        0,
        0,
        0,
        0,
        0,
        0,
        0,
        0,
        0
      ]
    }
  },
  "executor_timings_after": {
    "admission": {
      "samples": 1108,
      "total_microseconds": 8672,
      "maximum_microseconds": 454,
      "buckets": [
        1108,
        0,
        0,
        0,
        0,
        0,
        0,
        0,
        0,
        0,
        0,
        0,
        0,
        0,
        0,
        0
      ]
    },
    "startup": {
      "samples": 27,
      "total_microseconds": 4171988,
      "maximum_microseconds": 183391,
      "buckets": [
        0,
        0,
        0,
        0,
        0,
        0,
        0,
        1,
        26,
        0,
        0,
        0,
        0,
        0,
        0,
        0
      ]
    },
    "command": {
      "samples": 1108,
      "total_microseconds": 2191512,
      "maximum_microseconds": 9461,
      "buckets": [
        302,
        366,
        337,
        100,
        3,
        0,
        0,
        0,
        0,
        0,
        0,
        0,
        0,
        0,
        0,
        0
      ]
    },
    "cleanup": {
      "samples": 1108,
      "total_microseconds": 591178,
      "maximum_microseconds": 6248,
      "buckets": [
        897,
        132,
        69,
        10,
        0,
        0,
        0,
        0,
        0,
        0,
        0,
        0,
        0,
        0,
        0,
        0
      ]
    }
  },
  "elapsed_seconds": 0.22349753,
  "verified_successes": 1000,
  "failures": 0,
  "retries": 0,
  "verified_successes_per_second": 4474.322378417336,
  "container_cpu_request_millicores": 100,
  "container_cpu_limit_millicores": 1000,
  "container_memory_bytes": 33554432,
  "resource_enforcement": "per-command CPU, memory, swap and PID limits before user code",
  "bare_process_resource_limits": "none; profile fields are comparison inputs only",
  "node_job_budget_cpu_millicores": 3000,
  "service_probe_latency_ms": [
    0.666421
  ],
  "durability": "worker grant fence, per-task ledger/index, verified chunk receipts; no Raft admission",
  "optimised_build": true,
  "qualified_100m_per_day": false,
  "namespace_policy_hook": "not injected in direct runner; full Bun dispatch includes live namespace supervision"
}
