{
  "path": "Host",
  "image": "public.ecr.aws/docker/library/busybox@sha256:9532d8c39891ca2ecde4d30d7710e01fb739c87a8b9299685c63704296b16028",
  "executable_sha256": "f19470457088612bc3285404783d9f93533d917e869050aca13a4139b937c0a5",
  "command": [
    "/bin/busybox",
    "true"
  ],
  "count": 1000,
  "concurrency": 27,
  "image_preparation_seconds_excluded": 0.130473086,
  "warmth": "warm-images-after-disclosed-warmup",
  "warmup_count": 108,
  "warmup_seconds_excluded": 0.185319015,
  "executor_timings_before": {
    "admission": {
      "samples": 108,
      "total_microseconds": 1503,
      "maximum_microseconds": 280,
      "buckets": [
        108,
        0,
        0,
        0,
        0,
        0,
        0,
        0,
        0,
        0,
        0,
        0,
        0,
        0,
        0,
        0
      ]
    },
    "startup": {
      "samples": 27,
      "total_microseconds": 4356275,
      "maximum_microseconds": 184375,
      "buckets": [
        0,
        0,
        0,
        0,
        0,
        0,
        0,
        4,
        23,
        0,
        0,
        0,
        0,
        0,
        0,
        0
      ]
    },
    "command": {
      "samples": 108,
      "total_microseconds": 131045,
      "maximum_microseconds": 8804,
      "buckets": [
        70,
        21,
        9,
        7,
        1,
        0,
        0,
        0,
        0,
        0,
        0,
        0,
        0,
        0,
        0,
        0
      ]
    },
    "cleanup": {
      "samples": 108,
      "total_microseconds": 28095,
      "maximum_microseconds": 2935,
      "buckets": [
        100,
        3,
        5,
        0,
        0,
        0,
        0,
        0,
        0,
        0,
        0,
        0,
        0,
        0,
        0,
        0
      ]
    }
  },
  "executor_timings_after": {
    "admission": {
      "samples": 1108,
      "total_microseconds": 1504,
      "maximum_microseconds": 280,
      "buckets": [
        1108,
        0,
        0,
        0,
        0,
        0,
        0,
        0,
        0,
        0,
        0,
        0,
        0,
        0,
        0,
        0
      ]
    },
    "startup": {
      "samples": 27,
      "total_microseconds": 4356275,
      "maximum_microseconds": 184375,
      "buckets": [
        0,
        0,
        0,
        0,
        0,
        0,
        0,
        4,
        23,
        0,
        0,
        0,
        0,
        0,
        0,
        0
      ]
    },
    "command": {
      "samples": 1108,
      "total_microseconds": 1972609,
      "maximum_microseconds": 10376,
      "buckets": [
        325,
        421,
        299,
        58,
        5,
        0,
        0,
        0,
        0,
        0,
        0,
        0,
        0,
        0,
        0,
        0
      ]
    },
    "cleanup": {
      "samples": 1108,
      "total_microseconds": 410103,
      "maximum_microseconds": 4399,
      "buckets": [
        983,
        84,
        39,
        2,
        0,
        0,
        0,
        0,
        0,
        0,
        0,
        0,
        0,
        0,
        0,
        0
      ]
    }
  },
  "elapsed_seconds": 0.085050183,
  "verified_successes": 1000,
  "failures": 0,
  "retries": 0,
  "verified_successes_per_second": 11757.764236674246,
  "container_cpu_request_millicores": 100,
  "container_cpu_limit_millicores": 1000,
  "container_memory_bytes": 33554432,
  "resource_enforcement": "per-command CPU, memory, swap and PID limits before user code",
  "bare_process_resource_limits": "none; profile fields are comparison inputs only",
  "node_job_budget_cpu_millicores": 3000,
  "service_probe_latency_ms": [
    1.430593
  ],
  "durability": "durable executor/runtime ownership, exit and positive cleanup; no task ledger or Raft admission",
  "optimised_build": true,
  "qualified_100m_per_day": false,
  "namespace_policy_hook": "not injected in direct runner; full Bun dispatch includes live namespace supervision"
}
