{
  "path": "Reused",
  "image": "public.ecr.aws/docker/library/busybox@sha256:9532d8c39891ca2ecde4d30d7710e01fb739c87a8b9299685c63704296b16028",
  "executable_sha256": "f19470457088612bc3285404783d9f93533d917e869050aca13a4139b937c0a5",
  "command": [
    "/bin/busybox",
    "true"
  ],
  "count": 1000,
  "concurrency": 27,
  "image_preparation_seconds_excluded": 0.150547608,
  "warmth": "warm-images-cold-executors",
  "warmup_count": 0,
  "warmup_seconds_excluded": 4.1e-8,
  "executor_timings_before": null,
  "executor_timings_after": {
    "admission": {
      "samples": 1000,
      "total_microseconds": 75651,
      "maximum_microseconds": 4058,
      "buckets": [
        975,
        3,
        20,
        2,
        0,
        0,
        0,
        0,
        0,
        0,
        0,
        0,
        0,
        0,
        0,
        0
      ]
    },
    "startup": {
      "samples": 27,
      "total_microseconds": 96739236,
      "maximum_microseconds": 4666512,
      "buckets": [
        0,
        0,
        0,
        0,
        0,
        0,
        0,
        0,
        0,
        0,
        0,
        0,
        12,
        15,
        0,
        0
      ]
    },
    "command": {
      "samples": 1000,
      "total_microseconds": 2704731,
      "maximum_microseconds": 14359,
      "buckets": [
        200,
        263,
        330,
        183,
        24,
        0,
        0,
        0,
        0,
        0,
        0,
        0,
        0,
        0,
        0,
        0
      ]
    },
    "cleanup": {
      "samples": 1000,
      "total_microseconds": 462241,
      "maximum_microseconds": 9171,
      "buckets": [
        862,
        84,
        40,
        13,
        1,
        0,
        0,
        0,
        0,
        0,
        0,
        0,
        0,
        0,
        0,
        0
      ]
    }
  },
  "elapsed_seconds": 4.671063511,
  "verified_successes": 1000,
  "failures": 0,
  "retries": 0,
  "verified_successes_per_second": 214.08400841587274,
  "container_cpu_request_millicores": 100,
  "container_cpu_limit_millicores": 1000,
  "container_memory_bytes": 33554432,
  "resource_enforcement": "per-command CPU, memory, swap and PID limits before user code",
  "bare_process_resource_limits": "none; profile fields are comparison inputs only",
  "node_job_budget_cpu_millicores": 3000,
  "service_probe_latency_ms": [
    0.566129,
    0.599213,
    2.225932,
    0.560879,
    0.5505869999999999
  ],
  "durability": "durable executor/runtime ownership, exit and positive cleanup; no task ledger or Raft admission",
  "optimised_build": true,
  "qualified_100m_per_day": false,
  "namespace_policy_hook": "not injected in direct runner; full Bun dispatch includes live namespace supervision"
}
