{
  "path": "DurableFresh",
  "image": "public.ecr.aws/docker/library/busybox@sha256:9532d8c39891ca2ecde4d30d7710e01fb739c87a8b9299685c63704296b16028",
  "executable_sha256": "f19470457088612bc3285404783d9f93533d917e869050aca13a4139b937c0a5",
  "command": [
    "/bin/busybox",
    "true"
  ],
  "count": 200,
  "concurrency": 3,
  "image_preparation_seconds_excluded": 0.141909065,
  "warmth": "warm-images-cold-executors",
  "warmup_count": 0,
  "warmup_seconds_excluded": 4.1e-8,
  "executor_timings_before": null,
  "executor_timings_after": null,
  "elapsed_seconds": 70.683378135,
  "verified_successes": 200,
  "failures": 0,
  "retries": 0,
  "verified_successes_per_second": 2.8295195458544,
  "container_cpu_request_millicores": 100,
  "container_cpu_limit_millicores": 1000,
  "container_memory_bytes": 33554432,
  "resource_enforcement": "per-command CPU, memory, swap and PID limits before user code",
  "bare_process_resource_limits": "none; profile fields are comparison inputs only",
  "node_job_budget_cpu_millicores": 3000,
  "service_probe_latency_ms": [
    0.377878,
    0.377544,
    0.748588,
    0.436295,
    0.38512799999999997,
    0.369211,
    0.387419,
    0.437378,
    0.49717100000000003,
    0.53192,
    0.471295,
    0.445253,
    0.401211,
    0.43850300000000003,
    0.501629,
    0.52892,
    0.787588,
    0.472962,
    0.6175039999999999,
    0.464003,
    0.797672,
    0.536087,
    0.44071099999999996,
    0.47267000000000003,
    0.487295,
    0.530504,
    0.45533599999999996,
    1.007632,
    0.345628,
    0.337086,
    0.446461,
    0.47267000000000003,
    0.439711,
    0.593296,
    0.5527540000000001,
    0.49433699999999997,
    0.47917,
    0.5049199999999999,
    0.600087,
    0.54842,
    0.42912799999999995,
    0.537253,
    0.509212,
    0.650546,
    0.754297,
    0.434628,
    0.45642000000000005,
    0.5659620000000001,
    0.456878,
    0.38900300000000004,
    0.39437700000000003,
    0.434878,
    0.459003,
    0.49337899999999996,
    0.539003,
    0.43154400000000004,
    0.690755,
    0.976549,
    0.841506,
    0.610463,
    0.47287799999999997,
    0.49421199999999993,
    0.461504,
    0.544628,
    0.563171,
    0.49846199999999996,
    0.443669,
    0.49604499999999996,
    0.36767,
    0.504503,
    0.430919
  ],
  "durability": "worker grant fence, per-task ledger/index, verified chunk receipts; no Raft admission",
  "optimised_build": true,
  "qualified_100m_per_day": false,
  "namespace_policy_hook": "not injected in direct runner; full Bun dispatch includes live namespace supervision"
}
