{
  "path": "DurableReused",
  "image": "public.ecr.aws/docker/library/busybox@sha256:9532d8c39891ca2ecde4d30d7710e01fb739c87a8b9299685c63704296b16028",
  "executable_sha256": "f19470457088612bc3285404783d9f93533d917e869050aca13a4139b937c0a5",
  "command": [
    "/bin/busybox",
    "true"
  ],
  "count": 1000,
  "concurrency": 27,
  "image_preparation_seconds_excluded": 0.148850796,
  "warmth": "warm-images-after-disclosed-warmup",
  "warmup_count": 108,
  "warmup_seconds_excluded": 4.661695297,
  "executor_timings_before": {
    "admission": {
      "samples": 108,
      "total_microseconds": 88223,
      "maximum_microseconds": 4732,
      "buckets": [
        82,
        4,
        12,
        10,
        0,
        0,
        0,
        0,
        0,
        0,
        0,
        0,
        0,
        0,
        0,
        0
      ]
    },
    "startup": {
      "samples": 27,
      "total_microseconds": 95775809,
      "maximum_microseconds": 4485060,
      "buckets": [
        0,
        0,
        0,
        0,
        0,
        0,
        0,
        0,
        0,
        0,
        0,
        8,
        2,
        17,
        0,
        0
      ]
    },
    "command": {
      "samples": 108,
      "total_microseconds": 174735,
      "maximum_microseconds": 15619,
      "buckets": [
        47,
        40,
        18,
        1,
        2,
        0,
        0,
        0,
        0,
        0,
        0,
        0,
        0,
        0,
        0,
        0
      ]
    },
    "cleanup": {
      "samples": 108,
      "total_microseconds": 43640,
      "maximum_microseconds": 12691,
      "buckets": [
        100,
        5,
        0,
        1,
        2,
        0,
        0,
        0,
        0,
        0,
        0,
        0,
        0,
        0,
        0,
        0
      ]
    }
  },
  "executor_timings_after": {
    "admission": {
      "samples": 1108,
      "total_microseconds": 364443,
      "maximum_microseconds": 15595,
      "buckets": [
        1007,
        33,
        38,
        26,
        4,
        0,
        0,
        0,
        0,
        0,
        0,
        0,
        0,
        0,
        0,
        0
      ]
    },
    "startup": {
      "samples": 30,
      "total_microseconds": 99438247,
      "maximum_microseconds": 4485060,
      "buckets": [
        0,
        0,
        0,
        0,
        0,
        0,
        0,
        0,
        0,
        0,
        0,
        11,
        2,
        17,
        0,
        0
      ]
    },
    "command": {
      "samples": 1108,
      "total_microseconds": 6393209,
      "maximum_microseconds": 26659,
      "buckets": [
        65,
        118,
        260,
        406,
        231,
        28,
        0,
        0,
        0,
        0,
        0,
        0,
        0,
        0,
        0,
        0
      ]
    },
    "cleanup": {
      "samples": 1108,
      "total_microseconds": 694530,
      "maximum_microseconds": 12730,
      "buckets": [
        920,
        107,
        55,
        23,
        3,
        0,
        0,
        0,
        0,
        0,
        0,
        0,
        0,
        0,
        0,
        0
      ]
    }
  },
  "elapsed_seconds": 1.4872206110000001,
  "verified_successes": 1000,
  "failures": 0,
  "retries": 0,
  "verified_successes_per_second": 672.3951998806718,
  "container_cpu_request_millicores": 100,
  "container_cpu_limit_millicores": 1000,
  "container_memory_bytes": 33554432,
  "resource_enforcement": "per-command CPU, memory, swap and PID limits before user code",
  "bare_process_resource_limits": "none; profile fields are comparison inputs only",
  "node_job_budget_cpu_millicores": 3000,
  "service_probe_latency_ms": [
    0.460129,
    0.398045
  ],
  "durability": "worker grant fence, per-task ledger/index, verified chunk receipts; no Raft admission",
  "optimised_build": true,
  "qualified_100m_per_day": false,
  "namespace_policy_hook": "not injected in direct runner; full Bun dispatch includes live namespace supervision"
}
