{
  "path": "DurableHost",
  "image": "public.ecr.aws/docker/library/busybox@sha256:9532d8c39891ca2ecde4d30d7710e01fb739c87a8b9299685c63704296b16028",
  "executable_sha256": "f19470457088612bc3285404783d9f93533d917e869050aca13a4139b937c0a5",
  "command": [
    "/bin/busybox",
    "true"
  ],
  "count": 1000,
  "concurrency": 3,
  "image_preparation_seconds_excluded": 0.137102055,
  "warmth": "warm-images-after-disclosed-warmup",
  "warmup_count": 12,
  "warmup_seconds_excluded": 0.253183045,
  "executor_timings_before": {
    "admission": {
      "samples": 12,
      "total_microseconds": 88,
      "maximum_microseconds": 69,
      "buckets": [
        12,
        0,
        0,
        0,
        0,
        0,
        0,
        0,
        0,
        0,
        0,
        0,
        0,
        0,
        0,
        0
      ]
    },
    "startup": {
      "samples": 3,
      "total_microseconds": 113752,
      "maximum_microseconds": 37972,
      "buckets": [
        0,
        0,
        0,
        0,
        0,
        0,
        3,
        0,
        0,
        0,
        0,
        0,
        0,
        0,
        0,
        0
      ]
    },
    "command": {
      "samples": 12,
      "total_microseconds": 4843,
      "maximum_microseconds": 544,
      "buckets": [
        12,
        0,
        0,
        0,
        0,
        0,
        0,
        0,
        0,
        0,
        0,
        0,
        0,
        0,
        0,
        0
      ]
    },
    "cleanup": {
      "samples": 12,
      "total_microseconds": 965,
      "maximum_microseconds": 156,
      "buckets": [
        12,
        0,
        0,
        0,
        0,
        0,
        0,
        0,
        0,
        0,
        0,
        0,
        0,
        0,
        0,
        0
      ]
    }
  },
  "executor_timings_after": {
    "admission": {
      "samples": 1012,
      "total_microseconds": 89,
      "maximum_microseconds": 69,
      "buckets": [
        1012,
        0,
        0,
        0,
        0,
        0,
        0,
        0,
        0,
        0,
        0,
        0,
        0,
        0,
        0,
        0
      ]
    },
    "startup": {
      "samples": 3,
      "total_microseconds": 113752,
      "maximum_microseconds": 37972,
      "buckets": [
        0,
        0,
        0,
        0,
        0,
        0,
        3,
        0,
        0,
        0,
        0,
        0,
        0,
        0,
        0,
        0
      ]
    },
    "command": {
      "samples": 1012,
      "total_microseconds": 431904,
      "maximum_microseconds": 49234,
      "buckets": [
        1009,
        1,
        0,
        0,
        0,
        0,
        2,
        0,
        0,
        0,
        0,
        0,
        0,
        0,
        0,
        0
      ]
    },
    "cleanup": {
      "samples": 1012,
      "total_microseconds": 155180,
      "maximum_microseconds": 52207,
      "buckets": [
        1010,
        0,
        0,
        0,
        0,
        0,
        2,
        0,
        0,
        0,
        0,
        0,
        0,
        0,
        0,
        0
      ]
    }
  },
  "elapsed_seconds": 0.43168981,
  "verified_successes": 1000,
  "failures": 0,
  "retries": 0,
  "verified_successes_per_second": 2316.47812117687,
  "container_cpu_request_millicores": 100,
  "container_cpu_limit_millicores": 1000,
  "container_memory_bytes": 33554432,
  "resource_enforcement": "per-command CPU, memory, swap and PID limits before user code",
  "bare_process_resource_limits": "none; profile fields are comparison inputs only",
  "node_job_budget_cpu_millicores": 3000,
  "service_probe_latency_ms": [
    1.706637
  ],
  "durability": "worker grant fence, per-task ledger/index, verified chunk receipts; no Raft admission",
  "optimised_build": true,
  "qualified_100m_per_day": false,
  "namespace_policy_hook": "not injected in direct runner; full Bun dispatch includes live namespace supervision"
}
