0.0s: 0 unique accepted successes, 0 failures, 0 retries; 0.0/s; 1 successful service probes
30.3s: 9,000 unique accepted successes, 0 failures, 0 retries; 297.4/s; 104 successful service probes
{
  "qualification_pass": false,
  "reason": "Requires separate recovery, fault and bounded-cost evidence",
  "kernel": "6.8.0-139-generic",
  "architecture": "aarch64",
  "logical_cpus": 4,
  "workload_sha256": "d3dd04668d45dd15b0c7ce6da66d3792e1c424b86bc905460bb3f92ba7dd6bab",
  "command_prefix": [
    "/Users/miko/github/reliaburger/target/host-executor-v6-release/relish"
  ],
  "timing": "Monotonic read-only window; the existing submission remains running",
  "last_accepted_sample_seconds": 59.91078601498157,
  "elapsed_seconds": 60.00011417712085,
  "requested_seconds": 60,
  "measurement_complete": true,
  "window_pass": true,
  "unique_accepted_successes": 24000,
  "terminal_failures": 0,
  "accepted_retries": 0,
  "successes_per_second": 400.0,
  "target_with_headroom": 1388.888888888889,
  "throughput_pass": false,
  "application_probes": 206,
  "application_failures": 0,
  "completed_submissions": 0,
  "active_submissions": [
    45
  ],
  "requires_evidence": [
    "hardware/runtime/image-warmth",
    "resource and storage bounds",
    "worker loss",
    "leader failover",
    "delayed control",
    "storage failure"
  ],
  "existing_batch_id": 45,
  "initial_accepted_counts": [
    0,
    0,
    0
  ],
  "measurement_ownership": "read-only; submission remains owned by its caller",
  "service_latency_ms": {
    "samples": 206,
    "maximum": 12.556785019114614,
    "p95": 2.646057866513729
  },
  "resource_observations": [
    {
      "elapsed_seconds": 0.026015950134024024,
      "storage": {
        "/tmp/rb-host-executor-v4/data": {
          "allocated_bytes_observed": 400117760,
          "files_observed": 2390,
          "raced_entries": 0,
          "complete": false,
          "filesystem_available_bytes": 2514759680,
          "filesystem_total_bytes": 50884108288
        }
      },
      "cpu": {
        "cpu_ticks": [
          7008929,
          5659,
          6450308,
          463218497,
          1482509,
          0,
          618839,
          0,
          0,
          0
        ]
      },
      "processes": [
        {
          "pid": 2960485,
          "start_ticks": 119317256,
          "complete": true,
          "rss_bytes": 212086784,
          "peak_rss_bytes": 237756416
        },
        {
          "pid": 2960635,
          "start_ticks": 119317979,
          "complete": true,
          "rss_bytes": 2015232,
          "peak_rss_bytes": 2015232
        }
      ]
    },
    {
      "elapsed_seconds": 30.263570555020124,
      "storage": {
        "/tmp/rb-host-executor-v4/data": {
          "allocated_bytes_observed": 422883328,
          "files_observed": 2374,
          "raced_entries": 0,
          "complete": false,
          "filesystem_available_bytes": 2490875904,
          "filesystem_total_bytes": 50884108288
        }
      },
      "cpu": {
        "cpu_ticks": [
          7009950,
          5659,
          6457410,
          463221162,
          1483399,
          0,
          618932,
          0,
          0,
          0
        ]
      },
      "processes": [
        {
          "pid": 2960485,
          "start_ticks": 119317256,
          "complete": true,
          "rss_bytes": 205414400,
          "peak_rss_bytes": 237756416
        },
        {
          "pid": 2960635,
          "start_ticks": 119317979,
          "complete": true,
          "rss_bytes": 2015232,
          "peak_rss_bytes": 2015232
        }
      ]
    }
  ],
  "elapsed_including_observation_seconds": 60.00011417712085,
  "post_cutoff_drain_proofs": [],
  "elapsed_including_cancellation_seconds": 60.00018021906726,
  "cleanup_failed_submissions": [],
  "measurement_window_seconds": 60,
  "conservative_cutoff": "Only summary responses received before the deadline are counted; subsequent cancellation/results earn no credit"
}
