0.0s: 0 unique accepted successes, 0 failures, 0 retries; 0.0/s; 1 successful service probes
30.3s: 12,000 unique accepted successes, 0 failures, 0 retries; 395.7/s; 105 successful service probes
{
  "qualification_pass": false,
  "reason": "Requires separate recovery, fault and bounded-cost evidence",
  "kernel": "6.8.0-139-generic",
  "architecture": "aarch64",
  "logical_cpus": 4,
  "workload_sha256": "d3dd04668d45dd15b0c7ce6da66d3792e1c424b86bc905460bb3f92ba7dd6bab",
  "command_prefix": [
    "/Users/miko/github/reliaburger/target/host-executor-v6-release/relish"
  ],
  "timing": "Monotonic read-only window; the existing submission remains running",
  "last_accepted_sample_seconds": 59.77831505401991,
  "elapsed_seconds": 60.00009183003567,
  "requested_seconds": 60,
  "measurement_complete": true,
  "window_pass": true,
  "unique_accepted_successes": 25000,
  "terminal_failures": 0,
  "accepted_retries": 0,
  "successes_per_second": 416.6666666666667,
  "target_with_headroom": 1388.888888888889,
  "throughput_pass": false,
  "application_probes": 208,
  "application_failures": 0,
  "completed_submissions": 0,
  "active_submissions": [
    45
  ],
  "requires_evidence": [
    "hardware/runtime/image-warmth",
    "resource and storage bounds",
    "worker loss",
    "leader failover",
    "delayed control",
    "storage failure"
  ],
  "existing_batch_id": 45,
  "initial_accepted_counts": [
    24000,
    0,
    0
  ],
  "measurement_ownership": "read-only; submission remains owned by its caller",
  "service_latency_ms": {
    "samples": 208,
    "maximum": 16.72547496855259,
    "p95": 3.4837299026548862
  },
  "resource_observations": [
    {
      "elapsed_seconds": 0.03000068012624979,
      "storage": {
        "/tmp/rb-host-executor-v4/data": {
          "allocated_bytes_observed": 421466112,
          "files_observed": 2376,
          "raced_entries": 0,
          "complete": false,
          "filesystem_available_bytes": 2492067840,
          "filesystem_total_bytes": 50884108288
        }
      },
      "cpu": {
        "cpu_ticks": [
          7010841,
          5659,
          6463658,
          463224458,
          1484413,
          0,
          619025,
          0,
          0,
          0
        ]
      },
      "processes": [
        {
          "pid": 2960485,
          "start_ticks": 119317256,
          "complete": true,
          "rss_bytes": 203665408,
          "peak_rss_bytes": 237756416
        },
        {
          "pid": 2960635,
          "start_ticks": 119317979,
          "complete": true,
          "rss_bytes": 2015232,
          "peak_rss_bytes": 2015232
        }
      ]
    },
    {
      "elapsed_seconds": 30.325896203052253,
      "storage": {
        "/tmp/rb-host-executor-v4/data": {
          "allocated_bytes_observed": 425328640,
          "files_observed": 2371,
          "raced_entries": 0,
          "complete": false,
          "filesystem_available_bytes": 2488098816,
          "filesystem_total_bytes": 50884108288
        }
      },
      "cpu": {
        "cpu_ticks": [
          7011785,
          5659,
          6470248,
          463227554,
          1485439,
          0,
          619123,
          0,
          0,
          0
        ]
      },
      "processes": [
        {
          "pid": 2960485,
          "start_ticks": 119317256,
          "complete": true,
          "rss_bytes": 199573504,
          "peak_rss_bytes": 237756416
        },
        {
          "pid": 2960635,
          "start_ticks": 119317979,
          "complete": true,
          "rss_bytes": 2015232,
          "peak_rss_bytes": 2015232
        }
      ]
    }
  ],
  "elapsed_including_observation_seconds": 60.00009183003567,
  "post_cutoff_drain_proofs": [],
  "elapsed_including_cancellation_seconds": 60.00015020510182,
  "cleanup_failed_submissions": [],
  "measurement_window_seconds": 60,
  "conservative_cutoff": "Only summary responses received before the deadline are counted; subsequent cancellation/results earn no credit"
}
