434670 raw successful exits within the window; 0 failures
876671 raw successful exits within the window; 0 failures
{
  "path": "Bare",
  "image": "public.ecr.aws/docker/library/busybox@sha256:9532d8c39891ca2ecde4d30d7710e01fb739c87a8b9299685c63704296b16028",
  "executable_sha256": "f19470457088612bc3285404783d9f93533d917e869050aca13a4139b937c0a5",
  "command": [
    "/bin/busybox",
    "true"
  ],
  "count": null,
  "concurrency": 27,
  "image_preparation_seconds_excluded": 2.09720066,
  "warmth": "warm-images-cold-executors",
  "warmup_count": 0,
  "warmup_seconds_excluded": 4.2e-8,
  "executor_timings_before": null,
  "executor_timings_after": null,
  "elapsed_seconds": 60.0,
  "requested_seconds": 60,
  "measurement_complete": true,
  "elapsed_including_drain_seconds": 60.002003425,
  "post_cutoff_drained_commands": 27,
  "verified_successes": 876671,
  "failures": 0,
  "retries": 0,
  "verified_successes_per_second": 14611.183333333332,
  "container_cpu_request_millicores": 25,
  "container_cpu_limit_millicores": 1000,
  "container_memory_bytes": 33554432,
  "resource_enforcement": "none; exit-status-only raw process floor",
  "bare_process_resource_limits": "none; profile fields are comparison inputs only",
  "node_job_budget_cpu_millicores": 3000,
  "service_probe_latency_ms": [
    12.724375,
    1.714553,
    3.7829,
    1.830012,
    1.830637,
    2.207056,
    1.942763,
    2.054972,
    2.498974,
    1.7690110000000001,
    2.36964,
    2.1298060000000003,
    1.6225530000000001,
    3.1218529999999998,
    3.60358,
    2.347863,
    0.730583,
    2.4425660000000002,
    2.4005680000000003,
    0.825411,
    3.068822,
    1.1740570000000001,
    1.496331,
    0.881741,
    2.647097,
    2.008009,
    1.713027,
    1.767107,
    2.094964,
    1.727693,
    1.757233,
    2.0270520000000003,
    3.009121,
    2.591187,
    1.9372230000000001,
    1.78944,
    2.3067029999999997,
    1.923475,
    1.883019,
    1.8971859999999998,
    2.259832,
    1.824107,
    1.551747,
    2.12634,
    1.980973,
    2.464863,
    0.702711,
    2.1526319999999997,
    2.577858,
    1.471378,
    4.7526139999999995,
    4.221186,
    1.871814,
    2.530611,
    4.795697,
    1.974018,
    1.833901,
    2.106719,
    2.563528,
    1.715199
  ],
  "durability": "exit statuses only; no durable ownership or ledger",
  "optimised_build": true,
  "qualified_100m_per_day": false,
  "namespace_policy_hook": "not injected in direct runner; full Bun dispatch includes live namespace supervision"
}
