0.0s: 0 unique accepted successes, 0 failures, 0 retries; 0.0/s; 1 successful service probes
30.2s: 10,000 unique accepted successes, 0 failures, 0 retries; 331.1/s; 105 successful service probes
{
  "qualification_pass": false,
  "reason": "Requires separate recovery, fault and bounded-cost evidence",
  "kernel": "6.8.0-139-generic",
  "architecture": "aarch64",
  "logical_cpus": 4,
  "workload_sha256": "8169cc04888f4b4c84b01b68c9032061ea871752a3501c882ce048fb7a82155c",
  "command_prefix": [
    "/Users/miko/github/reliaburger/target/host-executor-v6-release/relish"
  ],
  "timing": "Monotonic read-only window; the existing submission remains running",
  "last_accepted_sample_seconds": 59.71782950498164,
  "elapsed_seconds": 60.001012132968754,
  "requested_seconds": 60,
  "measurement_complete": true,
  "window_pass": true,
  "unique_accepted_successes": 25000,
  "terminal_failures": 0,
  "accepted_retries": 0,
  "successes_per_second": 416.6666666666667,
  "target_with_headroom": 1388.888888888889,
  "throughput_pass": false,
  "application_probes": 209,
  "application_failures": 0,
  "completed_submissions": 0,
  "active_submissions": [
    69
  ],
  "requires_evidence": [
    "hardware/runtime/image-warmth",
    "resource and storage bounds",
    "worker loss",
    "leader failover",
    "delayed control",
    "storage failure"
  ],
  "existing_batch_id": 69,
  "initial_accepted_counts": [
    0,
    0,
    0
  ],
  "measurement_ownership": "read-only; submission remains owned by its caller",
  "service_latency_ms": {
    "samples": 209,
    "maximum": 12.880174908787012,
    "p95": 1.6975118778645992
  },
  "resource_observations": [
    {
      "elapsed_seconds": 0.02611435391008854,
      "storage": {
        "/tmp/rb-host-executor-v4/data": {
          "allocated_bytes_observed": 234524672,
          "files_observed": 2389,
          "raced_entries": 0,
          "complete": false,
          "filesystem_available_bytes": 2668376064,
          "filesystem_total_bytes": 50884108288
        }
      },
      "cpu": {
        "cpu_ticks": [
          7059148,
          5659,
          6789173,
          463363919,
          1528160,
          0,
          624621,
          0,
          0,
          0
        ]
      },
      "processes": [
        {
          "pid": 2960485,
          "start_ticks": 119317256,
          "complete": true,
          "rss_bytes": 253612032,
          "peak_rss_bytes": 281956352
        },
        {
          "pid": 2960635,
          "start_ticks": 119317979,
          "complete": true,
          "rss_bytes": 2015232,
          "peak_rss_bytes": 2015232
        }
      ]
    },
    {
      "elapsed_seconds": 30.200157852843404,
      "storage": {
        "/tmp/rb-host-executor-v4/data": {
          "allocated_bytes_observed": 223461376,
          "files_observed": 2370,
          "raced_entries": 0,
          "complete": false,
          "filesystem_available_bytes": 2678398976,
          "filesystem_total_bytes": 50884108288
        }
      },
      "cpu": {
        "cpu_ticks": [
          7060102,
          5659,
          6795532,
          463366956,
          1529347,
          0,
          624714,
          0,
          0,
          0
        ]
      },
      "processes": [
        {
          "pid": 2960485,
          "start_ticks": 119317256,
          "complete": true,
          "rss_bytes": 235126784,
          "peak_rss_bytes": 281956352
        },
        {
          "pid": 2960635,
          "start_ticks": 119317979,
          "complete": true,
          "rss_bytes": 2015232,
          "peak_rss_bytes": 2015232
        }
      ]
    }
  ],
  "elapsed_including_observation_seconds": 60.001012132968754,
  "post_cutoff_drain_proofs": [],
  "elapsed_including_cancellation_seconds": 60.00106875784695,
  "cleanup_failed_submissions": [],
  "measurement_window_seconds": 60,
  "conservative_cutoff": "Only summary responses received before the deadline are counted; subsequent cancellation/results earn no credit"
}
