0.0s: 0 unique accepted successes, 0 failures, 0 retries; 0.0/s; 1 successful service probes
30.1s: 31,000 unique accepted successes, 0 failures, 0 retries; 1030.6/s; 108 successful service probes
{
  "qualification_pass": false,
  "reason": "Requires separate recovery, fault and bounded-cost evidence",
  "kernel": "6.8.0-139-generic",
  "architecture": "aarch64",
  "logical_cpus": 4,
  "workload_sha256": "8169cc04888f4b4c84b01b68c9032061ea871752a3501c882ce048fb7a82155c",
  "command_prefix": [
    "/Users/miko/github/reliaburger/target/host-executor-v6-release/relish"
  ],
  "timing": "Monotonic read-only window; the existing submission remains running",
  "last_accepted_sample_seconds": 59.797500130021945,
  "elapsed_seconds": 60.000182257033885,
  "requested_seconds": 60,
  "measurement_complete": true,
  "window_pass": true,
  "unique_accepted_successes": 102000,
  "terminal_failures": 0,
  "accepted_retries": 0,
  "successes_per_second": 1700.0,
  "target_with_headroom": 1388.888888888889,
  "throughput_pass": false,
  "application_probes": 215,
  "application_failures": 0,
  "completed_submissions": 0,
  "active_submissions": [
    69
  ],
  "requires_evidence": [
    "hardware/runtime/image-warmth",
    "resource and storage bounds",
    "worker loss",
    "leader failover",
    "delayed control",
    "storage failure"
  ],
  "existing_batch_id": 69,
  "initial_accepted_counts": [
    26000,
    0,
    0
  ],
  "measurement_ownership": "read-only; submission remains owned by its caller",
  "service_latency_ms": {
    "samples": 215,
    "maximum": 20.202100975438952,
    "p95": 1.3742181472480297
  },
  "resource_observations": [
    {
      "elapsed_seconds": 0.04902422218583524,
      "storage": {
        "/tmp/rb-host-executor-v4/data": {
          "allocated_bytes_observed": 224923648,
          "files_observed": 2373,
          "raced_entries": 0,
          "complete": false,
          "filesystem_available_bytes": 2676600832,
          "filesystem_total_bytes": 50884108288
        }
      },
      "cpu": {
        "cpu_ticks": [
          7060931,
          5659,
          6801118,
          463370743,
          1530577,
          0,
          624804,
          0,
          0,
          0
        ]
      },
      "processes": [
        {
          "pid": 2960485,
          "start_ticks": 119317256,
          "complete": true,
          "rss_bytes": 243429376,
          "peak_rss_bytes": 281956352
        },
        {
          "pid": 2960635,
          "start_ticks": 119317979,
          "complete": true,
          "rss_bytes": 2015232,
          "peak_rss_bytes": 2015232
        }
      ]
    },
    {
      "elapsed_seconds": 30.080055385129526,
      "storage": {
        "/tmp/rb-host-executor-v4/data": {
          "allocated_bytes_observed": 228323328,
          "files_observed": 2374,
          "raced_entries": 0,
          "complete": false,
          "filesystem_available_bytes": 2672840704,
          "filesystem_total_bytes": 50884108288
        }
      },
      "cpu": {
        "cpu_ticks": [
          7061642,
          5659,
          6805207,
          463376756,
          1531339,
          0,
          624862,
          0,
          0,
          0
        ]
      },
      "processes": [
        {
          "pid": 2960485,
          "start_ticks": 119317256,
          "complete": true,
          "rss_bytes": 255217664,
          "peak_rss_bytes": 281956352
        },
        {
          "pid": 2960635,
          "start_ticks": 119317979,
          "complete": true,
          "rss_bytes": 2015232,
          "peak_rss_bytes": 2015232
        }
      ]
    }
  ],
  "elapsed_including_observation_seconds": 60.000182257033885,
  "post_cutoff_drain_proofs": [],
  "elapsed_including_cancellation_seconds": 60.00027813320048,
  "cleanup_failed_submissions": [],
  "measurement_window_seconds": 60,
  "conservative_cutoff": "Only summary responses received before the deadline are counted; subsequent cancellation/results earn no credit"
}
