{
  "path": "Bare",
  "image": "public.ecr.aws/docker/library/busybox@sha256:9532d8c39891ca2ecde4d30d7710e01fb739c87a8b9299685c63704296b16028",
  "executable_sha256": "f19470457088612bc3285404783d9f93533d917e869050aca13a4139b937c0a5",
  "command": [
    "/bin/busybox",
    "true"
  ],
  "count": 1000000,
  "concurrency": 27,
  "image_preparation_seconds_excluded": 1.947606832,
  "warmth": "warm-images-cold-executors",
  "warmup_count": 0,
  "warmup_seconds_excluded": 4.2e-8,
  "executor_timings_before": null,
  "executor_timings_after": null,
  "elapsed_seconds": 62.667731471,
  "verified_successes": 1000000,
  "failures": 0,
  "retries": 0,
  "verified_successes_per_second": 15957.175671226556,
  "container_cpu_request_millicores": 100,
  "container_cpu_limit_millicores": 1000,
  "container_memory_bytes": 33554432,
  "resource_enforcement": "none; exit-status-only raw process floor",
  "bare_process_resource_limits": "none; profile fields are comparison inputs only",
  "node_job_budget_cpu_millicores": 3000,
  "service_probe_latency_ms": [
    12.399353999999999,
    1.7317280000000002,
    2.006148,
    1.725562,
    1.5236850000000002,
    1.3242239999999998,
    2.123483,
    0.61709,
    1.674144,
    2.792449,
    4.087505,
    2.653948,
    2.248484,
    3.2291630000000002,
    1.764938,
    1.695478,
    1.810813,
    3.36058,
    1.88073,
    1.769312,
    1.593977,
    1.734186,
    2.4458610000000003,
    2.383653,
    2.003606,
    2.177816,
    0.477255,
    3.05391,
    1.871438,
    3.9344200000000003,
    0.813759,
    2.223525,
    1.880021,
    1.861563,
    1.678436,
    1.429975,
    1.614685,
    1.90523,
    2.1134399999999998,
    1.61706,
    2.006606,
    1.717645,
    1.815478,
    1.813521,
    3.214744,
    2.9507000000000003,
    1.215847,
    1.123179,
    2.286775,
    2.824949,
    2.969658,
    3.292787,
    1.5336830000000001,
    1.9957719999999999,
    1.9471880000000001,
    2.1585240000000003,
    1.879896,
    2.237483,
    1.031887,
    1.412349,
    1.560101,
    1.633976,
    2.286858
  ],
  "durability": "exit statuses only; no durable ownership or ledger",
  "optimised_build": true,
  "qualified_100m_per_day": false,
  "namespace_policy_hook": "not injected in direct runner; full Bun dispatch includes live namespace supervision"
}
