0/500,000 unique accepted successes in 0.04s (0.0/s whole run); 0 failures, 0 retries
runtime process; commands unknown; queued 500000, held 0; recent unknown/s over unknowns
application 200 in 13.46ms
0/500,000 unique accepted successes in 1.10s (0.0/s whole run); 0 failures, 0 retries
runtime process; commands 0; queued 498000, held 2000; recent 0.0/s over 1.053324319s
application 200 in 0.59ms
0/500,000 unique accepted successes in 2.14s (0.0/s whole run); 0 failures, 0 retries
runtime process; commands 0; queued 498000, held 2000; recent 0.0/s over 1.044064647s
application 200 in 0.58ms
2,000/500,000 unique accepted successes in 3.23s (619.6/s whole run); 0 failures, 0 retries
runtime process; commands 0; queued 492000, held 6000; recent 1855.3737256938412/s over 1.077949942s
application 200 in 1.68ms
6,000/500,000 unique accepted successes in 4.30s (1393.8/s whole run); 0 failures, 0 retries
runtime process; commands 0; queued 487000, held 7000; recent 3697.3878668316697/s over 1.081844844s
application 200 in 0.98ms
8,000/500,000 unique accepted successes in 5.39s (1483.0/s whole run); 0 failures, 0 retries
runtime process; commands 0; queued 482000, held 10000; recent 1837.979755805403/s over 1.088151267s
application 200 in 0.69ms
13,000/500,000 unique accepted successes in 6.46s (2013.1/s whole run); 0 failures, 0 retries
runtime process; commands 0; queued 476000, held 11000; recent 4672.365834732151/s over 1.070121685s
application 200 in 1.00ms
18,000/500,000 unique accepted successes in 7.53s (2392.0/s whole run); 0 failures, 0 retries
runtime process; commands 0; queued 469000, held 13000; recent 4684.975667763683/s over 1.067241402s
application 200 in 0.63ms
24,000/500,000 unique accepted successes in 8.59s (2793.3/s whole run); 0 failures, 0 retries
runtime process; commands 0; queued 462000, held 14000; recent 5636.41375723357/s over 1.064506663s
application 200 in 0.70ms
31,000/500,000 unique accepted successes in 9.66s (3209.6/s whole run); 0 failures, 0 retries
runtime process; commands 0; queued 453000, held 16000; recent 6551.3239572457005/s over 1.068486316s
application 200 in 0.85ms
38,000/500,000 unique accepted successes in 10.73s (3542.5/s whole run); 0 failures, 0 retries
runtime process; commands 0; queued 446000, held 16000; recent 6548.487380943669/s over 1.068949147s
application 200 in 1.21ms
47,000/500,000 unique accepted successes in 11.78s (3988.5/s whole run); 0 failures, 0 retries
runtime process; commands 0; queued 437000, held 16000; recent 8513.755024582904/s over 1.057112869s
application 200 in 0.52ms
54,000/500,000 unique accepted successes in 12.82s (4210.9/s whole run); 0 failures, 0 retries
runtime process; commands 0; queued 430000, held 16000; recent 6736.900756214607/s over 1.039053454s
application 200 in 0.83ms
63,000/500,000 unique accepted successes in 13.89s (4536.9/s whole run); 0 failures, 0 retries
runtime process; commands 0; queued 421000, held 16000; recent 8464.748936788032/s over 1.063232952s
application 200 in 0.50ms
70,000/500,000 unique accepted successes in 14.93s (4687.8/s whole run); 0 failures, 0 retries
runtime process; commands 0; queued 414000, held 16000; recent 6695.958852904307/s over 1.045406663s
application 200 in 0.91ms
79,000/500,000 unique accepted successes in 16.00s (4938.5/s whole run); 0 failures, 0 retries
runtime process; commands 0; queued 405000, held 16000; recent 8453.462570345007/s over 1.064652493s
application 200 in 0.72ms
86,000/500,000 unique accepted successes in 17.04s (5047.4/s whole run); 0 failures, 0 retries
runtime process; commands 0; queued 398000, held 16000; recent 6714.916275483703/s over 1.042455291s
application 200 in 0.55ms
95,000/500,000 unique accepted successes in 18.09s (5252.7/s whole run); 0 failures, 0 retries
runtime process; commands 0; queued 389000, held 16000; recent 8596.88121025266/s over 1.046891283s
application 200 in 0.70ms
102,000/500,000 unique accepted successes in 19.13s (5331.4/s whole run); 0 failures, 0 retries
runtime process; commands 0; queued 382000, held 16000; recent 6691.941108509146/s over 1.04603431s
application 200 in 0.56ms
118,000/500,000 unique accepted successes in 20.18s (5848.0/s whole run); 0 failures, 0 retries
runtime process; commands 0; queued 366000, held 16000; recent 15299.720794056504/s over 1.045770718s
application 200 in 0.86ms
127,000/500,000 unique accepted successes in 21.24s (5978.7/s whole run); 0 failures, 0 retries
runtime process; commands 0; queued 357000, held 16000; recent 8470.879370448914/s over 1.062463483s
application 200 in 0.74ms
134,000/500,000 unique accepted successes in 22.30s (6009.9/s whole run); 0 failures, 0 retries
runtime process; commands 0; queued 350000, held 16000; recent 6630.075739607893/s over 1.055794877s
application 200 in 1.16ms
134,000/500,000 unique accepted successes in 23.36s (5737.4/s whole run); 0 failures, 0 retries
runtime process; commands 0; queued 350000, held 16000; recent 0.0/s over 1.059439944s
application 200 in 0.91ms
150,000/500,000 unique accepted successes in 24.44s (6137.6/s whole run); 0 failures, 0 retries
runtime process; commands 0; queued 334000, held 16000; recent 14775.002448910484/s over 1.082910142s
application 200 in 1.29ms
150,000/500,000 unique accepted successes in 25.50s (5883.2/s whole run); 0 failures, 0 retries
runtime process; commands 0; queued 334000, held 16000; recent 0.0/s over 1.057491789s
application 200 in 0.57ms
150,000/500,000 unique accepted successes in 26.56s (5647.0/s whole run); 0 failures, 0 retries
runtime process; commands 20; queued 334000, held 16000; recent 0.0/s over 1.066459569s
application 200 in 0.92ms
166,000/500,000 unique accepted successes in 27.64s (6006.4/s whole run); 0 failures, 0 retries
runtime process; commands 0; queued 318000, held 16000; recent 14898.122411607195/s over 1.073960836s
application 200 in 1.04ms
166,000/500,000 unique accepted successes in 28.69s (5785.8/s whole run); 0 failures, 0 retries
runtime process; commands 0; queued 318000, held 16000; recent 0.0/s over 1.053730445s
application 200 in 0.61ms
166,000/500,000 unique accepted successes in 29.75s (5579.7/s whole run); 0 failures, 0 retries
runtime process; commands 22; queued 318000, held 16000; recent 0.0/s over 1.061088294s
application 200 in 0.55ms
182,000/500,000 unique accepted successes in 30.81s (5907.2/s whole run); 0 failures, 0 retries
runtime process; commands 0; queued 302000, held 16000; recent 15133.771835885656/s over 1.057238088s
application 200 in 1.03ms
182,000/500,000 unique accepted successes in 31.87s (5711.2/s whole run); 0 failures, 0 retries
runtime process; commands 0; queued 302000, held 16000; recent 0.0/s over 1.057835045s
application 200 in 0.92ms
182,000/500,000 unique accepted successes in 32.93s (5526.1/s whole run); 0 failures, 0 retries
runtime process; commands 20; queued 302000, held 16000; recent 0.0/s over 1.067947835s
application 200 in 0.90ms
198,000/500,000 unique accepted successes in 33.99s (5824.7/s whole run); 0 failures, 0 retries
runtime process; commands 0; queued 286000, held 16000; recent 15122.727535970136/s over 1.058010201s
application 200 in 1.01ms
198,000/500,000 unique accepted successes in 35.05s (5649.1/s whole run); 0 failures, 0 retries
runtime process; commands 0; queued 286000, held 16000; recent 0.0/s over 1.056846559s
application 200 in 0.71ms
198,000/500,000 unique accepted successes in 36.12s (5481.7/s whole run); 0 failures, 0 retries
runtime process; commands 21; queued 286000, held 16000; recent 0.0/s over 1.071319887s
application 200 in 0.59ms
214,000/500,000 unique accepted successes in 37.20s (5752.8/s whole run); 0 failures, 0 retries
runtime process; commands 0; queued 270000, held 16000; recent 14872.22662206719/s over 1.075830836s
application 200 in 0.55ms
214,000/500,000 unique accepted successes in 38.27s (5592.3/s whole run); 0 failures, 0 retries
runtime process; commands 23; queued 270000, held 16000; recent 0.0/s over 1.070004822s
application 200 in 0.76ms
230,000/500,000 unique accepted successes in 39.35s (5845.1/s whole run); 0 failures, 0 retries
runtime process; commands 0; queued 254000, held 16000; recent 14784.975025280251/s over 1.082179711s
application 200 in 1.00ms
230,000/500,000 unique accepted successes in 40.41s (5691.8/s whole run); 0 failures, 0 retries
runtime process; commands 0; queued 254000, held 16000; recent 0.0/s over 1.058047164s
application 200 in 1.09ms
230,000/500,000 unique accepted successes in 41.48s (5545.3/s whole run); 0 failures, 0 retries
runtime process; commands 23; queued 254000, held 16000; recent 0.0/s over 1.069884926s
application 200 in 0.78ms
246,000/500,000 unique accepted successes in 42.55s (5781.5/s whole run); 0 failures, 0 retries
runtime process; commands 0; queued 238000, held 16000; recent 14924.505605673688/s over 1.072062313s
application 200 in 1.00ms
246,000/500,000 unique accepted successes in 43.61s (5641.0/s whole run); 0 failures, 0 retries
runtime process; commands 0; queued 238000, held 16000; recent 0.0/s over 1.059864952s
application 200 in 0.94ms
246,000/500,000 unique accepted successes in 44.68s (5506.1/s whole run); 0 failures, 0 retries
runtime process; commands 21; queued 238000, held 16000; recent 0.0/s over 1.067222175s
application 200 in 1.06ms
262,000/500,000 unique accepted successes in 45.75s (5727.0/s whole run); 0 failures, 0 retries
runtime process; commands 0; queued 222000, held 16000; recent 14931.205650463931/s over 1.071581249s
application 200 in 1.03ms
262,000/500,000 unique accepted successes in 46.80s (5598.1/s whole run); 0 failures, 0 retries
runtime process; commands 0; queued 222000, held 16000; recent 0.0/s over 1.053311835s
application 200 in 0.89ms
262,000/500,000 unique accepted successes in 47.86s (5474.5/s whole run); 0 failures, 0 retries
runtime process; commands 15; queued 222000, held 16000; recent 0.0/s over 1.058702625s
application 200 in 0.54ms
278,000/500,000 unique accepted successes in 48.92s (5683.2/s whole run); 0 failures, 0 retries
runtime process; commands 0; queued 206000, held 16000; recent 15141.043284805735/s over 1.056730352s
application 200 in 1.05ms
278,000/500,000 unique accepted successes in 49.98s (5562.6/s whole run); 0 failures, 0 retries
runtime process; commands 0; queued 206000, held 16000; recent 0.0/s over 1.059115825s
application 200 in 1.12ms
278,000/500,000 unique accepted successes in 51.05s (5445.6/s whole run); 0 failures, 0 retries
runtime process; commands 23; queued 206000, held 16000; recent 0.0/s over 1.074068489s
application 200 in 1.01ms
294,000/500,000 unique accepted successes in 52.11s (5642.4/s whole run); 0 failures, 0 retries
runtime process; commands 0; queued 190000, held 16000; recent 15142.528462379163/s over 1.056626708s
application 200 in 0.60ms
294,000/500,000 unique accepted successes in 53.15s (5531.1/s whole run); 0 failures, 0 retries
runtime process; commands 20; queued 190000, held 16000; recent 0.0/s over 1.048747217s
application 200 in 0.77ms
310,000/500,000 unique accepted successes in 54.22s (5717.7/s whole run); 0 failures, 0 retries
runtime process; commands 0; queued 174000, held 16000; recent 15047.18875982147/s over 1.063321545s
application 200 in 0.65ms
310,000/500,000 unique accepted successes in 55.28s (5607.6/s whole run); 0 failures, 0 retries
runtime process; commands 0; queued 174000, held 16000; recent 0.0/s over 1.061839485s
application 200 in 0.57ms
310,000/500,000 unique accepted successes in 56.34s (5502.0/s whole run); 0 failures, 0 retries
runtime process; commands 23; queued 174000, held 16000; recent 0.0/s over 1.062045022s
application 200 in 1.25ms
326,000/500,000 unique accepted successes in 57.42s (5677.6/s whole run); 0 failures, 0 retries
runtime process; commands 0; queued 158000, held 16000; recent 14868.279661650144/s over 1.076116428s
application 200 in 1.01ms
326,000/500,000 unique accepted successes in 58.47s (5575.2/s whole run); 0 failures, 0 retries
runtime process; commands 0; queued 158000, held 16000; recent 0.0/s over 1.055204493s
application 200 in 1.09ms
326,000/500,000 unique accepted successes in 59.53s (5475.8/s whole run); 0 failures, 0 retries
runtime process; commands 23; queued 158000, held 16000; recent 0.0/s over 1.062091712s
application 200 in 0.51ms
342,000/500,000 unique accepted successes in 60.61s (5642.8/s whole run); 0 failures, 0 retries
runtime process; commands 0; queued 142000, held 16000; recent 14926.316485884548/s over 1.071932249s
application 200 in 1.01ms
342,000/500,000 unique accepted successes in 61.66s (5546.2/s whole run); 0 failures, 0 retries
runtime process; commands 0; queued 142000, held 16000; recent 0.0/s over 1.055480061s
application 200 in 0.67ms
342,000/500,000 unique accepted successes in 62.73s (5452.2/s whole run); 0 failures, 0 retries
runtime process; commands 20; queued 142000, held 16000; recent 0.0/s over 1.065031094s
application 200 in 0.75ms
358,000/500,000 unique accepted successes in 63.80s (5611.3/s whole run); 0 failures, 0 retries
runtime process; commands 0; queued 126000, held 16000; recent 14930.46052161908/s over 1.071634728s
application 200 in 1.03ms
358,000/500,000 unique accepted successes in 64.86s (5519.8/s whole run); 0 failures, 0 retries
runtime process; commands 0; queued 126000, held 16000; recent 0.0/s over 1.0573711s
application 200 in 0.89ms
358,000/500,000 unique accepted successes in 65.91s (5431.6/s whole run); 0 failures, 0 retries
runtime process; commands 20; queued 126000, held 16000; recent 0.0/s over 1.054400611s
application 200 in 0.57ms
374,000/500,000 unique accepted successes in 66.97s (5584.6/s whole run); 0 failures, 0 retries
runtime process; commands 0; queued 110000, held 16000; recent 15119.06481349656/s over 1.058266513s
application 200 in 0.97ms
374,000/500,000 unique accepted successes in 68.03s (5497.8/s whole run); 0 failures, 0 retries
runtime process; commands 0; queued 110000, held 16000; recent 0.0/s over 1.0564882s
application 200 in 0.88ms
374,000/500,000 unique accepted successes in 69.10s (5412.3/s whole run); 0 failures, 0 retries
runtime process; commands 25; queued 110000, held 16000; recent 0.0/s over 1.076606116s
application 200 in 0.61ms
390,000/500,000 unique accepted successes in 70.20s (5555.2/s whole run); 0 failures, 0 retries
runtime process; commands 0; queued 94000, held 16000; recent 14548.96814771489/s over 1.099734348s
application 200 in 3.67ms
390,000/500,000 unique accepted successes in 71.27s (5472.0/s whole run); 0 failures, 0 retries
runtime process; commands 20; queued 94000, held 16000; recent 0.0/s over 1.069560501s
application 200 in 0.94ms
406,000/500,000 unique accepted successes in 72.35s (5611.6/s whole run); 0 failures, 0 retries
runtime process; commands 0; queued 78000, held 16000; recent 14839.58945444757/s over 1.078196944s
application 200 in 0.71ms
406,000/500,000 unique accepted successes in 73.41s (5530.7/s whole run); 0 failures, 0 retries
runtime process; commands 0; queued 78000, held 16000; recent 0.0/s over 1.055339911s
application 200 in 0.78ms
406,000/500,000 unique accepted successes in 74.47s (5451.7/s whole run); 0 failures, 0 retries
runtime process; commands 22; queued 78000, held 16000; recent 0.0/s over 1.067475092s
application 200 in 1.29ms
422,000/500,000 unique accepted successes in 75.55s (5585.3/s whole run); 0 failures, 0 retries
runtime process; commands 0; queued 62000, held 16000; recent 14795.759643665066/s over 1.081390911s
application 200 in 0.97ms
422,000/500,000 unique accepted successes in 76.61s (5508.3/s whole run); 0 failures, 0 retries
runtime process; commands 0; queued 62000, held 16000; recent 0.0/s over 1.057204367s
application 200 in 0.86ms
422,000/500,000 unique accepted successes in 77.67s (5433.3/s whole run); 0 failures, 0 retries
runtime process; commands 24; queued 62000, held 16000; recent 0.0/s over 1.059496131s
application 200 in 0.55ms
438,000/500,000 unique accepted successes in 78.73s (5563.3/s whole run); 0 failures, 0 retries
runtime process; commands 0; queued 46000, held 16000; recent 15122.941427759944/s over 1.057995237s
application 200 in 1.00ms
438,000/500,000 unique accepted successes in 79.79s (5489.7/s whole run); 0 failures, 0 retries
runtime process; commands 0; queued 46000, held 16000; recent 0.0/s over 1.056597887s
application 200 in 0.78ms
438,000/500,000 unique accepted successes in 80.85s (5417.5/s whole run); 0 failures, 0 retries
runtime process; commands 25; queued 46000, held 16000; recent 0.0/s over 1.063915401s
application 200 in 0.59ms
454,000/500,000 unique accepted successes in 81.90s (5543.1/s whole run); 0 failures, 0 retries
runtime process; commands 0; queued 30000, held 16000; recent 15179.733687074764/s over 1.054036937s
application 200 in 1.00ms
454,000/500,000 unique accepted successes in 82.96s (5472.3/s whole run); 0 failures, 0 retries
runtime process; commands 0; queued 30000, held 16000; recent 0.0/s over 1.060128774s
application 200 in 0.67ms
454,000/500,000 unique accepted successes in 84.04s (5402.0/s whole run); 0 failures, 0 retries
runtime process; commands 24; queued 30000, held 16000; recent 0.0/s over 1.079830726s
application 200 in 0.98ms
470,000/500,000 unique accepted successes in 85.10s (5523.0/s whole run); 0 failures, 0 retries
runtime process; commands 0; queued 14000, held 16000; recent 15162.173470275053/s over 1.05525768s
application 200 in 0.83ms
470,000/500,000 unique accepted successes in 86.15s (5455.7/s whole run); 0 failures, 0 retries
runtime process; commands 20; queued 14000, held 16000; recent 0.0/s over 1.04984567s
application 200 in 0.75ms
486,000/500,000 unique accepted successes in 87.23s (5571.8/s whole run); 0 failures, 0 retries
runtime process; commands 0; queued 0, held 14000; recent 14862.42310557329/s over 1.076540473s
application 200 in 0.96ms
486,000/500,000 unique accepted successes in 88.30s (5504.2/s whole run); 0 failures, 0 retries
runtime process; commands 0; queued 0, held 14000; recent 0.0/s over 1.069463991s
application 200 in 0.75ms
486,000/500,000 unique accepted successes in 89.36s (5438.7/s whole run); 0 failures, 0 retries
runtime process; commands 17; queued 0, held 14000; recent 0.0/s over 1.064089482s
application 200 in 0.84ms
500,000/500,000 unique accepted successes in 90.44s (5528.7/s whole run); 0 failures, 0 retries
runtime process; commands 0; queued 0, held 0; recent 12979.82956643799/s over 1.078596597s
application 200 in 0.96ms
{
  "kernel": "6.8.0-139-generic",
  "architecture": "aarch64",
  "logical_cpus": 4,
  "operator_declared_warmth": "warm-images-cold-executors",
  "workload_sha256": "9fc74987843f66f78009ef9c3b71423f00e6180c1160a749d71460d3a650704f",
  "command": [
    "/Users/miko/github/reliaburger/target/host-executor-v2-release/relish",
    "--output",
    "json",
    "batch",
    "submit",
    "/tmp/rb-host-executor-v2/three-tiers/process.toml"
  ],
  "execution_path": "public full dispatch; runtime/isolation as admitted",
  "host_process_contract": "Owned host execution has no hard CPU/memory enforcement",
  "timing": "Monotonic clock before submit process launch through observed accepted terminal summary",
  "qualified_100m_per_day": false,
  "accepted_elapsed_seconds": 90.43766134302132,
  "unique_accepted_successes": 500000,
  "accepted_successes_per_second": 5528.670164341693,
  "terminal_failures": 0,
  "not_run": 0,
  "accepted_retries": 0,
  "all_tasks_succeeded": true,
  "qualification_boundary": "Requires matched baselines, 24-hour headroom, concurrent apps, recovery/fault and bounded-cost evidence"
}
