0/10,000 unique accepted successes in 0.03s (0.0/s whole run); 0 failures, 0 retries
runtime shared-runc; commands unknown; queued 10000, held 0; recent unknown/s over unknowns
application 200 in 12.71ms
0/10,000 unique accepted successes in 1.08s (0.0/s whole run); 0 failures, 0 retries
runtime shared-runc; commands 0; queued 8000, held 2000; recent 0.0/s over 1.050820277s
application 200 in 0.67ms
0/10,000 unique accepted successes in 2.12s (0.0/s whole run); 0 failures, 0 retries
runtime shared-runc; commands 0; queued 8000, held 2000; recent 0.0/s over 1.042760365s
application 200 in 0.59ms
0/10,000 unique accepted successes in 3.27s (0.0/s whole run); 0 failures, 0 retries
runtime shared-runc; commands 0; queued 8000, held 2000; recent 0.0/s over 1.134770896s
application 200 in 1.63ms
0/10,000 unique accepted successes in 4.43s (0.0/s whole run); 0 failures, 0 retries
runtime shared-runc; commands 0; queued 8000, held 2000; recent 0.0/s over 1.164332987s
application 200 in 0.64ms
0/10,000 unique accepted successes in 5.60s (0.0/s whole run); 0 failures, 0 retries
runtime shared-runc; commands 0; queued 8000, held 2000; recent 0.0/s over 1.171757711s
application 200 in 1.68ms
0/10,000 unique accepted successes in 6.74s (0.0/s whole run); 0 failures, 0 retries
runtime shared-runc; commands 1; queued 8000, held 2000; recent 0.0/s over 1.13633051s
application 200 in 0.95ms
0/10,000 unique accepted successes in 7.83s (0.0/s whole run); 0 failures, 0 retries
runtime shared-runc; commands 1; queued 8000, held 2000; recent 0.0/s over 1.093852454s
application 200 in 0.99ms
0/10,000 unique accepted successes in 8.91s (0.0/s whole run); 0 failures, 0 retries
runtime shared-runc; commands 12; queued 8000, held 2000; recent 0.0/s over 1.083402602s
application 200 in 0.56ms
1,000/10,000 unique accepted successes in 9.95s (100.5/s whole run); 0 failures, 0 retries
runtime shared-runc; commands 0; queued 7000, held 2000; recent 961.4790633958228/s over 1.040064249s
application 200 in 0.64ms
2,000/10,000 unique accepted successes in 11.07s (180.7/s whole run); 0 failures, 0 retries
runtime shared-runc; commands 0; queued 6000, held 2000; recent 897.5149473306097/s over 1.114187572s
application 200 in 1.75ms
4,000/10,000 unique accepted successes in 12.14s (329.5/s whole run); 0 failures, 0 retries
runtime shared-runc; commands 0; queued 4000, held 2000; recent 1856.288922074426/s over 1.077418486s
application 200 in 0.63ms
4,000/10,000 unique accepted successes in 13.20s (302.9/s whole run); 0 failures, 0 retries
runtime shared-runc; commands 0; queued 4000, held 2000; recent 0.0/s over 1.062625638s
application 200 in 1.62ms
4,000/10,000 unique accepted successes in 14.28s (280.2/s whole run); 0 failures, 0 retries
runtime shared-runc; commands 0; queued 4000, held 2000; recent 0.0/s over 1.074583072s
application 200 in 0.51ms
6,000/10,000 unique accepted successes in 15.32s (391.6/s whole run); 0 failures, 0 retries
runtime shared-runc; commands 0; queued 2000, held 2000; recent 1917.2939478873716/s over 1.043136866s
application 200 in 0.49ms
6,000/10,000 unique accepted successes in 16.42s (365.4/s whole run); 0 failures, 0 retries
runtime shared-runc; commands 0; queued 2000, held 2000; recent 0.0/s over 1.096284626s
application 200 in 0.80ms
7,000/10,000 unique accepted successes in 17.50s (400.1/s whole run); 0 failures, 0 retries
runtime shared-runc; commands 0; queued 1000, held 2000; recent 927.5746985412376/s over 1.07808029s
application 200 in 1.01ms
7,000/10,000 unique accepted successes in 18.55s (377.4/s whole run); 0 failures, 0 retries
runtime shared-runc; commands 0; queued 1000, held 2000; recent 0.0/s over 1.053371604s
application 200 in 0.68ms
9,000/10,000 unique accepted successes in 19.59s (459.4/s whole run); 0 failures, 0 retries
runtime shared-runc; commands 0; queued 0, held 1000; recent 1916.0049543174748/s over 1.043838637s
application 200 in 0.47ms
9,000/10,000 unique accepted successes in 20.64s (436.1/s whole run); 0 failures, 0 retries
runtime shared-runc; commands 0; queued 0, held 1000; recent 0.0/s over 1.048155378s
application 200 in 0.61ms
9,000/10,000 unique accepted successes in 21.69s (415.0/s whole run); 0 failures, 0 retries
runtime shared-runc; commands 0; queued 0, held 1000; recent 0.0/s over 1.04882546s
application 200 in 0.58ms
10,000/10,000 unique accepted successes in 22.73s (439.9/s whole run); 0 failures, 0 retries
runtime shared-runc; commands 0; queued 0, held 0; recent 955.4553036222264/s over 1.046621434s
application 200 in 0.51ms
{
  "kernel": "6.8.0-139-generic",
  "architecture": "aarch64",
  "logical_cpus": 4,
  "operator_declared_warmth": "warm-images-cold-executors",
  "workload_sha256": "6eb2bb335d9e2a6441e22488571b80a0cd2888e3ea12ccdae92af53797f65c85",
  "command": [
    "/Users/miko/github/reliaburger/target/host-executor-v2-release/relish",
    "--output",
    "json",
    "batch",
    "submit",
    "/tmp/rb-host-executor-v2/three-tiers/shared-runc.toml"
  ],
  "execution_path": "public full dispatch; runtime/isolation as admitted",
  "host_process_contract": "Owned host execution has no hard CPU/memory enforcement",
  "timing": "Monotonic clock before submit process launch through observed accepted terminal summary",
  "qualified_100m_per_day": false,
  "accepted_elapsed_seconds": 22.734064290998504,
  "unique_accepted_successes": 10000,
  "accepted_successes_per_second": 439.86855460593887,
  "terminal_failures": 0,
  "not_run": 0,
  "accepted_retries": 0,
  "all_tasks_succeeded": true,
  "qualification_boundary": "Requires matched baselines, 24-hour headroom, concurrent apps, recovery/fault and bounded-cost evidence"
}
