---
source: src/relish/tui/views/help.rs
expression: "render_to_string(&app, 120, 40)"
---
 RELISH  3 nodes · 3 apps · leader node-1 · CONNECTED                                                                   
                                                                                                                        
┌job detail────────────────────────────────────────────────────────────────────────────────────────────────────────────┐
│migrate                                                                                                               │
│namespace       default                                                                                               │
│instance        migrate-0                                                                                             │
│state           stopped                                                                                               │
│restarts        0                                                                                                     │
│age             60s                                                                                                   │
│image           proc-grill:image-ignored                                                                              │
│                                                                                                                      │
│                                                                                                                      │
│                                                                                                                      │
│                                                                                                                      │
│                                                                                                                      │
│                                                                                                                      │
│                                                                                                                      │
│                                                                                                                      │
│                                                                                                                      │
│                                                                                                                      │
│                                                                                                                      │
│                                                                                                                      │
│                                                                                                                      │
│                                                                                                                      │
│                                                                                                                      │
│                                                                                                                      │
│                                                                                                                      │
│                                                                                                                      │
│                                                                                                                      │
│                                                                                                                      │
│                                                                                                                      │
│                                                                                                                      │
│                                                                                                                      │
│                                                                                                                      │
│                                                                                                                      │
│                                                                                                                      │
│                                                                                                                      │
└──────────────────────────────────────────────────────────────────────────────────────────────────────────────────────┘
 [a]pps [n]odes [j]obs [e]vents [l]ogs [r]outes [s]earch [?]help [:]cmd [q]uit
