0.0s: 0 unique accepted successes, 0 failures, 0 retries; 0.0/s; 1 successful service probes
30.2s: 19,000 unique accepted successes, 0 failures, 0 retries; 628.9/s; 108 successful service probes
{
  "qualification_pass": false,
  "reason": "Requires separate recovery, fault and bounded-cost evidence",
  "kernel": "6.8.0-139-generic",
  "architecture": "aarch64",
  "logical_cpus": 4,
  "workload_sha256": "b892fb57ac67473725083a61fed81593f577cbcfa90275033d00051d0b0c2428",
  "command_prefix": [
    "/Users/miko/github/reliaburger/target/host-executor-v6-release/relish"
  ],
  "timing": "Monotonic read-only window; the existing submission remains running",
  "last_accepted_sample_seconds": 59.93813309818506,
  "elapsed_seconds": 60.000189532060176,
  "requested_seconds": 60,
  "measurement_complete": true,
  "window_pass": true,
  "unique_accepted_successes": 86000,
  "terminal_failures": 0,
  "accepted_retries": 0,
  "successes_per_second": 1433.3333333333333,
  "target_with_headroom": 1388.888888888889,
  "throughput_pass": false,
  "application_probes": 215,
  "application_failures": 0,
  "completed_submissions": 0,
  "active_submissions": [
    35
  ],
  "requires_evidence": [
    "hardware/runtime/image-warmth",
    "resource and storage bounds",
    "worker loss",
    "leader failover",
    "delayed control",
    "storage failure"
  ],
  "existing_batch_id": 35,
  "initial_accepted_counts": [
    0,
    0,
    0
  ],
  "measurement_ownership": "read-only; submission remains owned by its caller",
  "service_latency_ms": {
    "samples": 215,
    "maximum": 12.502098921686411,
    "p95": 1.2124271597713232
  },
  "resource_observations": [
    {
      "elapsed_seconds": 0.026147749973461032,
      "storage": {
        "/tmp/rb-host-executor-v4/data": {
          "allocated_bytes_observed": 328359936,
          "files_observed": 2389,
          "raced_entries": 0,
          "complete": false,
          "filesystem_available_bytes": 2592518144,
          "filesystem_total_bytes": 50884108288
        }
      },
      "cpu": {
        "cpu_ticks": [
          6990250,
          5659,
          6338920,
          463121589,
          1467693,
          0,
          616824,
          0,
          0,
          0
        ]
      },
      "processes": [
        {
          "pid": 2960485,
          "start_ticks": 119317256,
          "complete": true,
          "rss_bytes": 200122368,
          "peak_rss_bytes": 233201664
        },
        {
          "pid": 2960635,
          "start_ticks": 119317979,
          "complete": true,
          "rss_bytes": 2015232,
          "peak_rss_bytes": 2015232
        }
      ]
    },
    {
      "elapsed_seconds": 30.20937699615024,
      "storage": {
        "/tmp/rb-host-executor-v4/data": {
          "allocated_bytes_observed": 334811136,
          "files_observed": 2387,
          "raced_entries": 0,
          "complete": false,
          "filesystem_available_bytes": 2585632768,
          "filesystem_total_bytes": 50884108288
        }
      },
      "cpu": {
        "cpu_ticks": [
          6990954,
          5659,
          6343135,
          463127380,
          1468581,
          0,
          616949,
          0,
          0,
          0
        ]
      },
      "processes": [
        {
          "pid": 2960485,
          "start_ticks": 119317256,
          "complete": true,
          "rss_bytes": 200916992,
          "peak_rss_bytes": 233201664
        },
        {
          "pid": 2960635,
          "start_ticks": 119317979,
          "complete": true,
          "rss_bytes": 2015232,
          "peak_rss_bytes": 2015232
        }
      ]
    }
  ],
  "elapsed_including_observation_seconds": 60.000189532060176,
  "post_cutoff_drain_proofs": [],
  "elapsed_including_cancellation_seconds": 60.000253616133705,
  "cleanup_failed_submissions": [],
  "measurement_window_seconds": 60,
  "conservative_cutoff": "Only summary responses received before the deadline are counted; subsequent cancellation/results earn no credit"
}
