0.0s: 0 unique accepted successes, 0 failures, 0 retries; 0.0/s; 1 successful service probes
30.2s: 160,000 unique accepted successes, 0 failures, 0 retries; 5305.0/s; 110 successful service probes
{
  "qualification_pass": false,
  "reason": "Requires separate recovery, fault and bounded-cost evidence",
  "kernel": "6.8.0-139-generic",
  "architecture": "aarch64",
  "logical_cpus": 4,
  "workload_sha256": "d00951eed2764de022308ede307aeaddf9188a30d5d2539e9a34110dead5c1e7",
  "command_prefix": [
    "/Users/miko/github/reliaburger/target/host-executor-v6-release/relish"
  ],
  "timing": "Monotonic read-only window; the existing submission remains running",
  "last_accepted_sample_seconds": 59.87094355886802,
  "elapsed_seconds": 60.00017047789879,
  "requested_seconds": 60,
  "measurement_complete": true,
  "window_pass": true,
  "unique_accepted_successes": 320000,
  "terminal_failures": 0,
  "accepted_retries": 0,
  "successes_per_second": 5333.333333333333,
  "target_with_headroom": 1388.888888888889,
  "throughput_pass": false,
  "application_probes": 217,
  "application_failures": 0,
  "completed_submissions": 0,
  "active_submissions": [
    25
  ],
  "requires_evidence": [
    "hardware/runtime/image-warmth",
    "resource and storage bounds",
    "worker loss",
    "leader failover",
    "delayed control",
    "storage failure"
  ],
  "existing_batch_id": 25,
  "initial_accepted_counts": [
    292000,
    0,
    0
  ],
  "measurement_ownership": "read-only; submission remains owned by its caller",
  "service_latency_ms": {
    "samples": 217,
    "maximum": 27.22414885647595,
    "p95": 1.552476780489087
  },
  "resource_observations": [
    {
      "elapsed_seconds": 0.04788471199572086,
      "storage": {
        "/tmp/rb-host-executor-v4/data": {
          "allocated_bytes_observed": 224292864,
          "files_observed": 2385,
          "raced_entries": 0,
          "complete": false,
          "filesystem_available_bytes": 2676793344,
          "filesystem_total_bytes": 50884108288
        }
      },
      "cpu": {
        "cpu_ticks": [
          6976002,
          5659,
          6281550,
          462982139,
          1461960,
          0,
          615265,
          0,
          0,
          0
        ]
      },
      "processes": [
        {
          "pid": 2960485,
          "start_ticks": 119317256,
          "complete": true,
          "rss_bytes": 193880064,
          "peak_rss_bytes": 228737024
        },
        {
          "pid": 2960635,
          "start_ticks": 119317979,
          "complete": true,
          "rss_bytes": 2015232,
          "peak_rss_bytes": 2015232
        }
      ]
    },
    {
      "elapsed_seconds": 30.16019709291868,
      "storage": {
        "/tmp/rb-host-executor-v4/data": {
          "allocated_bytes_observed": 237371392,
          "files_observed": 2385,
          "raced_entries": 0,
          "complete": false,
          "filesystem_available_bytes": 2663473152,
          "filesystem_total_bytes": 50884108288
        }
      },
      "cpu": {
        "cpu_ticks": [
          6977381,
          5659,
          6286673,
          462987420,
          1462029,
          0,
          615286,
          0,
          0,
          0
        ]
      },
      "processes": [
        {
          "pid": 2960485,
          "start_ticks": 119317256,
          "complete": true,
          "rss_bytes": 193417216,
          "peak_rss_bytes": 228737024
        },
        {
          "pid": 2960635,
          "start_ticks": 119317979,
          "complete": true,
          "rss_bytes": 2015232,
          "peak_rss_bytes": 2015232
        }
      ]
    }
  ],
  "elapsed_including_observation_seconds": 60.00017047789879,
  "post_cutoff_drain_proofs": [],
  "elapsed_including_cancellation_seconds": 60.0002413529437,
  "cleanup_failed_submissions": [],
  "measurement_window_seconds": 60,
  "conservative_cutoff": "Only summary responses received before the deadline are counted; subsequent cancellation/results earn no credit"
}
