0.0s: 0 unique accepted successes, 0 failures, 0 retries; 0.0/s; 1 successful service probes
30.1s: 10,000 unique accepted successes, 0 failures, 0 retries; 332.6/s; 103 successful service probes
{
  "qualification_pass": false,
  "reason": "Requires separate recovery, fault and bounded-cost evidence",
  "kernel": "6.8.0-139-generic",
  "architecture": "aarch64",
  "logical_cpus": 4,
  "workload_sha256": "8169cc04888f4b4c84b01b68c9032061ea871752a3501c882ce048fb7a82155c",
  "command_prefix": [
    "/Users/miko/github/reliaburger/target/host-executor-v6-release/relish"
  ],
  "timing": "Monotonic read-only window; the existing submission remains running",
  "last_accepted_sample_seconds": 59.9379471919965,
  "elapsed_seconds": 60.00030253990553,
  "requested_seconds": 60,
  "measurement_complete": true,
  "window_pass": true,
  "unique_accepted_successes": 21000,
  "terminal_failures": 0,
  "accepted_retries": 0,
  "successes_per_second": 350.0,
  "target_with_headroom": 1388.888888888889,
  "throughput_pass": false,
  "application_probes": 205,
  "application_failures": 0,
  "completed_submissions": 0,
  "active_submissions": [
    71
  ],
  "requires_evidence": [
    "hardware/runtime/image-warmth",
    "resource and storage bounds",
    "worker loss",
    "leader failover",
    "delayed control",
    "storage failure"
  ],
  "existing_batch_id": 71,
  "initial_accepted_counts": [
    0,
    0,
    0
  ],
  "measurement_ownership": "read-only; submission remains owned by its caller",
  "service_latency_ms": {
    "samples": 205,
    "maximum": 12.496754061430693,
    "p95": 2.7666022069752216
  },
  "resource_observations": [
    {
      "elapsed_seconds": 0.026145349023863673,
      "storage": {
        "/tmp/rb-host-executor-v4/data": {
          "allocated_bytes_observed": 212660224,
          "files_observed": 2390,
          "raced_entries": 0,
          "complete": false,
          "filesystem_available_bytes": 2689114112,
          "filesystem_total_bytes": 50884108288
        }
      },
      "cpu": {
        "cpu_ticks": [
          7062578,
          5659,
          6809067,
          463386828,
          1531641,
          0,
          624939,
          0,
          0,
          0
        ]
      },
      "processes": [
        {
          "pid": 2960485,
          "start_ticks": 119317256,
          "complete": true,
          "rss_bytes": 254586880,
          "peak_rss_bytes": 281956352
        },
        {
          "pid": 2960635,
          "start_ticks": 119317979,
          "complete": true,
          "rss_bytes": 2015232,
          "peak_rss_bytes": 2015232
        }
      ]
    },
    {
      "elapsed_seconds": 30.069931714097038,
      "storage": {
        "/tmp/rb-host-executor-v4/data": {
          "allocated_bytes_observed": 199421952,
          "files_observed": 2376,
          "raced_entries": 0,
          "complete": false,
          "filesystem_available_bytes": 2700800000,
          "filesystem_total_bytes": 50884108288
        }
      },
      "cpu": {
        "cpu_ticks": [
          7063505,
          5659,
          6815285,
          463390263,
          1532625,
          0,
          625055,
          0,
          0,
          0
        ]
      },
      "processes": [
        {
          "pid": 2960485,
          "start_ticks": 119317256,
          "complete": true,
          "rss_bytes": 242274304,
          "peak_rss_bytes": 281956352
        },
        {
          "pid": 2960635,
          "start_ticks": 119317979,
          "complete": true,
          "rss_bytes": 2015232,
          "peak_rss_bytes": 2015232
        }
      ]
    }
  ],
  "elapsed_including_observation_seconds": 60.00030253990553,
  "post_cutoff_drain_proofs": [],
  "elapsed_including_cancellation_seconds": 60.000364081934094,
  "cleanup_failed_submissions": [],
  "measurement_window_seconds": 60,
  "conservative_cutoff": "Only summary responses received before the deadline are counted; subsequent cancellation/results earn no credit"
}
