RUN true-bare-c1-n1000-warm0
PASS true-bare-c1-n1000-warm0 3691.84
RUN true-bare-limited-c1-n1000-warm0
PASS true-bare-limited-c1-n1000-warm0 1829.86
RUN true-host-c1-n1000-warm0
PASS true-host-c1-n1000-warm0 1082.22
RUN true-reused-c1-n1000-warm0
PASS true-reused-c1-n1000-warm0 566.7
RUN true-durable-host-c1-n1000-warm0
PASS true-durable-host-c1-n1000-warm0 916.57
RUN true-durable-reused-c1-n1000-warm0
PASS true-durable-reused-c1-n1000-warm0 505.77
RUN true-bare-c1-n1000-warm4
PASS true-bare-c1-n1000-warm4 3603.05
RUN true-bare-limited-c1-n1000-warm4
PASS true-bare-limited-c1-n1000-warm4 1799.38
RUN true-host-c1-n1000-warm4
PASS true-host-c1-n1000-warm4 1043.08
RUN true-reused-c1-n1000-warm4
PASS true-reused-c1-n1000-warm4 1238.32
RUN true-durable-host-c1-n1000-warm4
PASS true-durable-host-c1-n1000-warm4 859.73
RUN true-durable-reused-c1-n1000-warm4
PASS true-durable-reused-c1-n1000-warm4 1064.26
RUN true-bare-c3-n1000-warm0
PASS true-bare-c3-n1000-warm0 10284.27
RUN true-bare-limited-c3-n1000-warm0
PASS true-bare-limited-c3-n1000-warm0 3412.38
RUN true-host-c3-n1000-warm0
PASS true-host-c3-n1000-warm0 3375.04
RUN true-reused-c3-n1000-warm0
PASS true-reused-c3-n1000-warm0 819.25
RUN true-durable-host-c3-n1000-warm0
PASS true-durable-host-c3-n1000-warm0 2151.06
RUN true-durable-reused-c3-n1000-warm0
PASS true-durable-reused-c3-n1000-warm0 754.01
RUN true-bare-c3-n1000-warm12
PASS true-bare-c3-n1000-warm12 10838.77
RUN true-bare-limited-c3-n1000-warm12
PASS true-bare-limited-c3-n1000-warm12 3629.49
RUN true-host-c3-n1000-warm12
PASS true-host-c3-n1000-warm12 4289.8
RUN true-reused-c3-n1000-warm12
PASS true-reused-c3-n1000-warm12 4659.48
RUN true-durable-host-c3-n1000-warm12
PASS true-durable-host-c3-n1000-warm12 2316.48
RUN true-durable-reused-c3-n1000-warm12
PASS true-durable-reused-c3-n1000-warm12 2344.07
RUN true-bare-c27-n1000-warm0
PASS true-bare-c27-n1000-warm0 12466.41
RUN true-bare-limited-c27-n1000-warm0
PASS true-bare-limited-c27-n1000-warm0 4215.45
RUN true-host-c27-n1000-warm0
PASS true-host-c27-n1000-warm0 3871.33
RUN true-reused-c27-n1000-warm0
PASS true-reused-c27-n1000-warm0 214.08
RUN true-durable-host-c27-n1000-warm0
PASS true-durable-host-c27-n1000-warm0 2253.72
RUN true-durable-reused-c27-n1000-warm0
PASS true-durable-reused-c27-n1000-warm0 219.31
RUN true-bare-c27-n1000-warm108
PASS true-bare-c27-n1000-warm108 15831.98
RUN true-bare-limited-c27-n1000-warm108
PASS true-bare-limited-c27-n1000-warm108 4620.34
RUN true-host-c27-n1000-warm108
PASS true-host-c27-n1000-warm108 11757.76
RUN true-reused-c27-n1000-warm108
PASS true-reused-c27-n1000-warm108 720.12
RUN true-durable-host-c27-n1000-warm108
PASS true-durable-host-c27-n1000-warm108 4474.32
RUN true-durable-reused-c27-n1000-warm108
PASS true-durable-reused-c27-n1000-warm108 672.4
RUN true-bare-c3-n200-warm0
PASS true-bare-c3-n200-warm0 11359.71
RUN true-bare-limited-c3-n200-warm0
PASS true-bare-limited-c3-n200-warm0 2713.76
RUN true-host-c3-n200-warm0
PASS true-host-c3-n200-warm0 2896.12
RUN true-reused-c3-n200-warm0
PASS true-reused-c3-n200-warm0 198.26
RUN true-fresh-c3-n200-warm0
PASS true-fresh-c3-n200-warm0 2.85
RUN true-durable-host-c3-n200-warm0
PASS true-durable-host-c3-n200-warm0 809.28
RUN true-durable-reused-c3-n200-warm0
PASS true-durable-reused-c3-n200-warm0 164.39
RUN true-durable-fresh-c3-n200-warm0
PASS true-durable-fresh-c3-n200-warm0 2.83
RUN sleep-bare-c3-n200-warm12
PASS sleep-bare-c3-n200-warm12 259.0
RUN sleep-bare-limited-c3-n200-warm12
PASS sleep-bare-limited-c3-n200-warm12 210.58
RUN sleep-host-c3-n200-warm12
PASS sleep-host-c3-n200-warm12 256.72
RUN sleep-reused-c3-n200-warm12
PASS sleep-reused-c3-n200-warm12 245.87
RUN sleep-durable-host-c3-n200-warm12
PASS sleep-durable-host-c3-n200-warm12 205.5
RUN sleep-durable-reused-c3-n200-warm12
PASS sleep-durable-reused-c3-n200-warm12 206.48
RUN cpu-bare-c3-n200-warm12
PASS cpu-bare-c3-n200-warm12 307.01
RUN cpu-bare-limited-c3-n200-warm12
PASS cpu-bare-limited-c3-n200-warm12 162.16
RUN cpu-host-c3-n200-warm12
PASS cpu-host-c3-n200-warm12 300.42
RUN cpu-reused-c3-n200-warm12
PASS cpu-reused-c3-n200-warm12 290.36
RUN cpu-durable-host-c3-n200-warm12
PASS cpu-durable-host-c3-n200-warm12 233.61
RUN cpu-durable-reused-c3-n200-warm12
PASS cpu-durable-reused-c3-n200-warm12 234.23
RUN output-bare-c3-n200-warm12
PASS output-bare-c3-n200-warm12 9570.29
RUN output-bare-limited-c3-n200-warm12
PASS output-bare-limited-c3-n200-warm12 3584.42
RUN output-host-c3-n200-warm12
PASS output-host-c3-n200-warm12 6688.0
RUN output-reused-c3-n200-warm12
PASS output-reused-c3-n200-warm12 4184.48
RUN output-durable-host-c3-n200-warm12
PASS output-durable-host-c3-n200-warm12 883.76
RUN output-durable-reused-c3-n200-warm12
PASS output-durable-reused-c3-n200-warm12 884.12
All matched direct cases complete
