0/100,000 unique accepted successes in 0.04s (0.0/s whole run); 0 failures, 0 retries
runtime process; commands unknown; queued 100000, held 0; recent unknown/s over unknowns
application 200 in 12.52ms
0/100,000 unique accepted successes in 1.10s (0.0/s whole run); 0 failures, 0 retries
runtime process; commands 0; queued 98000, held 2000; recent 0.0/s over 1.063648183s
application 200 in 0.87ms
0/100,000 unique accepted successes in 2.16s (0.0/s whole run); 0 failures, 0 retries
runtime process; commands 0; queued 98000, held 2000; recent 0.0/s over 1.06177715s
application 200 in 0.51ms
2,000/100,000 unique accepted successes in 3.24s (617.9/s whole run); 0 failures, 0 retries
runtime process; commands 0; queued 96000, held 2000; recent 1862.8849882826023/s over 1.073603584s
application 200 in 1.31ms
2,000/100,000 unique accepted successes in 4.30s (465.4/s whole run); 0 failures, 0 retries
runtime process; commands 0; queued 96000, held 2000; recent 0.0/s over 1.061555212s
application 200 in 1.02ms
4,000/100,000 unique accepted successes in 5.36s (746.4/s whole run); 0 failures, 0 retries
runtime process; commands 0; queued 94000, held 2000; recent 1884.5561833486483/s over 1.061257827s
application 200 in 1.01ms
4,000/100,000 unique accepted successes in 6.42s (622.6/s whole run); 0 failures, 0 retries
runtime process; commands 0; queued 94000, held 2000; recent 0.0/s over 1.065534683s
application 200 in 1.01ms
6,000/100,000 unique accepted successes in 7.49s (801.4/s whole run); 0 failures, 0 retries
runtime process; commands 0; queued 92000, held 2000; recent 1883.131593492801/s over 1.062060669s
application 200 in 1.03ms
6,000/100,000 unique accepted successes in 8.56s (701.1/s whole run); 0 failures, 0 retries
runtime process; commands 0; queued 92000, held 2000; recent 0.0/s over 1.070500477s
application 200 in 0.97ms
8,000/100,000 unique accepted successes in 9.62s (831.9/s whole run); 0 failures, 0 retries
runtime process; commands 0; queued 90000, held 2000; recent 1887.6170120218503/s over 1.059536965s
application 200 in 1.00ms
8,000/100,000 unique accepted successes in 10.68s (748.8/s whole run); 0 failures, 0 retries
runtime process; commands 0; queued 90000, held 2000; recent 0.0/s over 1.065941712s
application 200 in 0.70ms
10,000/100,000 unique accepted successes in 11.73s (852.3/s whole run); 0 failures, 0 retries
runtime process; commands 0; queued 88000, held 2000; recent 1901.5294821183884/s over 1.051784902s
application 200 in 0.62ms
12,000/100,000 unique accepted successes in 12.79s (938.4/s whole run); 0 failures, 0 retries
runtime process; commands 0; queued 86000, held 2000; recent 1898.7518344055084/s over 1.053323538s
application 200 in 0.72ms
12,000/100,000 unique accepted successes in 13.87s (865.4/s whole run); 0 failures, 0 retries
runtime process; commands 0; queued 86000, held 2000; recent 0.0/s over 1.076789967s
application 200 in 1.35ms
14,000/100,000 unique accepted successes in 14.92s (938.1/s whole run); 0 failures, 0 retries
runtime process; commands 0; queued 84000, held 2000; recent 1889.1821631139355/s over 1.058659159s
application 200 in 1.03ms
14,000/100,000 unique accepted successes in 15.98s (876.0/s whole run); 0 failures, 0 retries
runtime process; commands 0; queued 84000, held 2000; recent 0.0/s over 1.057976863s
application 200 in 1.54ms
16,000/100,000 unique accepted successes in 17.05s (938.3/s whole run); 0 failures, 0 retries
runtime process; commands 0; queued 82000, held 2000; recent 1868.2098628141737/s over 1.07054354s
application 200 in 0.89ms
16,000/100,000 unique accepted successes in 18.10s (884.1/s whole run); 0 failures, 0 retries
runtime process; commands 0; queued 82000, held 2000; recent 0.0/s over 1.047328997s
application 200 in 0.54ms
18,000/100,000 unique accepted successes in 19.15s (940.1/s whole run); 0 failures, 0 retries
runtime process; commands 0; queued 80000, held 2000; recent 1907.9913054286285/s over 1.048222806s
application 200 in 0.75ms
18,000/100,000 unique accepted successes in 20.20s (891.2/s whole run); 0 failures, 0 retries
runtime process; commands 0; queued 80000, held 2000; recent 0.0/s over 1.050468559s
application 200 in 0.54ms
20,000/100,000 unique accepted successes in 21.24s (941.5/s whole run); 0 failures, 0 retries
runtime process; commands 0; queued 78000, held 2000; recent 1911.264667890796/s over 1.046427548s
application 200 in 0.72ms
20,000/100,000 unique accepted successes in 22.30s (896.8/s whole run); 0 failures, 0 retries
runtime process; commands 0; queued 78000, held 2000; recent 0.0/s over 1.056898959s
application 200 in 0.76ms
22,000/100,000 unique accepted successes in 23.35s (942.1/s whole run); 0 failures, 0 retries
runtime process; commands 0; queued 76000, held 2000; recent 1902.9388404200693/s over 1.051005927s
application 200 in 0.74ms
22,000/100,000 unique accepted successes in 24.42s (901.0/s whole run); 0 failures, 0 retries
runtime process; commands 0; queued 76000, held 2000; recent 0.0/s over 1.066277202s
application 200 in 0.98ms
24,000/100,000 unique accepted successes in 25.47s (942.2/s whole run); 0 failures, 0 retries
runtime process; commands 0; queued 74000, held 2000; recent 1898.3716296857056/s over 1.053534497s
application 200 in 1.03ms
24,000/100,000 unique accepted successes in 26.55s (904.1/s whole run); 0 failures, 0 retries
runtime process; commands 0; queued 74000, held 2000; recent 0.0/s over 1.073629429s
application 200 in 1.03ms
26,000/100,000 unique accepted successes in 27.60s (942.1/s whole run); 0 failures, 0 retries
runtime process; commands 0; queued 72000, held 2000; recent 1899.808795643571/s over 1.05273752s
application 200 in 1.03ms
26,000/100,000 unique accepted successes in 28.67s (907.0/s whole run); 0 failures, 0 retries
runtime process; commands 0; queued 72000, held 2000; recent 0.0/s over 1.067505802s
application 200 in 0.79ms
28,000/100,000 unique accepted successes in 29.72s (942.3/s whole run); 0 failures, 0 retries
runtime process; commands 0; queued 70000, held 2000; recent 1904.6635352391884/s over 1.050054229s
application 200 in 0.74ms
30,000/100,000 unique accepted successes in 30.77s (975.0/s whole run); 0 failures, 0 retries
runtime process; commands 0; queued 68000, held 2000; recent 1897.0482914102245/s over 1.054269419s
application 200 in 1.19ms
30,000/100,000 unique accepted successes in 31.86s (941.7/s whole run); 0 failures, 0 retries
runtime process; commands 0; queued 68000, held 2000; recent 0.0/s over 1.082131683s
application 200 in 1.08ms
32,000/100,000 unique accepted successes in 32.94s (971.5/s whole run); 0 failures, 0 retries
runtime process; commands 0; queued 66000, held 2000; recent 1843.1061765178908/s over 1.08512468s
application 200 in 0.97ms
32,000/100,000 unique accepted successes in 33.99s (941.4/s whole run); 0 failures, 0 retries
runtime process; commands 0; queued 66000, held 2000; recent 0.0/s over 1.055451489s
application 200 in 0.53ms
34,000/100,000 unique accepted successes in 35.07s (969.5/s whole run); 0 failures, 0 retries
runtime process; commands 0; queued 64000, held 2000; recent 1858.148554697632/s over 1.076340207s
application 200 in 0.94ms
34,000/100,000 unique accepted successes in 36.11s (941.4/s whole run); 0 failures, 0 retries
runtime process; commands 0; queued 64000, held 2000; recent 0.0/s over 1.046881678s
application 200 in 0.54ms
36,000/100,000 unique accepted successes in 37.17s (968.6/s whole run); 0 failures, 0 retries
runtime process; commands 0; queued 62000, held 2000; recent 1904.3284415220455/s over 1.050239001s
application 200 in 0.85ms
36,000/100,000 unique accepted successes in 38.21s (942.1/s whole run); 0 failures, 0 retries
runtime process; commands 0; queued 62000, held 2000; recent 0.0/s over 1.047105979s
application 200 in 0.58ms
38,000/100,000 unique accepted successes in 39.34s (966.0/s whole run); 0 failures, 0 retries
runtime process; commands 0; queued 60000, held 2000; recent 1780.690688588273/s over 1.123159689s
application 200 in 0.78ms
38,000/100,000 unique accepted successes in 40.40s (940.7/s whole run); 0 failures, 0 retries
runtime process; commands 0; queued 60000, held 2000; recent 0.0/s over 1.059629608s
application 200 in 0.94ms
40,000/100,000 unique accepted successes in 41.45s (965.0/s whole run); 0 failures, 0 retries
runtime process; commands 0; queued 58000, held 2000; recent 1893.896861965832/s over 1.056023715s
application 200 in 0.89ms
40,000/100,000 unique accepted successes in 42.51s (941.0/s whole run); 0 failures, 0 retries
runtime process; commands 0; queued 58000, held 2000; recent 0.0/s over 1.053965515s
application 200 in 0.93ms
42,000/100,000 unique accepted successes in 43.56s (964.1/s whole run); 0 failures, 0 retries
runtime process; commands 0; queued 56000, held 2000; recent 1890.099611831282/s over 1.058145289s
application 200 in 0.71ms
42,000/100,000 unique accepted successes in 44.62s (941.4/s whole run); 0 failures, 0 retries
runtime process; commands 0; queued 56000, held 2000; recent 0.0/s over 1.052666498s
application 200 in 0.73ms
44,000/100,000 unique accepted successes in 45.68s (963.3/s whole run); 0 failures, 0 retries
runtime process; commands 0; queued 54000, held 2000; recent 1888.3879339806283/s over 1.059104416s
application 200 in 0.74ms
44,000/100,000 unique accepted successes in 46.73s (941.7/s whole run); 0 failures, 0 retries
runtime process; commands 0; queued 54000, held 2000; recent 0.0/s over 1.05071853s
application 200 in 0.77ms
46,000/100,000 unique accepted successes in 47.79s (962.6/s whole run); 0 failures, 0 retries
runtime process; commands 0; queued 52000, held 2000; recent 1892.7624756659357/s over 1.05665662s
application 200 in 0.96ms
48,000/100,000 unique accepted successes in 48.86s (982.4/s whole run); 0 failures, 0 retries
runtime process; commands 0; queued 50000, held 2000; recent 1859.0023650237383/s over 1.075845861s
application 200 in 1.02ms
48,000/100,000 unique accepted successes in 49.92s (961.5/s whole run); 0 failures, 0 retries
runtime process; commands 0; queued 50000, held 2000; recent 0.0/s over 1.060460049s
application 200 in 0.76ms
50,000/100,000 unique accepted successes in 50.98s (980.7/s whole run); 0 failures, 0 retries
runtime process; commands 0; queued 48000, held 2000; recent 1879.254832611859/s over 1.06425162s
application 200 in 0.74ms
50,000/100,000 unique accepted successes in 52.04s (960.8/s whole run); 0 failures, 0 retries
runtime process; commands 0; queued 48000, held 2000; recent 0.0/s over 1.055497987s
application 200 in 0.87ms
52,000/100,000 unique accepted successes in 53.10s (979.3/s whole run); 0 failures, 0 retries
runtime process; commands 0; queued 46000, held 2000; recent 1887.1902707588963/s over 1.059776553s
application 200 in 0.71ms
52,000/100,000 unique accepted successes in 54.15s (960.4/s whole run); 0 failures, 0 retries
runtime process; commands 0; queued 46000, held 2000; recent 0.0/s over 1.047363208s
application 200 in 0.50ms
54,000/100,000 unique accepted successes in 55.19s (978.4/s whole run); 0 failures, 0 retries
runtime process; commands 0; queued 44000, held 2000; recent 1910.334114676224/s over 1.046937279s
application 200 in 0.73ms
54,000/100,000 unique accepted successes in 56.24s (960.1/s whole run); 0 failures, 0 retries
runtime process; commands 0; queued 44000, held 2000; recent 0.0/s over 1.049654944s
application 200 in 0.57ms
56,000/100,000 unique accepted successes in 57.30s (977.3/s whole run); 0 failures, 0 retries
runtime process; commands 0; queued 42000, held 2000; recent 1894.9345755362183/s over 1.05544541s
application 200 in 0.79ms
56,000/100,000 unique accepted successes in 58.36s (959.6/s whole run); 0 failures, 0 retries
runtime process; commands 0; queued 42000, held 2000; recent 0.0/s over 1.061456749s
application 200 in 0.83ms
58,000/100,000 unique accepted successes in 59.42s (976.0/s whole run); 0 failures, 0 retries
runtime process; commands 0; queued 40000, held 2000; recent 1879.5747121634793/s over 1.064070498s
application 200 in 0.83ms
58,000/100,000 unique accepted successes in 60.49s (958.8/s whole run); 0 failures, 0 retries
runtime process; commands 0; queued 40000, held 2000; recent 0.0/s over 1.067004371s
application 200 in 0.90ms
60,000/100,000 unique accepted successes in 61.56s (974.7/s whole run); 0 failures, 0 retries
runtime process; commands 0; queued 38000, held 2000; recent 1876.0770018695596/s over 1.066054324s
application 200 in 0.79ms
60,000/100,000 unique accepted successes in 62.63s (958.0/s whole run); 0 failures, 0 retries
runtime process; commands 0; queued 38000, held 2000; recent 0.0/s over 1.070433722s
application 200 in 0.98ms
62,000/100,000 unique accepted successes in 63.69s (973.4/s whole run); 0 failures, 0 retries
runtime process; commands 0; queued 36000, held 2000; recent 1877.988107959564/s over 1.06496947s
application 200 in 0.70ms
62,000/100,000 unique accepted successes in 64.75s (957.5/s whole run); 0 failures, 0 retries
runtime process; commands 0; queued 36000, held 2000; recent 0.0/s over 1.060811997s
application 200 in 0.83ms
64,000/100,000 unique accepted successes in 65.85s (972.0/s whole run); 0 failures, 0 retries
runtime process; commands 0; queued 34000, held 2000; recent 1841.9429169751627/s over 1.085809979s
application 200 in 1.25ms
66,000/100,000 unique accepted successes in 66.91s (986.3/s whole run); 0 failures, 0 retries
runtime process; commands 0; queued 32000, held 2000; recent 1860.600495301899/s over 1.074921782s
application 200 in 0.97ms
66,000/100,000 unique accepted successes in 67.97s (971.0/s whole run); 0 failures, 0 retries
runtime process; commands 0; queued 32000, held 2000; recent 0.0/s over 1.055659668s
application 200 in 1.61ms
68,000/100,000 unique accepted successes in 69.05s (984.8/s whole run); 0 failures, 0 retries
runtime process; commands 0; queued 30000, held 2000; recent 1848.5568044827412/s over 1.081925097s
application 200 in 0.98ms
68,000/100,000 unique accepted successes in 70.10s (970.1/s whole run); 0 failures, 0 retries
runtime process; commands 0; queued 30000, held 2000; recent 0.0/s over 1.045204075s
application 200 in 0.51ms
70,000/100,000 unique accepted successes in 71.15s (983.9/s whole run); 0 failures, 0 retries
runtime process; commands 0; queued 28000, held 2000; recent 1902.641143026203/s over 1.051170373s
application 200 in 1.04ms
70,000/100,000 unique accepted successes in 72.20s (969.5/s whole run); 0 failures, 0 retries
runtime process; commands 0; queued 28000, held 2000; recent 0.0/s over 1.052215262s
application 200 in 0.65ms
72,000/100,000 unique accepted successes in 73.26s (982.8/s whole run); 0 failures, 0 retries
runtime process; commands 0; queued 26000, held 2000; recent 1889.9508048923904/s over 1.058228603s
application 200 in 1.00ms
72,000/100,000 unique accepted successes in 74.32s (968.8/s whole run); 0 failures, 0 retries
runtime process; commands 0; queued 26000, held 2000; recent 0.0/s over 1.057457803s
application 200 in 0.68ms
74,000/100,000 unique accepted successes in 75.38s (981.7/s whole run); 0 failures, 0 retries
runtime process; commands 0; queued 24000, held 2000; recent 1879.8320996003097/s over 1.063924805s
application 200 in 1.04ms
74,000/100,000 unique accepted successes in 76.45s (968.0/s whole run); 0 failures, 0 retries
runtime process; commands 0; queued 24000, held 2000; recent 0.0/s over 1.06558494s
application 200 in 0.75ms
76,000/100,000 unique accepted successes in 77.51s (980.6/s whole run); 0 failures, 0 retries
runtime process; commands 0; queued 22000, held 2000; recent 1884.294342495081/s over 1.061405299s
application 200 in 1.04ms
76,000/100,000 unique accepted successes in 78.57s (967.3/s whole run); 0 failures, 0 retries
runtime process; commands 0; queued 22000, held 2000; recent 0.0/s over 1.063721593s
application 200 in 0.72ms
78,000/100,000 unique accepted successes in 79.63s (979.5/s whole run); 0 failures, 0 retries
runtime process; commands 0; queued 20000, held 2000; recent 1885.6466432052691/s over 1.060644107s
application 200 in 1.03ms
78,000/100,000 unique accepted successes in 80.70s (966.6/s whole run); 0 failures, 0 retries
runtime process; commands 0; queued 20000, held 2000; recent 0.0/s over 1.06523017s
application 200 in 0.93ms
80,000/100,000 unique accepted successes in 81.75s (978.6/s whole run); 0 failures, 0 retries
runtime process; commands 0; queued 18000, held 2000; recent 1900.5054729744593/s over 1.052351613s
application 200 in 0.56ms
82,000/100,000 unique accepted successes in 82.81s (990.2/s whole run); 0 failures, 0 retries
runtime process; commands 0; queued 16000, held 2000; recent 1877.8129532412577/s over 1.065068806s
application 200 in 0.66ms
82,000/100,000 unique accepted successes in 83.88s (977.6/s whole run); 0 failures, 0 retries
runtime process; commands 0; queued 16000, held 2000; recent 0.0/s over 1.066718939s
application 200 in 0.82ms
84,000/100,000 unique accepted successes in 84.95s (988.8/s whole run); 0 failures, 0 retries
runtime process; commands 0; queued 14000, held 2000; recent 1864.998375637702/s over 1.072386993s
application 200 in 0.86ms
84,000/100,000 unique accepted successes in 86.01s (976.6/s whole run); 0 failures, 0 retries
runtime process; commands 0; queued 14000, held 2000; recent 0.0/s over 1.055034894s
application 200 in 1.32ms
86,000/100,000 unique accepted successes in 87.07s (987.7/s whole run); 0 failures, 0 retries
runtime process; commands 0; queued 12000, held 2000; recent 1883.1052652133535/s over 1.062075518s
application 200 in 0.66ms
86,000/100,000 unique accepted successes in 88.11s (976.0/s whole run); 0 failures, 0 retries
runtime process; commands 0; queued 12000, held 2000; recent 0.0/s over 1.045513993s
application 200 in 0.53ms
88,000/100,000 unique accepted successes in 89.17s (986.9/s whole run); 0 failures, 0 retries
runtime process; commands 0; queued 10000, held 2000; recent 1897.8011551074903/s over 1.053851187s
application 200 in 1.00ms
88,000/100,000 unique accepted successes in 90.22s (975.4/s whole run); 0 failures, 0 retries
runtime process; commands 0; queued 10000, held 2000; recent 0.0/s over 1.050216038s
application 200 in 0.53ms
90,000/100,000 unique accepted successes in 91.28s (986.0/s whole run); 0 failures, 0 retries
runtime process; commands 0; queued 8000, held 2000; recent 1890.500425075712/s over 1.057920947s
application 200 in 0.98ms
90,000/100,000 unique accepted successes in 92.34s (974.6/s whole run); 0 failures, 0 retries
runtime process; commands 0; queued 8000, held 2000; recent 0.0/s over 1.063857873s
application 200 in 0.94ms
92,000/100,000 unique accepted successes in 93.39s (985.1/s whole run); 0 failures, 0 retries
runtime process; commands 0; queued 6000, held 2000; recent 1897.675006725028/s over 1.053921242s
application 200 in 0.80ms
92,000/100,000 unique accepted successes in 94.46s (973.9/s whole run); 0 failures, 0 retries
runtime process; commands 0; queued 6000, held 2000; recent 0.0/s over 1.066790228s
application 200 in 1.18ms
94,000/100,000 unique accepted successes in 95.53s (984.0/s whole run); 0 failures, 0 retries
runtime process; commands 0; queued 4000, held 2000; recent 1870.9668532262287/s over 1.068966025s
application 200 in 1.01ms
94,000/100,000 unique accepted successes in 96.60s (973.1/s whole run); 0 failures, 0 retries
runtime process; commands 0; queued 4000, held 2000; recent 0.0/s over 1.06722844s
application 200 in 1.05ms
96,000/100,000 unique accepted successes in 97.66s (983.0/s whole run); 0 failures, 0 retries
runtime process; commands 0; queued 2000, held 2000; recent 1883.4051096509415/s over 1.061906432s
application 200 in 1.07ms
96,000/100,000 unique accepted successes in 98.71s (972.5/s whole run); 0 failures, 0 retries
runtime process; commands 0; queued 2000, held 2000; recent 0.0/s over 1.054326569s
application 200 in 0.60ms
98,000/100,000 unique accepted successes in 99.77s (982.2/s whole run); 0 failures, 0 retries
runtime process; commands 0; queued 0, held 2000; recent 1892.8231695880845/s over 1.056622738s
application 200 in 1.14ms
100,000/100,000 unique accepted successes in 100.84s (991.6/s whole run); 0 failures, 0 retries
runtime process; commands 0; queued 0, held 0; recent 1867.157571768897/s over 1.071146876s
application 200 in 0.95ms
{
  "kernel": "6.8.0-139-generic",
  "architecture": "aarch64",
  "logical_cpus": 4,
  "operator_declared_warmth": "warm-images-cold-executors",
  "workload_sha256": "7050b255add7f4ef112c64cacd76a8acd4bd9ce7cbcea543f976b9f01d7df109",
  "command": [
    "/Users/miko/github/reliaburger/target/host-executor-v1-release/relish",
    "--output",
    "json",
    "batch",
    "submit",
    "/tmp/rb-host-executor-v1/native-pilot-100000.toml"
  ],
  "execution_path": "public full dispatch; runtime/isolation as admitted",
  "host_process_contract": "Owned host execution has no hard CPU/memory enforcement",
  "timing": "Monotonic clock before submit process launch through observed accepted terminal summary",
  "qualified_100m_per_day": false,
  "accepted_elapsed_seconds": 100.84300197893754,
  "unique_accepted_successes": 100000,
  "accepted_successes_per_second": 991.6404513709974,
  "terminal_failures": 0,
  "not_run": 0,
  "accepted_retries": 0,
  "all_tasks_succeeded": true,
  "qualification_boundary": "Requires matched baselines, 24-hour headroom, concurrent apps, recovery/fault and bounded-cost evidence"
}
