0/1,000 unique accepted successes in 0.03s (0.0/s whole run); 0 failures, 0 retries
runtime runc; commands unknown; queued 1000, held 0; recent unknown/s over unknowns
application 200 in 12.66ms
0/1,000 unique accepted successes in 1.08s (0.0/s whole run); 0 failures, 0 retries
runtime runc; commands unknown; queued 0, held 1000; recent 0.0/s over 1.046983139s
application 200 in 1.04ms
0/1,000 unique accepted successes in 2.18s (0.0/s whole run); 0 failures, 0 retries
runtime runc; commands unknown; queued 0, held 1000; recent 0.0/s over 1.090942924s
application 200 in 1.92ms
0/1,000 unique accepted successes in 3.27s (0.0/s whole run); 0 failures, 0 retries
runtime runc; commands unknown; queued 0, held 1000; recent 0.0/s over 1.087721408s
application 200 in 0.91ms
0/1,000 unique accepted successes in 4.34s (0.0/s whole run); 0 failures, 0 retries
runtime runc; commands unknown; queued 0, held 1000; recent 0.0/s over 1.06936058s
application 200 in 0.98ms
0/1,000 unique accepted successes in 5.41s (0.0/s whole run); 0 failures, 0 retries
runtime runc; commands unknown; queued 0, held 1000; recent 0.0/s over 1.08107317s
application 200 in 0.47ms
0/1,000 unique accepted successes in 6.47s (0.0/s whole run); 0 failures, 0 retries
runtime runc; commands unknown; queued 0, held 1000; recent 0.0/s over 1.057736455s
application 200 in 1.55ms
0/1,000 unique accepted successes in 7.53s (0.0/s whole run); 0 failures, 0 retries
runtime runc; commands unknown; queued 0, held 1000; recent 0.0/s over 1.060941062s
application 200 in 0.85ms
0/1,000 unique accepted successes in 8.60s (0.0/s whole run); 0 failures, 0 retries
runtime runc; commands unknown; queued 0, held 1000; recent 0.0/s over 1.06565899s
application 200 in 2.97ms
0/1,000 unique accepted successes in 9.71s (0.0/s whole run); 0 failures, 0 retries
runtime runc; commands unknown; queued 0, held 1000; recent 0.0/s over 1.09426693s
application 200 in 1.08ms
0/1,000 unique accepted successes in 10.79s (0.0/s whole run); 0 failures, 0 retries
runtime runc; commands unknown; queued 0, held 1000; recent 0.0/s over 1.101233431s
application 200 in 1.05ms
0/1,000 unique accepted successes in 11.92s (0.0/s whole run); 0 failures, 0 retries
runtime runc; commands unknown; queued 0, held 1000; recent 0.0/s over 1.123348836s
application 200 in 0.84ms
0/1,000 unique accepted successes in 12.99s (0.0/s whole run); 0 failures, 0 retries
runtime runc; commands unknown; queued 0, held 1000; recent 0.0/s over 1.069584357s
application 200 in 0.95ms
0/1,000 unique accepted successes in 14.08s (0.0/s whole run); 0 failures, 0 retries
runtime runc; commands unknown; queued 0, held 1000; recent 0.0/s over 1.09274042s
application 200 in 2.11ms
0/1,000 unique accepted successes in 15.13s (0.0/s whole run); 0 failures, 0 retries
runtime runc; commands unknown; queued 0, held 1000; recent 0.0/s over 1.06009159s
application 200 in 0.65ms
0/1,000 unique accepted successes in 16.19s (0.0/s whole run); 0 failures, 0 retries
runtime runc; commands unknown; queued 0, held 1000; recent 0.0/s over 1.059553386s
application 200 in 0.67ms
0/1,000 unique accepted successes in 17.28s (0.0/s whole run); 0 failures, 0 retries
runtime runc; commands unknown; queued 0, held 1000; recent 0.0/s over 1.06468073s
application 200 in 0.67ms
0/1,000 unique accepted successes in 18.38s (0.0/s whole run); 0 failures, 0 retries
runtime runc; commands unknown; queued 0, held 1000; recent 0.0/s over 1.122288874s
application 200 in 0.94ms
0/1,000 unique accepted successes in 19.50s (0.0/s whole run); 0 failures, 0 retries
runtime runc; commands unknown; queued 0, held 1000; recent 0.0/s over 1.109045545s
application 200 in 0.72ms
0/1,000 unique accepted successes in 20.62s (0.0/s whole run); 0 failures, 0 retries
runtime runc; commands unknown; queued 0, held 1000; recent 0.0/s over 1.123254463s
application 200 in 1.74ms
0/1,000 unique accepted successes in 21.72s (0.0/s whole run); 0 failures, 0 retries
runtime runc; commands unknown; queued 0, held 1000; recent 0.0/s over 1.100374983s
application 200 in 0.72ms
0/1,000 unique accepted successes in 22.81s (0.0/s whole run); 0 failures, 0 retries
runtime runc; commands unknown; queued 0, held 1000; recent 0.0/s over 1.08784498s
application 200 in 0.60ms
0/1,000 unique accepted successes in 23.88s (0.0/s whole run); 0 failures, 0 retries
runtime runc; commands unknown; queued 0, held 1000; recent 0.0/s over 1.076504885s
application 200 in 1.09ms
0/1,000 unique accepted successes in 25.00s (0.0/s whole run); 0 failures, 0 retries
runtime runc; commands unknown; queued 0, held 1000; recent 0.0/s over 1.10992869s
application 200 in 0.60ms
0/1,000 unique accepted successes in 26.09s (0.0/s whole run); 0 failures, 0 retries
runtime runc; commands unknown; queued 0, held 1000; recent 0.0/s over 1.103742065s
application 200 in 0.63ms
0/1,000 unique accepted successes in 27.19s (0.0/s whole run); 0 failures, 0 retries
runtime runc; commands unknown; queued 0, held 1000; recent 0.0/s over 1.093430296s
application 200 in 2.54ms
0/1,000 unique accepted successes in 28.28s (0.0/s whole run); 0 failures, 0 retries
runtime runc; commands unknown; queued 0, held 1000; recent 0.0/s over 1.09662928s
application 200 in 0.64ms
0/1,000 unique accepted successes in 29.35s (0.0/s whole run); 0 failures, 0 retries
runtime runc; commands unknown; queued 0, held 1000; recent 0.0/s over 1.067869617s
application 200 in 5.33ms
0/1,000 unique accepted successes in 30.45s (0.0/s whole run); 0 failures, 0 retries
runtime runc; commands unknown; queued 0, held 1000; recent 0.0/s over 1.088690457s
application 200 in 0.96ms
0/1,000 unique accepted successes in 31.56s (0.0/s whole run); 0 failures, 0 retries
runtime runc; commands unknown; queued 0, held 1000; recent 0.0/s over 1.119715322s
application 200 in 0.62ms
0/1,000 unique accepted successes in 32.64s (0.0/s whole run); 0 failures, 0 retries
runtime runc; commands unknown; queued 0, held 1000; recent 0.0/s over 1.073672548s
application 200 in 1.31ms
0/1,000 unique accepted successes in 33.75s (0.0/s whole run); 0 failures, 0 retries
runtime runc; commands unknown; queued 0, held 1000; recent 0.0/s over 1.115514729s
application 200 in 2.36ms
0/1,000 unique accepted successes in 34.90s (0.0/s whole run); 0 failures, 0 retries
runtime runc; commands unknown; queued 0, held 1000; recent 0.0/s over 1.13773165s
application 200 in 2.96ms
0/1,000 unique accepted successes in 36.00s (0.0/s whole run); 0 failures, 0 retries
runtime runc; commands unknown; queued 0, held 1000; recent 0.0/s over 1.110658727s
application 200 in 2.22ms
0/1,000 unique accepted successes in 37.13s (0.0/s whole run); 0 failures, 0 retries
runtime runc; commands unknown; queued 0, held 1000; recent 0.0/s over 1.131818031s
application 200 in 1.41ms
0/1,000 unique accepted successes in 38.25s (0.0/s whole run); 0 failures, 0 retries
runtime runc; commands unknown; queued 0, held 1000; recent 0.0/s over 1.121313677s
application 200 in 2.43ms
0/1,000 unique accepted successes in 39.35s (0.0/s whole run); 0 failures, 0 retries
runtime runc; commands unknown; queued 0, held 1000; recent 0.0/s over 1.103909109s
application 200 in 0.71ms
0/1,000 unique accepted successes in 40.44s (0.0/s whole run); 0 failures, 0 retries
runtime runc; commands unknown; queued 0, held 1000; recent 0.0/s over 1.078318582s
application 200 in 0.89ms
0/1,000 unique accepted successes in 41.57s (0.0/s whole run); 0 failures, 0 retries
runtime runc; commands unknown; queued 0, held 1000; recent 0.0/s over 1.137799265s
application 200 in 0.70ms
0/1,000 unique accepted successes in 42.73s (0.0/s whole run); 0 failures, 0 retries
runtime runc; commands unknown; queued 0, held 1000; recent 0.0/s over 1.152556025s
application 200 in 1.07ms
0/1,000 unique accepted successes in 43.88s (0.0/s whole run); 0 failures, 0 retries
runtime runc; commands unknown; queued 0, held 1000; recent 0.0/s over 1.157151007s
application 200 in 0.64ms
0/1,000 unique accepted successes in 44.98s (0.0/s whole run); 0 failures, 0 retries
runtime runc; commands unknown; queued 0, held 1000; recent 0.0/s over 1.09850649s
application 200 in 2.84ms
0/1,000 unique accepted successes in 46.10s (0.0/s whole run); 0 failures, 0 retries
runtime runc; commands unknown; queued 0, held 1000; recent 0.0/s over 1.120504462s
application 200 in 1.83ms
0/1,000 unique accepted successes in 47.21s (0.0/s whole run); 0 failures, 0 retries
runtime runc; commands unknown; queued 0, held 1000; recent 0.0/s over 1.111070472s
application 200 in 0.63ms
0/1,000 unique accepted successes in 48.31s (0.0/s whole run); 0 failures, 0 retries
runtime runc; commands unknown; queued 0, held 1000; recent 0.0/s over 1.096936381s
application 200 in 0.59ms
0/1,000 unique accepted successes in 49.43s (0.0/s whole run); 0 failures, 0 retries
runtime runc; commands unknown; queued 0, held 1000; recent 0.0/s over 1.121891047s
application 200 in 2.92ms
0/1,000 unique accepted successes in 50.58s (0.0/s whole run); 0 failures, 0 retries
runtime runc; commands unknown; queued 0, held 1000; recent 0.0/s over 1.148868956s
application 200 in 0.66ms
0/1,000 unique accepted successes in 51.72s (0.0/s whole run); 0 failures, 0 retries
runtime runc; commands unknown; queued 0, held 1000; recent 0.0/s over 1.131594172s
application 200 in 0.63ms
0/1,000 unique accepted successes in 52.88s (0.0/s whole run); 0 failures, 0 retries
runtime runc; commands unknown; queued 0, held 1000; recent 0.0/s over 1.158282794s
application 200 in 1.06ms
0/1,000 unique accepted successes in 53.98s (0.0/s whole run); 0 failures, 0 retries
runtime runc; commands unknown; queued 0, held 1000; recent 0.0/s over 1.118172375s
application 200 in 0.94ms
0/1,000 unique accepted successes in 55.08s (0.0/s whole run); 0 failures, 0 retries
runtime runc; commands unknown; queued 0, held 1000; recent 0.0/s over 1.086334783s
application 200 in 5.10ms
0/1,000 unique accepted successes in 56.24s (0.0/s whole run); 0 failures, 0 retries
runtime runc; commands unknown; queued 0, held 1000; recent 0.0/s over 1.166185149s
application 200 in 1.26ms
0/1,000 unique accepted successes in 57.32s (0.0/s whole run); 0 failures, 0 retries
runtime runc; commands unknown; queued 0, held 1000; recent 0.0/s over 1.087849737s
application 200 in 0.86ms
0/1,000 unique accepted successes in 58.43s (0.0/s whole run); 0 failures, 0 retries
runtime runc; commands unknown; queued 0, held 1000; recent 0.0/s over 1.101575672s
application 200 in 0.65ms
0/1,000 unique accepted successes in 59.50s (0.0/s whole run); 0 failures, 0 retries
runtime runc; commands unknown; queued 0, held 1000; recent 0.0/s over 1.075897043s
application 200 in 0.76ms
0/1,000 unique accepted successes in 60.58s (0.0/s whole run); 0 failures, 0 retries
runtime runc; commands unknown; queued 0, held 1000; recent 0.0/s over 1.071912687s
application 200 in 2.05ms
0/1,000 unique accepted successes in 61.66s (0.0/s whole run); 0 failures, 0 retries
runtime runc; commands unknown; queued 0, held 1000; recent 0.0/s over 1.086159202s
application 200 in 0.54ms
0/1,000 unique accepted successes in 62.76s (0.0/s whole run); 0 failures, 0 retries
runtime runc; commands unknown; queued 0, held 1000; recent 0.0/s over 1.098230521s
application 200 in 0.59ms
0/1,000 unique accepted successes in 63.88s (0.0/s whole run); 0 failures, 0 retries
runtime runc; commands unknown; queued 0, held 1000; recent 0.0/s over 1.12250062s
application 200 in 0.77ms
0/1,000 unique accepted successes in 64.98s (0.0/s whole run); 0 failures, 0 retries
runtime runc; commands unknown; queued 0, held 1000; recent 0.0/s over 1.093613213s
application 200 in 0.73ms
0/1,000 unique accepted successes in 66.08s (0.0/s whole run); 0 failures, 0 retries
runtime runc; commands unknown; queued 0, held 1000; recent 0.0/s over 1.09992106s
application 200 in 0.76ms
0/1,000 unique accepted successes in 67.22s (0.0/s whole run); 0 failures, 0 retries
runtime runc; commands unknown; queued 0, held 1000; recent 0.0/s over 1.13187992s
application 200 in 1.99ms
0/1,000 unique accepted successes in 68.33s (0.0/s whole run); 0 failures, 0 retries
runtime runc; commands unknown; queued 0, held 1000; recent 0.0/s over 1.115863533s
application 200 in 0.53ms
0/1,000 unique accepted successes in 69.45s (0.0/s whole run); 0 failures, 0 retries
runtime runc; commands unknown; queued 0, held 1000; recent 0.0/s over 1.123895083s
application 200 in 0.75ms
0/1,000 unique accepted successes in 70.58s (0.0/s whole run); 0 failures, 0 retries
runtime runc; commands unknown; queued 0, held 1000; recent 0.0/s over 1.12336417s
application 200 in 0.70ms
0/1,000 unique accepted successes in 71.66s (0.0/s whole run); 0 failures, 0 retries
runtime runc; commands unknown; queued 0, held 1000; recent 0.0/s over 1.089678774s
application 200 in 0.59ms
0/1,000 unique accepted successes in 72.78s (0.0/s whole run); 0 failures, 0 retries
runtime runc; commands unknown; queued 0, held 1000; recent 0.0/s over 1.110157978s
application 200 in 0.52ms
0/1,000 unique accepted successes in 73.93s (0.0/s whole run); 0 failures, 0 retries
runtime runc; commands unknown; queued 0, held 1000; recent 0.0/s over 1.12372763s
application 200 in 0.74ms
0/1,000 unique accepted successes in 75.07s (0.0/s whole run); 0 failures, 0 retries
runtime runc; commands unknown; queued 0, held 1000; recent 0.0/s over 1.172073476s
application 200 in 0.73ms
0/1,000 unique accepted successes in 76.15s (0.0/s whole run); 0 failures, 0 retries
runtime runc; commands unknown; queued 0, held 1000; recent 0.0/s over 1.088579324s
application 200 in 0.64ms
0/1,000 unique accepted successes in 77.24s (0.0/s whole run); 0 failures, 0 retries
runtime runc; commands unknown; queued 0, held 1000; recent 0.0/s over 1.07972615s
application 200 in 1.94ms
0/1,000 unique accepted successes in 78.33s (0.0/s whole run); 0 failures, 0 retries
runtime runc; commands unknown; queued 0, held 1000; recent 0.0/s over 1.101006396s
application 200 in 2.13ms
0/1,000 unique accepted successes in 79.44s (0.0/s whole run); 0 failures, 0 retries
runtime runc; commands unknown; queued 0, held 1000; recent 0.0/s over 1.100921437s
application 200 in 0.54ms
0/1,000 unique accepted successes in 80.55s (0.0/s whole run); 0 failures, 0 retries
runtime runc; commands unknown; queued 0, held 1000; recent 0.0/s over 1.11078698s
application 200 in 1.15ms
0/1,000 unique accepted successes in 81.69s (0.0/s whole run); 0 failures, 0 retries
runtime runc; commands unknown; queued 0, held 1000; recent 0.0/s over 1.136453461s
application 200 in 5.24ms
0/1,000 unique accepted successes in 82.81s (0.0/s whole run); 0 failures, 0 retries
runtime runc; commands unknown; queued 0, held 1000; recent 0.0/s over 1.123915138s
application 200 in 0.61ms
0/1,000 unique accepted successes in 83.94s (0.0/s whole run); 0 failures, 0 retries
runtime runc; commands unknown; queued 0, held 1000; recent 0.0/s over 1.118024912s
application 200 in 0.80ms
0/1,000 unique accepted successes in 85.03s (0.0/s whole run); 0 failures, 0 retries
runtime runc; commands unknown; queued 0, held 1000; recent 0.0/s over 1.0999574s
application 200 in 0.55ms
0/1,000 unique accepted successes in 86.13s (0.0/s whole run); 0 failures, 0 retries
runtime runc; commands unknown; queued 0, held 1000; recent 0.0/s over 1.087408779s
application 200 in 1.46ms
0/1,000 unique accepted successes in 87.23s (0.0/s whole run); 0 failures, 0 retries
runtime runc; commands unknown; queued 0, held 1000; recent 0.0/s over 1.110637149s
application 200 in 2.80ms
0/1,000 unique accepted successes in 88.31s (0.0/s whole run); 0 failures, 0 retries
runtime runc; commands unknown; queued 0, held 1000; recent 0.0/s over 1.078419184s
application 200 in 0.78ms
0/1,000 unique accepted successes in 89.42s (0.0/s whole run); 0 failures, 0 retries
runtime runc; commands unknown; queued 0, held 1000; recent 0.0/s over 1.100533891s
application 200 in 1.27ms
0/1,000 unique accepted successes in 90.54s (0.0/s whole run); 0 failures, 0 retries
runtime runc; commands unknown; queued 0, held 1000; recent 0.0/s over 1.131214112s
application 200 in 2.29ms
0/1,000 unique accepted successes in 91.66s (0.0/s whole run); 0 failures, 0 retries
runtime runc; commands unknown; queued 0, held 1000; recent 0.0/s over 1.127274959s
application 200 in 0.54ms
0/1,000 unique accepted successes in 92.79s (0.0/s whole run); 0 failures, 0 retries
runtime runc; commands unknown; queued 0, held 1000; recent 0.0/s over 1.12389268s
application 200 in 1.12ms
0/1,000 unique accepted successes in 93.90s (0.0/s whole run); 0 failures, 0 retries
runtime runc; commands unknown; queued 0, held 1000; recent 0.0/s over 1.107272196s
application 200 in 0.95ms
0/1,000 unique accepted successes in 95.00s (0.0/s whole run); 0 failures, 0 retries
runtime runc; commands unknown; queued 0, held 1000; recent 0.0/s over 1.107605656s
application 200 in 0.86ms
0/1,000 unique accepted successes in 96.06s (0.0/s whole run); 0 failures, 0 retries
runtime runc; commands unknown; queued 0, held 1000; recent 0.0/s over 1.063068391s
application 200 in 0.59ms
0/1,000 unique accepted successes in 97.15s (0.0/s whole run); 0 failures, 0 retries
runtime runc; commands unknown; queued 0, held 1000; recent 0.0/s over 1.075333594s
application 200 in 3.96ms
0/1,000 unique accepted successes in 98.25s (0.0/s whole run); 0 failures, 0 retries
runtime runc; commands unknown; queued 0, held 1000; recent 0.0/s over 1.113252129s
application 200 in 0.59ms
0/1,000 unique accepted successes in 99.37s (0.0/s whole run); 0 failures, 0 retries
runtime runc; commands unknown; queued 0, held 1000; recent 0.0/s over 1.112657838s
application 200 in 1.17ms
0/1,000 unique accepted successes in 100.49s (0.0/s whole run); 0 failures, 0 retries
runtime runc; commands unknown; queued 0, held 1000; recent 0.0/s over 1.12872495s
application 200 in 1.13ms
0/1,000 unique accepted successes in 101.61s (0.0/s whole run); 0 failures, 0 retries
runtime runc; commands unknown; queued 0, held 1000; recent 0.0/s over 1.099515628s
application 200 in 0.78ms
0/1,000 unique accepted successes in 102.72s (0.0/s whole run); 0 failures, 0 retries
runtime runc; commands unknown; queued 0, held 1000; recent 0.0/s over 1.127354577s
application 200 in 0.82ms
0/1,000 unique accepted successes in 103.82s (0.0/s whole run); 0 failures, 0 retries
runtime runc; commands unknown; queued 0, held 1000; recent 0.0/s over 1.099892998s
application 200 in 0.62ms
0/1,000 unique accepted successes in 104.93s (0.0/s whole run); 0 failures, 0 retries
runtime runc; commands unknown; queued 0, held 1000; recent 0.0/s over 1.107303472s
application 200 in 0.92ms
0/1,000 unique accepted successes in 106.09s (0.0/s whole run); 0 failures, 0 retries
runtime runc; commands unknown; queued 0, held 1000; recent 0.0/s over 1.155823446s
application 200 in 0.67ms
0/1,000 unique accepted successes in 107.17s (0.0/s whole run); 0 failures, 0 retries
runtime runc; commands unknown; queued 0, held 1000; recent 0.0/s over 1.086960867s
application 200 in 0.92ms
0/1,000 unique accepted successes in 108.28s (0.0/s whole run); 0 failures, 0 retries
runtime runc; commands unknown; queued 0, held 1000; recent 0.0/s over 1.098090163s
application 200 in 1.96ms
0/1,000 unique accepted successes in 109.42s (0.0/s whole run); 0 failures, 0 retries
runtime runc; commands unknown; queued 0, held 1000; recent 0.0/s over 1.142107319s
application 200 in 1.04ms
0/1,000 unique accepted successes in 110.52s (0.0/s whole run); 0 failures, 0 retries
runtime runc; commands unknown; queued 0, held 1000; recent 0.0/s over 1.110952327s
application 200 in 1.53ms
0/1,000 unique accepted successes in 111.63s (0.0/s whole run); 0 failures, 0 retries
runtime runc; commands unknown; queued 0, held 1000; recent 0.0/s over 1.109771746s
application 200 in 0.96ms
0/1,000 unique accepted successes in 112.73s (0.0/s whole run); 0 failures, 0 retries
runtime runc; commands unknown; queued 0, held 1000; recent 0.0/s over 1.103466761s
application 200 in 0.63ms
0/1,000 unique accepted successes in 113.82s (0.0/s whole run); 0 failures, 0 retries
runtime runc; commands unknown; queued 0, held 1000; recent 0.0/s over 1.079507577s
application 200 in 0.56ms
0/1,000 unique accepted successes in 114.91s (0.0/s whole run); 0 failures, 0 retries
runtime runc; commands unknown; queued 0, held 1000; recent 0.0/s over 1.097088148s
application 200 in 0.61ms
0/1,000 unique accepted successes in 116.03s (0.0/s whole run); 0 failures, 0 retries
runtime runc; commands unknown; queued 0, held 1000; recent 0.0/s over 1.111902771s
application 200 in 0.58ms
0/1,000 unique accepted successes in 117.15s (0.0/s whole run); 0 failures, 0 retries
runtime runc; commands unknown; queued 0, held 1000; recent 0.0/s over 1.114881885s
application 200 in 1.85ms
0/1,000 unique accepted successes in 118.24s (0.0/s whole run); 0 failures, 0 retries
runtime runc; commands unknown; queued 0, held 1000; recent 0.0/s over 1.101584044s
application 200 in 0.61ms
0/1,000 unique accepted successes in 119.37s (0.0/s whole run); 0 failures, 0 retries
runtime runc; commands unknown; queued 0, held 1000; recent 0.0/s over 1.127488095s
application 200 in 0.63ms
0/1,000 unique accepted successes in 120.57s (0.0/s whole run); 0 failures, 0 retries
runtime runc; commands unknown; queued 0, held 1000; recent 0.0/s over 1.205084094s
application 200 in 1.07ms
0/1,000 unique accepted successes in 121.66s (0.0/s whole run); 0 failures, 0 retries
runtime runc; commands unknown; queued 0, held 1000; recent 0.0/s over 1.076866727s
application 200 in 1.69ms
0/1,000 unique accepted successes in 122.84s (0.0/s whole run); 0 failures, 0 retries
runtime runc; commands unknown; queued 0, held 1000; recent 0.0/s over 1.18700935s
application 200 in 1.30ms
0/1,000 unique accepted successes in 123.93s (0.0/s whole run); 0 failures, 0 retries
runtime runc; commands unknown; queued 0, held 1000; recent 0.0/s over 1.084746866s
application 200 in 1.58ms
0/1,000 unique accepted successes in 125.05s (0.0/s whole run); 0 failures, 0 retries
runtime runc; commands unknown; queued 0, held 1000; recent 0.0/s over 1.123417474s
application 200 in 3.84ms
0/1,000 unique accepted successes in 126.19s (0.0/s whole run); 0 failures, 0 retries
runtime runc; commands unknown; queued 0, held 1000; recent 0.0/s over 1.151354776s
application 200 in 0.66ms
0/1,000 unique accepted successes in 127.31s (0.0/s whole run); 0 failures, 0 retries
runtime runc; commands unknown; queued 0, held 1000; recent 0.0/s over 1.110170668s
application 200 in 0.79ms
0/1,000 unique accepted successes in 128.41s (0.0/s whole run); 0 failures, 0 retries
runtime runc; commands unknown; queued 0, held 1000; recent 0.0/s over 1.104323553s
application 200 in 0.57ms
0/1,000 unique accepted successes in 129.53s (0.0/s whole run); 0 failures, 0 retries
runtime runc; commands unknown; queued 0, held 1000; recent 0.0/s over 1.120718093s
application 200 in 4.75ms
0/1,000 unique accepted successes in 130.66s (0.0/s whole run); 0 failures, 0 retries
runtime runc; commands unknown; queued 0, held 1000; recent 0.0/s over 1.120351548s
application 200 in 2.35ms
0/1,000 unique accepted successes in 131.77s (0.0/s whole run); 0 failures, 0 retries
runtime runc; commands unknown; queued 0, held 1000; recent 0.0/s over 1.112211815s
application 200 in 0.59ms
0/1,000 unique accepted successes in 132.90s (0.0/s whole run); 0 failures, 0 retries
runtime runc; commands unknown; queued 0, held 1000; recent 0.0/s over 1.134613217s
application 200 in 0.57ms
0/1,000 unique accepted successes in 134.03s (0.0/s whole run); 0 failures, 0 retries
runtime runc; commands unknown; queued 0, held 1000; recent 0.0/s over 1.124651282s
application 200 in 0.57ms
0/1,000 unique accepted successes in 135.17s (0.0/s whole run); 0 failures, 0 retries
runtime runc; commands unknown; queued 0, held 1000; recent 0.0/s over 1.143906528s
application 200 in 0.60ms
0/1,000 unique accepted successes in 136.26s (0.0/s whole run); 0 failures, 0 retries
runtime runc; commands unknown; queued 0, held 1000; recent 0.0/s over 1.095951296s
application 200 in 2.38ms
0/1,000 unique accepted successes in 137.36s (0.0/s whole run); 0 failures, 0 retries
runtime runc; commands unknown; queued 0, held 1000; recent 0.0/s over 1.101032947s
application 200 in 0.51ms
0/1,000 unique accepted successes in 138.48s (0.0/s whole run); 0 failures, 0 retries
runtime runc; commands unknown; queued 0, held 1000; recent 0.0/s over 1.108685259s
application 200 in 0.95ms
0/1,000 unique accepted successes in 139.57s (0.0/s whole run); 0 failures, 0 retries
runtime runc; commands unknown; queued 0, held 1000; recent 0.0/s over 1.096998195s
application 200 in 1.97ms
0/1,000 unique accepted successes in 140.69s (0.0/s whole run); 0 failures, 0 retries
runtime runc; commands unknown; queued 0, held 1000; recent 0.0/s over 1.113442531s
application 200 in 0.55ms
0/1,000 unique accepted successes in 141.79s (0.0/s whole run); 0 failures, 0 retries
runtime runc; commands unknown; queued 0, held 1000; recent 0.0/s over 1.111389988s
application 200 in 1.58ms
0/1,000 unique accepted successes in 142.91s (0.0/s whole run); 0 failures, 0 retries
runtime runc; commands unknown; queued 0, held 1000; recent 0.0/s over 1.114945269s
application 200 in 0.70ms
0/1,000 unique accepted successes in 144.07s (0.0/s whole run); 0 failures, 0 retries
runtime runc; commands unknown; queued 0, held 1000; recent 0.0/s over 1.144674501s
application 200 in 1.28ms
0/1,000 unique accepted successes in 145.25s (0.0/s whole run); 0 failures, 0 retries
runtime runc; commands unknown; queued 0, held 1000; recent 0.0/s over 1.188143415s
application 200 in 0.55ms
0/1,000 unique accepted successes in 146.38s (0.0/s whole run); 0 failures, 0 retries
runtime runc; commands unknown; queued 0, held 1000; recent 0.0/s over 1.126108156s
application 200 in 1.74ms
0/1,000 unique accepted successes in 147.49s (0.0/s whole run); 0 failures, 0 retries
runtime runc; commands unknown; queued 0, held 1000; recent 0.0/s over 1.107881935s
application 200 in 2.77ms
0/1,000 unique accepted successes in 148.61s (0.0/s whole run); 0 failures, 0 retries
runtime runc; commands unknown; queued 0, held 1000; recent 0.0/s over 1.130288597s
application 200 in 0.64ms
0/1,000 unique accepted successes in 149.70s (0.0/s whole run); 0 failures, 0 retries
runtime runc; commands unknown; queued 0, held 1000; recent 0.0/s over 1.091414371s
application 200 in 1.40ms
0/1,000 unique accepted successes in 150.84s (0.0/s whole run); 0 failures, 0 retries
runtime runc; commands unknown; queued 0, held 1000; recent 0.0/s over 1.138635698s
application 200 in 0.75ms
0/1,000 unique accepted successes in 151.95s (0.0/s whole run); 0 failures, 0 retries
runtime runc; commands unknown; queued 0, held 1000; recent 0.0/s over 1.117498608s
application 200 in 1.13ms
0/1,000 unique accepted successes in 153.06s (0.0/s whole run); 0 failures, 0 retries
runtime runc; commands unknown; queued 0, held 1000; recent 0.0/s over 1.104280293s
application 200 in 2.37ms
0/1,000 unique accepted successes in 154.17s (0.0/s whole run); 0 failures, 0 retries
runtime runc; commands unknown; queued 0, held 1000; recent 0.0/s over 1.104503119s
application 200 in 0.75ms
0/1,000 unique accepted successes in 155.28s (0.0/s whole run); 0 failures, 0 retries
runtime runc; commands unknown; queued 0, held 1000; recent 0.0/s over 1.108190733s
application 200 in 0.89ms
0/1,000 unique accepted successes in 156.38s (0.0/s whole run); 0 failures, 0 retries
runtime runc; commands unknown; queued 0, held 1000; recent 0.0/s over 1.104750357s
application 200 in 0.70ms
0/1,000 unique accepted successes in 157.49s (0.0/s whole run); 0 failures, 0 retries
runtime runc; commands unknown; queued 0, held 1000; recent 0.0/s over 1.106409139s
application 200 in 1.44ms
0/1,000 unique accepted successes in 158.61s (0.0/s whole run); 0 failures, 0 retries
runtime runc; commands unknown; queued 0, held 1000; recent 0.0/s over 1.118660115s
application 200 in 0.84ms
0/1,000 unique accepted successes in 159.69s (0.0/s whole run); 0 failures, 0 retries
runtime runc; commands unknown; queued 0, held 1000; recent 0.0/s over 1.097418683s
application 200 in 0.74ms
0/1,000 unique accepted successes in 160.80s (0.0/s whole run); 0 failures, 0 retries
runtime runc; commands unknown; queued 0, held 1000; recent 0.0/s over 1.095289137s
application 200 in 0.96ms
0/1,000 unique accepted successes in 161.91s (0.0/s whole run); 0 failures, 0 retries
runtime runc; commands unknown; queued 0, held 1000; recent 0.0/s over 1.120887135s
application 200 in 0.91ms
0/1,000 unique accepted successes in 163.00s (0.0/s whole run); 0 failures, 0 retries
runtime runc; commands unknown; queued 0, held 1000; recent 0.0/s over 1.084162433s
application 200 in 1.11ms
0/1,000 unique accepted successes in 164.06s (0.0/s whole run); 0 failures, 0 retries
runtime runc; commands unknown; queued 0, held 1000; recent 0.0/s over 1.059050751s
application 200 in 0.73ms
0/1,000 unique accepted successes in 165.16s (0.0/s whole run); 0 failures, 0 retries
runtime runc; commands unknown; queued 0, held 1000; recent 0.0/s over 1.102164268s
application 200 in 1.54ms
0/1,000 unique accepted successes in 166.32s (0.0/s whole run); 0 failures, 0 retries
runtime runc; commands unknown; queued 0, held 1000; recent 0.0/s over 1.148607575s
application 200 in 0.73ms
0/1,000 unique accepted successes in 167.47s (0.0/s whole run); 0 failures, 0 retries
runtime runc; commands unknown; queued 0, held 1000; recent 0.0/s over 1.162263096s
application 200 in 1.24ms
0/1,000 unique accepted successes in 168.57s (0.0/s whole run); 0 failures, 0 retries
runtime runc; commands unknown; queued 0, held 1000; recent 0.0/s over 1.093349343s
application 200 in 0.66ms
0/1,000 unique accepted successes in 169.67s (0.0/s whole run); 0 failures, 0 retries
runtime runc; commands unknown; queued 0, held 1000; recent 0.0/s over 1.108782318s
application 200 in 0.70ms
0/1,000 unique accepted successes in 170.75s (0.0/s whole run); 0 failures, 0 retries
runtime runc; commands unknown; queued 0, held 1000; recent 0.0/s over 1.075013516s
application 200 in 0.65ms
0/1,000 unique accepted successes in 171.85s (0.0/s whole run); 0 failures, 0 retries
runtime runc; commands unknown; queued 0, held 1000; recent 0.0/s over 1.097616357s
application 200 in 2.52ms
0/1,000 unique accepted successes in 172.99s (0.0/s whole run); 0 failures, 0 retries
runtime runc; commands unknown; queued 0, held 1000; recent 0.0/s over 1.149720169s
application 200 in 0.88ms
0/1,000 unique accepted successes in 174.11s (0.0/s whole run); 0 failures, 0 retries
runtime runc; commands unknown; queued 0, held 1000; recent 0.0/s over 1.111946496s
application 200 in 5.04ms
0/1,000 unique accepted successes in 175.27s (0.0/s whole run); 0 failures, 0 retries
runtime runc; commands unknown; queued 0, held 1000; recent 0.0/s over 1.149613326s
application 200 in 0.67ms
0/1,000 unique accepted successes in 176.40s (0.0/s whole run); 0 failures, 0 retries
runtime runc; commands unknown; queued 0, held 1000; recent 0.0/s over 1.136077668s
application 200 in 0.99ms
0/1,000 unique accepted successes in 177.57s (0.0/s whole run); 0 failures, 0 retries
runtime runc; commands unknown; queued 0, held 1000; recent 0.0/s over 1.172517s
application 200 in 0.86ms
0/1,000 unique accepted successes in 178.77s (0.0/s whole run); 0 failures, 0 retries
runtime runc; commands unknown; queued 0, held 1000; recent 0.0/s over 1.199617221s
application 200 in 0.85ms
0/1,000 unique accepted successes in 179.87s (0.0/s whole run); 0 failures, 0 retries
runtime runc; commands unknown; queued 0, held 1000; recent 0.0/s over 1.108239887s
application 200 in 0.66ms
0/1,000 unique accepted successes in 180.97s (0.0/s whole run); 0 failures, 0 retries
runtime runc; commands unknown; queued 0, held 1000; recent 0.0/s over 1.102219678s
application 200 in 1.65ms
0/1,000 unique accepted successes in 182.06s (0.0/s whole run); 0 failures, 0 retries
runtime runc; commands unknown; queued 0, held 1000; recent 0.0/s over 1.080044315s
application 200 in 5.30ms
0/1,000 unique accepted successes in 183.18s (0.0/s whole run); 0 failures, 0 retries
runtime runc; commands unknown; queued 0, held 1000; recent 0.0/s over 1.116287317s
application 200 in 2.24ms
0/1,000 unique accepted successes in 184.26s (0.0/s whole run); 0 failures, 0 retries
runtime runc; commands unknown; queued 0, held 1000; recent 0.0/s over 1.093879286s
application 200 in 0.75ms
0/1,000 unique accepted successes in 185.39s (0.0/s whole run); 0 failures, 0 retries
runtime runc; commands unknown; queued 0, held 1000; recent 0.0/s over 1.119823798s
application 200 in 1.25ms
0/1,000 unique accepted successes in 186.46s (0.0/s whole run); 0 failures, 0 retries
runtime runc; commands unknown; queued 0, held 1000; recent 0.0/s over 1.080007029s
application 200 in 0.72ms
0/1,000 unique accepted successes in 187.56s (0.0/s whole run); 0 failures, 0 retries
runtime runc; commands unknown; queued 0, held 1000; recent 0.0/s over 1.092533302s
application 200 in 0.71ms
0/1,000 unique accepted successes in 188.71s (0.0/s whole run); 0 failures, 0 retries
runtime runc; commands unknown; queued 0, held 1000; recent 0.0/s over 1.139863761s
application 200 in 3.90ms
0/1,000 unique accepted successes in 189.83s (0.0/s whole run); 0 failures, 0 retries
runtime runc; commands unknown; queued 0, held 1000; recent 0.0/s over 1.122656307s
application 200 in 1.20ms
0/1,000 unique accepted successes in 190.95s (0.0/s whole run); 0 failures, 0 retries
runtime runc; commands unknown; queued 0, held 1000; recent 0.0/s over 1.133598628s
application 200 in 1.20ms
0/1,000 unique accepted successes in 192.07s (0.0/s whole run); 0 failures, 0 retries
runtime runc; commands unknown; queued 0, held 1000; recent 0.0/s over 1.115175675s
application 200 in 2.50ms
0/1,000 unique accepted successes in 193.21s (0.0/s whole run); 0 failures, 0 retries
runtime runc; commands unknown; queued 0, held 1000; recent 0.0/s over 1.124390204s
application 200 in 0.65ms
0/1,000 unique accepted successes in 194.30s (0.0/s whole run); 0 failures, 0 retries
runtime runc; commands unknown; queued 0, held 1000; recent 0.0/s over 1.09918325s
application 200 in 0.72ms
0/1,000 unique accepted successes in 195.41s (0.0/s whole run); 0 failures, 0 retries
runtime runc; commands unknown; queued 0, held 1000; recent 0.0/s over 1.120199107s
application 200 in 1.27ms
0/1,000 unique accepted successes in 196.53s (0.0/s whole run); 0 failures, 0 retries
runtime runc; commands unknown; queued 0, held 1000; recent 0.0/s over 1.110559685s
application 200 in 4.08ms
0/1,000 unique accepted successes in 197.63s (0.0/s whole run); 0 failures, 0 retries
runtime runc; commands unknown; queued 0, held 1000; recent 0.0/s over 1.10494918s
application 200 in 0.76ms
0/1,000 unique accepted successes in 198.73s (0.0/s whole run); 0 failures, 0 retries
runtime runc; commands unknown; queued 0, held 1000; recent 0.0/s over 1.095038341s
application 200 in 0.98ms
0/1,000 unique accepted successes in 199.83s (0.0/s whole run); 0 failures, 0 retries
runtime runc; commands unknown; queued 0, held 1000; recent 0.0/s over 1.105148911s
application 200 in 3.69ms
0/1,000 unique accepted successes in 200.90s (0.0/s whole run); 0 failures, 0 retries
runtime runc; commands unknown; queued 0, held 1000; recent 0.0/s over 1.069960082s
application 200 in 0.56ms
0/1,000 unique accepted successes in 202.00s (0.0/s whole run); 0 failures, 0 retries
runtime runc; commands unknown; queued 0, held 1000; recent 0.0/s over 1.100388979s
application 200 in 8.56ms
0/1,000 unique accepted successes in 203.10s (0.0/s whole run); 0 failures, 0 retries
runtime runc; commands unknown; queued 0, held 1000; recent 0.0/s over 1.101750303s
application 200 in 0.59ms
0/1,000 unique accepted successes in 204.19s (0.0/s whole run); 0 failures, 0 retries
runtime runc; commands unknown; queued 0, held 1000; recent 0.0/s over 1.086791547s
application 200 in 0.91ms
0/1,000 unique accepted successes in 205.29s (0.0/s whole run); 0 failures, 0 retries
runtime runc; commands unknown; queued 0, held 1000; recent 0.0/s over 1.098433117s
application 200 in 0.61ms
0/1,000 unique accepted successes in 206.40s (0.0/s whole run); 0 failures, 0 retries
runtime runc; commands unknown; queued 0, held 1000; recent 0.0/s over 1.108285314s
application 200 in 0.87ms
0/1,000 unique accepted successes in 207.50s (0.0/s whole run); 0 failures, 0 retries
runtime runc; commands unknown; queued 0, held 1000; recent 0.0/s over 1.09631014s
application 200 in 0.57ms
0/1,000 unique accepted successes in 208.60s (0.0/s whole run); 0 failures, 0 retries
runtime runc; commands unknown; queued 0, held 1000; recent 0.0/s over 1.10205317s
application 200 in 3.96ms
0/1,000 unique accepted successes in 209.72s (0.0/s whole run); 0 failures, 0 retries
runtime runc; commands unknown; queued 0, held 1000; recent 0.0/s over 1.117155826s
application 200 in 0.63ms
0/1,000 unique accepted successes in 210.83s (0.0/s whole run); 0 failures, 0 retries
runtime runc; commands unknown; queued 0, held 1000; recent 0.0/s over 1.109283276s
application 200 in 0.73ms
0/1,000 unique accepted successes in 211.91s (0.0/s whole run); 0 failures, 0 retries
runtime runc; commands unknown; queued 0, held 1000; recent 0.0/s over 1.092535017s
application 200 in 0.90ms
0/1,000 unique accepted successes in 212.98s (0.0/s whole run); 0 failures, 0 retries
runtime runc; commands unknown; queued 0, held 1000; recent 0.0/s over 1.072341593s
application 200 in 0.93ms
0/1,000 unique accepted successes in 214.10s (0.0/s whole run); 0 failures, 0 retries
runtime runc; commands unknown; queued 0, held 1000; recent 0.0/s over 1.110793831s
application 200 in 1.00ms
0/1,000 unique accepted successes in 215.20s (0.0/s whole run); 0 failures, 0 retries
runtime runc; commands unknown; queued 0, held 1000; recent 0.0/s over 1.099329904s
application 200 in 1.19ms
0/1,000 unique accepted successes in 216.25s (0.0/s whole run); 0 failures, 0 retries
runtime runc; commands unknown; queued 0, held 1000; recent 0.0/s over 1.059970891s
application 200 in 1.33ms
0/1,000 unique accepted successes in 217.37s (0.0/s whole run); 0 failures, 0 retries
runtime runc; commands unknown; queued 0, held 1000; recent 0.0/s over 1.115329593s
application 200 in 0.81ms
0/1,000 unique accepted successes in 218.50s (0.0/s whole run); 0 failures, 0 retries
runtime runc; commands unknown; queued 0, held 1000; recent 0.0/s over 1.118740083s
application 200 in 1.12ms
0/1,000 unique accepted successes in 219.59s (0.0/s whole run); 0 failures, 0 retries
runtime runc; commands unknown; queued 0, held 1000; recent 0.0/s over 1.103171362s
application 200 in 2.52ms
0/1,000 unique accepted successes in 220.74s (0.0/s whole run); 0 failures, 0 retries
runtime runc; commands unknown; queued 0, held 1000; recent 0.0/s over 1.138825942s
application 200 in 1.12ms
0/1,000 unique accepted successes in 221.85s (0.0/s whole run); 0 failures, 0 retries
runtime runc; commands unknown; queued 0, held 1000; recent 0.0/s over 1.122081138s
application 200 in 0.59ms
0/1,000 unique accepted successes in 222.96s (0.0/s whole run); 0 failures, 0 retries
runtime runc; commands unknown; queued 0, held 1000; recent 0.0/s over 1.105907502s
application 200 in 0.52ms
0/1,000 unique accepted successes in 224.11s (0.0/s whole run); 0 failures, 0 retries
runtime runc; commands unknown; queued 0, held 1000; recent 0.0/s over 1.153100963s
application 200 in 0.54ms
0/1,000 unique accepted successes in 225.23s (0.0/s whole run); 0 failures, 0 retries
runtime runc; commands unknown; queued 0, held 1000; recent 0.0/s over 1.114580402s
application 200 in 1.73ms
0/1,000 unique accepted successes in 226.32s (0.0/s whole run); 0 failures, 0 retries
runtime runc; commands unknown; queued 0, held 1000; recent 0.0/s over 1.095564969s
application 200 in 1.34ms
0/1,000 unique accepted successes in 228.11s (0.0/s whole run); 0 failures, 0 retries
runtime runc; commands unknown; queued 0, held 1000; recent 0.0/s over 1.774059245s
application 200 in 3.11ms
0/1,000 unique accepted successes in 229.27s (0.0/s whole run); 0 failures, 0 retries
runtime runc; commands unknown; queued 0, held 1000; recent 0.0/s over 1.177922082s
application 200 in 1.13ms
0/1,000 unique accepted successes in 230.44s (0.0/s whole run); 0 failures, 0 retries
runtime runc; commands unknown; queued 0, held 1000; recent 0.0/s over 1.159079442s
application 200 in 4.05ms
0/1,000 unique accepted successes in 231.56s (0.0/s whole run); 0 failures, 0 retries
runtime runc; commands unknown; queued 0, held 1000; recent 0.0/s over 1.124314459s
application 200 in 0.64ms
0/1,000 unique accepted successes in 232.66s (0.0/s whole run); 0 failures, 0 retries
runtime runc; commands unknown; queued 0, held 1000; recent 0.0/s over 1.097165895s
application 200 in 0.60ms
0/1,000 unique accepted successes in 233.74s (0.0/s whole run); 0 failures, 0 retries
runtime runc; commands unknown; queued 0, held 1000; recent 0.0/s over 1.083314251s
application 200 in 1.32ms
0/1,000 unique accepted successes in 234.88s (0.0/s whole run); 0 failures, 0 retries
runtime runc; commands unknown; queued 0, held 1000; recent 0.0/s over 1.130379597s
application 200 in 1.50ms
0/1,000 unique accepted successes in 235.97s (0.0/s whole run); 0 failures, 0 retries
runtime runc; commands unknown; queued 0, held 1000; recent 0.0/s over 1.099683239s
application 200 in 0.57ms
0/1,000 unique accepted successes in 237.06s (0.0/s whole run); 0 failures, 0 retries
runtime runc; commands unknown; queued 0, held 1000; recent 0.0/s over 1.092263473s
application 200 in 2.89ms
0/1,000 unique accepted successes in 238.22s (0.0/s whole run); 0 failures, 0 retries
runtime runc; commands unknown; queued 0, held 1000; recent 0.0/s over 1.144923952s
application 200 in 5.03ms
0/1,000 unique accepted successes in 239.32s (0.0/s whole run); 0 failures, 0 retries
runtime runc; commands unknown; queued 0, held 1000; recent 0.0/s over 1.118322092s
application 200 in 0.71ms
0/1,000 unique accepted successes in 240.44s (0.0/s whole run); 0 failures, 0 retries
runtime runc; commands unknown; queued 0, held 1000; recent 0.0/s over 1.115148621s
application 200 in 0.58ms
0/1,000 unique accepted successes in 241.55s (0.0/s whole run); 0 failures, 0 retries
runtime runc; commands unknown; queued 0, held 1000; recent 0.0/s over 1.114811609s
application 200 in 0.78ms
0/1,000 unique accepted successes in 242.66s (0.0/s whole run); 0 failures, 0 retries
runtime runc; commands unknown; queued 0, held 1000; recent 0.0/s over 1.111428513s
application 200 in 0.69ms
0/1,000 unique accepted successes in 243.79s (0.0/s whole run); 0 failures, 0 retries
runtime runc; commands unknown; queued 0, held 1000; recent 0.0/s over 1.105394288s
application 200 in 0.53ms
0/1,000 unique accepted successes in 244.91s (0.0/s whole run); 0 failures, 0 retries
runtime runc; commands unknown; queued 0, held 1000; recent 0.0/s over 1.104621984s
application 200 in 0.79ms
0/1,000 unique accepted successes in 246.02s (0.0/s whole run); 0 failures, 0 retries
runtime runc; commands unknown; queued 0, held 1000; recent 0.0/s over 1.138310502s
application 200 in 1.13ms
0/1,000 unique accepted successes in 247.16s (0.0/s whole run); 0 failures, 0 retries
runtime runc; commands unknown; queued 0, held 1000; recent 0.0/s over 1.146957166s
application 200 in 0.78ms
0/1,000 unique accepted successes in 248.29s (0.0/s whole run); 0 failures, 0 retries
runtime runc; commands unknown; queued 0, held 1000; recent 0.0/s over 1.118107922s
application 200 in 2.41ms
0/1,000 unique accepted successes in 249.37s (0.0/s whole run); 0 failures, 0 retries
runtime runc; commands unknown; queued 0, held 1000; recent 0.0/s over 1.09422964s
application 200 in 0.64ms
0/1,000 unique accepted successes in 250.45s (0.0/s whole run); 0 failures, 0 retries
runtime runc; commands unknown; queued 0, held 1000; recent 0.0/s over 1.083139283s
application 200 in 0.88ms
0/1,000 unique accepted successes in 251.57s (0.0/s whole run); 0 failures, 0 retries
runtime runc; commands unknown; queued 0, held 1000; recent 0.0/s over 1.110274379s
application 200 in 2.41ms
0/1,000 unique accepted successes in 252.67s (0.0/s whole run); 0 failures, 0 retries
runtime runc; commands unknown; queued 0, held 1000; recent 0.0/s over 1.109330075s
application 200 in 0.58ms
0/1,000 unique accepted successes in 253.80s (0.0/s whole run); 0 failures, 0 retries
runtime runc; commands unknown; queued 0, held 1000; recent 0.0/s over 1.128345373s
application 200 in 0.65ms
0/1,000 unique accepted successes in 254.92s (0.0/s whole run); 0 failures, 0 retries
runtime runc; commands unknown; queued 0, held 1000; recent 0.0/s over 1.121319605s
application 200 in 0.83ms
1,000/1,000 unique accepted successes in 256.01s (3.9/s whole run); 0 failures, 0 retries
runtime runc; commands 0; queued 0, held 0; recent 918.1557329350612/s over 1.089139853s
application 200 in 1.08ms
{
  "kernel": "6.8.0-139-generic",
  "architecture": "aarch64",
  "logical_cpus": 4,
  "operator_declared_warmth": "warm-images-cold-executors",
  "workload_sha256": "1269952912f442f54699ee1159277ceec7db691bf45bc9848d7915dd508b2b38",
  "command": [
    "/Users/miko/github/reliaburger/target/654-runtime-v4-release/relish",
    "--output",
    "json",
    "batch",
    "submit",
    "/tmp/rb654-runtime-v4/three-tiers/runc.toml"
  ],
  "execution_path": "public full dispatch; runtime/isolation as admitted",
  "host_process_contract": "Owned host execution has no hard CPU/memory enforcement",
  "timing": "Monotonic clock before submit process launch through observed accepted terminal summary",
  "qualified_100m_per_day": false,
  "accepted_elapsed_seconds": 256.0110947228968,
  "unique_accepted_successes": 1000,
  "accepted_successes_per_second": 3.9060807153001997,
  "terminal_failures": 0,
  "not_run": 0,
  "accepted_retries": 0,
  "all_tasks_succeeded": true,
  "qualification_boundary": "Requires matched baselines, 24-hour headroom, concurrent apps, recovery/fault and bounded-cost evidence"
}
