0/10,000 unique accepted successes in 0.03s (0.0/s whole run); 0 failures, 0 retries
runtime shared-runc; commands unknown; queued 10000, held 0; recent unknown/s over unknowns
application 200 in 13.02ms
0/10,000 unique accepted successes in 1.09s (0.0/s whole run); 0 failures, 0 retries
runtime shared-runc; commands 0; queued 8000, held 2000; recent 0.0/s over 1.052662053s
application 200 in 0.60ms
0/10,000 unique accepted successes in 2.18s (0.0/s whole run); 0 failures, 0 retries
runtime shared-runc; commands 0; queued 8000, held 2000; recent 0.0/s over 1.087294994s
application 200 in 7.24ms
0/10,000 unique accepted successes in 3.41s (0.0/s whole run); 0 failures, 0 retries
runtime shared-runc; commands 0; queued 8000, held 2000; recent 0.0/s over 1.218446713s
application 200 in 4.10ms
0/10,000 unique accepted successes in 4.54s (0.0/s whole run); 0 failures, 0 retries
runtime shared-runc; commands 0; queued 8000, held 2000; recent 0.0/s over 1.147488082s
application 200 in 1.70ms
0/10,000 unique accepted successes in 5.65s (0.0/s whole run); 0 failures, 0 retries
runtime shared-runc; commands 0; queued 8000, held 2000; recent 0.0/s over 1.101711558s
application 200 in 0.89ms
0/10,000 unique accepted successes in 6.77s (0.0/s whole run); 0 failures, 0 retries
runtime shared-runc; commands 3; queued 8000, held 2000; recent 0.0/s over 1.1202934s
application 200 in 0.49ms
0/10,000 unique accepted successes in 7.84s (0.0/s whole run); 0 failures, 0 retries
runtime shared-runc; commands 7; queued 8000, held 2000; recent 0.0/s over 1.078450839s
application 200 in 1.15ms
0/10,000 unique accepted successes in 8.91s (0.0/s whole run); 0 failures, 0 retries
runtime shared-runc; commands 0; queued 8000, held 2000; recent 0.0/s over 1.067798602s
application 200 in 0.66ms
2,000/10,000 unique accepted successes in 9.96s (200.8/s whole run); 0 failures, 0 retries
runtime shared-runc; commands 0; queued 6000, held 2000; recent 1903.4214609856083/s over 1.05073944s
application 200 in 0.57ms
2,000/10,000 unique accepted successes in 11.08s (180.6/s whole run); 0 failures, 0 retries
runtime shared-runc; commands 0; queued 6000, held 2000; recent 0.0/s over 1.107624751s
application 200 in 1.39ms
2,000/10,000 unique accepted successes in 12.18s (164.2/s whole run); 0 failures, 0 retries
runtime shared-runc; commands 0; queued 6000, held 2000; recent 0.0/s over 1.102807564s
application 200 in 0.70ms
3,000/10,000 unique accepted successes in 13.26s (226.3/s whole run); 0 failures, 0 retries
runtime shared-runc; commands 0; queued 5000, held 2000; recent 919.3703505338314/s over 1.087700946s
application 200 in 0.53ms
4,000/10,000 unique accepted successes in 14.33s (279.1/s whole run); 0 failures, 0 retries
runtime shared-runc; commands 0; queued 4000, held 2000; recent 933.69984861887/s over 1.071007992s
application 200 in 0.60ms
4,000/10,000 unique accepted successes in 15.38s (260.1/s whole run); 0 failures, 0 retries
runtime shared-runc; commands 0; queued 4000, held 2000; recent 0.0/s over 1.048260404s
application 200 in 0.66ms
5,000/10,000 unique accepted successes in 16.43s (304.4/s whole run); 0 failures, 0 retries
runtime shared-runc; commands 0; queued 3000, held 2000; recent 953.3170070868432/s over 1.048969013s
application 200 in 0.64ms
6,000/10,000 unique accepted successes in 17.52s (342.5/s whole run); 0 failures, 0 retries
runtime shared-runc; commands 0; queued 2000, held 2000; recent 923.8635178161992/s over 1.082410963s
application 200 in 0.88ms
8,000/10,000 unique accepted successes in 18.58s (430.5/s whole run); 0 failures, 0 retries
runtime shared-runc; commands 0; queued 0, held 2000; recent 1864.407079862157/s over 1.0727271s
application 200 in 0.91ms
8,000/10,000 unique accepted successes in 19.65s (407.2/s whole run); 0 failures, 0 retries
runtime shared-runc; commands 0; queued 0, held 2000; recent 0.0/s over 1.065301491s
application 200 in 0.54ms
9,000/10,000 unique accepted successes in 20.71s (434.5/s whole run); 0 failures, 0 retries
runtime shared-runc; commands 0; queued 0, held 1000; recent 938.792951712628/s over 1.065197601s
application 200 in 0.56ms
10,000/10,000 unique accepted successes in 21.76s (459.5/s whole run); 0 failures, 0 retries
runtime shared-runc; commands 0; queued 0, held 0; recent 950.705465286283/s over 1.05185048s
application 200 in 0.57ms
{
  "kernel": "6.8.0-139-generic",
  "architecture": "aarch64",
  "logical_cpus": 4,
  "operator_declared_warmth": "warm-images-cold-executors",
  "workload_sha256": "6eb2bb335d9e2a6441e22488571b80a0cd2888e3ea12ccdae92af53797f65c85",
  "command": [
    "/Users/miko/github/reliaburger/target/654-runtime-v4-release/relish",
    "--output",
    "json",
    "batch",
    "submit",
    "/tmp/rb654-runtime-v4/three-tiers/shared-runc.toml"
  ],
  "execution_path": "public full dispatch; runtime/isolation as admitted",
  "host_process_contract": "Owned host execution has no hard CPU/memory enforcement",
  "timing": "Monotonic clock before submit process launch through observed accepted terminal summary",
  "qualified_100m_per_day": false,
  "accepted_elapsed_seconds": 21.764535733964294,
  "unique_accepted_successes": 10000,
  "accepted_successes_per_second": 459.46305137098153,
  "terminal_failures": 0,
  "not_run": 0,
  "accepted_retries": 0,
  "all_tasks_succeeded": true,
  "qualification_boundary": "Requires matched baselines, 24-hour headroom, concurrent apps, recovery/fault and bounded-cost evidence"
}
