{
  "path": "Bare",
  "image": "public.ecr.aws/docker/library/busybox@sha256:9532d8c39891ca2ecde4d30d7710e01fb739c87a8b9299685c63704296b16028",
  "executable_sha256": "f19470457088612bc3285404783d9f93533d917e869050aca13a4139b937c0a5",
  "command": [
    "/bin/busybox",
    "true"
  ],
  "count": 10000,
  "concurrency": 16,
  "image_preparation_seconds_excluded": 3.587001192,
  "warmth": "warm-images-cold-executors",
  "warmup_count": 0,
  "warmup_seconds_excluded": 4.2e-8,
  "executor_timings_before": null,
  "executor_timings_after": null,
  "elapsed_seconds": 15.0,
  "requested_seconds": 15,
  "measurement_complete": true,
  "elapsed_including_drain_seconds": 15.000569308,
  "post_cutoff_drained_commands": 16,
  "verified_successes": 237924,
  "failures": 0,
  "retries": 0,
  "verified_successes_per_second": 15861.6,
  "container_cpu_request_millicores": 100,
  "container_cpu_limit_millicores": 1000,
  "container_memory_bytes": 33554432,
  "resource_enforcement": "none; exit-status-only raw process floor",
  "bare_process_resource_limits": "none; profile fields are comparison inputs only",
  "node_job_budget_cpu_millicores": 3000,
  "service_probe_latency_ms": [
    1.953431,
    1.2876770000000002,
    1.332594,
    0.570421,
    1.341718,
    0.991507,
    1.3509259999999998,
    0.7488389999999999,
    1.057674,
    1.265218,
    1.1129250000000002,
    1.4734690000000001,
    1.2338419999999999,
    0.807089,
    1.1539670000000002
  ],
  "durability": "exit statuses only; no durable ownership or ledger",
  "optimised_build": true,
  "qualified_100m_per_day": false,
  "namespace_policy_hook": "not injected in direct runner; full Bun dispatch includes live namespace supervision"
}
