{
  "path": "Bare",
  "image": "public.ecr.aws/docker/library/busybox@sha256:9532d8c39891ca2ecde4d30d7710e01fb739c87a8b9299685c63704296b16028",
  "executable_sha256": "f19470457088612bc3285404783d9f93533d917e869050aca13a4139b937c0a5",
  "command": [
    "/bin/busybox",
    "true"
  ],
  "count": 10000,
  "concurrency": 54,
  "image_preparation_seconds_excluded": 1.989825188,
  "warmth": "warm-images-cold-executors",
  "warmup_count": 0,
  "warmup_seconds_excluded": 0.0,
  "executor_timings_before": null,
  "executor_timings_after": null,
  "elapsed_seconds": 15.0,
  "requested_seconds": 15,
  "measurement_complete": true,
  "elapsed_including_drain_seconds": 15.002379744,
  "post_cutoff_drained_commands": 54,
  "verified_successes": 236873,
  "failures": 0,
  "retries": 0,
  "verified_successes_per_second": 15791.533333333333,
  "container_cpu_request_millicores": 100,
  "container_cpu_limit_millicores": 1000,
  "container_memory_bytes": 33554432,
  "resource_enforcement": "none; exit-status-only raw process floor",
  "bare_process_resource_limits": "none; profile fields are comparison inputs only",
  "node_job_budget_cpu_millicores": 3000,
  "service_probe_latency_ms": [
    17.093041,
    5.442373,
    4.4644070000000005,
    5.632207999999999,
    2.714686,
    3.706027,
    5.608166000000001,
    3.375816,
    0.813547,
    5.417914000000001,
    3.604276,
    1.1693840000000002,
    4.6297,
    4.455199,
    3.52215
  ],
  "durability": "exit statuses only; no durable ownership or ledger",
  "optimised_build": true,
  "qualified_100m_per_day": false,
  "namespace_policy_hook": "not injected in direct runner; full Bun dispatch includes live namespace supervision"
}
